[prog] round 1 order=(1, 2, 4, 6, 8, 16)
[prog] start n01-r01
[prog] done n01-r01 status=ok meas_gbps=4.822104353048391 primer_wall=17.676869
[prog] start n02-r01
[prog] done n02-r01 status=ok meas_gbps=5.36725074543366 primer_wall=900.667127
[prog] start n04-r01
[prog] done n04-r01 status=ok meas_gbps=4.8630037410816085 primer_wall=81.490043
[prog] start n06-r01
[prog] done n06-r01 status=ok meas_gbps=4.917368779287163 primer_wall=94.403216
[prog] start n08-r01
[prog] done n08-r01 status=ok meas_gbps=5.595878878666595 primer_wall=98.133854
[prog] start n16-r01
[prog] done n16-r01 status=ok meas_gbps=5.397727721156873 primer_wall=92.88591
[prog] round 2 order=(2, 4, 6, 8, 16, 1)
[prog] start n02-r02
[prog] done n02-r02 status=ok meas_gbps=5.343970887363657 primer_wall=42.161647
[prog] start n04-r02
[prog] done n04-r02 status=ok meas_gbps=4.805219106545825 primer_wall=76.680974
[prog] start n06-r02
[prog] done n06-r02 status=ok meas_gbps=5.713881631759741 primer_wall=97.984627
[prog] start n08-r02
[prog] done n08-r02 status=ok meas_gbps=5.729912333446726 primer_wall=80.194727
[prog] start n16-r02
[prog] done n16-r02 status=ok meas_gbps=4.387227697858156 primer_wall=4012.546824
[prog] start n01-r02
[prog] done n01-r02 status=ok meas_gbps=3.6967486396802864 primer_wall=25.292562
[prog] round 3 order=(4, 6, 8, 16, 1, 2)
[prog] start n04-r03
[prog] done n04-r03 status=ok meas_gbps=4.510289747898163 primer_wall=88.508341
[prog] start n06-r03
[prog] done n06-r03 status=ok meas_gbps=4.974813758793155 primer_wall=816.53487
[prog] start n08-r03
[prog] done n08-r03 status=ok meas_gbps=4.5814221018809 primer_wall=92.530551
[prog] start n16-r03
[prog] done n16-r03 status=ok meas_gbps=5.203251054546833 primer_wall=87.691141
[prog] start n01-r03
[prog] done n01-r03 status=ok meas_gbps=5.059836804988703 primer_wall=24.986114
[prog] start n02-r03
[prog] done n02-r03 status=ok meas_gbps=4.864163298728798 primer_wall=33.134182
[prog] round 4 order=(6, 8, 16, 1, 2, 4)
[prog] start n06-r04
[prog] done n06-r04 status=ok meas_gbps=5.313535634303433 primer_wall=86.25936
[prog] start n08-r04
[prog] done n08-r04 status=ok meas_gbps=5.34555174009823 primer_wall=104.363333
[prog] start n16-r04
[prog] done n16-r04 status=ok meas_gbps=4.948782901174494 primer_wall=116.888273
[prog] start n01-r04
[prog] done n01-r04 status=ok meas_gbps=3.8002808578290357 primer_wall=16.135064
[prog] start n02-r04
[prog] done n02-r04 status=ok meas_gbps=4.431551238176625 primer_wall=42.281053
[prog] start n04-r04
[prog] done n04-r04 status=ok meas_gbps=5.19333906398469 primer_wall=86.295897
[prog] round 5 order=(8, 16, 1, 2, 4, 6)
[prog] start n08-r05
[prog] done n08-r05 status=ok meas_gbps=5.356877635585371 primer_wall=973.385962
[prog] start n16-r05
[prog] done n16-r05 status=ok meas_gbps=4.888063306533486 primer_wall=76.959769
[prog] start n01-r05
[prog] done n01-r05 status=ok meas_gbps=5.558958902647867 primer_wall=274.358635
[prog] start n02-r05
[prog] done n02-r05 status=ok meas_gbps=5.110233643294144 primer_wall=2042.943698
[prog] start n04-r05
[prog] done n04-r05 status=ok meas_gbps=6.185918505980307 primer_wall=5279.524523
[prog] start n06-r05
[prog] done n06-r05 status=ok meas_gbps=5.882343136047396 primer_wall=63.425026
[prog] round 6 order=(16, 1, 2, 4, 6, 8)
[prog] start n16-r06
[prog] done n16-r06 status=ok meas_gbps=5.520258603017516 primer_wall=109.954264
[prog] start n01-r06
[prog] done n01-r06 status=ok meas_gbps=3.775268694073367 primer_wall=23.303029
[prog] start n02-r06
[prog] done n02-r06 status=ok meas_gbps=5.563048602324837 primer_wall=32.363014
[prog] start n04-r06
[prog] done n04-r06 status=ok meas_gbps=5.09043952042262 primer_wall=82.697613
[prog] start n06-r06
[prog] done n06-r06 status=ok meas_gbps=4.614190784489139 primer_wall=118.124647
[prog] start n08-r06
[prog] done n08-r06 status=ok meas_gbps=4.410589219404573 primer_wall=95.948803
[prog] round 7 order=(1, 2, 4, 6, 8, 16)
[prog] start n01-r07
[prog] done n01-r07 status=ok meas_gbps=5.188631813034087 primer_wall=22.077735
[prog] start n02-r07
[prog] done n02-r07 status=ok meas_gbps=4.682540307271023 primer_wall=37.534868
[prog] start n04-r07
[prog] done n04-r07 status=ok meas_gbps=5.425120238601729 primer_wall=71.157461
[prog] start n06-r07
[prog] done n06-r07 status=ok meas_gbps=4.705880508405368 primer_wall=85.459353
[prog] start n08-r07
[prog] done n08-r07 status=ok meas_gbps=5.4700905368655866 primer_wall=99.964916
[prog] start n16-r07
[prog] done n16-r07 status=ok meas_gbps=4.633335423443368 primer_wall=347.340269
[prog] round 8 order=(2, 4, 6, 8, 16, 1)
[prog] start n02-r08
[prog] done n02-r08 status=ok meas_gbps=5.214187874197343 primer_wall=33.186549
[prog] start n04-r08
[prog] done n04-r08 status=ok meas_gbps=4.412906383669849 primer_wall=95.594887
[prog] start n06-r08
[prog] done n06-r08 status=ok meas_gbps=5.183652113919874 primer_wall=97.9911
[prog] start n08-r08
[prog] done n08-r08 status=ok meas_gbps=4.85841818029244 primer_wall=82.865231
[prog] start n16-r08
[prog] done n16-r08 status=ok meas_gbps=5.191282387103435 primer_wall=95.999357
[prog] start n01-r08
[prog] done n01-r08 status=ok meas_gbps=5.670861626532408 primer_wall=16.558002
[prog] round 9 order=(4, 6, 8, 16, 1, 2)
[prog] start n04-r09
[prog] done n04-r09 status=ok meas_gbps=5.025996534184886 primer_wall=86.536934
[prog] start n06-r09
[prog] done n06-r09 status=ok meas_gbps=5.021625363571508 primer_wall=74.707163
[prog] start n08-r09
[prog] done n08-r09 status=ok meas_gbps=5.284990141535869 primer_wall=83.301178
[prog] start n16-r09
[prog] done n16-r09 status=ok meas_gbps=4.874291579300548 primer_wall=99.915544
[prog] start n01-r09
[prog] done n01-r09 status=ok meas_gbps=5.280382318643067 primer_wall=16.831799
[prog] start n02-r09
[prog] done n02-r09 status=ok meas_gbps=4.683258241917907 primer_wall=32.223956
[prog] round 10 order=(6, 8, 16, 1, 2, 4)
[prog] start n06-r10
[prog] done n06-r10 status=ok meas_gbps=4.6752113003200995 primer_wall=77.902133
[prog] start n08-r10
[prog] done n08-r10 status=ok meas_gbps=5.29927645036578 primer_wall=617.186909
[prog] start n16-r10
[prog] done n16-r10 status=ok meas_gbps=4.78918303191898 primer_wall=104.300653
[prog] start n01-r10
[prog] done n01-r10 status=ok meas_gbps=5.125890210713339 primer_wall=17.545614
[prog] start n02-r10
[prog] done n02-r10 status=ok meas_gbps=4.9296956610673375 primer_wall=34.617938
[prog] start n04-r10
[prog] done n04-r10 status=ok meas_gbps=4.887838323703295 primer_wall=89.802163
[prog] round 11 order=(8, 16, 1, 2, 4, 6)
[prog] start n08-r11
[prog] done n08-r11 status=ok meas_gbps=5.0248905228683975 primer_wall=108.436419
[prog] start n16-r11
[prog] done n16-r11 status=ok meas_gbps=1.1708249404601068 primer_wall=1001.55956
[prog] start n01-r11
[prog] done n01-r11 status=ok meas_gbps=4.712787499783003 primer_wall=480.795615
[prog] start n02-r11
[prog] done n02-r11 status=ok meas_gbps=4.733778163114169 primer_wall=54.047853
[prog] start n04-r11
[prog] done n04-r11 status=ok meas_gbps=3.8489167957225767 primer_wall=92.609869
[prog] start n06-r11
[prog] done n06-r11 status=ok meas_gbps=4.4080451852313765 primer_wall=76.867276
[prog] round 12 order=(16, 1, 2, 4, 6, 8)
[prog] start n16-r12
[prog] done n16-r12 status=ok meas_gbps=4.711444837183259 primer_wall=89.914177
[prog] start n01-r12
[prog] done n01-r12 status=ok meas_gbps=4.1872603062235 primer_wall=21.455504
[prog] start n02-r12
[prog] done n02-r12 status=ok meas_gbps=3.5857810035025603 primer_wall=939.812565
[prog] start n04-r12
[prog] done n04-r12 status=ok meas_gbps=4.970168301326042 primer_wall=83.265244
[prog] start n06-r12
[prog] done n06-r12 status=ok meas_gbps=4.575107093238516 primer_wall=1122.266531
[prog] start n08-r12
[prog] done n08-r12 status=ok meas_gbps=0.047010905840085375 primer_wall=83060.540689

arm | rep | region | primers/worker | MiB/worker | primer wall | max primer | p>=500 | p>=1000 | meas GB/s | meas max | >=250 | >=500 | >=1000 | total wall | eff total GB/s | QD ok?
| n1 | n01-r01 | CLOUD_PROVIDER_GCP/us-east | 1 | 4 | 17.7 | 4.7 | 0 | 0 | 4.822 | 153 | 0 | 0 | 0 | 1632.2 | 4.769 | True |
| n1 | n01-r02 | CLOUD_PROVIDER_UNSPECIFIED/sines-2 | 1 | 4 | 25.3 | 8.7 | 0 | 0 | 3.697 | 260 | 1 | 0 | 0 | 2131.2 | 3.653 | True |
| n1 | n01-r03 | CLOUD_PROVIDER_GCP/us-east4 | 1 | 4 | 25.0 | 6.4 | 0 | 0 | 5.060 | 211 | 0 | 0 | 0 | 1563.7 | 4.978 | True |
| n1 | n01-r04 | CLOUD_PROVIDER_GCP/us-east4 | 1 | 4 | 16.1 | 4.5 | 0 | 0 | 3.800 | 349 | 4 | 0 | 0 | 2064.7 | 3.770 | True |
| n1 | n01-r05 | CLOUD_PROVIDER_GCP/us-east | 1 | 4 | 274.4 | 141.7 | 0 | 0 | 5.559 | 190 | 0 | 0 | 0 | 1674.9 | 4.648 | True |
| n1 | n01-r06 | CLOUD_PROVIDER_GCP/us-east4 | 1 | 4 | 23.3 | 6.4 | 0 | 0 | 3.775 | 241 | 0 | 0 | 0 | 2085.5 | 3.733 | True |
| n1 | n01-r07 | CLOUD_PROVIDER_GCP/us-east4 | 1 | 4 | 22.1 | 6.0 | 0 | 0 | 5.189 | 205 | 0 | 0 | 0 | 1522.6 | 5.113 | True |
| n1 | n01-r08 | CLOUD_PROVIDER_GCP/us-east4 | 1 | 4 | 16.6 | 4.6 | 0 | 0 | 5.671 | 174 | 0 | 0 | 0 | 1389.5 | 5.603 | True |
| n1 | n01-r09 | CLOUD_PROVIDER_GCP/us-east4 | 1 | 4 | 16.8 | 4.6 | 0 | 0 | 5.280 | 199 | 0 | 0 | 0 | 1491.3 | 5.220 | True |
| n1 | n01-r10 | CLOUD_PROVIDER_GCP/us-east | 1 | 4 | 17.5 | 4.6 | 0 | 0 | 5.126 | 213 | 0 | 0 | 0 | 1536.4 | 5.067 | True |
| n1 | n01-r11 | CLOUD_PROVIDER_GCP/us-east | 1 | 4 | 480.8 | 260.4 | 0 | 0 | 4.713 | 226 | 0 | 0 | 0 | 2132.8 | 3.650 | True |
| n1 | n01-r12 | CLOUD_PROVIDER_UNSPECIFIED/sines-2 | 1 | 4 | 21.5 | 5.7 | 0 | 0 | 4.187 | 213 | 0 | 0 | 0 | 1880.7 | 4.139 | True |
| n2 | n02-r01 | CLOUD_PROVIDER_GCP/us-east4 | 2 | 8 | 900.7 | 445.9 | 0 | 0 | 5.367 | 196 | 0 | 0 | 0 | 2351.2 | 3.311 | True |
| n2 | n02-r02 | CLOUD_PROVIDER_GCP/us-east | 2 | 8 | 42.2 | 5.7 | 0 | 0 | 5.344 | 249 | 0 | 0 | 0 | 1499.0 | 5.193 | True |
| n2 | n02-r03 | CLOUD_PROVIDER_GCP/us-east | 2 | 8 | 33.1 | 4.9 | 0 | 0 | 4.864 | 132 | 0 | 0 | 0 | 1633.7 | 4.765 | True |
| n2 | n02-r04 | CLOUD_PROVIDER_OCI/us-chicago-1 | 2 | 8 | 42.3 | 5.8 | 0 | 0 | 4.432 | 242 | 0 | 0 | 0 | 1799.1 | 4.327 | True |
| n2 | n02-r05 | CLOUD_PROVIDER_UNSPECIFIED/eu-north | 2 | 8 | 2042.9 | 1152.0 | 2 | 1 | 5.110 | 207 | 0 | 0 | 0 | 3566.4 | 2.183 | True |
| n2 | n02-r06 | CLOUD_PROVIDER_GCP/us-east4 | 2 | 8 | 32.4 | 5.0 | 0 | 0 | 5.563 | 164 | 0 | 0 | 0 | 1431.9 | 5.437 | True |
| n2 | n02-r07 | CLOUD_PROVIDER_GCP/us-east | 2 | 8 | 37.5 | 5.3 | 0 | 0 | 4.683 | 235 | 0 | 0 | 0 | 1700.1 | 4.579 | True |
| n2 | n02-r08 | CLOUD_PROVIDER_GCP/us-east | 2 | 8 | 33.2 | 9.4 | 0 | 0 | 5.214 | 152 | 0 | 0 | 0 | 1526.3 | 5.100 | True |
| n2 | n02-r09 | CLOUD_PROVIDER_GCP/us-east | 2 | 8 | 32.2 | 4.7 | 0 | 0 | 4.683 | 165 | 0 | 0 | 0 | 1694.6 | 4.594 | True |
| n2 | n02-r10 | CLOUD_PROVIDER_GCP/us-east | 2 | 8 | 34.6 | 4.6 | 0 | 0 | 4.930 | 234 | 0 | 0 | 0 | 1613.9 | 4.823 | True |
| n2 | n02-r11 | CLOUD_PROVIDER_UNSPECIFIED/US-1 | 2 | 8 | 54.0 | 7.3 | 0 | 0 | 4.734 | 254 | 1 | 0 | 0 | 1698.7 | 4.583 | True |
| n2 | n02-r12 | CLOUD_PROVIDER_GCP/us-east | 2 | 8 | 939.8 | 676.3 | 1 | 0 | 3.586 | 929 | 1 | 1 | 0 | 3110.9 | 2.502 | True |
| n4 | n04-r01 | CLOUD_PROVIDER_GCP/us-east | 4 | 16 | 81.5 | 20.1 | 0 | 0 | 4.863 | 230 | 0 | 0 | 0 | 1682.4 | 4.627 | True |
| n4 | n04-r02 | CLOUD_PROVIDER_GCP/us-east4 | 4 | 16 | 76.7 | 13.5 | 0 | 0 | 4.805 | 139 | 0 | 0 | 0 | 1696.9 | 4.588 | True |
| n4 | n04-r03 | CLOUD_PROVIDER_GCP/us-east4 | 4 | 16 | 88.5 | 14.0 | 0 | 0 | 4.510 | 283 | 1 | 0 | 0 | 1814.7 | 4.290 | True |
| n4 | n04-r04 | CLOUD_PROVIDER_GCP/us-east | 4 | 16 | 86.3 | 14.9 | 0 | 0 | 5.193 | 219 | 0 | 0 | 0 | 1585.4 | 4.910 | True |
| n4 | n04-r05 | CLOUD_PROVIDER_UNSPECIFIED/odin | 4 | 16 | 5279.5 | 2852.1 | 6 | 3 | 6.186 | 215 | 0 | 0 | 0 | 6538.2 | 1.191 | True |
| n4 | n04-r06 | CLOUD_PROVIDER_GCP/asia-south2 | 4 | 16 | 82.7 | 14.5 | 0 | 0 | 5.090 | 247 | 0 | 0 | 0 | 1612.1 | 4.829 | True |
| n4 | n04-r07 | CLOUD_PROVIDER_GCP/us-east4 | 4 | 16 | 71.2 | 14.0 | 0 | 0 | 5.425 | 193 | 0 | 0 | 0 | 1506.2 | 5.168 | True |
| n4 | n04-r08 | CLOUD_PROVIDER_GCP/us-east4 | 4 | 16 | 95.6 | 12.1 | 0 | 0 | 4.413 | 235 | 0 | 0 | 0 | 1859.8 | 4.186 | True |
| n4 | n04-r09 | CLOUD_PROVIDER_GCP/us-east | 4 | 16 | 86.5 | 14.6 | 0 | 0 | 5.026 | 213 | 0 | 0 | 0 | 1635.6 | 4.760 | True |
| n4 | n04-r10 | CLOUD_PROVIDER_GCP/europe-west9 | 4 | 16 | 89.8 | 16.2 | 0 | 0 | 4.888 | 222 | 0 | 0 | 0 | 1682.7 | 4.626 | True |
| n4 | n04-r11 | CLOUD_PROVIDER_OCI/us-chicago-1 | 4 | 16 | 92.6 | 13.7 | 0 | 0 | 3.849 | 267 | 1 | 0 | 0 | 2115.4 | 3.680 | True |
| n4 | n04-r12 | CLOUD_PROVIDER_UNSPECIFIED/sines-2 | 4 | 16 | 83.3 | 10.2 | 0 | 0 | 4.970 | 197 | 0 | 0 | 0 | 1649.6 | 4.719 | True |
| n6 | n06-r01 | CLOUD_PROVIDER_GCP/us-east | 6 | 24 | 94.4 | 21.5 | 0 | 0 | 4.917 | 210 | 0 | 0 | 0 | 1677.6 | 4.640 | True |
| n6 | n06-r02 | CLOUD_PROVIDER_GCP/us-east | 6 | 24 | 98.0 | 17.8 | 0 | 0 | 5.714 | 199 | 0 | 0 | 0 | 1460.5 | 5.330 | True |
| n6 | n06-r03 | CLOUD_PROVIDER_GCP/us-east4 | 6 | 24 | 816.5 | 430.1 | 0 | 0 | 4.975 | 138 | 0 | 0 | 0 | 2381.5 | 3.269 | True |
| n6 | n06-r04 | CLOUD_PROVIDER_GCP/us-east4 | 6 | 24 | 86.3 | 11.9 | 0 | 0 | 5.314 | 197 | 0 | 0 | 0 | 1551.5 | 5.017 | True |
| n6 | n06-r05 | CLOUD_PROVIDER_GCP/us-east4 | 6 | 24 | 63.4 | 10.9 | 0 | 0 | 5.882 | 170 | 0 | 0 | 0 | 1387.0 | 5.613 | True |
| n6 | n06-r06 | CLOUD_PROVIDER_GCP/us-east4 | 6 | 24 | 118.1 | 13.9 | 0 | 0 | 4.614 | 238 | 0 | 0 | 0 | 1805.4 | 4.312 | True |
| n6 | n06-r07 | CLOUD_PROVIDER_GCP/us-east | 6 | 24 | 85.5 | 17.4 | 0 | 0 | 4.706 | 266 | 1 | 0 | 0 | 1739.9 | 4.474 | True |
| n6 | n06-r08 | CLOUD_PROVIDER_GCP/us-east | 6 | 24 | 98.0 | 16.0 | 0 | 0 | 5.184 | 233 | 0 | 0 | 0 | 1599.9 | 4.866 | True |
| n6 | n06-r09 | CLOUD_PROVIDER_GCP/us-east4 | 6 | 24 | 74.7 | 9.3 | 0 | 0 | 5.022 | 191 | 0 | 0 | 0 | 1625.1 | 4.790 | True |
| n6 | n06-r10 | CLOUD_PROVIDER_GCP/us-east | 6 | 24 | 77.9 | 16.0 | 0 | 0 | 4.675 | 223 | 0 | 0 | 0 | 1743.2 | 4.466 | True |
| n6 | n06-r11 | CLOUD_PROVIDER_GCP/us-east | 6 | 24 | 76.9 | 13.5 | 0 | 0 | 4.408 | 216 | 0 | 0 | 0 | 1843.1 | 4.224 | True |
| n6 | n06-r12 | CLOUD_PROVIDER_GCP/us-east | 6 | 24 | 1122.3 | 392.2 | 0 | 0 | 4.575 | 209 | 0 | 0 | 0 | 2824.0 | 2.757 | True |
| n8 | n08-r01 | CLOUD_PROVIDER_GCP/us-east | 8 | 32 | 98.1 | 22.0 | 0 | 0 | 5.596 | 194 | 0 | 0 | 0 | 1489.4 | 5.227 | True |
| n8 | n08-r02 | CLOUD_PROVIDER_GCP/us-east4 | 8 | 32 | 80.2 | 13.6 | 0 | 0 | 5.730 | 189 | 0 | 0 | 0 | 1438.9 | 5.410 | True |
| n8 | n08-r03 | CLOUD_PROVIDER_GCP/us-east4 | 8 | 32 | 92.5 | 20.2 | 0 | 0 | 4.581 | 228 | 0 | 0 | 0 | 1791.9 | 4.344 | True |
| n8 | n08-r04 | CLOUD_PROVIDER_GCP/us-east4 | 8 | 32 | 104.4 | 16.5 | 0 | 0 | 5.346 | 210 | 0 | 0 | 0 | 1560.8 | 4.988 | True |
| n8 | n08-r05 | CLOUD_PROVIDER_GCP/us-east4 | 8 | 32 | 973.4 | 448.8 | 0 | 0 | 5.357 | 213 | 0 | 0 | 0 | 2426.7 | 3.208 | True |
| n8 | n08-r06 | CLOUD_PROVIDER_UNSPECIFIED/sines-2 | 8 | 32 | 95.9 | 11.8 | 0 | 0 | 4.411 | 231 | 0 | 0 | 0 | 1861.1 | 4.183 | True |
| n8 | n08-r07 | CLOUD_PROVIDER_GCP/us-east4 | 8 | 32 | 100.0 | 18.6 | 0 | 0 | 5.470 | 193 | 0 | 0 | 0 | 1523.3 | 5.111 | True |
| n8 | n08-r08 | CLOUD_PROVIDER_GCP/us-east4 | 8 | 32 | 82.9 | 13.8 | 0 | 0 | 4.858 | 218 | 0 | 0 | 0 | 1685.4 | 4.619 | True |
| n8 | n08-r09 | CLOUD_PROVIDER_GCP/us-east | 8 | 32 | 83.3 | 17.1 | 0 | 0 | 5.285 | 190 | 0 | 0 | 0 | 1556.4 | 5.002 | True |
| n8 | n08-r10 | CLOUD_PROVIDER_GCP/us-east | 8 | 32 | 617.2 | 286.2 | 0 | 0 | 5.299 | 205 | 0 | 0 | 0 | 2086.4 | 3.731 | True |
| n8 | n08-r11 | CLOUD_PROVIDER_UNSPECIFIED/eu-north | 8 | 32 | 108.4 | 17.4 | 0 | 0 | 5.025 | 234 | 0 | 0 | 0 | 1657.8 | 4.696 | True |
| n8 | n08-r12 | CLOUD_PROVIDER_UNSPECIFIED/us-east1-a | 8 | 32 | 83060.5 | 17611.4 | 16 | 16 | 0.047 | 21695 | 49 | 49 | 49 | 248652.7 | 0.031 | True |
| n16 | n16-r01 | CLOUD_PROVIDER_GCP/us-east | 16 | 64 | 92.9 | 14.2 | 0 | 0 | 5.398 | 152 | 0 | 0 | 0 | 1535.2 | 5.071 | True |
| n16 | n16-r02 | CLOUD_PROVIDER_GCP/asia-south2 | 16 | 64 | 4012.5 | 2013.8 | 2 | 2 | 4.387 | 219 | 0 | 0 | 0 | 5787.0 | 1.345 | True |
| n16 | n16-r03 | CLOUD_PROVIDER_GCP/us-east | 16 | 64 | 87.7 | 18.9 | 0 | 0 | 5.203 | 182 | 0 | 0 | 0 | 1583.9 | 4.915 | True |
| n16 | n16-r04 | CLOUD_PROVIDER_GCP/us-east4 | 16 | 64 | 116.9 | 16.1 | 0 | 0 | 4.949 | 230 | 0 | 0 | 0 | 1690.0 | 4.606 | True |
| n16 | n16-r05 | CLOUD_PROVIDER_GCP/europe-west9 | 16 | 64 | 77.0 | 17.5 | 0 | 0 | 4.888 | 199 | 0 | 0 | 0 | 1669.6 | 4.663 | True |
| n16 | n16-r06 | CLOUD_PROVIDER_GCP/us-east4 | 16 | 64 | 110.0 | 14.1 | 0 | 0 | 5.520 | 195 | 0 | 0 | 0 | 1520.3 | 5.120 | True |
| n16 | n16-r07 | CLOUD_PROVIDER_GCP/us-east4 | 16 | 64 | 347.3 | 223.4 | 0 | 0 | 4.633 | 160 | 0 | 0 | 0 | 2027.5 | 3.839 | True |
| n16 | n16-r08 | CLOUD_PROVIDER_GCP/us-east | 16 | 64 | 96.0 | 17.0 | 0 | 0 | 5.191 | 222 | 0 | 0 | 0 | 1595.7 | 4.879 | True |
| n16 | n16-r09 | CLOUD_PROVIDER_GCP/us-east | 16 | 64 | 99.9 | 15.5 | 0 | 0 | 4.874 | 216 | 0 | 0 | 0 | 1697.1 | 4.587 | True |
| n16 | n16-r10 | CLOUD_PROVIDER_GCP/us-east | 16 | 64 | 104.3 | 18.4 | 0 | 0 | 4.789 | 240 | 0 | 0 | 0 | 1729.8 | 4.500 | True |
| n16 | n16-r11 | CLOUD_PROVIDER_GCP/us-east | 16 | 64 | 1001.6 | 520.1 | 1 | 0 | 1.171 | 5465 | 3 | 3 | 3 | 7650.5 | 1.018 | True |
| n16 | n16-r12 | CLOUD_PROVIDER_UNSPECIFIED/sines-2 | 16 | 64 | 89.9 | 11.6 | 0 | 0 | 4.711 | 213 | 0 | 0 | 0 | 1742.3 | 4.468 | True |

=== per-arm summary (n=12) ===

n1 (4 MiB/worker): n=12
  primer wall median=21.8 mean=79.8 p95=274.4 | patho primer runs=0
  measured GB/s median=4.941 mean=4.740 min=3.697 max=5.671 sd=0.707
  runs measured >=250/500/1000: 2/0/0 | total measured >=250/500/1000: 5/0/0 | worst measured 349 ms
  total wall median=1653.6 mean=1758.8 | eff total GB/s median=4.709 mean=4.529

n2 (8 MiB/worker): n=12
  primer wall median=39.8 mean=352.1 p95=939.8 | patho primer runs=2
  measured GB/s median=4.897 mean=4.876 min=3.586 max=5.563 sd=0.528
  runs measured >=250/500/1000: 2/1/0 | total measured >=250/500/1000: 2/1/0 | worst measured 929 ms
  total wall median=1696.7 mean=1968.8 | eff total GB/s median=4.588 mean=4.283

n4 (16 MiB/worker): n=12
  primer wall median=86.4 mean=517.8 p95=95.6 | patho primer runs=1
  measured GB/s median=4.929 mean=4.935 min=3.849 max=6.186 sd=0.569
  runs measured >=250/500/1000: 2/0/0 | total measured >=250/500/1000: 2/0/0 | worst measured 283 ms
  total wall median=1682.5 mean=2114.9 | eff total GB/s median=4.627 mean=4.298

n6 (24 MiB/worker): n=12
  primer wall median=90.3 mean=234.3 p95=816.5 | patho primer runs=0
  measured GB/s median=4.946 mean=4.999 min=4.408 max=5.882 sd=0.457
  runs measured >=250/500/1000: 1/0/0 | total measured >=250/500/1000: 1/0/0 | worst measured 266 ms
  total wall median=1708.7 mean=1803.2 | eff total GB/s median=4.557 mean=4.480

n8 (32 MiB/worker): n=12
  primer wall median=99.0 mean=7124.7 p95=973.4 | patho primer runs=1
  measured GB/s median=5.292 mean=4.750 min=0.047 max=5.730 sd=1.533
  runs measured >=250/500/1000: 1/1/1 | total measured >=250/500/1000: 49/49/49 | worst measured 21695 ms
  total wall median=1671.6 mean=22310.9 | eff total GB/s median=4.657 mean=4.212

n16 (64 MiB/worker): n=12
  primer wall median=102.1 mean=519.7 p95=1001.6 | patho primer runs=2
  measured GB/s median=4.881 mean=4.643 min=1.171 max=5.520 sd=1.141
  runs measured >=250/500/1000: 1/1/1 | total measured >=250/500/1000: 3/3/3 | worst measured 5465 ms
  total wall median=1693.6 mean=2519.1 | eff total GB/s median=4.597 mean=4.084

=== cumulative-MiB-before-primer threshold analysis (all arms pooled) ===
  cum MiB | n | median | p95 | max | >=250 | >=500 | >=1000
        0 | 288 | 5.1 | 260.4 | 17611 | 16 | 9 | 6
        4 | 240 | 5.3 | 371.6 | 11011 | 15 | 9 | 7
        8 | 192 | 5.9 | 11.7 | 611 | 1 | 1 | 0
       12 | 192 | 11.6 | 20.2 | 17610 | 6 | 5 | 5
       16 | 144 | 1.4 | 11.1 | 5454 | 1 | 1 | 1
       20 | 144 | 2.5 | 15.7 | 5669 | 2 | 2 | 2
       24 | 96 | 1.1 | 15.7 | 11009 | 1 | 1 | 1
       28 | 96 | 2.8 | 11.4 | 18 | 0 | 0 | 0
       32 | 48 | 0.9 | 13.1 | 17 | 0 | 0 | 0
       36 | 48 | 0.9 | 7.8 | 11 | 0 | 0 | 0
       40 | 48 | 0.8 | 4.8 | 16 | 0 | 0 | 0
       44 | 48 | 0.8 | 1.8 | 10 | 0 | 0 | 0
       48 | 48 | 0.8 | 1.5 | 5 | 0 | 0 | 0
       52 | 48 | 0.9 | 1.5 | 5 | 0 | 0 | 0
       56 | 48 | 0.8 | 1.4 | 3 | 0 | 0 | 0
       60 | 48 | 0.9 | 5.0 | 6 | 0 | 0 | 0

=== per-worker primer sequences (worst 2 runs per arm) ===
n1 n01-r11: w0=[260.4] w1=[155.9] w2=[57.6] w3=[4.2]
n1 n01-r05: w0=[141.7] w1=[5.9] w2=[121.8] w3=[3.7]
n2 n02-r05: w0=[512.0, 1152.0] w1=[255.0, 59.5] w2=[4.6, 5.4] w3=[48.8, 4.5]
n2 n02-r12: w0=[185.8, 676.3] w1=[6.2, 54.8] w2=[4.3, 3.8] w3=[3.6, 3.9]
n4 n04-r05: w0=[602.2, 1022.5, 49.4, 116.2] w1=[49.4, 116.4, 611.4, 10.8] w2=[90.5, 520.6, 10.8, 2849.6] w3=[2852.1, 3.1, 4.0, 7.4]
n4 n04-r01: w0=[3.7, 4.6, 6.3, 12.4] w1=[12.6, 4.7, 3.6, 15.8] w2=[3.8, 20.1, 1.3, 16.5] w3=[4.0, 4.2, 5.9, 10.5]
n6 n06-r03: w0=[430.1, 316.3, 6.6, 14.8, 11.5, 10.1] w1=[6.6, 4.5, 10.2, 11.6, 1.1, 9.3] w2=[11.3, 10.2, 1.1, 15.7, 1.0, 0.7] w3=[4.4, 4.4, 5.8, 10.3, 0.9, 0.7]
n6 n06-r12: w0=[373.2, 392.2, 7.5, 249.7, 36.9, 6.2] w1=[249.9, 36.7, 6.4, 16.1, 1.3, 6.3] w2=[6.0, 16.0, 6.4, 10.9, 1.1, 0.8] w3=[10.3, 11.3, 1.1, 15.4, 1.0, 0.9]
n8 n08-r12: w0=[5286.8, 10599.4, 7.9, 17610.0, 1.4, 1.4, 11009.4, 7.8] w1=[17611.4, 11010.9, 8.8, 5654.9, 5454.2, 5333.2, 3.4, 3.6] w2=[11108.4, 5329.5, 6.1, 5703.6, 2.1, 5669.1, 1.2, 2.7] w3=[5595.2, 5489.9, 5.8, 10998.4, 1.8, 1.1, 1.0, 1.0]
n8 n08-r05: w0=[177.8, 272.4, 6.5, 448.6, 6.8, 4.9, 15.7, 5.6] w1=[448.8, 6.6, 4.9, 14.5, 1.3, 3.6, 10.4, 2.8] w2=[5.1, 18.5, 1.1, 10.0, 1.4, 10.5, 1.1, 1.0] w3=[6.7, 14.8, 1.0, 0.7, 0.7, 0.7, 0.8, 1.1]
n16 n16-r02: w0=[2013.8, 1857.3, 55.1, 12.5, 22.9, 4.9, 1.5, 5.9, 0.9, 1.0, 1.0, 1.8, 1.5, 1.3, 1.3, 1.2] w1=[55.1, 12.6, 10.7, 12.2, 4.9, 1.5, 4.0, 5.9, 1.1, 0.9, 0.9, 0.9, 0.9, 0.9, 0.9, 3.7] w2=[21.8, 5.8, 1.2, 19.8, 1.2, 11.8, 1.5, 1.4, 1.2, 1.2, 1.1, 1.2, 1.1, 1.2, 1.1, 1.1] w3=[4.1, 6.6, 7.2, 11.8, 1.2, 0.8, 0.9, 2.4, 1.0, 0.8, 0.8, 0.9, 0.8, 0.8, 0.8, 0.9]
n16 n16-r11: w0=[520.1, 371.6, 19.5, 13.1, 1.2, 4.3, 15.0, 3.3, 5.2, 6.4, 6.4, 1.6, 1.2, 1.2, 1.2, 0.9] w1=[13.4, 4.2, 1.2, 18.0, 5.4, 1.3, 6.0, 14.1, 1.1, 1.2, 0.9, 0.8, 0.8, 0.8, 0.8, 1.2] w2=[5.3, 7.3, 5.1, 11.2, 11.6, 2.1, 1.2, 0.8, 0.7, 0.7, 0.7, 0.7, 0.7, 0.7, 0.8, 0.8] w3=[5.0, 6.9, 6.9, 11.1, 1.3, 1.3, 1.0, 2.3, 1.0, 0.8, 0.7, 0.7, 0.8, 0.7, 0.7, 0.7]
