[v2.host] python_first_line_wall_unix_ns=1787182713577866400
WARNING:root:WARNING: You need pytorch with cu130 or higher to use optimized CUDA operations.
[v2.harness] prompt_server_mirror instance_set=True
WARNING:root:
----------------------------------------------------------------------------
[Impact Pack] The SAM2 functionality is unavailable because the `facebook/sam2` dependency is not installed.

Installation command:
C:\Program Files\Python311\python.exe -m pip install git+https://github.com/facebookresearch/sam2
----------------------------------------------------------------------------

WARNING:root:
----------------------------------------------------------------------------
[Impact Pack] The SAM2 functionality is unavailable because the `facebook/sam2` dependency is not installed.

Installation command:
C:\Program Files\Python311\python.exe -m pip install git+https://github.com/facebookresearch/sam2
----------------------------------------------------------------------------

Package diffusers installed failed
Package diffusers installed failed
[33mModule 'diffusers' load failed. If you don't have it installed, do it:[0m
[33mpip install diffusers[0m
[34m[ComfyUI-Easy-Use] server: [0mv1.3.6 [92mLoaded[0m
[34m[ComfyUI-Easy-Use] web root: [0mC:\Users\parla\OneDrive\Documents\AI HUB\ComfyUI June Install\ComfyUI\custom_nodes\comfyui-easy-use\web_version/v2 [92mLoaded[0m
[exact_prefill.local] enabled=1 source=env
[timing_trace] module loaded __file__=C:\Users\parla\OneDrive\Documents\AI HUB\ComfyUI June Install\ComfyUI\custom_nodes\comfyui-modal\timing_trace.py TRACE_VERSION=2.0.0
[timing_trace] module directory in sys.path: C:\Users\parla\OneDrive\Documents\AI HUB\ComfyUI June Install\ComfyUI\custom_nodes\comfyui-modal
WARNING:root:Traceback (most recent call last):
  File "C:\Users\parla\OneDrive\Documents\AI HUB\ComfyUI June Install\ComfyUI\nodes.py", line 2212, in load_custom_node
    module_spec.loader.exec_module(module)
  File "<frozen importlib._bootstrap_external>", line 940, in exec_module
  File "<frozen importlib._bootstrap>", line 241, in _call_with_frames_removed
  File "C:\Users\parla\OneDrive\Documents\AI HUB\ComfyUI June Install\ComfyUI\custom_nodes\ComfyUI-SeedVR2_VideoUpscaler\__init__.py", line 6, in <module>
    from .src.optimization.compatibility import ensure_triton_compat  # noqa: F401
    ^^^^^^^^^^^^^^^^^^^^^^^^^^^^^^^^^^^^^^^^^^^^^^^^^^^^^^^^^^^^^^^^
  File "C:\Users\parla\OneDrive\Documents\AI HUB\ComfyUI June Install\ComfyUI\custom_nodes\ComfyUI-SeedVR2_VideoUpscaler\src\optimization\compatibility.py", line 659, in <module>
    print(f"\u26a0\ufe0f  SeedVR2 optimizations check: SageAttention {sage_status} | Flash Attention {flash_status} | Triton {triton_status}")
  File "C:\Program Files\Python311\Lib\encodings\cp1252.py", line 19, in encode
    return codecs.charmap_encode(input,self.errors,encoding_table)[0]
           ^^^^^^^^^^^^^^^^^^^^^^^^^^^^^^^^^^^^^^^^^^^^^^^^^^^^^^^
UnicodeEncodeError: 'charmap' codec can't encode characters in position 0-1: character maps to <undefined>

WARNING:root:Cannot import C:\Users\parla\OneDrive\Documents\AI HUB\ComfyUI June Install\ComfyUI\custom_nodes\ComfyUI-SeedVR2_VideoUpscaler module for custom nodes: 'charmap' codec can't encode characters in position 0-1: character maps to <undefined>
[36;20m[C:\Users\parla\OneDrive\Documents\AI HUB\ComfyUI June Install\ComfyUI\custom_nodes\comfyui_controlnet_aux] | INFO -> Using ckpts path: C:\Users\parla\OneDrive\Documents\AI HUB\ComfyUI June Install\ComfyUI\custom_nodes\comfyui_controlnet_aux\ckpts[0m
[36;20m[C:\Users\parla\OneDrive\Documents\AI HUB\ComfyUI June Install\ComfyUI\custom_nodes\comfyui_controlnet_aux] | INFO -> Using symlinks: False[0m
[36;20m[C:\Users\parla\OneDrive\Documents\AI HUB\ComfyUI June Install\ComfyUI\custom_nodes\comfyui_controlnet_aux] | INFO -> Using ort providers: ['CUDAExecutionProvider', 'DirectMLExecutionProvider', 'OpenVINOExecutionProvider', 'ROCMExecutionProvider', 'CPUExecutionProvider', 'CoreMLExecutionProvider'][0m
C:\Users\parla\OneDrive\Documents\AI HUB\ComfyUI June Install\ComfyUI\custom_nodes\comfyui_controlnet_aux\node_wrappers\dwpose.py:26: UserWarning: DWPose: Onnxruntime not found or doesn't come with acceleration providers, switch to OpenCV with CPU device. DWPose might run very slowly
  warnings.warn("DWPose: Onnxruntime not found or doesn't come with acceleration providers, switch to OpenCV with CPU device. DWPose might run very slowly")
WARNING:root:Traceback (most recent call last):
  File "C:\Users\parla\OneDrive\Documents\AI HUB\ComfyUI June Install\ComfyUI\nodes.py", line 2212, in load_custom_node
    module_spec.loader.exec_module(module)
  File "<frozen importlib._bootstrap_external>", line 940, in exec_module
  File "<frozen importlib._bootstrap>", line 241, in _call_with_frames_removed
  File "C:\Users\parla\OneDrive\Documents\AI HUB\ComfyUI June Install\ComfyUI\custom_nodes\comfyui_fill-nodes\__init__.py", line 2, in <module>
    from .nodes.ai.FL_Fal_Gemini_ImageEdit import FL_Fal_Gemini_ImageEdit
  File "C:\Users\parla\OneDrive\Documents\AI HUB\ComfyUI June Install\ComfyUI\custom_nodes\comfyui_fill-nodes\nodes\ai\FL_Fal_Gemini_ImageEdit.py", line 10, in <module>
    import fal_client
ModuleNotFoundError: No module named 'fal_client'

WARNING:root:Cannot import C:\Users\parla\OneDrive\Documents\AI HUB\ComfyUI June Install\ComfyUI\custom_nodes\comfyui_fill-nodes module for custom nodes: No module named 'fal_client'
WARNING:root:Traceback (most recent call last):
  File "C:\Users\parla\OneDrive\Documents\AI HUB\ComfyUI June Install\ComfyUI\custom_nodes\ComfyUI_LayerStyle\py\imagefunc.py", line 53, in <module>
    from cv2.ximgproc import guidedFilter
ModuleNotFoundError: No module named 'cv2.ximgproc'

During handling of the above exception, another exception occurred:

Traceback (most recent call last):
  File "C:\Users\parla\OneDrive\Documents\AI HUB\ComfyUI June Install\ComfyUI\nodes.py", line 2212, in load_custom_node
    module_spec.loader.exec_module(module)
  File "<frozen importlib._bootstrap_external>", line 940, in exec_module
  File "<frozen importlib._bootstrap>", line 241, in _call_with_frames_removed
  File "C:\Users\parla\OneDrive\Documents\AI HUB\ComfyUI June Install\ComfyUI\custom_nodes\ComfyUI_LayerStyle\__init__.py", line 35, in <module>
    imported_module = importlib.import_module(".py.{}".format(name), __name__)
                      ^^^^^^^^^^^^^^^^^^^^^^^^^^^^^^^^^^^^^^^^^^^^^^^^^^^^^^^^
  File "C:\Program Files\Python311\Lib\importlib\__init__.py", line 126, in import_module
    return _bootstrap._gcd_import(name[level:], package, level)
           ^^^^^^^^^^^^^^^^^^^^^^^^^^^^^^^^^^^^^^^^^^^^^^^^^^^^
  File "<frozen importlib._bootstrap>", line 1204, in _gcd_import
  File "<frozen importlib._bootstrap>", line 1176, in _find_and_load
  File "<frozen importlib._bootstrap>", line 1147, in _find_and_load_unlocked
  File "<frozen importlib._bootstrap>", line 690, in _load_unlocked
  File "<frozen importlib._bootstrap_external>", line 940, in exec_module
  File "<frozen importlib._bootstrap>", line 241, in _call_with_frames_removed
  File "C:\Users\parla\OneDrive\Documents\AI HUB\ComfyUI June Install\ComfyUI\custom_nodes\ComfyUI_LayerStyle\py\add_grain.py", line 3, in <module>
    from .imagefunc import log, tensor2pil, image_add_grain, pil2tensor
  File "C:\Users\parla\OneDrive\Documents\AI HUB\ComfyUI June Install\ComfyUI\custom_nodes\ComfyUI_LayerStyle\py\imagefunc.py", line 56, in <module>
    log(f"Cannot import name 'guidedFilter' from 'cv2.ximgproc'"
  File "C:\Users\parla\OneDrive\Documents\AI HUB\ComfyUI June Install\ComfyUI\custom_nodes\ComfyUI_LayerStyle\py\imagefunc.py", line 50, in log
    print(f"# \U0001f63adzNodes: {name} -> {message}")
  File "C:\Program Files\Python311\Lib\encodings\cp1252.py", line 19, in encode
    return codecs.charmap_encode(input,self.errors,encoding_table)[0]
           ^^^^^^^^^^^^^^^^^^^^^^^^^^^^^^^^^^^^^^^^^^^^^^^^^^^^^^^
UnicodeEncodeError: 'charmap' codec can't encode character '\U0001f63a' in position 2: character maps to <undefined>

WARNING:root:Cannot import C:\Users\parla\OneDrive\Documents\AI HUB\ComfyUI June Install\ComfyUI\custom_nodes\ComfyUI_LayerStyle module for custom nodes: 'charmap' codec can't encode character '\U0001f63a' in position 2: character maps to <undefined>
WARNING:root:Traceback (most recent call last):
  File "C:\Users\parla\OneDrive\Documents\AI HUB\ComfyUI June Install\ComfyUI\nodes.py", line 2212, in load_custom_node
    module_spec.loader.exec_module(module)
  File "<frozen importlib._bootstrap_external>", line 940, in exec_module
  File "<frozen importlib._bootstrap>", line 241, in _call_with_frames_removed
  File "C:\Users\parla\OneDrive\Documents\AI HUB\ComfyUI June Install\ComfyUI\custom_nodes\comfyui_sam3\__init__.py", line 11, in <module>
    from .src.comfyui_sam3.nodes import NODE_CLASS_MAPPINGS
  File "C:\Users\parla\OneDrive\Documents\AI HUB\ComfyUI June Install\ComfyUI\custom_nodes\comfyui_sam3\src\comfyui_sam3\nodes.py", line 6, in <module>
    from sam3.model_builder import build_sam3_image_model, build_sam3_video_model
ModuleNotFoundError: No module named 'sam3'

WARNING:root:Cannot import C:\Users\parla\OneDrive\Documents\AI HUB\ComfyUI June Install\ComfyUI\custom_nodes\comfyui_sam3 module for custom nodes: No module named 'sam3'
WARNING:root:Traceback (most recent call last):
  File "C:\Users\parla\OneDrive\Documents\AI HUB\ComfyUI June Install\ComfyUI\nodes.py", line 2212, in load_custom_node
    module_spec.loader.exec_module(module)
  File "<frozen importlib._bootstrap_external>", line 940, in exec_module
  File "<frozen importlib._bootstrap>", line 241, in _call_with_frames_removed
  File "C:\Users\parla\OneDrive\Documents\AI HUB\ComfyUI June Install\ComfyUI\custom_nodes\rgthree-comfy\__init__.py", line 111, in <module>
    log(f'Loaded {len(nodes)} {random.choice(adjs)} nodes. \U0001f389', color='BRIGHT_GREEN')
  File "C:\Users\parla\OneDrive\Documents\AI HUB\ComfyUI June Install\ComfyUI\custom_nodes\rgthree-comfy\py\log.py", line 100, in log
    print(msg)
  File "C:\Program Files\Python311\Lib\encodings\cp1252.py", line 19, in encode
    return codecs.charmap_encode(input,self.errors,encoding_table)[0]
           ^^^^^^^^^^^^^^^^^^^^^^^^^^^^^^^^^^^^^^^^^^^^^^^^^^^^^^^
UnicodeEncodeError: 'charmap' codec can't encode character '\U0001f389' in position 50: character maps to <undefined>

WARNING:root:Cannot import C:\Users\parla\OneDrive\Documents\AI HUB\ComfyUI June Install\ComfyUI\custom_nodes\rgthree-comfy module for custom nodes: 'charmap' codec can't encode character '\U0001f389' in position 50: character maps to <undefined>
[comfyui-modal] Routes registered: /comfymodal/prompt, /comfymodal/model/install, /comfymodal/models/batch-install, /comfymodal/models/inject, /comfymodal/models/inject-all, /comfymodal/health, /comfymodal/object_info, /comfymodal/cancel/{id}, /comfymodal/models, /comfymodal/sync/status, /comfymodal/sync/models, /comfymodal/sync/custom-nodes, /comfymodal/runtime/resync, /comfymodal/runtime/state, /comfymodal/comparison/*, /comfymodal/experiments/*, /comfymodal/presets/*, /comfymodal/assets/{id}, /comfymodal/run-history/*, /comfymodal/deploy-warmup/*, /comfymodal/history/*, /comfymodal/history-v2/feed, /comfymodal/history-v2/generations/{id}/*, /comfymodal/history-v2/experiments/{id}/*, /comfymodal/history-v2/assets/{id}
### ComfyUI-Workflow-Encrypt: Copy .js from 'C:\Users\parla\OneDrive\Documents\AI HUB\ComfyUI June Install\ComfyUI\custom_nodes\comfyui-workflow-encrypt\js\comfyui-workflow-encrypt.js' to 'C:\Users\parla\OneDrive\Documents\AI HUB\ComfyUI June Install\ComfyUI\web\extensions\comfyui-workflow-encrypt'
(RES4LYF) Init
(RES4LYF) Importing beta samplers.
(RES4LYF) Importing legacy samplers.

[v2.harness] production_output_registered output=True comparer=True
[v2.harness] node_registry_initialized classes=1999
[critical_path.flags] critical_path=1 unet_phase=1 validation_phase=1 coordinator=0 coordinator_diag=1 source=module_import
[v2.plan_proof] schema=1 payload=yes validated=True outputs=2 wf_hash=2e43d4c0ba3b82c0 dep_complete=True reg_proof=1 memo=hit
{"prime_registry_proof": true, "registry_load_ms": 22568.6, "workflow_hash": "2e43d4c0ba3b82c0", "store_entry_persisted": true, "store_path": "C:\\Users\\parla\\OneDrive\\Documents\\AI HUB\\ComfyUI June Install\\ComfyUI\\custom_nodes\\comfyui-modal\\.cache\\v2_registry_proof_store.json", "prime_ok": true}
Cannot connect to comfyregistry.
FETCH DATA from: https://raw.githubusercontent.com/ltdrdata/ComfyUI-Manager/main/custom-node-list.json[ComfyUI-Manager] Due to a network error, switching to local mode.
=> custom-node-list.json
=> cannot schedule new futures after shutdown
FETCH DATA from: C:\Users\parla\OneDrive\Documents\AI HUB\ComfyUI June Install\ComfyUI\custom_nodes\comfyui-manager\custom-node-list.json [DONE]
