=== Loading active workspace ===
=== Active workspace: Testing 4 ===
=== Extracting warmup profile from benchmark workflow ===
=== Warmup profile loaded ===
[v2.env_profile]
env_profile=production
thread_policy=TBASE
snapshot_model_order=O0
baseline_cpu_request=12
baseline_memory_request=32768
memory_request_mb=32768
vae_policy=v1
release_gpu_after_request=1
cpu_model_snapshot=1
native_fast_disk_unet=1
publish_restore_plan=0
vae_snapshot=1
clip_conditioning_cache=1
unet_activation_mode=late
vae_activation_mode=sampling_end
persistent_local_handle=1
full_trace=0
residency_diagnostics=0
deep_model_diag=0
pagefault_tracking=0
eviction_enabled=0
eviction_role=none
eviction_idle_seconds=0
prefill_lanes=critical
prefill_wait_for_unet=0
restore_torch_threads=none
variance_pretouch=0
variance_mode=1
volume_read_run_count=3
restore_only_mode=0
restore_only_app=stable-modal-comfy-v2-restore-only-shadow
restore_only_run_count=6
restore_only_max_attempts=40
snapshot_exclude_unet=
snapshot_construction=
=== Checking for existing V1 deployment: comfyui ===
=== V1 comfyui already deployed. Deploying V2 only ===
=== Publishing custom nodes to Volume for V2 generation parity ===
[comfyui-modal.custom_node_filter] action=allow name=ComfyUI-CacheDiT reason=production_custom_node
[comfyui-modal.custom_node_filter] action=allow name=ComfyUI-Flux2Klein-Enhancer reason=production_custom_node
[comfyui-modal.custom_node_filter] action=allow name=ComfyUI-KJNodes reason=production_custom_node
[comfyui-modal.custom_node_filter] action=allow name=ComfyUI-SeedVR2_VideoUpscaler reason=production_custom_node
[comfyui-modal.custom_node_filter] action=allow name=ComfyUI_LayerStyle reason=production_custom_node
[comfyui-modal.custom_node_filter] action=allow name=RES4LYF reason=production_custom_node
[comfyui-modal.custom_node_filter] action=deny name=__pycache__ reason=generated_or_environment_directory
[comfyui-modal.custom_node_filter] action=allow name=cg-use-everywhere reason=production_custom_node
[comfyui-modal.custom_node_filter] action=allow name=comfyui-custom-scripts reason=production_custom_node
[comfyui-modal.custom_node_filter] action=allow name=comfyui-detail-daemon reason=production_custom_node
[comfyui-modal.custom_node_filter] action=allow name=comfyui-easy-use reason=production_custom_node
[comfyui-modal.custom_node_filter] action=allow name=comfyui-impact-pack reason=production_custom_node
[comfyui-modal.custom_node_filter] action=allow name=comfyui-levelpixel reason=production_custom_node
[comfyui-modal.custom_node_filter] action=allow name=comfyui-lora-manager reason=production_custom_node
[comfyui-modal.custom_node_filter] action=allow name=comfyui-manager reason=production_custom_node
[comfyui-modal.custom_node_filter] action=allow name=comfyui-modal reason=production_custom_node
[comfyui-modal.custom_node_filter] action=deny name=comfyui-modal-agent1-full-trace reason=local_agent_or_worktree_clone
[comfyui-modal.custom_node_filter] action=deny name=comfyui-modal-agent2 reason=local_agent_or_worktree_clone
[comfyui-modal.custom_node_filter] action=deny name=comfyui-modal-agent3 reason=local_agent_or_worktree_clone
[comfyui-modal.custom_node_filter] action=allow name=comfyui-modal-aws-rtx6000 reason=production_custom_node
[comfyui-modal.custom_node_filter] action=allow name=comfyui-modal-c1-c5-c6-c8-tail reason=production_custom_node
[comfyui-modal.custom_node_filter] action=deny name=comfyui-modal-dc8 reason=local_agent_or_worktree_clone
[comfyui-modal.custom_node_filter] action=allow name=comfyui-modal-east1-composition reason=production_custom_node
[comfyui-modal.custom_node_filter] action=allow name=comfyui-modal-exact-clip-conditioning-cache reason=production_custom_node
[comfyui-modal.custom_node_filter] action=allow name=comfyui-modal-memory-regression-fix reason=production_custom_node
[comfyui-modal.custom_node_filter] action=allow name=comfyui-modal-pagesfile-probe reason=production_custom_node
[comfyui-modal.custom_node_filter] action=allow name=comfyui-modal-persistent-modal-handle reason=production_custom_node
[comfyui-modal.custom_node_filter] action=allow name=comfyui-modal-persistent-submission-v2 reason=production_custom_node
[comfyui-modal.custom_node_filter] action=allow name=comfyui-modal-restore-structure reason=production_custom_node
[comfyui-modal.custom_node_filter] action=allow name=comfyui-modal-sub13-diagnostic reason=production_custom_node
[comfyui-modal.custom_node_filter] action=allow name=comfyui-modal-teardown-billing-tail reason=production_custom_node
[comfyui-modal.custom_node_filter] action=allow name=comfyui-modal-vae-runtime-path reason=production_custom_node
[comfyui-modal.custom_node_filter] action=allow name=comfyui-modal-vae-snapshot-seed reason=production_custom_node
[comfyui-modal.custom_node_filter] action=allow name=comfyui-workflow-encrypt reason=production_custom_node
[comfyui-modal.custom_node_filter] action=allow name=comfyui_controlnet_aux reason=production_custom_node
[comfyui-modal.custom_node_filter] action=allow name=comfyui_essentials reason=production_custom_node
[comfyui-modal.custom_node_filter] action=allow name=comfyui_fill-nodes reason=production_custom_node
[comfyui-modal.custom_node_filter] action=allow name=comfyui_image_metadata_extension reason=production_custom_node
[comfyui-modal.custom_node_filter] action=allow name=comfyui_lg_samplingutils reason=production_custom_node
[comfyui-modal.custom_node_filter] action=allow name=comfyui_sam3 reason=production_custom_node
[comfyui-modal.custom_node_filter] action=allow name=comyui-modal-pagesfile-probe reason=production_custom_node
[comfyui-modal.custom_node_filter] action=allow name=masquerade-nodes-comfyui reason=production_custom_node
[comfyui-modal.custom_node_filter] action=allow name=rgthree-comfy reason=production_custom_node
[v2.volume_publish] source_root=C:\Users\parla\OneDrive\Documents\AI HUB\ComfyUI June Install\ComfyUI\custom_nodes
[v2.volume_publish] nodes=38
[v2.volume_publish] status=ok
[v2.volume_publish] remote_status=ok
[v2.volume_publish] generation=see-remote
[v2.volume_publish] reason=post_sync_custom_nodes_to_volume

=== V2 deploy log ===
[v2.startup_stage] stage=container_python_import event=start wall_unix_ns=1786743938692765000 monotonic_ns=200063250000000
[critical_path.flags] critical_path=1 unet_phase=1 validation_phase=1 coordinator=0 coordinator_diag=1 source=module_import
[exact_prefill.remote] enabled=1 source=env
[timing_trace] module loaded __file__=C:\Users\parla\OneDrive\Documents\AI HUB\ComfyUI June Install\ComfyUI\custom_nodes\comfyui-modal\timing_trace.py TRACE_VERSION=2.0.0
[modal-client] 2026-08-14T16:45:42-0500 Warning: function name 'ComfyAPI_H100.*' collision! Overriding existing function [comfyapp].ComfyAPI_H100.* with new function [comfyapp].ComfyAPI_H100.*
[comfyapp] custom_node_filter: excluding ComfyModal duplicate dirs from image (14): ['comfyui-modal-aws-rtx6000', 'comfyui-modal-c1-c5-c6-c8-tail', 'comfyui-modal-east1-composition', 'comfyui-modal-exact-clip-conditioning-cache', 'comfyui-modal-memory-regression-fix', 'comfyui-modal-pagesfile-probe', 'comfyui-modal-persistent-modal-handle', 'comfyui-modal-persistent-submission-v2', 'comfyui-modal-restore-structure', 'comfyui-modal-sub13-diagnostic', 'comfyui-modal-teardown-billing-tail', 'comfyui-modal-vae-runtime-path', 'comfyui-modal-vae-snapshot-seed', 'comyui-modal-pagesfile-probe']
[comfyapp] custom_node_copy_mode=combined nodes=24 layers=1 src=C:\Users\parla\OneDrive\Documents\AI HUB\ComfyUI June Install\ComfyUI\custom_nodes dst=/root/comfy/ComfyUI/custom_nodes
[comfyapp] build-context: comfyapp_dir=C:\Users\parla\OneDrive\Documents\AI HUB\ComfyUI June Install\ComfyUI\custom_nodes\comfyui-modal
[comfyapp] build-context: local_source=C:\Users\parla\OneDrive\Documents\AI HUB\ComfyUI June Install\ComfyUI\custom_nodes
[comfyapp] build-context: local_syncable_nodes=24 nodes_with_dep_files=22
[comfyapp] build-context: local_node_names=['ComfyUI-CacheDiT', 'ComfyUI-Flux2Klein-Enhancer', 'ComfyUI-KJNodes', 'ComfyUI-SeedVR2_VideoUpscaler', 'ComfyUI_LayerStyle', 'RES4LYF', 'cg-use-everywhere', 'comfyui-custom-scripts', 'comfyui-detail-daemon', 'comfyui-easy-use', 'comfyui-impact-pack', 'comfyui-levelpixel', 'comfyui-lora-manager', 'comfyui-manager', 'comfyui-modal', 'comfyui-workflow-encrypt', 'comfyui_controlnet_aux', 'comfyui_essentials', 'comfyui_fill-nodes', 'comfyui_image_metadata_extension', 'comfyui_lg_samplingutils', 'comfyui_sam3', 'masquerade-nodes-comfyui', 'rgthree-comfy']
[comfyapp] build-context: nodes_with_dep_files=22 dep_nodes=['ComfyUI-CacheDiT', 'ComfyUI-Flux2Klein-Enhancer', 'ComfyUI-KJNodes', 'ComfyUI-SeedVR2_VideoUpscaler', 'ComfyUI_LayerStyle', 'RES4LYF', 'cg-use-everywhere', 'comfyui-custom-scripts', 'comfyui-detail-daemon', 'comfyui-easy-use', 'comfyui-impact-pack', 'comfyui-levelpixel', 'comfyui-lora-manager', 'comfyui-manager', 'comfyui-workflow-encrypt', 'comfyui_controlnet_aux', 'comfyui_essentials', 'comfyui_fill-nodes', 'comfyui_image_metadata_extension', 'comfyui_lg_samplingutils', 'comfyui_sam3', 'rgthree-comfy']
[comfyapp] build-context: staged_requirements=C:\Users\parla\OneDrive\Documents\AI HUB\ComfyUI June Install\ComfyUI\custom_nodes\comfyui-modal\.custom_node_requirements staged_nodes=22
[comfyapp] baked manifest generated: nodes=24 deps_nodes=22 hash=be68be1945de2a29...
[comfyapp] === Requirements Context Diagnostics ===
[comfyapp] COMFYAPP_VERSION=2.16.30
[comfyapp] source_root=C:\Users\parla\OneDrive\Documents\AI HUB\ComfyUI June Install\ComfyUI\custom_nodes
[comfyapp] requirements_dir=C:\Users\parla\OneDrive\Documents\AI HUB\ComfyUI June Install\ComfyUI\custom_nodes\comfyui-modal\.custom_node_requirements
[comfyapp] MODAL_FORCE_BUILD=''
[comfyapp] MODAL_IGNORE_CACHE=''
[comfyapp] FORCE_BUILD=''
[comfyapp.custom_node_filter] begin
[comfyapp.custom_node_filter] action=allow name=ComfyUI-CacheDiT reason=production_custom_node
[comfyapp.custom_node_filter] action=allow name=ComfyUI-Flux2Klein-Enhancer reason=production_custom_node
[comfyapp.custom_node_filter] action=allow name=ComfyUI-KJNodes reason=production_custom_node
[comfyapp.custom_node_filter] action=allow name=ComfyUI-SeedVR2_VideoUpscaler reason=production_custom_node
[comfyapp.custom_node_filter] action=allow name=ComfyUI_LayerStyle reason=production_custom_node
[comfyapp.custom_node_filter] action=allow name=RES4LYF reason=production_custom_node
[comfyapp.custom_node_filter] action=deny name=__pycache__ reason=generated_or_environment_directory
[comfyapp.custom_node_filter] action=allow name=cg-use-everywhere reason=production_custom_node
[comfyapp.custom_node_filter] action=allow name=comfyui-custom-scripts reason=production_custom_node
[comfyapp.custom_node_filter] action=allow name=comfyui-detail-daemon reason=production_custom_node
[comfyapp.custom_node_filter] action=allow name=comfyui-easy-use reason=production_custom_node
[comfyapp.custom_node_filter] action=allow name=comfyui-impact-pack reason=production_custom_node
[comfyapp.custom_node_filter] action=allow name=comfyui-levelpixel reason=production_custom_node
[comfyapp.custom_node_filter] action=allow name=comfyui-lora-manager reason=production_custom_node
[comfyapp.custom_node_filter] action=allow name=comfyui-manager reason=production_custom_node
[comfyapp.custom_node_filter] action=allow name=comfyui-modal reason=production_custom_node
[comfyapp.custom_node_filter] action=deny name=comfyui-modal-agent1-full-trace reason=local_agent_or_worktree_clone
[comfyapp.custom_node_filter] action=deny name=comfyui-modal-agent2 reason=local_agent_or_worktree_clone
[comfyapp.custom_node_filter] action=deny name=comfyui-modal-agent3 reason=local_agent_or_worktree_clone
[comfyapp.custom_node_filter] action=deny name=comfyui-modal-aws-rtx6000 reason=comfymodal_duplicate_worktree
[comfyapp.custom_node_filter] action=deny name=comfyui-modal-c1-c5-c6-c8-tail reason=comfymodal_duplicate_worktree
[comfyapp.custom_node_filter] action=deny name=comfyui-modal-dc8 reason=local_agent_or_worktree_clone
[comfyapp.custom_node_filter] action=deny name=comfyui-modal-east1-composition reason=comfymodal_duplicate_worktree
[comfyapp.custom_node_filter] action=deny name=comfyui-modal-exact-clip-conditioning-cache reason=comfymodal_duplicate_worktree
[comfyapp.custom_node_filter] action=deny name=comfyui-modal-memory-regression-fix reason=comfymodal_duplicate_worktree
[comfyapp.custom_node_filter] action=deny name=comfyui-modal-pagesfile-probe reason=comfymodal_duplicate_worktree
[comfyapp.custom_node_filter] action=deny name=comfyui-modal-persistent-modal-handle reason=comfymodal_duplicate_worktree
[comfyapp.custom_node_filter] action=deny name=comfyui-modal-persistent-submission-v2 reason=comfymodal_duplicate_worktree
[comfyapp.custom_node_filter] action=deny name=comfyui-modal-restore-structure reason=comfymodal_duplicate_worktree
[comfyapp.custom_node_filter] action=deny name=comfyui-modal-sub13-diagnostic reason=comfymodal_duplicate_worktree
[comfyapp.custom_node_filter] action=deny name=comfyui-modal-teardown-billing-tail reason=comfymodal_duplicate_worktree
[comfyapp.custom_node_filter] action=deny name=comfyui-modal-vae-runtime-path reason=comfymodal_duplicate_worktree
[comfyapp.custom_node_filter] action=deny name=comfyui-modal-vae-snapshot-seed reason=comfymodal_duplicate_worktree
[comfyapp.custom_node_filter] action=allow name=comfyui-workflow-encrypt reason=production_custom_node
[comfyapp.custom_node_filter] action=allow name=comfyui_controlnet_aux reason=production_custom_node
[comfyapp.custom_node_filter] action=allow name=comfyui_essentials reason=production_custom_node
[comfyapp.custom_node_filter] action=allow name=comfyui_fill-nodes reason=production_custom_node
[comfyapp.custom_node_filter] action=allow name=comfyui_image_metadata_extension reason=production_custom_node
[comfyapp.custom_node_filter] action=allow name=comfyui_lg_samplingutils reason=production_custom_node
[comfyapp.custom_node_filter] action=allow name=comfyui_sam3 reason=production_custom_node
[comfyapp.custom_node_filter] action=deny name=comyui-modal-pagesfile-probe reason=comfymodal_duplicate_typo
[comfyapp.custom_node_filter] action=allow name=masquerade-nodes-comfyui reason=production_custom_node
[comfyapp.custom_node_filter] action=allow name=rgthree-comfy reason=production_custom_node
[comfyapp.custom_node_filter] end
[comfyapp] source_copy_node_count=24
[comfyapp] source_copy_top_20_largest_nodes (best-effort bytes after ignore):
  RES4LYF: 226995248 bytes (216.5 MB)
  comfyui_sam3: 76440192 bytes (72.9 MB)
  comfyui-modal: 65477907 bytes (62.4 MB)
  ComfyUI_LayerStyle: 64481435 bytes (61.5 MB)
  comfyui_controlnet_aux: 48934318 bytes (46.7 MB)
  comfyui-lora-manager: 28287211 bytes (27.0 MB)
  comfyui-manager: 11106247 bytes (10.6 MB)
  comfyui_fill-nodes: 7006848 bytes (6.7 MB)
  rgthree-comfy: 6655317 bytes (6.3 MB)
  ComfyUI-SeedVR2_VideoUpscaler: 6018438 bytes (5.7 MB)
  comfyui-easy-use: 5985826 bytes (5.7 MB)
  comfyui-impact-pack: 4098609 bytes (3.9 MB)
  comfyui_lg_samplingutils: 3559342 bytes (3.4 MB)
  ComfyUI-CacheDiT: 2722461 bytes (2.6 MB)
  ComfyUI-KJNodes: 2597698 bytes (2.5 MB)
  cg-use-everywhere: 2300265 bytes (2.2 MB)
  ComfyUI-Flux2Klein-Enhancer: 1938744 bytes (1.8 MB)
  comfyui_image_metadata_extension: 1350229 bytes (1.3 MB)
  comfyui-levelpixel: 869871 bytes (0.8 MB)
  comfyui-custom-scripts: 385487 bytes (0.4 MB)
[comfyapp] custom_node_requirements_context_hash=b604c14479dc289b...
[comfyapp] requirements_context_file_count=228
[comfyapp] requirements_context_total_bytes=6217574
[comfyapp] requirements_context_node_dirs=22
[comfyapp] requirements_context_top_20_largest:
  comfyui_sam3/src/sam3/assets/veval/toy_gt_and_pred/toy_saco_veval_sav_test_gt.json: 3398949 bytes
  comfyui_sam3/src/sam3/assets/veval/toy_gt_and_pred/toy_saco_veval_sav_test_pred.json: 542939 bytes
  comfyui_sam3/src/sam3/sam3/model/sam3_video_base.py: 84091 bytes
  comfyui_sam3/src/sam3/sam3/model/sam3_video_inference.py: 79107 bytes
  comfyui_sam3/src/sam3/sam3/model/sam3_tracking_predictor.py: 68888 bytes
  comfyui_sam3/src/sam3/sam3/agent/system_prompts/system_prompt.txt: 66050 bytes
  comfyui_sam3/src/sam3/sam3/agent/helpers/visualizer.py: 63244 bytes
  comfyui_sam3/src/sam3/sam3/model/sam3_tracker_base.py: 59431 bytes
  comfyui_sam3/src/sam3/sam3/train/loss/loss_fns.py: 54478 bytes
  comfyui_sam3/src/sam3/sam3/train/transforms/basic_for_api.py: 53796 bytes
  comfyui_sam3/src/sam3/sam3/train/trainer.py: 44855 bytes
  comfyui_sam3/src/sam3/sam3/model/io_utils.py: 43457 bytes
  comfyui_sam3/src/sam3/sam3/model/sam3_image.py: 37532 bytes
  comfyui_sam3/src/sam3/sam3/eval/saco_veval_evaluators.py: 37137 bytes
  comfyui_sam3/src/sam3/sam3/model/decoder.py: 36674 bytes
  comfyui_sam3/src/sam3/sam3/eval/hota_eval_toolkit/trackeval/datasets/tao_ow.py: 36475 bytes
  comfyui_sam3/src/sam3/sam3/eval/coco_eval.py: 36243 bytes
  comfyui_sam3/src/sam3/sam3/train/matcher.py: 34370 bytes
  comfyui_sam3/src/sam3/sam3/model/geometry_encoders.py: 33585 bytes
  comfyui_sam3/src/sam3/sam3/model/vitdet.py: 32444 bytes
[comfyapp] dependency_manifest_hash=be68be1945de2a29...
[v2.dependency_cache]
dependency_key=1f8b9d8d610849a8553c50ecd61027064976b959c6504c605d9ea735eb20905c
base_key=5bcfb0d47e431370db7434945f13d7372a7c8183ade97eef1be49b724b6513a2
requirements_key=b604c14479dc289b3ef39fdf8059f3043d02f04cfb3fca51035e77914a6b85ec
cachedit_lock_key=1548d5f36612f3e82d8e7bf1b3a3266c778eaf8dc677de2ebe3d05a9f0a6545e
installer_key=20da617e65903391ce1e690a560347ea68c43190344c5bd15ebafe536113ff7a
runtime_revision=cbc44f6f57e79ab7
runtime_revision_part_of_dependency_key=0
decision=expected_hit
reason=dependency_inputs_unchanged
[comfyapp] requirements_context_unchanged=1
[comfyapp] local_editable_path_dependencies (1):
  node=comfyui_sam3 req=comfyui_sam3/requirements.txt line=./src/sam3 files=474 bytes=59191335 cache_risk=high
[comfyapp] raw_build_file_contributors (21):
  node=ComfyUI-Flux2Klein-Enhancer file=pyproject.toml hash=bb3bfbbc5b7f12c2 size=1476 has_reqtxt=False
  node=ComfyUI-KJNodes file=pyproject.toml hash=29d4abe790344793 size=519 has_reqtxt=True
  node=ComfyUI-SeedVR2_VideoUpscaler file=pyproject.toml hash=d58460c6c1b81734 size=1184 has_reqtxt=True
  node=ComfyUI_LayerStyle file=pyproject.toml hash=6552c33a99d638ab size=771 has_reqtxt=True
  node=cg-use-everywhere file=pyproject.toml hash=150c6f4dfc6fbc25 size=683 has_reqtxt=False
  node=comfyui-custom-scripts file=pyproject.toml hash=4f22f2c2075881cf size=358 has_reqtxt=False
  node=comfyui-detail-daemon file=pyproject.toml hash=9885af96b61896ee size=643 has_reqtxt=True
  node=comfyui-easy-use file=pyproject.toml hash=0bc2411cc2531237 size=660 has_reqtxt=True
  node=comfyui-impact-pack file=pyproject.toml hash=e7ab9656db8ecde6 size=745 has_reqtxt=True
  node=comfyui-impact-pack file=install.py hash=9520f8f0c099b78d size=3971 has_reqtxt=True
  node=comfyui-levelpixel file=pyproject.toml hash=38252cf5eebe50b8 size=1430 has_reqtxt=True
  node=comfyui-lora-manager file=pyproject.toml hash=fed8b88aa3690930 size=746 has_reqtxt=True
  node=comfyui-manager file=pyproject.toml hash=02cbb46cea068ab9 size=626 has_reqtxt=True
  node=comfyui-workflow-encrypt file=pyproject.toml hash=51359ec908a41777 size=424 has_reqtxt=True
  node=comfyui_controlnet_aux file=pyproject.toml hash=e8ec5486ae4d2fd8 size=655 has_reqtxt=True
  node=comfyui_essentials file=pyproject.toml hash=1214c1dfc74e36fa size=498 has_reqtxt=True
  node=comfyui_fill-nodes file=pyproject.toml hash=367b7cfe74201831 size=1267 has_reqtxt=True
  node=comfyui_image_metadata_extension file=pyproject.toml hash=a7a8b53e7af24f3e size=483 has_reqtxt=False
  node=comfyui_lg_samplingutils file=pyproject.toml hash=c06ffd2e0020ef5a size=464 has_reqtxt=False
  node=comfyui_sam3 file=pyproject.toml hash=1c018a8302346bcd size=2227 has_reqtxt=True
  node=rgthree-comfy file=pyproject.toml hash=9cee2c6c6ac87d48 size=351 has_reqtxt=True
[comfyapp] custom_node_copy_mode=combined
[comfyapp] syncable_custom_nodes=24
[comfyapp] source_copy_layers=1
[comfyapp] local_custom_node_root=C:\Users\parla\OneDrive\Documents\AI HUB\ComfyUI June Install\ComfyUI\custom_nodes
[comfyapp] comfyui_modal_excluded_custom_node_requirements=check_logs
[comfyapp] comfyui_modal_excluded_baked_custom_node_deps=check_logs
[comfyapp] build_order:
  1. base CUDA image (nvidia/cuda:13.0.0-devel-ubuntu24.04)
  2. comfy-cli install
  3. PyTorch CUDA reinstall (cu130)
  4. triton install
  5. SageAttention build
  6. env vars
  7. add .custom_node_requirements (as local_dir)
  8. run custom-node prereq pip loop
  9. add custom-node source (mode=combined, layers=1)
  10. generate/add baked dependency manifest
  11. add helper Python sources
[comfyapp] ===========================================
[comfyapp] experiment_harness_diag: modal_dir=C:\Users\parla\OneDrive\Documents\AI HUB\ComfyUI June Install\ComfyUI\custom_nodes\comfyui-modal
[comfyapp] experiment_harness_diag: local_only_dir_exists=1 path=C:\Users\parla\OneDrive\Documents\AI HUB\ComfyUI June Install\ComfyUI\custom_nodes\comfyui-modal\.comfymodal_experiments
[comfyapp] experiment_harness_diag: direct_legacy_files_present=[]
[comfyapp] experiment_harness_diag: combined_ignore_has_local_only_dir=1
[comfyapp] experiment_harness_diag: modal_ignore_has_local_only_dir=1
[comfyapp] experiment_harness_diag: mutable_state_location=C:\Users\parla\OneDrive\Documents\AI HUB\ComfyUI June Install\ComfyUI\custom_nodes\comfyui-modal\.comfymodal_experiments\comfymodal_experiment_state.json
[comfyapp] experiment_harness_diag: state_inside_ignored_dir=1
[v2.region_pin] region=unpinned cloud=unpinned source=COMFYMODAL_V2_REGION/COMFYMODAL_V2_CLOUD
✓ Created objects.
├── 🔨 Created mount PythonPackage:failure_summary
├── 🔨 Created mount PythonPackage:timing_trace
├── 🔨 Created mount PythonPackage:run_prompt_options
├── 🔨 Created mount PythonPackage:profiler_trace_v4
├── 🔨 Created mount PythonPackage:workflow_metadata
├── 🔨 Created mount PythonPackage:canonical_execution
├── 🔨 Created mount PythonPackage:optimizations
├── 🔨 Created mount PythonPackage:comfyapp
├── 🔨 Created mount PythonPackage:production_workflow
├── 🔨 Created mount PythonPackage:gpu_catalog
├── 🔨 Created mount PythonPackage:modal_client
├── 🔨 Created mount PythonPackage:warmup_profile
├── 🔨 Created mount PythonPackage:comfymodal_runtime
├── 🔨 Created mount PythonPackage:wall_clock_trace_v3
├── 🔨 Created mount PythonPackage:api_prompt_validator
├── 🔨 Created mount C:\Users\parla\OneDrive\Documents\AI HUB\ComfyUI June 
│   Install\ComfyUI\custom_nodes\comfyui-modal\cachedit_dependency_lock.txt
├── 🔨 Created mount C:\Users\parla\OneDrive\Documents\AI HUB\ComfyUI June 
│   Install\ComfyUI\custom_nodes\comfyui-modal\.custom_node_requirements
├── 🔨 Created mount C:\Users\parla\OneDrive\Documents\AI HUB\ComfyUI June 
│   Install\ComfyUI\custom_nodes
├── 🔨 Created mount C:\Users\parla\OneDrive\Documents\AI HUB\ComfyUI June 
│   Install\ComfyUI\custom_nodes\comfyui-modal\.baked_custom_node_deps\custom_n
│   ode_deps_baked.json
└── 🔨 Created function ModalRuntimeEntrypointV2.*.
✓ App deployed in 45.694s! 🎉

View Deployment: 
https://modal.com/apps/testing4/main/deployed/stable-modal-comfy-v2-variance-sh
adow

=== V2 deploy verified OK ===
=== Recording baked deployment identity ===
[v2.deploy_identity] app=stable-modal-comfy-v2-restore-only-shadow class=ModalRuntimeEntrypointV2 method=get_deployment_identity_static
[v2.modal_target] app=stable-modal-comfy-v2-restore-only-shadow class=ModalRuntimeEntrypointV2 environment=(default) cloud_override=absent with_options_used=0
[v2.deploy_identity] state_file=C:\Users\parla\OneDrive\Documents\AI HUB\ComfyUI June Install\ComfyUI\custom_nodes\comfyui-modal\.deployed_state.json
[v2.deploy_identity] status=ok deployment_combined_hash=f4cda0ff0461beeb custom_nodes_generation=0fa72e8f58a71cfd overall_dependency_hash=be68be1945de2a29 comfyui_version=0.24.0 manifest_classes=2399
[v2.deploy_identity] host_comfyui_identity=f49bdb655707b979 deployed_comfyui_identity=f49bdb655707b979 comfyui_core_match=1
=== Running V2 variance-cold benchmark - explicit opt-in ===
[v2.host] python_first_line_wall_unix_ns=1786744048046751900
{"guard": {"allow_multi_axis": false, "baseline_cpu_request": 12, "baseline_memory_request": 32768, "changed_axes": []}, "runtime_shape": {"cpu_request": 12, "malloc_arena_max": null, "memory_request": 32768, "mkl_num_threads": null, "numexpr_num_threads": null, "omp_num_threads": null, "openblas_num_threads": null, "runtime_shape_fingerprint": "f504e296c398bdcb2c4c07e2", "runtime_shape_label": null, "snapshot_model_order": "O0", "thread_policy": "TBASE", "torch_interop_threads": null, "torch_intraop_threads": null}}
[v2.variance_cold] mode=start runs=1 gap=25.0s pretouch=0 teardown=full pin_transfer=0 app=stable-modal-comfy-v2-variance-shadow
WARNING:root:WARNING: You need pytorch with cu130 or higher to use optimized CUDA operations.
[v2.harness] prompt_server_mirror instance_set=True
WARNING:root:
----------------------------------------------------------------------------
[Impact Pack] The SAM2 functionality is unavailable because the `facebook/sam2` dependency is not installed.

Installation command:
C:\Program Files\Python311\python.exe -m pip install git+https://github.com/facebookresearch/sam2
----------------------------------------------------------------------------

WARNING:root:
----------------------------------------------------------------------------
[Impact Pack] The SAM2 functionality is unavailable because the `facebook/sam2` dependency is not installed.

Installation command:
C:\Program Files\Python311\python.exe -m pip install git+https://github.com/facebookresearch/sam2
----------------------------------------------------------------------------

Package diffusers installed failed
Package diffusers installed failed
[33mModule 'diffusers' load failed. If you don't have it installed, do it:[0m
[33mpip install diffusers[0m
[34m[ComfyUI-Easy-Use] server: [0mv1.3.6 [92mLoaded[0m
[34m[ComfyUI-Easy-Use] web root: [0mC:\Users\parla\OneDrive\Documents\AI HUB\ComfyUI June Install\ComfyUI\custom_nodes\comfyui-easy-use\web_version/v2 [92mLoaded[0m
[exact_prefill.local] enabled=1 source=env
[timing_trace] module loaded __file__=C:\Users\parla\OneDrive\Documents\AI HUB\ComfyUI June Install\ComfyUI\custom_nodes\comfyui-modal\timing_trace.py TRACE_VERSION=2.0.0
[timing_trace] module directory in sys.path: C:\Users\parla\OneDrive\Documents\AI HUB\ComfyUI June Install\ComfyUI\custom_nodes\comfyui-modal
WARNING:root:Traceback (most recent call last):
  File "C:\Users\parla\OneDrive\Documents\AI HUB\ComfyUI June Install\ComfyUI\nodes.py", line 2212, in load_custom_node
    module_spec.loader.exec_module(module)
  File "<frozen importlib._bootstrap_external>", line 940, in exec_module
  File "<frozen importlib._bootstrap>", line 241, in _call_with_frames_removed
  File "C:\Users\parla\OneDrive\Documents\AI HUB\ComfyUI June Install\ComfyUI\custom_nodes\ComfyUI-SeedVR2_VideoUpscaler\__init__.py", line 7, in <module>
    from .src.interfaces import comfy_entrypoint, SeedVR2Extension
  File "C:\Users\parla\OneDrive\Documents\AI HUB\ComfyUI June Install\ComfyUI\custom_nodes\ComfyUI-SeedVR2_VideoUpscaler\src\interfaces\__init__.py", line 8, in <module>
    from .video_upscaler import SeedVR2VideoUpscaler
  File "C:\Users\parla\OneDrive\Documents\AI HUB\ComfyUI June Install\ComfyUI\custom_nodes\ComfyUI-SeedVR2_VideoUpscaler\src\interfaces\video_upscaler.py", line 10, in <module>
    from ..utils.downloads import download_weight
  File "C:\Users\parla\OneDrive\Documents\AI HUB\ComfyUI June Install\ComfyUI\custom_nodes\ComfyUI-SeedVR2_VideoUpscaler\src\utils\downloads.py", line 14, in <module>
    from .model_registry import MODEL_REGISTRY, DEFAULT_VAE
  File "C:\Users\parla\OneDrive\Documents\AI HUB\ComfyUI June Install\ComfyUI\custom_nodes\ComfyUI-SeedVR2_VideoUpscaler\src\utils\model_registry.py", line 12, in <module>
    from ..models.dit_3b.nadit import NaDiT as NaDiT3B
  File "C:\Users\parla\OneDrive\Documents\AI HUB\ComfyUI June Install\ComfyUI\custom_nodes\ComfyUI-SeedVR2_VideoUpscaler\src\models\dit_3b\nadit.py", line 24, in <module>
    from .embedding import TimeEmbedding
  File "C:\Users\parla\OneDrive\Documents\AI HUB\ComfyUI June Install\ComfyUI\custom_nodes\ComfyUI-SeedVR2_VideoUpscaler\src\models\dit_3b\embedding.py", line 17, in <module>
    from diffusers.models.embeddings import get_timestep_embedding
  File "C:\Users\parla\AppData\Roaming\Python\Python311\site-packages\diffusers\__init__.py", line 3, in <module>
    from .configuration_utils import ConfigMixin
  File "C:\Users\parla\AppData\Roaming\Python\Python311\site-packages\diffusers\configuration_utils.py", line 34, in <module>
    from .utils import DIFFUSERS_CACHE, HUGGINGFACE_CO_RESOLVE_ENDPOINT, DummyObject, deprecate, logging
  File "C:\Users\parla\AppData\Roaming\Python\Python311\site-packages\diffusers\utils\__init__.py", line 37, in <module>
    from .dynamic_modules_utils import get_class_from_dynamic_module
  File "C:\Users\parla\AppData\Roaming\Python\Python311\site-packages\diffusers\utils\dynamic_modules_utils.py", line 29, in <module>
    from huggingface_hub import HfFolder, cached_download, hf_hub_download, model_info
ImportError: cannot import name 'cached_download' from 'huggingface_hub' (C:\Users\parla\AppData\Roaming\Python\Python311\site-packages\huggingface_hub\__init__.py)

WARNING:root:Cannot import C:\Users\parla\OneDrive\Documents\AI HUB\ComfyUI June Install\ComfyUI\custom_nodes\ComfyUI-SeedVR2_VideoUpscaler module for custom nodes: cannot import name 'cached_download' from 'huggingface_hub' (C:\Users\parla\AppData\Roaming\Python\Python311\site-packages\huggingface_hub\__init__.py)
[36;20m[C:\Users\parla\OneDrive\Documents\AI HUB\ComfyUI June Install\ComfyUI\custom_nodes\comfyui_controlnet_aux] | INFO -> Using ckpts path: C:\Users\parla\OneDrive\Documents\AI HUB\ComfyUI June Install\ComfyUI\custom_nodes\comfyui_controlnet_aux\ckpts[0m
[36;20m[C:\Users\parla\OneDrive\Documents\AI HUB\ComfyUI June Install\ComfyUI\custom_nodes\comfyui_controlnet_aux] | INFO -> Using symlinks: False[0m
[36;20m[C:\Users\parla\OneDrive\Documents\AI HUB\ComfyUI June Install\ComfyUI\custom_nodes\comfyui_controlnet_aux] | INFO -> Using ort providers: ['CUDAExecutionProvider', 'DirectMLExecutionProvider', 'OpenVINOExecutionProvider', 'ROCMExecutionProvider', 'CPUExecutionProvider', 'CoreMLExecutionProvider'][0m
C:\Users\parla\OneDrive\Documents\AI HUB\ComfyUI June Install\ComfyUI\custom_nodes\comfyui_controlnet_aux\node_wrappers\dwpose.py:26: UserWarning: DWPose: Onnxruntime not found or doesn't come with acceleration providers, switch to OpenCV with CPU device. DWPose might run very slowly
  warnings.warn("DWPose: Onnxruntime not found or doesn't come with acceleration providers, switch to OpenCV with CPU device. DWPose might run very slowly")
WARNING:root:Traceback (most recent call last):
  File "C:\Users\parla\OneDrive\Documents\AI HUB\ComfyUI June Install\ComfyUI\nodes.py", line 2212, in load_custom_node
    module_spec.loader.exec_module(module)
  File "<frozen importlib._bootstrap_external>", line 940, in exec_module
  File "<frozen importlib._bootstrap>", line 241, in _call_with_frames_removed
  File "C:\Users\parla\OneDrive\Documents\AI HUB\ComfyUI June Install\ComfyUI\custom_nodes\comfyui_fill-nodes\__init__.py", line 2, in <module>
    from .nodes.ai.FL_Fal_Gemini_ImageEdit import FL_Fal_Gemini_ImageEdit
  File "C:\Users\parla\OneDrive\Documents\AI HUB\ComfyUI June Install\ComfyUI\custom_nodes\comfyui_fill-nodes\nodes\ai\FL_Fal_Gemini_ImageEdit.py", line 10, in <module>
    import fal_client
ModuleNotFoundError: No module named 'fal_client'

WARNING:root:Cannot import C:\Users\parla\OneDrive\Documents\AI HUB\ComfyUI June Install\ComfyUI\custom_nodes\comfyui_fill-nodes module for custom nodes: No module named 'fal_client'
WARNING:root:Traceback (most recent call last):
  File "C:\Users\parla\OneDrive\Documents\AI HUB\ComfyUI June Install\ComfyUI\nodes.py", line 2212, in load_custom_node
    module_spec.loader.exec_module(module)
  File "<frozen importlib._bootstrap_external>", line 940, in exec_module
  File "<frozen importlib._bootstrap>", line 241, in _call_with_frames_removed
  File "C:\Users\parla\OneDrive\Documents\AI HUB\ComfyUI June Install\ComfyUI\custom_nodes\comfyui_sam3\__init__.py", line 11, in <module>
    from .src.comfyui_sam3.nodes import NODE_CLASS_MAPPINGS
  File "C:\Users\parla\OneDrive\Documents\AI HUB\ComfyUI June Install\ComfyUI\custom_nodes\comfyui_sam3\src\comfyui_sam3\nodes.py", line 6, in <module>
    from sam3.model_builder import build_sam3_image_model, build_sam3_video_model
ModuleNotFoundError: No module named 'sam3'

WARNING:root:Cannot import C:\Users\parla\OneDrive\Documents\AI HUB\ComfyUI June Install\ComfyUI\custom_nodes\comfyui_sam3 module for custom nodes: No module named 'sam3'
WARNING:root:Traceback (most recent call last):
  File "C:\Users\parla\OneDrive\Documents\AI HUB\ComfyUI June Install\ComfyUI\nodes.py", line 2212, in load_custom_node
    module_spec.loader.exec_module(module)
  File "<frozen importlib._bootstrap_external>", line 936, in exec_module
  File "<frozen importlib._bootstrap_external>", line 1073, in get_code
  File "<frozen importlib._bootstrap_external>", line 1130, in get_data
FileNotFoundError: [Errno 2] No such file or directory: 'C:\\Users\\parla\\OneDrive\\Documents\\AI HUB\\ComfyUI June Install\\ComfyUI\\custom_nodes\\comyui-modal-pagesfile-probe\\__init__.py'

WARNING:root:Cannot import C:\Users\parla\OneDrive\Documents\AI HUB\ComfyUI June Install\ComfyUI\custom_nodes\comyui-modal-pagesfile-probe module for custom nodes: [Errno 2] No such file or directory: 'C:\\Users\\parla\\OneDrive\\Documents\\AI HUB\\ComfyUI June Install\\ComfyUI\\custom_nodes\\comyui-modal-pagesfile-probe\\__init__.py'
[comfyui-modal] Routes registered: /comfymodal/prompt, /comfymodal/model/install, /comfymodal/models/batch-install, /comfymodal/models/inject, /comfymodal/models/inject-all, /comfymodal/health, /comfymodal/object_info, /comfymodal/cancel/{id}, /comfymodal/models, /comfymodal/sync/status, /comfymodal/sync/models, /comfymodal/sync/custom-nodes, /comfymodal/runtime/resync, /comfymodal/runtime/state, /comfymodal/comparison/*, /comfymodal/experiments/*, /comfymodal/presets/*, /comfymodal/assets/{id}, /comfymodal/run-history/*, /comfymodal/deploy-warmup/*, /comfymodal/history/*, /comfymodal/history-v2/feed, /comfymodal/history-v2/generations/{id}/*, /comfymodal/history-v2/experiments/{id}/*, /comfymodal/history-v2/assets/{id}
[exact_prefill.local] enabled=1 source=env
[comfyui-modal] Routes registered: /comfymodal/prompt, /comfymodal/model/install, /comfymodal/models/batch-install, /comfymodal/models/inject, /comfymodal/models/inject-all, /comfymodal/health, /comfymodal/object_info, /comfymodal/cancel/{id}, /comfymodal/models, /comfymodal/sync/status, /comfymodal/sync/models, /comfymodal/sync/custom-nodes, /comfymodal/runtime/resync, /comfymodal/runtime/state, /comfymodal/comparison/*, /comfymodal/experiments/*, /comfymodal/presets/*, /comfymodal/assets/{id}, /comfymodal/run-history/*, /comfymodal/deploy-warmup/*
[exact_prefill.local] enabled=1 source=env
[comfyui-modal] Routes registered: /comfymodal/prompt, /comfymodal/model/install, /comfymodal/models/batch-install, /comfymodal/models/inject, /comfymodal/models/inject-all, /comfymodal/health, /comfymodal/object_info, /comfymodal/cancel/{id}, /comfymodal/models, /comfymodal/sync/status, /comfymodal/sync/models, /comfymodal/sync/custom-nodes, /comfymodal/runtime/resync, /comfymodal/runtime/state, /comfymodal/comparison/*, /comfymodal/experiments/*, /comfymodal/presets/*, /comfymodal/assets/{id}, /comfymodal/run-history/*, /comfymodal/deploy-warmup/*
[exact_prefill.local] enabled=1 source=env
[comfyui-modal] Routes registered: /comfymodal/prompt, /comfymodal/model/install, /comfymodal/models/batch-install, /comfymodal/models/inject, /comfymodal/models/inject-all, /comfymodal/health, /comfymodal/object_info, /comfymodal/cancel/{id}, /comfymodal/models, /comfymodal/sync/status, /comfymodal/sync/models, /comfymodal/sync/custom-nodes, /comfymodal/runtime/resync, /comfymodal/runtime/state, /comfymodal/comparison/*, /comfymodal/experiments/*, /comfymodal/presets/*, /comfymodal/assets/{id}, /comfymodal/run-history/*, /comfymodal/deploy-warmup/*
[exact_prefill.local] enabled=1 source=env
[comfyui-modal] Routes registered: /comfymodal/prompt, /comfymodal/model/install, /comfymodal/models/batch-install, /comfymodal/models/inject, /comfymodal/models/inject-all, /comfymodal/health, /comfymodal/object_info, /comfymodal/cancel/{id}, /comfymodal/models, /comfymodal/sync/status, /comfymodal/sync/models, /comfymodal/sync/custom-nodes, /comfymodal/runtime/resync, /comfymodal/runtime/state, /comfymodal/comparison/*, /comfymodal/experiments/*, /comfymodal/presets/*, /comfymodal/assets/{id}, /comfymodal/run-history/*, /comfymodal/deploy-warmup/*, /comfymodal/history/*
[exact_prefill.local] enabled=1 source=env
[comfyui-modal] Routes registered: /comfymodal/prompt, /comfymodal/model/install, /comfymodal/models/batch-install, /comfymodal/models/inject, /comfymodal/models/inject-all, /comfymodal/health, /comfymodal/object_info, /comfymodal/cancel/{id}, /comfymodal/models, /comfymodal/sync/status, /comfymodal/sync/models, /comfymodal/sync/custom-nodes, /comfymodal/runtime/resync, /comfymodal/runtime/state, /comfymodal/comparison/*, /comfymodal/experiments/*, /comfymodal/presets/*, /comfymodal/assets/{id}, /comfymodal/run-history/*, /comfymodal/deploy-warmup/*, /comfymodal/history/*
[exact_prefill.local] enabled=1 source=env
[comfyui-modal] Routes registered: /comfymodal/prompt, /comfymodal/model/install, /comfymodal/models/batch-install, /comfymodal/models/inject, /comfymodal/models/inject-all, /comfymodal/health, /comfymodal/object_info, /comfymodal/cancel/{id}, /comfymodal/models, /comfymodal/sync/status, /comfymodal/sync/models, /comfymodal/sync/custom-nodes, /comfymodal/runtime/resync, /comfymodal/runtime/state, /comfymodal/comparison/*, /comfymodal/experiments/*, /comfymodal/presets/*, /comfymodal/assets/{id}, /comfymodal/run-history/*, /comfymodal/deploy-warmup/*
[exact_prefill.local] enabled=1 source=env
[comfyui-modal] Routes registered: /comfymodal/prompt, /comfymodal/model/install, /comfymodal/models/batch-install, /comfymodal/models/inject, /comfymodal/models/inject-all, /comfymodal/health, /comfymodal/object_info, /comfymodal/cancel/{id}, /comfymodal/models, /comfymodal/sync/status, /comfymodal/sync/models, /comfymodal/sync/custom-nodes, /comfymodal/runtime/resync, /comfymodal/runtime/state, /comfymodal/comparison/*, /comfymodal/experiments/*, /comfymodal/presets/*, /comfymodal/assets/{id}, /comfymodal/run-history/*, /comfymodal/deploy-warmup/*, /comfymodal/history/*
[exact_prefill.local] enabled=1 source=env
[comfyui-modal] Routes registered: /comfymodal/prompt, /comfymodal/model/install, /comfymodal/models/batch-install, /comfymodal/models/inject, /comfymodal/models/inject-all, /comfymodal/health, /comfymodal/object_info, /comfymodal/cancel/{id}, /comfymodal/models, /comfymodal/sync/status, /comfymodal/sync/models, /comfymodal/sync/custom-nodes, /comfymodal/runtime/resync, /comfymodal/runtime/state, /comfymodal/comparison/*, /comfymodal/experiments/*, /comfymodal/presets/*, /comfymodal/assets/{id}, /comfymodal/run-history/*, /comfymodal/deploy-warmup/*, /comfymodal/history/*
[exact_prefill.local] enabled=1 source=env
[comfyui-modal] Routes registered: /comfymodal/prompt, /comfymodal/model/install, /comfymodal/models/batch-install, /comfymodal/models/inject, /comfymodal/models/inject-all, /comfymodal/health, /comfymodal/object_info, /comfymodal/cancel/{id}, /comfymodal/models, /comfymodal/sync/status, /comfymodal/sync/models, /comfymodal/sync/custom-nodes, /comfymodal/runtime/resync, /comfymodal/runtime/state, /comfymodal/comparison/*, /comfymodal/experiments/*, /comfymodal/presets/*, /comfymodal/assets/{id}, /comfymodal/run-history/*, /comfymodal/deploy-warmup/*, /comfymodal/history/*
[exact_prefill.local] enabled=1 source=env
[comfyui-modal] Routes registered: /comfymodal/prompt, /comfymodal/model/install, /comfymodal/models/batch-install, /comfymodal/models/inject, /comfymodal/models/inject-all, /comfymodal/health, /comfymodal/object_info, /comfymodal/cancel/{id}, /comfymodal/models, /comfymodal/sync/status, /comfymodal/sync/models, /comfymodal/sync/custom-nodes, /comfymodal/runtime/resync, /comfymodal/runtime/state, /comfymodal/comparison/*, /comfymodal/experiments/*, /comfymodal/presets/*, /comfymodal/assets/{id}, /comfymodal/run-history/*, /comfymodal/deploy-warmup/*, /comfymodal/history/*
[exact_prefill.local] enabled=1 source=env
[comfyui-modal] Routes registered: /comfymodal/prompt, /comfymodal/model/install, /comfymodal/models/batch-install, /comfymodal/models/inject, /comfymodal/models/inject-all, /comfymodal/health, /comfymodal/object_info, /comfymodal/cancel/{id}, /comfymodal/models, /comfymodal/sync/status, /comfymodal/sync/models, /comfymodal/sync/custom-nodes, /comfymodal/runtime/resync, /comfymodal/runtime/state, /comfymodal/comparison/*, /comfymodal/experiments/*, /comfymodal/presets/*, /comfymodal/assets/{id}, /comfymodal/run-history/*, /comfymodal/deploy-warmup/*, /comfymodal/history/*
[exact_prefill.local] enabled=1 source=env
[comfyui-modal] Routes registered: /comfymodal/prompt, /comfymodal/model/install, /comfymodal/models/batch-install, /comfymodal/models/inject, /comfymodal/models/inject-all, /comfymodal/health, /comfymodal/object_info, /comfymodal/cancel/{id}, /comfymodal/models, /comfymodal/sync/status, /comfymodal/sync/models, /comfymodal/sync/custom-nodes, /comfymodal/runtime/resync, /comfymodal/runtime/state, /comfymodal/comparison/*, /comfymodal/experiments/*, /comfymodal/presets/*, /comfymodal/assets/{id}, /comfymodal/run-history/*, /comfymodal/deploy-warmup/*, /comfymodal/history/*
[exact_prefill.local] enabled=1 source=env
[comfyui-modal] Routes registered: /comfymodal/prompt, /comfymodal/model/install, /comfymodal/models/batch-install, /comfymodal/models/inject, /comfymodal/models/inject-all, /comfymodal/health, /comfymodal/object_info, /comfymodal/cancel/{id}, /comfymodal/models, /comfymodal/sync/status, /comfymodal/sync/models, /comfymodal/sync/custom-nodes, /comfymodal/runtime/resync, /comfymodal/runtime/state, /comfymodal/comparison/*, /comfymodal/experiments/*, /comfymodal/presets/*, /comfymodal/assets/{id}, /comfymodal/run-history/*, /comfymodal/deploy-warmup/*, /comfymodal/history/*
[exact_prefill.local] enabled=1 source=env
[comfyui-modal] Routes registered: /comfymodal/prompt, /comfymodal/model/install, /comfymodal/models/batch-install, /comfymodal/models/inject, /comfymodal/models/inject-all, /comfymodal/health, /comfymodal/object_info, /comfymodal/cancel/{id}, /comfymodal/models, /comfymodal/sync/status, /comfymodal/sync/models, /comfymodal/sync/custom-nodes, /comfymodal/runtime/resync, /comfymodal/runtime/state, /comfymodal/comparison/*, /comfymodal/experiments/*, /comfymodal/presets/*, /comfymodal/assets/{id}, /comfymodal/run-history/*, /comfymodal/deploy-warmup/*, /comfymodal/history/*
[exact_prefill.local] enabled=1 source=env
[comfyui-modal] Routes registered: /comfymodal/prompt, /comfymodal/model/install, /comfymodal/models/batch-install, /comfymodal/models/inject, /comfymodal/models/inject-all, /comfymodal/health, /comfymodal/object_info, /comfymodal/cancel/{id}, /comfymodal/models, /comfymodal/sync/status, /comfymodal/sync/models, /comfymodal/sync/custom-nodes, /comfymodal/runtime/resync, /comfymodal/runtime/state, /comfymodal/comparison/*, /comfymodal/experiments/*, /comfymodal/presets/*, /comfymodal/assets/{id}, /comfymodal/run-history/*, /comfymodal/deploy-warmup/*, /comfymodal/history/*
[exact_prefill.local] enabled=1 source=env
[comfyui-modal] Routes registered: /comfymodal/prompt, /comfymodal/model/install, /comfymodal/models/batch-install, /comfymodal/models/inject, /comfymodal/models/inject-all, /comfymodal/health, /comfymodal/object_info, /comfymodal/cancel/{id}, /comfymodal/models, /comfymodal/sync/status, /comfymodal/sync/models, /comfymodal/sync/custom-nodes, /comfymodal/runtime/resync, /comfymodal/runtime/state, /comfymodal/comparison/*, /comfymodal/experiments/*, /comfymodal/presets/*, /comfymodal/assets/{id}, /comfymodal/run-history/*, /comfymodal/deploy-warmup/*, /comfymodal/history/*
[exact_prefill.local] enabled=1 source=env
[comfyui-modal] Routes registered: /comfymodal/prompt, /comfymodal/model/install, /comfymodal/models/batch-install, /comfymodal/models/inject, /comfymodal/models/inject-all, /comfymodal/health, /comfymodal/object_info, /comfymodal/cancel/{id}, /comfymodal/models, /comfymodal/sync/status, /comfymodal/sync/models, /comfymodal/sync/custom-nodes, /comfymodal/runtime/resync, /comfymodal/runtime/state, /comfymodal/comparison/*, /comfymodal/experiments/*, /comfymodal/presets/*, /comfymodal/assets/{id}, /comfymodal/run-history/*, /comfymodal/deploy-warmup/*, /comfymodal/history/*
⚠️  SeedVR2 optimizations check: SageAttention ❌ | Flash Attention ❌ | Triton ❌
💡 For best performance: pip install sageattention flash-attn triton
📊 Initial CUDA memory: 6.91GB free / 8.00GB total
### ComfyUI-Workflow-Encrypt: Copy .js from 'C:\Users\parla\OneDrive\Documents\AI HUB\ComfyUI June Install\ComfyUI\custom_nodes\comfyui-workflow-encrypt\js\comfyui-workflow-encrypt.js' to 'C:\Users\parla\OneDrive\Documents\AI HUB\ComfyUI June Install\ComfyUI\web\extensions\comfyui-workflow-encrypt'
# 😺dzNodes: LayerStyle -> [1;33mCannot import name 'guidedFilter' from 'cv2.ximgproc'
A few nodes cannot works properly, while most nodes are not affected. Please REINSTALL package 'opencv-contrib-python'.
For detail refer to [4mhttps://github.com/chflame163/ComfyUI_LayerStyle/issues/5[0m[m
(RES4LYF) Init
(RES4LYF) Importing beta samplers.
(RES4LYF) Importing legacy samplers.

[92m[rgthree-comfy] Loaded 48 epic nodes. 🎉[0m

[33m[rgthree-comfy] ComfyUI's new Node 2.0 rendering may be incompatible with some rgthree-comfy nodes and features, breaking some rendering as well as losing the ability to access a node's properties (a vital part of many nodes). It also appears to run MUCH more slowly spiking CPU usage and causing jankiness and unresponsiveness, especially with large workflows. Personally I am not planning to use the new Nodes 2.0 and, unfortunately, am not able to invest the time to investigate and overhaul rgthree-comfy where needed. If you have issues when Nodes 2.0 is enabled, I'd urge you to switch it off as well and join me in hoping ComfyUI is not planning to deprecate the existing, stable canvas rendering all together.
[0m
[v2.harness] production_output_registered output=True comparer=True
[v2.harness] node_registry_initialized classes=2192
[critical_path.flags] critical_path=1 unet_phase=1 validation_phase=1 coordinator=0 coordinator_diag=1 source=module_import
[v2.plan_proof] schema=1 payload=yes validated=True outputs=2 wf_hash=2e43d4c0ba3b82c0 dep_complete=True reg_proof=1 memo=miss
cpu_snapshot_unet_mode=reuse
[v2.benchmark] phase=execute_plan_start
[v2.restore_publish] skipped reason=flag_disabled
[v2.seed_build] source=invocation_plan schema=2 topology_available=1 persisted=1 workflow_hash=2e43d4c0ba3b82c0 loader_nodes=3 sampler_nodes=1 reachable_nodes=43 static_signatures=43
[v2.local_submission_breakdown.pre_dispatch] request_id=v2-benchmark-0-cb90dbbf3d33 local_receive_to_worker_start_ms=28547.0 worker_start_to_normalize_start_ms=0.0 normalize_production_options_ms=0.0 normalize_end_to_trace_construct_start_ms=0.0 runtime_trace_construct_ms=0.0 trace_construct_to_options_copy_start_ms=0.0 benchmark_options_copy_ms=0.0 options_copy_to_client_id_start_ms=0.0 client_id_generation_ms=0.0 client_id_end_to_plan_call_ms=0.0 plan_call_to_function_entry_ms=0.0 worker_start_to_plan_build_ms=0.0 local_receive_to_plan_build_start_ms=28547.0 worker_queue_ms=0.0 plan_build_ms=109.0 plan_build_to_execute_plan_entry_ms=16.0 execute_plan_entry_to_plan_materialization_ms=0.0 plan_materialization_ms=0.0 plan_materialization_to_active_profile_ms=0.0 active_profile_ms=0.0 restore_plan_build_ms=absent restore_publish_ms=absent restore_publish_to_transport_entry_ms=absent transport_entry_to_handle_lookup_ms=0.0 handle_lookup_ms=absent payload_materialization_ms=0.0 payload_size_measurement_ms=0.0 payload_size_to_serialize_end_ms=0.0 payload_ready_to_modal_call_ms=0.0 local_receive_to_modal_call_ms=28672.0 generator_create_ms=absent generator_created_to_first_iteration_ms=absent local_receive_to_actual_submission_ms=absent measured_children_ms=absent residual_ms=absent reconciliation_status=incomplete profile_cache_hit=True profile_remote_call_performed=False profile_checker_matched=False restore_publish_cache_hit=absent restore_remote_call_performed=absent handle_cache_hit=absent plan_to_dict_count=1 payload_bytes=20564 active_profile_local_ms=0.0 active_profile_cache_lookup_ms=0.015 active_profile_checker_ms=0.0 active_profile_setter_ms=0.0 active_profile_total_ms=0.015 created_modal_client=False performed_cls_from_name=False constructed_class_instance=False input_image_count=0 workflow_node_count=43 unmeasured_boundary=absent
[v2.local_handle] owner_ready pid=19496
[v2.local_handle] decision=persistent_hit
FETCH ComfyRegistry Data: 5/172
FETCH ComfyRegistry Data: 10/172
FETCH ComfyRegistry Data: 15/172
FETCH ComfyRegistry Data: 20/172
FETCH ComfyRegistry Data: 25/172
FETCH ComfyRegistry Data: 30/172
FETCH ComfyRegistry Data: 35/172
FETCH ComfyRegistry Data: 40/172
FETCH ComfyRegistry Data: 45/172
FETCH ComfyRegistry Data: 50/172
FETCH ComfyRegistry Data: 55/172
FETCH ComfyRegistry Data: 60/172
FETCH ComfyRegistry Data: 65/172
FETCH ComfyRegistry Data: 70/172
FETCH ComfyRegistry Data: 75/172
FETCH ComfyRegistry Data: 80/172
FETCH ComfyRegistry Data: 85/172
FETCH ComfyRegistry Data: 90/172
FETCH ComfyRegistry Data: 95/172
FETCH ComfyRegistry Data: 100/172
FETCH ComfyRegistry Data: 105/172
FETCH ComfyRegistry Data: 110/172
FETCH ComfyRegistry Data: 115/172
FETCH ComfyRegistry Data: 120/172
FETCH ComfyRegistry Data: 125/172
[v2.local_submission_breakdown] request_id=v2-benchmark-0-cb90dbbf3d33 local_receive_to_worker_start_ms=28547.0 worker_start_to_normalize_start_ms=0.0 normalize_production_options_ms=0.0 normalize_end_to_trace_construct_start_ms=0.0 runtime_trace_construct_ms=0.0 trace_construct_to_options_copy_start_ms=0.0 benchmark_options_copy_ms=0.0 options_copy_to_client_id_start_ms=0.0 client_id_generation_ms=0.0 client_id_end_to_plan_call_ms=0.0 plan_call_to_function_entry_ms=0.0 worker_start_to_plan_build_ms=0.0 local_receive_to_plan_build_start_ms=28547.0 worker_queue_ms=0.0 plan_build_ms=109.0 plan_build_to_execute_plan_entry_ms=16.0 execute_plan_entry_to_plan_materialization_ms=0.0 plan_materialization_ms=0.0 plan_materialization_to_active_profile_ms=0.0 active_profile_ms=0.0 restore_plan_build_ms=absent restore_publish_ms=absent restore_publish_to_transport_entry_ms=absent transport_entry_to_handle_lookup_ms=0.0 handle_lookup_ms=0.0 payload_materialization_ms=0.0 payload_size_measurement_ms=0.0 payload_size_to_serialize_end_ms=0.0 payload_ready_to_modal_call_ms=0.0 local_receive_to_modal_call_ms=28672.0 generator_create_ms=0.0 generator_created_to_first_iteration_ms=invalid_negative local_receive_to_actual_submission_ms=28672.0 measured_children_ms=absent residual_ms=absent reconciliation_status=overlap profile_cache_hit=True profile_remote_call_performed=False profile_checker_matched=False restore_publish_cache_hit=absent restore_remote_call_performed=absent handle_cache_hit=absent plan_to_dict_count=1 payload_bytes=20564 active_profile_local_ms=0.0 active_profile_cache_lookup_ms=0.015 active_profile_checker_ms=0.0 active_profile_setter_ms=0.0 active_profile_total_ms=0.015 created_modal_client=False performed_cls_from_name=False constructed_class_instance=False input_image_count=0 workflow_node_count=43 unmeasured_boundary=absent
FETCH ComfyRegistry Data: 130/172
FETCH ComfyRegistry Data: 135/172
FETCH ComfyRegistry Data: 140/172
FETCH ComfyRegistry Data: 145/172
FETCH ComfyRegistry Data: 150/172
FETCH ComfyRegistry Data: 155/172
FETCH ComfyRegistry Data: 160/172
FETCH ComfyRegistry Data: 165/172
FETCH ComfyRegistry Data: 170/172
FETCH ComfyRegistry Data [DONE]
FETCH DATA from: https://raw.githubusercontent.com/ltdrdata/ComfyUI-Manager/main/custom-node-list.json [DONE]
[v2.request_origin] request_id=v2-benchmark-0-cb90dbbf3d33 trigger_source=benchmark local_prompt_enqueued_unix_ns=None local_prompt_ack_ready_unix_ns=None modal_generator_created_unix_ns=1786744077133465400 modal_submission_attempt_unix_ns=1786744077133465400 modal_first_event_received_unix_ns=1786744155143838000 modal_first_iteration_start_unix_ns=1786744077133465400 modal_first_remote_event_unix_ns=1786744155143838000 dispatch_to_modal_entry_ms=78336.529 local_receive_to_actual_submission_ms=28672.0 local_receive_to_result_return_ms=143233.586 t0_to_t1_ms=0.051 t1_to_queue_enqueue_ms=None local_receive_to_enqueue_ms=None queue_wait_before_worker_ms=None plan_build_ms=109.0 active_profile_ms=0.0 handle_lookup_ms=0.0 payload_serialize_ms=0.0 local_residual_ms=0.0 clock_reconciliation_residual_ms=0.0 route_unattributed_ms=None worker_unattributed_ms=None reconciliation_status=incomplete missing_stages=local_receive_to_enqueue_ms overlap_error= modal_input_id=in-01M013XZQNNTFBABA7JVA26MGW:1786744078070-0 trigger_to_local_receive_ms=0.051 local_receive_to_generator_create_start_ms=28669.897 generator_create_ms=3.516 generator_created_to_first_iteration_ms=0.0 first_iteration_to_first_remote_event_ms=78010.373 remote_python_resume_to_restore_start_ms=0.0 restore_method_ms=1318.049 restore_end_to_modal_method_entry_ms=15.133 modal_method_entry_to_executor_ms=1442.966 submission_to_remote_python_resume_ms=77003.347 unexplained_pre_remote_ms=78010.373
[v2.remote_request_origin] request_id=v2-benchmark-0-cb90dbbf3d33 trigger_source=benchmark ui_trigger_unix_ms=1786744048460 local_receive_wall_unix_ns=1786744048460051456 local_receive_mono_ns=200173015000000 modal_generator_create_start_wall_unix_ns=1786744077129949000 modal_generator_create_start_mono_ns=200201687000000 modal_generator_created_wall_unix_ns=1786744077133465400 modal_generator_created_mono_ns=200201687000000 modal_first_iteration_start_wall_unix_ns=1786744077133465400 modal_first_iteration_start_mono_ns=200201687000000 modal_submission_attempt_wall_unix_ns=1786744077133465400 modal_submission_attempt_mono_ns=200201687000000 modal_first_remote_event_wall_unix_ns=1786744155143838000 modal_first_remote_event_mono_ns=200279703000000 modal_submission_boundary_source=first_iteration_proxy remote_python_resume_wall_unix_ns=1786744154136812288 restore_method_start_wall_unix_ns=1786744154136812288 restore_method_end_wall_unix_ns=1786744155454861056 modal_method_entry_wall_unix_ns=1786744155469994496 prompt_executor_invoke_start_wall_unix_ns=1786744156912960256 trigger_to_local_receive_ms=0.051 local_receive_to_generator_create_start_ms=28669.897 generator_create_ms=3.516 generator_created_to_first_iteration_ms=0.0 first_iteration_to_first_remote_event_ms=78010.373 remote_python_resume_to_restore_start_ms=0.0 restore_method_ms=1318.049 restore_end_to_modal_method_entry_ms=15.133 modal_method_entry_to_executor_ms=1442.966 submission_to_remote_python_resume_ms=77003.347 unexplained_pre_remote_ms=78010.373 modal_input_id=in-01M013XZQNNTFBABA7JVA26MGW:1786744078070-0
[v2.local_submission_breakdown.final] request_id=v2-benchmark-0-cb90dbbf3d33 local_receive_to_worker_start_ms=28547.0 worker_start_to_normalize_start_ms=0.0 normalize_production_options_ms=0.0 normalize_end_to_trace_construct_start_ms=0.0 runtime_trace_construct_ms=0.0 trace_construct_to_options_copy_start_ms=0.0 benchmark_options_copy_ms=0.0 options_copy_to_client_id_start_ms=0.0 client_id_generation_ms=0.0 client_id_end_to_plan_call_ms=0.0 plan_call_to_function_entry_ms=0.0 worker_start_to_plan_build_ms=0.0 local_receive_to_plan_build_start_ms=28547.0 worker_queue_ms=0.0 plan_build_ms=109.0 plan_build_to_execute_plan_entry_ms=16.0 execute_plan_entry_to_plan_materialization_ms=0.0 plan_materialization_ms=0.0 plan_materialization_to_active_profile_ms=0.0 active_profile_ms=0.0 restore_plan_build_ms=absent restore_publish_ms=absent restore_publish_to_transport_entry_ms=absent transport_entry_to_handle_lookup_ms=0.0 handle_lookup_ms=0.0 payload_materialization_ms=0.0 payload_size_measurement_ms=0.0 payload_size_to_serialize_end_ms=0.0 payload_ready_to_modal_call_ms=0.0 local_receive_to_modal_call_ms=28672.0 generator_create_ms=0.0 generator_created_to_first_iteration_ms=invalid_negative local_receive_to_actual_submission_ms=28672.0 measured_children_ms=absent residual_ms=absent reconciliation_status=overlap profile_cache_hit=True profile_remote_call_performed=False profile_checker_matched=False restore_publish_cache_hit=absent restore_remote_call_performed=absent handle_cache_hit=absent plan_to_dict_count=1 payload_bytes=20564 active_profile_local_ms=0.0 active_profile_cache_lookup_ms=0.015 active_profile_checker_ms=0.0 active_profile_setter_ms=0.0 active_profile_total_ms=0.015 created_modal_client=False performed_cls_from_name=False constructed_class_instance=False input_image_count=0 workflow_node_count=43 unmeasured_boundary=absent modal_submission_attempt_unix_ns=1786744077133465400 modal_generator_created_unix_ns=1786744077133465400 modal_first_iteration_start_unix_ns=1786744077133465400 modal_first_remote_event_unix_ns=1786744155143838000 dispatch_to_modal_entry_ms=78336.529 local_receive_to_actual_submission_ms=28672.0 local_receive_to_result_return_ms=143233.586
WATERFALL RECONCILIATION (local rebuild) replaced remote PARTIAL report with the full host-reconciled report
WATERFALL RECONCILIATION (local rebuild)
  command_to_response_ms            143776.6
  top_level_accounted_ms            41404.8
  global_residual_ms                5.1
  global_residual_pct               0.0
  reconciliation_status             OK
  controllable_application_wall_ms  37570.8
  platform_wall_ms                  77003.3
  modal_restore_begin_unavailable   no
  OLD vs NEW accounted_ms 37570.8 -> 41404.8 | residual_ms 5.1 -> 5.1
production_adjusted_total_wall_ms=42098.519
[v2.experiment] saved=C:\Users\parla\OneDrive\Documents\AI HUB\ComfyUI June Install\ComfyUI\comfymodal-data\benchmarks\runs\v2_2026-08-14_21-47-28\run_001_sample.json
{"run_index": 0, "request_id": "v2-benchmark-0-cb90dbbf3d33", "identity": {"app_name": "stable-modal-comfy-v2-variance-shadow", "class_name": "ModalRuntimeEntrypoint", "method_name": "run_plan_stream", "gpu": ["RTX-PRO-6000"], "cpu": 12, "memory_mb": 32768, "fingerprint": "26882022799db5c8731c248d693cc3870e59d60bcb4ecab853a2a490df701d95", "runtime_shape": {"thread_policy": "TBASE", "torch_intraop_threads": null, "torch_interop_threads": null, "omp_num_threads": null, "mkl_num_threads": null, "openblas_num_threads": null, "numexpr_num_threads": null, "malloc_arena_max": null, "snapshot_model_order": "O0", "cpu_request": 12, "memory_request": 32768, "runtime_shape_fingerprint": "f504e296c398bdcb2c4c07e2", "runtime_shape_label": null}, "runtime_shape_fingerprint": "f504e296c398bdcb2c4c07e2", "runtime_shape_label": null, "stored_snapshot_model_order": "O0", "restore_count": 1, "request_count": 1, "restored_instance_id": "85a02688f4714a4aacc86abfd2343aa4", "restore_session_id": "31f54a769ec84898bbeb7d5fb43ca696", "container_task_id": "ta-01M013Y0CG74CHVNVAB7WJ169R", "modal_container_id": "", "image_id": "im-a2IIJylwwXvbZWobiJofec", "cloud": "CLOUD_PROVIDER_GCP", "region": "us-east4", "modal_input_id": "in-01M013XZQNNTFBABA7JVA26MGW:1786744078070-0", "container_session_id": "9d918f0a192243b8"}, "runtime_shape": {"requested": {"thread_policy": "TBASE", "torch_intraop_threads": null, "torch_interop_threads": null, "omp_num_threads": null, "mkl_num_threads": null, "openblas_num_threads": null, "numexpr_num_threads": null, "malloc_arena_max": null, "snapshot_model_order": "O0", "cpu_request": 12, "memory_request": 32768, "runtime_shape_fingerprint": "f504e296c398bdcb2c4c07e2", "runtime_shape_label": null}, "deployed": {"thread_policy": "TBASE", "torch_intraop_threads": null, "torch_interop_threads": null, "omp_num_threads": null, "mkl_num_threads": null, "openblas_num_threads": null, "numexpr_num_threads": null, "malloc_arena_max": null, "snapshot_model_order": "O0", "cpu_request": 12, "memory_request": 32768, "runtime_shape_fingerprint": "f504e296c398bdcb2c4c07e2", "runtime_shape_label": null}, "observed": {"stage": "request_entry", "runtime_shape_fingerprint": "f504e296c398bdcb2c4c07e2", "runtime_shape_label": null, "thread_policy": "TBASE", "snapshot_model_order": "O0", "cpu_request": 12, "memory_request": 32768, "native_thread_count": 51, "configured_omp": null, "configured_mkl": null, "configured_openblas": null, "configured_numexpr": null, "malloc_arena_max": null, "native_library_settings": {"OMP_NUM_THREADS": "12", "MKL_NUM_THREADS": "12", "OPENBLAS_NUM_THREADS": "12", "NUMEXPR_NUM_THREADS": null, "MALLOC_ARENA_MAX": null}, "torch_intraop_threads": 12, "torch_interop_threads": 14, "actual_torch_intraop_threads": 12, "actual_torch_interop_threads": 14, "requested_torch_intraop_threads": null, "requested_torch_interop_threads": null, "requested_vs_actual_match": true, "status": "baseline_passthrough", "error": "", "trace_id": "f94440c42e714764", "pid": 2, "thread_native_id": 2, "restored_instance_id": "85a02688f4714a4aacc86abfd2343aa4", "restore_session_id": "31f54a769ec84898bbeb7d5fb43ca696", "legacy_container_session_id": "9d918f0a192243b8", "container_task_id": "ta-01M013Y0CG74CHVNVAB7WJ169R", "modal_input_id": "in-01M013XZQNNTFBABA7JVA26MGW:1786744078070-0", "image_id": "im-a2IIJylwwXvbZWobiJofec", "cloud": "CLOUD_PROVIDER_GCP", "region": "us-east4", "app_name": "stable-modal-comfy-v2-variance-shadow", "class_name": "ModalRuntimeEntrypoint"}, "stored_snapshot_model_order": "O0", "snapshot_target_fingerprint": "26882022799db5c8731c248d693cc3870e59d60bcb4ecab853a2a490df701d95", "guard": {"changed_axes": [], "allow_multi_axis": false, "baseline_cpu_request": 12, "baseline_memory_request": 32768}, "construction_order_semantics": "model_construction_order_only"}, "timing": {"wall_ms": 114590.3, "handle_lookup_ms": 3.516, "submission_to_first_remote_event_ms": 78010.373, "command_to_response_ms": 143776.6, "submit2entry_ms": 78340.045, "t3b_to_t8_ms": 32335.151, "restore_total_ms": 1288.389, "pre_sampler_ms": 27180.196, "sampler_ms": 3663.642, "vae_decode_ms": 412.903, "output_collection_ms": 8.416, "snapshot_callback_age_at_restore_ms": 38917.33, "snapshot_callback_to_command_start_ms": null, "command_start_to_restore_start_ms": 106200.812, "local_timing": {"t0_to_t1_ms": 0.051, "t1_to_queue_enqueue_ms": null, "local_receive_to_enqueue_ms": null, "local_body_read_ms": null, "local_json_parse_ms": null, "local_preflight_ms": null, "local_queue_lock_wait_ms": null, "local_queue_enqueue_ms": null, "queue_wait_before_worker_ms": null, "plan_build_ms": 109.0, "active_profile_ms": 0.0, "restore_plan_build_ms": null, "restore_publish_ms": null, "handle_lookup_ms": 0.0, "payload_serialize_ms": 0.0, "payload_materialization_ms": 0.0, "payload_size_measurement_ms": 0.0, "generator_create_ms": 3.516, "local_residual_ms": 0.0, "clock_reconciliation_residual_ms": 0.0, "route_unattributed_ms": null, "worker_unattributed_ms": null, "reconciliation_status": "incomplete", "missing_stages": ["local_receive_to_enqueue_ms"], "overlap_error": "", "stage_attribution_residual_ms": {"route_unattributed_ms": null, "worker_unattributed_ms": null, "missing_stages": ["local_receive_to_enqueue_ms"], "reconciliation_status": "incomplete", "overlap_error": ""}, "local_receive_to_generator_create_ms": 28672.0, "generator_create_to_first_iteration_ms": 0.0, "first_iteration_to_first_remote_event_ms": 78010.373, "local_receive_to_actual_submission_ms": 28672.0, "trigger_to_local_receive_ms": 0.051, "local_receive_to_generator_create_start_ms": 28669.897, "generator_created_to_first_iteration_ms": 0.0, "remote_python_resume_to_restore_start_ms": 0.0, "restore_method_ms": 1318.049, "restore_end_to_modal_method_entry_ms": 15.133, "modal_method_entry_to_executor_ms": 1442.966, "submission_to_remote_python_resume_ms": 77003.347, "unexplained_pre_remote_ms": 78010.373, "local_result_received_wall_ns": 1786744191693637600, "local_result_received_mono_ns": 200316250000000, "local_receive_to_result_return_ms": 143233.586, "result_received_to_return_ms": 19.0, "remote_result_emit_wall_unix_ns": 1786744190076193697, "remote_result_emit_to_local_receipt_ms": 1617.444, "caller_return_wall_unix_ns": 1786744191712637200, "caller_return_mono_ns": 200316265000000, "local_result_received_to_caller_return_ms": 15.0, "modal_restore_begin_wall_unix_ns": null}, "restore_breakdown": {"restore_total_ms": 1288.389, "models_symlink_ms": 3.66, "manager_offline_ms": 0.96, "reload_models_ms": 0.0, "reload_runtime_state_ms": 184.658, "v2_startup_custom_node_source_copy_ms": 230.69, "sync_custom_nodes_ms": 236.67, "install_requirements_ms": 0.01, "v2_startup_comfyui_path_startup_ms": 0.1, "comfyui_path_setup_ms": 0.75, "v2_startup_backend_startup_ms": 18961.53, "backend_startup_ms": 18963.62, "observe_generations_ms": 0.74, "snapshot_restore_ms": 1069.16, "folder_warm_ms": 1029.428, "snapshot_callback_age_at_restore_ms": 38917.33, "restore_gpu_state_ms": 599.188, "cuda_init_ms": 69.43, "v2_startup_snapshot_execution_seed_ms": 2.99, "initialize_cuda_ms": 69.335, "snapshot_identity_checks_ms": 0.0, "cpu_snapshot_retargeting_ms": 0.0}, "early_activation_total_ms": 26472.038, "queue_delay_ms": 0.91, "cpu_snapshot_wait_ms": 0.222, "dtype_layout_preparation_ms": 2.238, "post_load_bookkeeping_ms": 2.361, "submission_to_remote_python_resume_ms": 77003.347, "remote_python_resume_to_restore_start_ms": 0.0, "restore_to_method_entry_ms": 15.133, "method_entry_to_first_remote_event_ms": null, "first_remote_event_to_final_result_ms": 36549.8, "transfer_queue_delay_ms": 8.444, "synchronized_transfer_ms": 26461.387, "quiesce_wait_ms": null, "graph_activity_ms": 3897.782, "sampler_lane_wait_ms": 21882.559, "quiesced_transfer": null}}
WATERFALL (host-reconciled)
V2 COLD WATERFALL - run 1 (local reconcile)
Request:   v2-benchmark-0-cb90dbbf3d33 | Instance: 85a02688f4714a4aacc86abfd2343aa4 | Fresh: YES
Platform:  GCP/us-east4 | GPU: RTX PRO 6000 Blackwell | VRAM 97,250 MiB | CUDA 13.0 | CC 12.0
CPU:       AMD Family 191 Model 2 | visible=28
Telemetry: maxRSS=34.86 GiB

+-----+------------------------------------------------+------------+------------+----------+------------------------------------------+
|   # | Stage                                          |   Duration |       Cum. |        % | Relative wall (non-scheduling)           |
+-----+------------------------------------------------+------------+------------+----------+------------------------------------------+
|   1 | Modal pre-Python snapshot restoration          |     3.834s |     3.834s |   9.259% | ####                                     |
|   2 | Python/application restore                     |     1.318s |     5.152s |   3.183% | #                                        |
|   3 | Restore-to-method entry                        |  15.132 ms |     5.167s |   0.037% | #                                        |
|   4 | Remote method setup                            |     1.443s |     6.610s |   3.485% | #                                        |
|     |   method entry to graph start                  | 480.784 ms |            |          |                                          |
|     |   method entry to runtime configuration        | 480.743 ms |            |          |                                          |
|     |   graph setup                                  | 962.225 ms |            |          |                                          |
|     |   certificate                                  |  72.347 ms |            |          |                                          |
|     |   preflight                                    | 133.842 ms |            |          |                                          |
|     |   validation                                   | 515.033 ms |            |          |                                          |
|     |   UNET synchronized transfer                   |    26.461s |            |          |                                          |
|   5 | PromptExecutor/cache setup                     | 310.851 ms |     6.921s |   0.751% | #                                        |
|     |   execution to cached                          | 310.020 ms |            |          |                                          |
|   6 | Pre-sampler execution                          |     3.587s |    10.508s |   8.662% | ###                                      |
|     |   Conditioning cache exact_hit lookup=18.587ms |  18.587 ms |            |          |                                          |
|     |   CLIP encode skipped (cache hit)              |          - |            |          |                                          |
|     |   Node: ImpactSwitch                           | 572.038 ms |            |          |                                          |
|     |   Node: ConditioningZeroOut                    | 192.023 ms |            |          |                                          |
|     |   Node: ModelSamplingAuraFlow                  | 325.474 ms |            |          |                                          |
|     |   Node: EmptyImage                             |     1.444s |            |          |                                          |
|     |   Node: ImageRotate                            | 142.791 ms |            |          |                                          |
|     |   Node: EmptySD3LatentImage                    | 251.824 ms |            |          |                                          |
|     |   Node: ClownsharKSampler_Beta                 |    21.981s |            |          |                                          |
|   7 | Sampler node to sampling                       |    21.974s |    32.482s |  53.064% | #####################                    |
|     |   sampler lane wait                            |    21.883s |            |          |                                          |
|     |   sampler node to lane acquired                |    21.883s |            |          |                                          |
|     |   lane acquired to actual stage                |  91.282 ms |            |          |                                          |
|   8 | Sampling                                       |     4.976s |    37.458s |  12.017% | #####                                    |
|   9 | Post-sampling / VAE transition                 | 899.101 ms |    38.357s |   2.171% | #                                        |
|  10 | VAE decode                                     | 412.903 ms |    38.770s |   0.997% | #                                        |
|     |   VAE load/H2D                                 | 919.950 ms |            |          |                                          |
|  11 | Output encode / descriptor                     |     1.002s |    39.772s |   2.421% | #                                        |
|     |   PNG encode                                   | 166.447 ms |            |          |                                          |
|  12 | Remote result handoff                          |     1.617s |    41.390s |   3.906% | ##                                       |
|  13 | Local result handling / caller return          |  15.000 ms |    41.405s |   0.036% | #                                        |
+-----+------------------------------------------------+------------+------------+----------+------------------------------------------+
|     | RECONCILIATION                                 |   5.053 ms |            |          |                                          |
|     | STATUS                                         |         OK |            |          |                                          |
+-----+------------------------------------------------+------------+------------+----------+------------------------------------------+
Required data: checkpoint_read_unavailable
VALIDATION: INCOMPLETE
COMMAND -> RESPONSE:                    143.777s
Command (without scheduling) -> Response:   41.410s
Scheduling time:                        102.367s
[v2.prompt_executor_breakdown] request_id=v2-benchmark-0-cb90dbbf3d33 exec_to_cached_ms=310.02 dynamic_prompt_ms=0.004 is_changed_ms=absent signature_keys_ms=absent seed_apply_ms=0.299 clean_unused_ms=0.044 cache_gather_ms=0.117 cleanup_gc_ms=0.344 residual_ms=309.212 c2f_cached_to_first_node_ms=0.514 c2f_topo_walk_ms=0.415 c2f_topo_input_info_ms=0.086 c2f_topo_other_ms=0.329 c2f_stage_ms=1.144 c2f_first_node_prefix_ms=0.118 c2f_residual_ms=-1.163 signature_cache_eligible=True signature_cache_fallback= signature_cache_hit=True signature_cache_key_hash=7080335ae54146d85fca657809b5becb587a447c27fc344dcd0a2d2f3166eced signature_cache_requested=True signature_cache_source=volume signature_reuse_ms=165.726 topo_lazy_hits=36
[v2.conditioning_exact_hit_breakdown] request_id=v2-benchmark-0-cb90dbbf3d33 decision=exact_hit lookup_wall_ms=18.587 total_ms=18.345 key_build_ms=0.187 lock_wait_ms=0.001 manifest_read_ms=0.0 manifest_bytes=0 manifest_entries=40 entry_lookup_ms=15.812 header_bytes=3751 data_bytes=2900184 lru_touch_ms=2.108 lru_touch_mode=sync children_ms=18.108 residual_ms=0.237 entries_requested=1 hit_count=1 lru_async_batch_size=0 lru_async_batches=0 lru_async_dropped=0 lru_async_enqueued=0 lru_async_failed=0 lru_async_flush_count=0 lru_async_persist_ms=0.0 manifest_memory_hit=1 miss_count=0 normal_lookup_fallback=0 payload_memory_hit=1 payload_memory_source=key_hit prefetch_join_ms=5.564 prefetch_join_timeout=0 prefetch_overlap_ms=12.019 prefetch_payload_entries=3 prefetch_reason=key_build_partial:weight_dtype prefetch_reload=skipped_first prefetch_requested=1 prefetch_source=full prefetch_wall_ms=415.976 volume_reload_ms=0.0
[v2.folder_warm] request_id=v2-benchmark-0-cb90dbbf3d33 folder_warm_ms=1029.428 folder_warm_folders=29
[v2.input_types_warm] request_id=v2-benchmark-0-cb90dbbf3d33 input_types_warm_ms=512.687 input_types_warm_classes=31
[v2.png_output] request_id=v2-benchmark-0-cb90dbbf3d33 compress_level=1 png_encode_ms=166.446 png_compress_ms=160.552 width=1088 height=1920 bytes=3129718 sha=20b10e1f99831bc758d9df82f43ce0beb1cbc636a740d11a29eb2bffe90e5260
[v2.host_submission_breakdown] request_id=v2-benchmark-0-cb90dbbf3d33 command_start_to_python_first_line_ms=110.752 python_first_line_to_local_receive_ms=413.3 local_receive_to_registry_start_ms=absent node_registry_init_ms=28508.797 registry_end_to_worker_start_ms=32.0 worker_start_to_plan_build_start_ms=1.001 plan_build_ms=109.0 plan_build_to_transport_entry_ms=8.001 transport_entry_to_handle_lookup_ms=0.0 handle_lookup_ms=3.516 payload_serialize_ms=0.0 generator_create_ms=3.516 generator_created_to_submission_ms=0.0 local_receive_to_submission_ms=28672.0 submission_boundary_source=first_anext first_remote_signal_ms=78010.373 scheduling_ms=73169.322 scheduling_source=modal_app_log
[v2.variance_cold] run=0 id=variance-cold-p0-0-043b05ca status=COLD instance=85a02688f471 task=ta-01M013Y0CG74C
[v2.variance_cold] report=C:\Users\parla\OneDrive\Documents\AI HUB\ComfyUI June Install\ComfyUI\comfymodal-data\benchmarks\runs\v2_2026-08-14_21-47-28\variance_cold_report.md
{"output_dir": "C:\\Users\\parla\\OneDrive\\Documents\\AI HUB\\ComfyUI June Install\\ComfyUI\\comfymodal-data\\benchmarks\\runs\\v2_2026-08-14_21-47-28", "run_count": 1, "cold_count": 1, "warm_or_invalid_count": 0, "pretouch": 0, "root_cause": "transfer/throughput"}
# V2 Variance-Cold Benchmark Report

> Mode: `variance_cold`. One request at a time with a fixed gap; each run asserts true cold identity from the request-scoped `remote_method_entry` metadata.

## Scope and completeness

- Generated: `2026-08-14T21:49:54.074472Z`
- Run records: **1**
- Confirmed cold runs: **1**
- Warm-reused or invalid runs: **0**
- UNET pretouch mode: `0` (0 = disabled, 1 = enabled)
- Gap between runs: `25.0s`

## Cold-identity validity

Each run is only labeled cold when the request-scoped `remote_method_entry` proves `restore_count == 1`, `request_count == 1`, a non-empty `restored_instance_id`, and (when available) a container/task identity distinct from the previous run. Warm/reused runs are never relabeled cold.

### Overall timing (ms)

| Metric | Count | Median ms | p90 ms | Max ms | Mean ms |
|---|---:|---:|---:|---:|---:|
| Wall time | 1 | 114,590.300 | 114,590.300 | 114,590.300 | 114,590.300 |
| Restore total | 1 | 1,288.389 | 1,288.389 | 1,288.389 | 1,288.389 |
| Sampling | 1 | 3,663.642 | 3,663.642 | 3,663.642 | 3,663.642 |

### Slow-run rate

- Threshold: `229180.6 ms`
- Slow runs: `0` / `1` (rate `0.0`)

### Restore breakdown (ms)

| Metric | Count | Median ms | p90 ms | Max ms | Mean ms |
|---|---:|---:|---:|---:|---:|
| restore_total_ms | 1 | 1,288.389 | 1,288.389 | 1,288.389 | 1,288.389 |
| snapshot_restore_ms | 1 | 1,069.160 | 1,069.160 | 1,069.160 | 1,069.160 |
| backend_startup_ms | 1 | 18,963.620 | 18,963.620 | 18,963.620 | 18,963.620 |
| restore_breakdown_backend_startup_ms | 1 | 18,963.620 | 18,963.620 | 18,963.620 | 18,963.620 |
| restore_breakdown_comfyui_path_setup_ms | 1 | 0.750 | 0.750 | 0.750 | 0.750 |
| restore_breakdown_cpu_snapshot_retargeting_ms | 1 | 0.000 | 0.000 | 0.000 | 0.000 |
| restore_breakdown_cuda_init_ms | 1 | 69.430 | 69.430 | 69.430 | 69.430 |
| restore_breakdown_folder_warm_ms | 1 | 1,029.428 | 1,029.428 | 1,029.428 | 1,029.428 |
| restore_breakdown_initialize_cuda_ms | 1 | 69.335 | 69.335 | 69.335 | 69.335 |
| restore_breakdown_install_requirements_ms | 1 | 0.010 | 0.010 | 0.010 | 0.010 |
| restore_breakdown_manager_offline_ms | 1 | 0.960 | 0.960 | 0.960 | 0.960 |
| restore_breakdown_models_symlink_ms | 1 | 3.660 | 3.660 | 3.660 | 3.660 |
| restore_breakdown_observe_generations_ms | 1 | 0.740 | 0.740 | 0.740 | 0.740 |
| restore_breakdown_reload_models_ms | 1 | 0.000 | 0.000 | 0.000 | 0.000 |
| restore_breakdown_reload_runtime_state_ms | 1 | 184.658 | 184.658 | 184.658 | 184.658 |
| restore_breakdown_restore_gpu_state_ms | 1 | 599.188 | 599.188 | 599.188 | 599.188 |
| restore_breakdown_restore_total_ms | 1 | 1,288.389 | 1,288.389 | 1,288.389 | 1,288.389 |
| restore_breakdown_snapshot_callback_age_at_restore_ms | 1 | 38,917.330 | 38,917.330 | 38,917.330 | 38,917.330 |
| restore_breakdown_snapshot_identity_checks_ms | 1 | 0.000 | 0.000 | 0.000 | 0.000 |
| restore_breakdown_snapshot_restore_ms | 1 | 1,069.160 | 1,069.160 | 1,069.160 | 1,069.160 |
| restore_breakdown_sync_custom_nodes_ms | 1 | 236.670 | 236.670 | 236.670 | 236.670 |
| restore_breakdown_v2_startup_backend_startup_ms | 1 | 18,961.530 | 18,961.530 | 18,961.530 | 18,961.530 |
| restore_breakdown_v2_startup_comfyui_path_startup_ms | 1 | 0.100 | 0.100 | 0.100 | 0.100 |
| restore_breakdown_v2_startup_custom_node_source_copy_ms | 1 | 230.690 | 230.690 | 230.690 | 230.690 |
| restore_breakdown_v2_startup_snapshot_execution_seed_ms | 1 | 2.990 | 2.990 | 2.990 | 2.990 |

### CPU page traversal

| Metric | Count | Median ms | p90 ms | Max ms | Mean ms |
|---|---:|---:|---:|---:|---:|
| major_faults | 0 | unavailable | unavailable | unavailable | unavailable |
| minor_faults | 0 | unavailable | unavailable | unavailable | unavailable |
| variance_stage_faults_major | 1 | 0.000 | 0.000 | 0.000 | 0.000 |
| unet_demand_to_first_forward_ms | 1 | 148.782 | 148.782 | 148.782 | 148.782 |
| cpu_page_traversal_wall_ms | 0 | unavailable | unavailable | unavailable | unavailable |
| cpu_page_traversal_gb_per_s | 0 | unavailable | unavailable | unavailable | unavailable |
| cpu_to_gpu_transfer_wall_ms | 1 | 26,455.497 | 26,455.497 | 26,455.497 | 26,455.497 |
| early_activation_total_ms | 1 | 26,472.038 | 26,472.038 | 26,472.038 | 26,472.038 |
| queue_delay_ms | 1 | 0.910 | 0.910 | 0.910 | 0.910 |
| cpu_snapshot_wait_ms | 1 | 0.222 | 0.222 | 0.222 | 0.222 |
| dtype_layout_preparation_ms | 1 | 2.238 | 2.238 | 2.238 | 2.238 |
| post_load_bookkeeping_ms | 1 | 2.361 | 2.361 | 2.361 | 2.361 |

### Pretouch

| Metric | Count | Median ms | p90 ms | Max ms | Mean ms |
|---|---:|---:|---:|---:|---:|
| pretouch_enabled | 1 | 0.000 | 0.000 | 0.000 | 0.000 |
| pretouch_effect_ms | 0 | unavailable | unavailable | unavailable | unavailable |
| pretouch_bytes | 0 | unavailable | unavailable | unavailable | unavailable |
| pretouch_touched_pages | 0 | unavailable | unavailable | unavailable | unavailable |

### Transfer / throughput

| Metric | Count | Median ms | p90 ms | Max ms | Mean ms |
|---|---:|---:|---:|---:|---:|
| output_commit_ms | 0 | unavailable | unavailable | unavailable | unavailable |
| command_to_response_ms | 1 | 143,776.600 | 143,776.600 | 143,776.600 | 143,776.600 |
| variance_bytes | 0 | unavailable | unavailable | unavailable | unavailable |
| variance_gb_per_s | 0 | unavailable | unavailable | unavailable | unavailable |
| cpu_to_gpu_transfer_wall_ms | 1 | 26,455.497 | 26,455.497 | 26,455.497 | 26,455.497 |
| cpu_to_gpu_transfer_bytes | 1 | 12,309,817,472.000 | 12,309,817,472.000 | 12,309,817,472.000 | 12,309,817,472.000 |
| cpu_to_gpu_transfer_gb_per_s | 1 | 0.465 | 0.465 | 0.465 | 0.465 |

### Bookkeeping (ms)

| Metric | Count | Median ms | p90 ms | Max ms | Mean ms |
|---|---:|---:|---:|---:|---:|
| handle_lookup_ms | 1 | 3.516 | 3.516 | 3.516 | 3.516 |
| plan_build_ms | 1 | 109.000 | 109.000 | 109.000 | 109.000 |
| t3b_to_t8_ms | 1 | 32,335.151 | 32,335.151 | 32,335.151 | 32,335.151 |
| variance_process_cpu_ms | 1 | 21,410.000 | 21,410.000 | 21,410.000 | 21,410.000 |
| patcher_bookkeeping_ms | 0 | unavailable | unavailable | unavailable | unavailable |
| patch_weight_count | 0 | unavailable | unavailable | unavailable | unavailable |
| cast_count | 0 | unavailable | unavailable | unavailable | unavailable |

### Sampler wait / sampling (ms)

| Metric | Count | Median ms | p90 ms | Max ms | Mean ms |
|---|---:|---:|---:|---:|---:|
| sampler_node_to_sampler_start_ms | 0 | unavailable | unavailable | unavailable | unavailable |
| sampling_ms | 1 | 3,663.642 | 3,663.642 | 3,663.642 | 3,663.642 |
| sampling_wall_ms | 1 | 4,976.806 | 4,976.806 | 4,976.806 | 4,976.806 |
| activation_wait_ms | 1 | 150.252 | 150.252 | 150.252 | 150.252 |
| vae_decode_ms | 1 | 412.903 | 412.903 | 412.903 | 412.903 |

### Sampler activation-wait source labels

`demand_to_first_forward`

## Best-supported root cause / competing explanations / next fix

- Best-supported root cause: **transfer/throughput**
- Competing explanations: unavailable
- Next fix: Reduce transfer/throughput cost: inspect output_commit_ms and first_iteration_to_first_remote_event_ms for serialization overhead.

## Per-run inventory

### `variance-cold-p0-0-043b05ca` / mode `variance_cold`

- Cold identity: **COLD**
  - Provider/region: `CLOUD_PROVIDER_GCP` / `us-east4`
  - Image: `im-a2IIJylwwXvbZWobiJofec`
  - Task/container: `ta-01M013Y0CG74CHVNVAB7WJ169R` / ``
  - Container session: `9d918f0a192243b8`
  - Restored instance: `85a02688f4714a4aacc86abfd2343aa4`
  - Runtime fingerprint: `26882022799db5c8731c248d693cc3870e59d60bcb4ecab853a2a490df701d95`
- Metrics: restore={restore_total_ms: 1,288.389, snapshot_restore_ms: 1,069.160, restore_gpu_state_ms: 599.188, cuda_init_ms: 69.430, reload_models_ms: 0.000, reload_runtime_state_ms: 184.658, backend_startup_ms: 18,963.620, restore_breakdown_restore_total_ms: 1,288.389, restore_breakdown_models_symlink_ms: 3.660, restore_breakdown_manager_offline_ms: 0.960, restore_breakdown_reload_models_ms: 0.000, restore_breakdown_reload_runtime_state_ms: 184.658, restore_breakdown_v2_startup_custom_node_source_copy_ms: 230.690, restore_breakdown_sync_custom_nodes_ms: 236.670, restore_breakdown_install_requirements_ms: 0.010, restore_breakdown_v2_startup_comfyui_path_startup_ms: 0.100, restore_breakdown_comfyui_path_setup_ms: 0.750, restore_breakdown_v2_startup_backend_startup_ms: 18,961.530, restore_breakdown_backend_startup_ms: 18,963.620, restore_breakdown_observe_generations_ms: 0.740, restore_breakdown_snapshot_restore_ms: 1,069.160, restore_breakdown_folder_warm_ms: 1,029.428, restore_breakdown_snapshot_callback_age_at_restore_ms: 38,917.330, restore_breakdown_restore_gpu_state_ms: 599.188, restore_breakdown_cuda_init_ms: 69.430, restore_breakdown_v2_startup_snapshot_execution_seed_ms: 2.990, restore_breakdown_initialize_cuda_ms: 69.335, restore_breakdown_snapshot_identity_checks_ms: 0.000, restore_breakdown_cpu_snapshot_retargeting_ms: 0.000, restore_breakdown: {'restore_total_ms': 1288.389, 'models_symlink_ms': 3.66, 'manager_offline_ms': 0.96, 'reload_models_ms': 0.0, 'reload_runtime_state_ms': 184.658, 'v2_startup_custom_node_source_copy_ms': 230.69, 'sync_custom_nodes_ms': 236.67, 'install_requirements_ms': 0.01, 'v2_startup_comfyui_path_startup_ms': 0.1, 'comfyui_path_setup_ms': 0.75, 'v2_startup_backend_startup_ms': 18961.53, 'backend_startup_ms': 18963.62, 'observe_generations_ms': 0.74, 'snapshot_restore_ms': 1069.16, 'folder_warm_ms': 1029.428, 'snapshot_callback_age_at_restore_ms': 38917.33, 'restore_gpu_state_ms': 599.188, 'cuda_init_ms': 69.43, 'v2_startup_snapshot_execution_seed_ms': 2.99, 'initialize_cuda_ms': 69.335, 'snapshot_identity_checks_ms': 0.0, 'cpu_snapshot_retargeting_ms': 0.0}}; page_traversal={major_faults: unavailable, minor_faults: unavailable, pagein_duration_ms: unavailable, unet_demand_to_first_forward_ms: 148.782, demand_start_present: 1.000, variance_stage_faults_major: 0, variance_stage_faults_minor: 0, cpu_page_traversal_wall_ms: unavailable, cpu_page_traversal_minor_faults: unavailable, cpu_page_traversal_major_faults: unavailable, cpu_page_traversal_bytes: unavailable, cpu_page_traversal_gb_per_s: unavailable, cpu_page_traversal_process_cpu_ms: unavailable, cpu_page_traversal_thread_cpu_ms: unavailable, cpu_to_gpu_transfer_wall_ms: 26,455.497, cpu_to_gpu_transfer_minor_faults: 0.000, cpu_to_gpu_transfer_major_faults: 0.000, cpu_to_gpu_transfer_bytes: 12,309,817,472.000, cpu_to_gpu_transfer_gb_per_s: 0.465, cpu_to_gpu_transfer_process_cpu_ms: 52,490.000, cpu_to_gpu_transfer_thread_cpu_ms: 24,820.000, activation_total_ms: 26,472.038, reconciliation_residual_ms: 6.999, loader_reconciliation_status: unmeasured_gap, activation_future_publication_ms: 26,472.038, activation_future_publication_source: early_activation_completed, registry_setup_ms: 3.811, queue_delay_ms: 0.910, cpu_snapshot_wait_ms: 0.222, dtype_layout_preparation_ms: 2.238, post_load_bookkeeping_ms: 2.361, early_activation_total_ms: 26,472.038, transfer_queue_delay_ms: 8.444, synchronized_transfer_ms: 26,461.387, quiesce_wait_ms: unavailable, graph_activity_ms: 3,897.782, sampler_lane_wait_ms: 21,882.559}; pretouch={pretouch_enabled: 0, pretouch_effect_ms: unavailable, pretouch_bytes: unavailable, pretouch_total_pages: unavailable, pretouch_touched_pages: unavailable, pretouch_bytes_read: unavailable, pretouch_checksum: unavailable, pretouch_status: unavailable, pretouch_valid: False, pretouch_reason: no pretouch record}; transfer={output_commit_ms: unavailable, first_iteration_to_first_remote_event_ms: 78,010.373, command_to_response_ms: 143,776.600, wall_ms: 114,590.300, variance_bytes: unavailable, variance_gb_per_s: unavailable, variance_rss_delta_bytes: 3,043,020,800.000, cpu_to_gpu_transfer_wall_ms: 26,455.497, cpu_to_gpu_transfer_bytes: 12,309,817,472.000, cpu_to_gpu_transfer_gb_per_s: 0.465, synchronized_load_wall_ms: 26,455.497, synchronized_load_bytes: 12,309,817,472.000, synchronized_load_gb_per_s: 0.465, submission_to_remote_python_resume_ms: 77,003.347, remote_python_resume_to_restore_start_ms: 0.000, restore_to_method_entry_ms: 15.133, method_entry_to_first_remote_event_ms: unavailable, first_remote_event_to_final_result_ms: 36,549.800, pre_python_modal_scheduling_ms: 77,003.347, transfer_queue_delay_ms: 8.444, synchronized_transfer_ms: 26,461.387, quiesce_wait_ms: unavailable, graph_activity_ms: 3,897.782, sampler_lane_wait_ms: 21,882.559, quiesced_transfer_enabled: 0, quiesced_transfer_duration_ms: unavailable, quiesced_transfer_bytes: unavailable, quiesced_transfer_gb_per_s: unavailable, quiesced_transfer_process_cpu_ms: unavailable, quiesced_transfer_thread_cpu_ms: unavailable, quiesced_transfer_sample_count: unavailable, quiesced_transfer_native_threads: unavailable, quiesced_transfer_affinity: unavailable, quiesced_transfer_numa_nodes: unavailable, quiesced_transfer_current_cpu: unavailable, quiesced_thread_cpu_owners: []}; bookkeeping={handle_lookup_ms: 3.516, plan_build_ms: 109.000, generator_create_ms: 3.516, t3b_to_t8_ms: 32,335.151, variance_process_cpu_ms: 21,410.000, variance_thread_cpu_ms: 18,430.000, patcher_bookkeeping_ms: unavailable, patch_weight_count: unavailable, cast_count: unavailable}; sampler={sampler_node_to_sampler_start_ms: unavailable, sampling_ms: 3,663.642, sampling_source: sampler_ms, vae_decode_ms: 412.903, sampling_wall_ms: 4,976.806, sampling_process_cpu_ms: 5,750.000, activation_wait_ms: 150.252, activation_wait_source: demand_to_first_forward, sampler_lane_wait_ms: 21,882.559}; storage={storage_unique_count: 453.000, storage_raw_bytes: 12,309,817,472.000, storage_unsupported_count: 0.000, storage_total_bytes: 12,309,817,472.000, page_readiness_total_pages: unavailable, page_readiness_touched_pages: unavailable, page_readiness_bytes: unavailable, page_readiness_status: unavailable, pretouch_expected_pages: unavailable, pretouch_touched_pages: unavailable, bytes_read: unavailable, read_count: unavailable, checksum_count: unavailable}

=== V2 variance-cold benchmark completed ===
