[v2.env_profile]
env_profile=production
thread_policy=TBASE
snapshot_model_order=O0
baseline_cpu_request=12
baseline_memory_request=32768
memory_request_mb=32768
vae_policy=v1
release_gpu_after_request=1
cpu_model_snapshot=1
native_fast_disk_unet=1
publish_restore_plan=0
vae_snapshot=1
clip_conditioning_cache=1
unet_activation_mode=late
vae_activation_mode=sampling_end
persistent_local_handle=1
full_trace=0
residency_diagnostics=0
deep_model_diag=0
pagefault_tracking=0
eviction_enabled=0
eviction_role=none
eviction_idle_seconds=0
prefill_lanes=critical
prefill_wait_for_unet=0
restore_torch_threads=none
variance_pretouch=0
volume_read_run_count=3
restore_only_app=stable-modal-comfy-v2-restore-only-shadow
restore_only_run_count=6
snapshot_exclude_unet=
=== Running V2 variance-cold benchmark - explicit opt-in ===
[v2.host] python_first_line_wall_unix_ns=1786742755370644600
{"guard": {"allow_multi_axis": false, "baseline_cpu_request": 12, "baseline_memory_request": 32768, "changed_axes": []}, "runtime_shape": {"cpu_request": 12, "malloc_arena_max": null, "memory_request": 32768, "mkl_num_threads": null, "numexpr_num_threads": null, "omp_num_threads": null, "openblas_num_threads": null, "runtime_shape_fingerprint": "f504e296c398bdcb2c4c07e2", "runtime_shape_label": null, "snapshot_model_order": "O0", "thread_policy": "TBASE", "torch_interop_threads": null, "torch_intraop_threads": null}}
[v2.variance_cold] mode=start runs=1 gap=25.0s pretouch=0 teardown=full pin_transfer=0 app=stable-modal-comfy-v2-variance-shadow
WARNING:root:WARNING: You need pytorch with cu130 or higher to use optimized CUDA operations.
[v2.harness] prompt_server_mirror instance_set=True
WARNING:root:
----------------------------------------------------------------------------
[Impact Pack] The SAM2 functionality is unavailable because the `facebook/sam2` dependency is not installed.

Installation command:
C:\Program Files\Python311\python.exe -m pip install git+https://github.com/facebookresearch/sam2
----------------------------------------------------------------------------

WARNING:root:
----------------------------------------------------------------------------
[Impact Pack] The SAM2 functionality is unavailable because the `facebook/sam2` dependency is not installed.

Installation command:
C:\Program Files\Python311\python.exe -m pip install git+https://github.com/facebookresearch/sam2
----------------------------------------------------------------------------

Package diffusers installed failed
Package diffusers installed failed
[33mModule 'diffusers' load failed. If you don't have it installed, do it:[0m
[33mpip install diffusers[0m
[34m[ComfyUI-Easy-Use] server: [0mv1.3.6 [92mLoaded[0m
[34m[ComfyUI-Easy-Use] web root: [0mC:\Users\parla\OneDrive\Documents\AI HUB\ComfyUI June Install\ComfyUI\custom_nodes\comfyui-easy-use\web_version/v2 [92mLoaded[0m
[exact_prefill.local] enabled=1 source=env
[timing_trace] module loaded __file__=C:\Users\parla\OneDrive\Documents\AI HUB\ComfyUI June Install\ComfyUI\custom_nodes\comfyui-modal\timing_trace.py TRACE_VERSION=2.0.0
[timing_trace] module directory in sys.path: C:\Users\parla\OneDrive\Documents\AI HUB\ComfyUI June Install\ComfyUI\custom_nodes\comfyui-modal
WARNING:root:Traceback (most recent call last):
  File "C:\Users\parla\OneDrive\Documents\AI HUB\ComfyUI June Install\ComfyUI\nodes.py", line 2212, in load_custom_node
    module_spec.loader.exec_module(module)
  File "<frozen importlib._bootstrap_external>", line 940, in exec_module
  File "<frozen importlib._bootstrap>", line 241, in _call_with_frames_removed
  File "C:\Users\parla\OneDrive\Documents\AI HUB\ComfyUI June Install\ComfyUI\custom_nodes\ComfyUI-SeedVR2_VideoUpscaler\__init__.py", line 7, in <module>
    from .src.interfaces import comfy_entrypoint, SeedVR2Extension
  File "C:\Users\parla\OneDrive\Documents\AI HUB\ComfyUI June Install\ComfyUI\custom_nodes\ComfyUI-SeedVR2_VideoUpscaler\src\interfaces\__init__.py", line 8, in <module>
    from .video_upscaler import SeedVR2VideoUpscaler
  File "C:\Users\parla\OneDrive\Documents\AI HUB\ComfyUI June Install\ComfyUI\custom_nodes\ComfyUI-SeedVR2_VideoUpscaler\src\interfaces\video_upscaler.py", line 10, in <module>
    from ..utils.downloads import download_weight
  File "C:\Users\parla\OneDrive\Documents\AI HUB\ComfyUI June Install\ComfyUI\custom_nodes\ComfyUI-SeedVR2_VideoUpscaler\src\utils\downloads.py", line 14, in <module>
    from .model_registry import MODEL_REGISTRY, DEFAULT_VAE
  File "C:\Users\parla\OneDrive\Documents\AI HUB\ComfyUI June Install\ComfyUI\custom_nodes\ComfyUI-SeedVR2_VideoUpscaler\src\utils\model_registry.py", line 12, in <module>
    from ..models.dit_3b.nadit import NaDiT as NaDiT3B
  File "C:\Users\parla\OneDrive\Documents\AI HUB\ComfyUI June Install\ComfyUI\custom_nodes\ComfyUI-SeedVR2_VideoUpscaler\src\models\dit_3b\nadit.py", line 24, in <module>
    from .embedding import TimeEmbedding
  File "C:\Users\parla\OneDrive\Documents\AI HUB\ComfyUI June Install\ComfyUI\custom_nodes\ComfyUI-SeedVR2_VideoUpscaler\src\models\dit_3b\embedding.py", line 17, in <module>
    from diffusers.models.embeddings import get_timestep_embedding
  File "C:\Users\parla\AppData\Roaming\Python\Python311\site-packages\diffusers\__init__.py", line 3, in <module>
    from .configuration_utils import ConfigMixin
  File "C:\Users\parla\AppData\Roaming\Python\Python311\site-packages\diffusers\configuration_utils.py", line 34, in <module>
    from .utils import DIFFUSERS_CACHE, HUGGINGFACE_CO_RESOLVE_ENDPOINT, DummyObject, deprecate, logging
  File "C:\Users\parla\AppData\Roaming\Python\Python311\site-packages\diffusers\utils\__init__.py", line 37, in <module>
    from .dynamic_modules_utils import get_class_from_dynamic_module
  File "C:\Users\parla\AppData\Roaming\Python\Python311\site-packages\diffusers\utils\dynamic_modules_utils.py", line 29, in <module>
    from huggingface_hub import HfFolder, cached_download, hf_hub_download, model_info
ImportError: cannot import name 'cached_download' from 'huggingface_hub' (C:\Users\parla\AppData\Roaming\Python\Python311\site-packages\huggingface_hub\__init__.py)

WARNING:root:Cannot import C:\Users\parla\OneDrive\Documents\AI HUB\ComfyUI June Install\ComfyUI\custom_nodes\ComfyUI-SeedVR2_VideoUpscaler module for custom nodes: cannot import name 'cached_download' from 'huggingface_hub' (C:\Users\parla\AppData\Roaming\Python\Python311\site-packages\huggingface_hub\__init__.py)
[36;20m[C:\Users\parla\OneDrive\Documents\AI HUB\ComfyUI June Install\ComfyUI\custom_nodes\comfyui_controlnet_aux] | INFO -> Using ckpts path: C:\Users\parla\OneDrive\Documents\AI HUB\ComfyUI June Install\ComfyUI\custom_nodes\comfyui_controlnet_aux\ckpts[0m
[36;20m[C:\Users\parla\OneDrive\Documents\AI HUB\ComfyUI June Install\ComfyUI\custom_nodes\comfyui_controlnet_aux] | INFO -> Using symlinks: False[0m
[36;20m[C:\Users\parla\OneDrive\Documents\AI HUB\ComfyUI June Install\ComfyUI\custom_nodes\comfyui_controlnet_aux] | INFO -> Using ort providers: ['CUDAExecutionProvider', 'DirectMLExecutionProvider', 'OpenVINOExecutionProvider', 'ROCMExecutionProvider', 'CPUExecutionProvider', 'CoreMLExecutionProvider'][0m
C:\Users\parla\OneDrive\Documents\AI HUB\ComfyUI June Install\ComfyUI\custom_nodes\comfyui_controlnet_aux\node_wrappers\dwpose.py:26: UserWarning: DWPose: Onnxruntime not found or doesn't come with acceleration providers, switch to OpenCV with CPU device. DWPose might run very slowly
  warnings.warn("DWPose: Onnxruntime not found or doesn't come with acceleration providers, switch to OpenCV with CPU device. DWPose might run very slowly")
WARNING:root:Traceback (most recent call last):
  File "C:\Users\parla\OneDrive\Documents\AI HUB\ComfyUI June Install\ComfyUI\nodes.py", line 2212, in load_custom_node
    module_spec.loader.exec_module(module)
  File "<frozen importlib._bootstrap_external>", line 940, in exec_module
  File "<frozen importlib._bootstrap>", line 241, in _call_with_frames_removed
  File "C:\Users\parla\OneDrive\Documents\AI HUB\ComfyUI June Install\ComfyUI\custom_nodes\comfyui_fill-nodes\__init__.py", line 2, in <module>
    from .nodes.ai.FL_Fal_Gemini_ImageEdit import FL_Fal_Gemini_ImageEdit
  File "C:\Users\parla\OneDrive\Documents\AI HUB\ComfyUI June Install\ComfyUI\custom_nodes\comfyui_fill-nodes\nodes\ai\FL_Fal_Gemini_ImageEdit.py", line 10, in <module>
    import fal_client
ModuleNotFoundError: No module named 'fal_client'

WARNING:root:Cannot import C:\Users\parla\OneDrive\Documents\AI HUB\ComfyUI June Install\ComfyUI\custom_nodes\comfyui_fill-nodes module for custom nodes: No module named 'fal_client'
WARNING:root:Traceback (most recent call last):
  File "C:\Users\parla\OneDrive\Documents\AI HUB\ComfyUI June Install\ComfyUI\nodes.py", line 2212, in load_custom_node
    module_spec.loader.exec_module(module)
  File "<frozen importlib._bootstrap_external>", line 940, in exec_module
  File "<frozen importlib._bootstrap>", line 241, in _call_with_frames_removed
  File "C:\Users\parla\OneDrive\Documents\AI HUB\ComfyUI June Install\ComfyUI\custom_nodes\comfyui_sam3\__init__.py", line 11, in <module>
    from .src.comfyui_sam3.nodes import NODE_CLASS_MAPPINGS
  File "C:\Users\parla\OneDrive\Documents\AI HUB\ComfyUI June Install\ComfyUI\custom_nodes\comfyui_sam3\src\comfyui_sam3\nodes.py", line 6, in <module>
    from sam3.model_builder import build_sam3_image_model, build_sam3_video_model
ModuleNotFoundError: No module named 'sam3'

WARNING:root:Cannot import C:\Users\parla\OneDrive\Documents\AI HUB\ComfyUI June Install\ComfyUI\custom_nodes\comfyui_sam3 module for custom nodes: No module named 'sam3'
WARNING:root:Traceback (most recent call last):
  File "C:\Users\parla\OneDrive\Documents\AI HUB\ComfyUI June Install\ComfyUI\nodes.py", line 2212, in load_custom_node
    module_spec.loader.exec_module(module)
  File "<frozen importlib._bootstrap_external>", line 936, in exec_module
  File "<frozen importlib._bootstrap_external>", line 1073, in get_code
  File "<frozen importlib._bootstrap_external>", line 1130, in get_data
FileNotFoundError: [Errno 2] No such file or directory: 'C:\\Users\\parla\\OneDrive\\Documents\\AI HUB\\ComfyUI June Install\\ComfyUI\\custom_nodes\\comyui-modal-pagesfile-probe\\__init__.py'

WARNING:root:Cannot import C:\Users\parla\OneDrive\Documents\AI HUB\ComfyUI June Install\ComfyUI\custom_nodes\comyui-modal-pagesfile-probe module for custom nodes: [Errno 2] No such file or directory: 'C:\\Users\\parla\\OneDrive\\Documents\\AI HUB\\ComfyUI June Install\\ComfyUI\\custom_nodes\\comyui-modal-pagesfile-probe\\__init__.py'
[comfyui-modal] Routes registered: /comfymodal/prompt, /comfymodal/model/install, /comfymodal/models/batch-install, /comfymodal/models/inject, /comfymodal/models/inject-all, /comfymodal/health, /comfymodal/object_info, /comfymodal/cancel/{id}, /comfymodal/models, /comfymodal/sync/status, /comfymodal/sync/models, /comfymodal/sync/custom-nodes, /comfymodal/runtime/resync, /comfymodal/runtime/state, /comfymodal/comparison/*, /comfymodal/experiments/*, /comfymodal/presets/*, /comfymodal/assets/{id}, /comfymodal/run-history/*, /comfymodal/deploy-warmup/*, /comfymodal/history/*, /comfymodal/history-v2/feed, /comfymodal/history-v2/generations/{id}/*, /comfymodal/history-v2/experiments/{id}/*, /comfymodal/history-v2/assets/{id}
[exact_prefill.local] enabled=1 source=env
[comfyui-modal] Routes registered: /comfymodal/prompt, /comfymodal/model/install, /comfymodal/models/batch-install, /comfymodal/models/inject, /comfymodal/models/inject-all, /comfymodal/health, /comfymodal/object_info, /comfymodal/cancel/{id}, /comfymodal/models, /comfymodal/sync/status, /comfymodal/sync/models, /comfymodal/sync/custom-nodes, /comfymodal/runtime/resync, /comfymodal/runtime/state, /comfymodal/comparison/*, /comfymodal/experiments/*, /comfymodal/presets/*, /comfymodal/assets/{id}, /comfymodal/run-history/*, /comfymodal/deploy-warmup/*
[exact_prefill.local] enabled=1 source=env
[comfyui-modal] Routes registered: /comfymodal/prompt, /comfymodal/model/install, /comfymodal/models/batch-install, /comfymodal/models/inject, /comfymodal/models/inject-all, /comfymodal/health, /comfymodal/object_info, /comfymodal/cancel/{id}, /comfymodal/models, /comfymodal/sync/status, /comfymodal/sync/models, /comfymodal/sync/custom-nodes, /comfymodal/runtime/resync, /comfymodal/runtime/state, /comfymodal/comparison/*, /comfymodal/experiments/*, /comfymodal/presets/*, /comfymodal/assets/{id}, /comfymodal/run-history/*, /comfymodal/deploy-warmup/*
[exact_prefill.local] enabled=1 source=env
[comfyui-modal] Routes registered: /comfymodal/prompt, /comfymodal/model/install, /comfymodal/models/batch-install, /comfymodal/models/inject, /comfymodal/models/inject-all, /comfymodal/health, /comfymodal/object_info, /comfymodal/cancel/{id}, /comfymodal/models, /comfymodal/sync/status, /comfymodal/sync/models, /comfymodal/sync/custom-nodes, /comfymodal/runtime/resync, /comfymodal/runtime/state, /comfymodal/comparison/*, /comfymodal/experiments/*, /comfymodal/presets/*, /comfymodal/assets/{id}, /comfymodal/run-history/*, /comfymodal/deploy-warmup/*
[exact_prefill.local] enabled=1 source=env
[comfyui-modal] Routes registered: /comfymodal/prompt, /comfymodal/model/install, /comfymodal/models/batch-install, /comfymodal/models/inject, /comfymodal/models/inject-all, /comfymodal/health, /comfymodal/object_info, /comfymodal/cancel/{id}, /comfymodal/models, /comfymodal/sync/status, /comfymodal/sync/models, /comfymodal/sync/custom-nodes, /comfymodal/runtime/resync, /comfymodal/runtime/state, /comfymodal/comparison/*, /comfymodal/experiments/*, /comfymodal/presets/*, /comfymodal/assets/{id}, /comfymodal/run-history/*, /comfymodal/deploy-warmup/*, /comfymodal/history/*
[exact_prefill.local] enabled=1 source=env
[comfyui-modal] Routes registered: /comfymodal/prompt, /comfymodal/model/install, /comfymodal/models/batch-install, /comfymodal/models/inject, /comfymodal/models/inject-all, /comfymodal/health, /comfymodal/object_info, /comfymodal/cancel/{id}, /comfymodal/models, /comfymodal/sync/status, /comfymodal/sync/models, /comfymodal/sync/custom-nodes, /comfymodal/runtime/resync, /comfymodal/runtime/state, /comfymodal/comparison/*, /comfymodal/experiments/*, /comfymodal/presets/*, /comfymodal/assets/{id}, /comfymodal/run-history/*, /comfymodal/deploy-warmup/*, /comfymodal/history/*
[exact_prefill.local] enabled=1 source=env
[comfyui-modal] Routes registered: /comfymodal/prompt, /comfymodal/model/install, /comfymodal/models/batch-install, /comfymodal/models/inject, /comfymodal/models/inject-all, /comfymodal/health, /comfymodal/object_info, /comfymodal/cancel/{id}, /comfymodal/models, /comfymodal/sync/status, /comfymodal/sync/models, /comfymodal/sync/custom-nodes, /comfymodal/runtime/resync, /comfymodal/runtime/state, /comfymodal/comparison/*, /comfymodal/experiments/*, /comfymodal/presets/*, /comfymodal/assets/{id}, /comfymodal/run-history/*, /comfymodal/deploy-warmup/*
[exact_prefill.local] enabled=1 source=env
[comfyui-modal] Routes registered: /comfymodal/prompt, /comfymodal/model/install, /comfymodal/models/batch-install, /comfymodal/models/inject, /comfymodal/models/inject-all, /comfymodal/health, /comfymodal/object_info, /comfymodal/cancel/{id}, /comfymodal/models, /comfymodal/sync/status, /comfymodal/sync/models, /comfymodal/sync/custom-nodes, /comfymodal/runtime/resync, /comfymodal/runtime/state, /comfymodal/comparison/*, /comfymodal/experiments/*, /comfymodal/presets/*, /comfymodal/assets/{id}, /comfymodal/run-history/*, /comfymodal/deploy-warmup/*, /comfymodal/history/*
[exact_prefill.local] enabled=1 source=env
[comfyui-modal] Routes registered: /comfymodal/prompt, /comfymodal/model/install, /comfymodal/models/batch-install, /comfymodal/models/inject, /comfymodal/models/inject-all, /comfymodal/health, /comfymodal/object_info, /comfymodal/cancel/{id}, /comfymodal/models, /comfymodal/sync/status, /comfymodal/sync/models, /comfymodal/sync/custom-nodes, /comfymodal/runtime/resync, /comfymodal/runtime/state, /comfymodal/comparison/*, /comfymodal/experiments/*, /comfymodal/presets/*, /comfymodal/assets/{id}, /comfymodal/run-history/*, /comfymodal/deploy-warmup/*, /comfymodal/history/*
[exact_prefill.local] enabled=1 source=env
[comfyui-modal] Routes registered: /comfymodal/prompt, /comfymodal/model/install, /comfymodal/models/batch-install, /comfymodal/models/inject, /comfymodal/models/inject-all, /comfymodal/health, /comfymodal/object_info, /comfymodal/cancel/{id}, /comfymodal/models, /comfymodal/sync/status, /comfymodal/sync/models, /comfymodal/sync/custom-nodes, /comfymodal/runtime/resync, /comfymodal/runtime/state, /comfymodal/comparison/*, /comfymodal/experiments/*, /comfymodal/presets/*, /comfymodal/assets/{id}, /comfymodal/run-history/*, /comfymodal/deploy-warmup/*, /comfymodal/history/*
[exact_prefill.local] enabled=1 source=env
[comfyui-modal] Routes registered: /comfymodal/prompt, /comfymodal/model/install, /comfymodal/models/batch-install, /comfymodal/models/inject, /comfymodal/models/inject-all, /comfymodal/health, /comfymodal/object_info, /comfymodal/cancel/{id}, /comfymodal/models, /comfymodal/sync/status, /comfymodal/sync/models, /comfymodal/sync/custom-nodes, /comfymodal/runtime/resync, /comfymodal/runtime/state, /comfymodal/comparison/*, /comfymodal/experiments/*, /comfymodal/presets/*, /comfymodal/assets/{id}, /comfymodal/run-history/*, /comfymodal/deploy-warmup/*, /comfymodal/history/*
[exact_prefill.local] enabled=1 source=env
[comfyui-modal] Routes registered: /comfymodal/prompt, /comfymodal/model/install, /comfymodal/models/batch-install, /comfymodal/models/inject, /comfymodal/models/inject-all, /comfymodal/health, /comfymodal/object_info, /comfymodal/cancel/{id}, /comfymodal/models, /comfymodal/sync/status, /comfymodal/sync/models, /comfymodal/sync/custom-nodes, /comfymodal/runtime/resync, /comfymodal/runtime/state, /comfymodal/comparison/*, /comfymodal/experiments/*, /comfymodal/presets/*, /comfymodal/assets/{id}, /comfymodal/run-history/*, /comfymodal/deploy-warmup/*, /comfymodal/history/*
[exact_prefill.local] enabled=1 source=env
[comfyui-modal] Routes registered: /comfymodal/prompt, /comfymodal/model/install, /comfymodal/models/batch-install, /comfymodal/models/inject, /comfymodal/models/inject-all, /comfymodal/health, /comfymodal/object_info, /comfymodal/cancel/{id}, /comfymodal/models, /comfymodal/sync/status, /comfymodal/sync/models, /comfymodal/sync/custom-nodes, /comfymodal/runtime/resync, /comfymodal/runtime/state, /comfymodal/comparison/*, /comfymodal/experiments/*, /comfymodal/presets/*, /comfymodal/assets/{id}, /comfymodal/run-history/*, /comfymodal/deploy-warmup/*, /comfymodal/history/*
[exact_prefill.local] enabled=1 source=env
[comfyui-modal] Routes registered: /comfymodal/prompt, /comfymodal/model/install, /comfymodal/models/batch-install, /comfymodal/models/inject, /comfymodal/models/inject-all, /comfymodal/health, /comfymodal/object_info, /comfymodal/cancel/{id}, /comfymodal/models, /comfymodal/sync/status, /comfymodal/sync/models, /comfymodal/sync/custom-nodes, /comfymodal/runtime/resync, /comfymodal/runtime/state, /comfymodal/comparison/*, /comfymodal/experiments/*, /comfymodal/presets/*, /comfymodal/assets/{id}, /comfymodal/run-history/*, /comfymodal/deploy-warmup/*, /comfymodal/history/*
[exact_prefill.local] enabled=1 source=env
[comfyui-modal] Routes registered: /comfymodal/prompt, /comfymodal/model/install, /comfymodal/models/batch-install, /comfymodal/models/inject, /comfymodal/models/inject-all, /comfymodal/health, /comfymodal/object_info, /comfymodal/cancel/{id}, /comfymodal/models, /comfymodal/sync/status, /comfymodal/sync/models, /comfymodal/sync/custom-nodes, /comfymodal/runtime/resync, /comfymodal/runtime/state, /comfymodal/comparison/*, /comfymodal/experiments/*, /comfymodal/presets/*, /comfymodal/assets/{id}, /comfymodal/run-history/*, /comfymodal/deploy-warmup/*, /comfymodal/history/*
[exact_prefill.local] enabled=1 source=env
[comfyui-modal] Routes registered: /comfymodal/prompt, /comfymodal/model/install, /comfymodal/models/batch-install, /comfymodal/models/inject, /comfymodal/models/inject-all, /comfymodal/health, /comfymodal/object_info, /comfymodal/cancel/{id}, /comfymodal/models, /comfymodal/sync/status, /comfymodal/sync/models, /comfymodal/sync/custom-nodes, /comfymodal/runtime/resync, /comfymodal/runtime/state, /comfymodal/comparison/*, /comfymodal/experiments/*, /comfymodal/presets/*, /comfymodal/assets/{id}, /comfymodal/run-history/*, /comfymodal/deploy-warmup/*, /comfymodal/history/*
[exact_prefill.local] enabled=1 source=env
[comfyui-modal] Routes registered: /comfymodal/prompt, /comfymodal/model/install, /comfymodal/models/batch-install, /comfymodal/models/inject, /comfymodal/models/inject-all, /comfymodal/health, /comfymodal/object_info, /comfymodal/cancel/{id}, /comfymodal/models, /comfymodal/sync/status, /comfymodal/sync/models, /comfymodal/sync/custom-nodes, /comfymodal/runtime/resync, /comfymodal/runtime/state, /comfymodal/comparison/*, /comfymodal/experiments/*, /comfymodal/presets/*, /comfymodal/assets/{id}, /comfymodal/run-history/*, /comfymodal/deploy-warmup/*, /comfymodal/history/*
[exact_prefill.local] enabled=1 source=env
[comfyui-modal] Routes registered: /comfymodal/prompt, /comfymodal/model/install, /comfymodal/models/batch-install, /comfymodal/models/inject, /comfymodal/models/inject-all, /comfymodal/health, /comfymodal/object_info, /comfymodal/cancel/{id}, /comfymodal/models, /comfymodal/sync/status, /comfymodal/sync/models, /comfymodal/sync/custom-nodes, /comfymodal/runtime/resync, /comfymodal/runtime/state, /comfymodal/comparison/*, /comfymodal/experiments/*, /comfymodal/presets/*, /comfymodal/assets/{id}, /comfymodal/run-history/*, /comfymodal/deploy-warmup/*, /comfymodal/history/*
⚠️  SeedVR2 optimizations check: SageAttention ❌ | Flash Attention ❌ | Triton ❌
💡 For best performance: pip install sageattention flash-attn triton
📊 Initial CUDA memory: 6.91GB free / 8.00GB total
### ComfyUI-Workflow-Encrypt: Copy .js from 'C:\Users\parla\OneDrive\Documents\AI HUB\ComfyUI June Install\ComfyUI\custom_nodes\comfyui-workflow-encrypt\js\comfyui-workflow-encrypt.js' to 'C:\Users\parla\OneDrive\Documents\AI HUB\ComfyUI June Install\ComfyUI\web\extensions\comfyui-workflow-encrypt'
# 😺dzNodes: LayerStyle -> [1;33mCannot import name 'guidedFilter' from 'cv2.ximgproc'
A few nodes cannot works properly, while most nodes are not affected. Please REINSTALL package 'opencv-contrib-python'.
For detail refer to [4mhttps://github.com/chflame163/ComfyUI_LayerStyle/issues/5[0m[m
(RES4LYF) Init
(RES4LYF) Importing beta samplers.
(RES4LYF) Importing legacy samplers.

[92m[rgthree-comfy] Loaded 48 extraordinary nodes. 🎉[0m

[33m[rgthree-comfy] ComfyUI's new Node 2.0 rendering may be incompatible with some rgthree-comfy nodes and features, breaking some rendering as well as losing the ability to access a node's properties (a vital part of many nodes). It also appears to run MUCH more slowly spiking CPU usage and causing jankiness and unresponsiveness, especially with large workflows. Personally I am not planning to use the new Nodes 2.0 and, unfortunately, am not able to invest the time to investigate and overhaul rgthree-comfy where needed. If you have issues when Nodes 2.0 is enabled, I'd urge you to switch it off as well and join me in hoping ComfyUI is not planning to deprecate the existing, stable canvas rendering all together.
[0m
[v2.harness] production_output_registered output=True comparer=True
[v2.harness] node_registry_initialized classes=2192
[critical_path.flags] critical_path=1 unet_phase=1 validation_phase=1 coordinator=0 coordinator_diag=1 source=module_import
[v2.plan_proof] schema=1 payload=yes validated=True outputs=2 wf_hash=2e43d4c0ba3b82c0 dep_complete=True reg_proof=1 memo=miss
cpu_snapshot_unet_mode=reuse
[v2.benchmark] phase=execute_plan_start
[v2.restore_publish] skipped reason=flag_disabled
[v2.seed_build] source=invocation_plan schema=2 topology_available=1 persisted=1 workflow_hash=2e43d4c0ba3b82c0 loader_nodes=3 sampler_nodes=1 reachable_nodes=43 static_signatures=43
[v2.local_submission_breakdown.pre_dispatch] request_id=v2-benchmark-0-ca253dcc0c8d local_receive_to_worker_start_ms=18172.0 worker_start_to_normalize_start_ms=0.0 normalize_production_options_ms=0.0 normalize_end_to_trace_construct_start_ms=0.0 runtime_trace_construct_ms=0.0 trace_construct_to_options_copy_start_ms=0.0 benchmark_options_copy_ms=0.0 options_copy_to_client_id_start_ms=0.0 client_id_generation_ms=0.0 client_id_end_to_plan_call_ms=0.0 plan_call_to_function_entry_ms=0.0 worker_start_to_plan_build_ms=0.0 local_receive_to_plan_build_start_ms=18172.0 worker_queue_ms=0.0 plan_build_ms=94.0 plan_build_to_execute_plan_entry_ms=0.0 execute_plan_entry_to_plan_materialization_ms=0.0 plan_materialization_ms=0.0 plan_materialization_to_active_profile_ms=0.0 active_profile_ms=0.0 restore_plan_build_ms=absent restore_publish_ms=absent restore_publish_to_transport_entry_ms=absent transport_entry_to_handle_lookup_ms=0.0 handle_lookup_ms=absent payload_materialization_ms=0.0 payload_size_measurement_ms=0.0 payload_size_to_serialize_end_ms=0.0 payload_ready_to_modal_call_ms=0.0 local_receive_to_modal_call_ms=18266.0 generator_create_ms=absent generator_created_to_first_iteration_ms=absent local_receive_to_actual_submission_ms=absent measured_children_ms=absent residual_ms=absent reconciliation_status=incomplete profile_cache_hit=True profile_remote_call_performed=False profile_checker_matched=False restore_publish_cache_hit=absent restore_remote_call_performed=absent handle_cache_hit=absent plan_to_dict_count=1 payload_bytes=20564 active_profile_local_ms=0.0 active_profile_cache_lookup_ms=0.003 active_profile_checker_ms=0.0 active_profile_setter_ms=0.0 active_profile_total_ms=0.003 created_modal_client=False performed_cls_from_name=False constructed_class_instance=False input_image_count=0 workflow_node_count=43 unmeasured_boundary=absent
[v2.local_handle] owner_ready pid=19496
[v2.local_handle] decision=persistent_hit
FETCH ComfyRegistry Data: 5/172
FETCH ComfyRegistry Data: 10/172
FETCH ComfyRegistry Data: 15/172
FETCH ComfyRegistry Data: 20/172
FETCH ComfyRegistry Data: 25/172
FETCH ComfyRegistry Data: 30/172
FETCH ComfyRegistry Data: 35/172
FETCH ComfyRegistry Data: 40/172
FETCH ComfyRegistry Data: 45/172
FETCH ComfyRegistry Data: 50/172
FETCH ComfyRegistry Data: 55/172
FETCH ComfyRegistry Data: 60/172
FETCH ComfyRegistry Data: 65/172
FETCH ComfyRegistry Data: 70/172
FETCH ComfyRegistry Data: 75/172
FETCH ComfyRegistry Data: 80/172
FETCH ComfyRegistry Data: 85/172
FETCH ComfyRegistry Data: 90/172
FETCH ComfyRegistry Data: 95/172
FETCH ComfyRegistry Data: 100/172
FETCH ComfyRegistry Data: 105/172
FETCH ComfyRegistry Data: 110/172
FETCH ComfyRegistry Data: 115/172
FETCH ComfyRegistry Data: 120/172
FETCH ComfyRegistry Data: 125/172
FETCH ComfyRegistry Data: 130/172
[v2.local_submission_breakdown] request_id=v2-benchmark-0-ca253dcc0c8d local_receive_to_worker_start_ms=18172.0 worker_start_to_normalize_start_ms=0.0 normalize_production_options_ms=0.0 normalize_end_to_trace_construct_start_ms=0.0 runtime_trace_construct_ms=0.0 trace_construct_to_options_copy_start_ms=0.0 benchmark_options_copy_ms=0.0 options_copy_to_client_id_start_ms=0.0 client_id_generation_ms=0.0 client_id_end_to_plan_call_ms=0.0 plan_call_to_function_entry_ms=0.0 worker_start_to_plan_build_ms=0.0 local_receive_to_plan_build_start_ms=18172.0 worker_queue_ms=0.0 plan_build_ms=94.0 plan_build_to_execute_plan_entry_ms=0.0 execute_plan_entry_to_plan_materialization_ms=0.0 plan_materialization_ms=0.0 plan_materialization_to_active_profile_ms=0.0 active_profile_ms=0.0 restore_plan_build_ms=absent restore_publish_ms=absent restore_publish_to_transport_entry_ms=absent transport_entry_to_handle_lookup_ms=0.0 handle_lookup_ms=0.0 payload_materialization_ms=0.0 payload_size_measurement_ms=0.0 payload_size_to_serialize_end_ms=0.0 payload_ready_to_modal_call_ms=0.0 local_receive_to_modal_call_ms=18266.0 generator_create_ms=0.0 generator_created_to_first_iteration_ms=invalid_negative local_receive_to_actual_submission_ms=18266.0 measured_children_ms=absent residual_ms=absent reconciliation_status=overlap profile_cache_hit=True profile_remote_call_performed=False profile_checker_matched=False restore_publish_cache_hit=absent restore_remote_call_performed=absent handle_cache_hit=absent plan_to_dict_count=1 payload_bytes=20564 active_profile_local_ms=0.0 active_profile_cache_lookup_ms=0.003 active_profile_checker_ms=0.0 active_profile_setter_ms=0.0 active_profile_total_ms=0.003 created_modal_client=False performed_cls_from_name=False constructed_class_instance=False input_image_count=0 workflow_node_count=43 unmeasured_boundary=absent
FETCH ComfyRegistry Data: 135/172
FETCH ComfyRegistry Data: 140/172
FETCH ComfyRegistry Data: 145/172
[v2.request_origin] request_id=v2-benchmark-0-ca253dcc0c8d trigger_source=benchmark local_prompt_enqueued_unix_ns=None local_prompt_ack_ready_unix_ns=None modal_generator_created_unix_ns=1786742773929293500 modal_submission_attempt_unix_ns=1786742773929293500 modal_first_event_received_unix_ns=1786742857503727000 modal_first_iteration_start_unix_ns=1786742773929293500 modal_first_remote_event_unix_ns=1786742857503727000 dispatch_to_modal_entry_ms=84130.096 local_receive_to_actual_submission_ms=18266.0 local_receive_to_result_return_ms=114962.653 t0_to_t1_ms=0.579 t1_to_queue_enqueue_ms=None local_receive_to_enqueue_ms=None queue_wait_before_worker_ms=None plan_build_ms=94.0 active_profile_ms=0.0 handle_lookup_ms=0.0 payload_serialize_ms=0.0 local_residual_ms=0.0 clock_reconciliation_residual_ms=0.0 route_unattributed_ms=None worker_unattributed_ms=None reconciliation_status=incomplete missing_stages=local_receive_to_enqueue_ms overlap_error= modal_input_id=in-01M012P71RS7EGRFFK6M4KW1AD:1786742774840-0 trigger_to_local_receive_ms=0.579 local_receive_to_generator_create_start_ms=18270.715 generator_create_ms=3.0 generator_created_to_first_iteration_ms=0.0 first_iteration_to_first_remote_event_ms=83574.434 remote_python_resume_to_restore_start_ms=0.0 restore_method_ms=454.379 restore_end_to_modal_method_entry_ms=17.539 modal_method_entry_to_executor_ms=801.604 submission_to_remote_python_resume_ms=83658.178 unexplained_pre_remote_ms=absent
[v2.remote_request_origin] request_id=v2-benchmark-0-ca253dcc0c8d trigger_source=benchmark ui_trigger_unix_ms=1786742755655 local_receive_wall_unix_ns=1786742755655578880 local_receive_mono_ns=198880218000000 modal_generator_create_start_wall_unix_ns=1786742773926293400 modal_generator_create_start_mono_ns=198898484000000 modal_generator_created_wall_unix_ns=1786742773929293500 modal_generator_created_mono_ns=198898484000000 modal_first_iteration_start_wall_unix_ns=1786742773929293500 modal_first_iteration_start_mono_ns=198898484000000 modal_submission_attempt_wall_unix_ns=1786742773929293500 modal_submission_attempt_mono_ns=198898484000000 modal_first_remote_event_wall_unix_ns=1786742857503727000 modal_first_remote_event_mono_ns=198982062000000 modal_submission_boundary_source=first_iteration_proxy remote_python_resume_wall_unix_ns=1786742857587471616 restore_method_start_wall_unix_ns=1786742857587471616 restore_method_end_wall_unix_ns=1786742858041850368 modal_method_entry_wall_unix_ns=1786742858059389440 prompt_executor_invoke_start_wall_unix_ns=1786742858860993024 trigger_to_local_receive_ms=0.579 local_receive_to_generator_create_start_ms=18270.715 generator_create_ms=3.0 generator_created_to_first_iteration_ms=0.0 first_iteration_to_first_remote_event_ms=83574.434 remote_python_resume_to_restore_start_ms=0.0 restore_method_ms=454.379 restore_end_to_modal_method_entry_ms=17.539 modal_method_entry_to_executor_ms=801.604 submission_to_remote_python_resume_ms=83658.178 unexplained_pre_remote_ms=absent modal_input_id=in-01M012P71RS7EGRFFK6M4KW1AD:1786742774840-0
[v2.local_submission_breakdown.final] request_id=v2-benchmark-0-ca253dcc0c8d local_receive_to_worker_start_ms=18172.0 worker_start_to_normalize_start_ms=0.0 normalize_production_options_ms=0.0 normalize_end_to_trace_construct_start_ms=0.0 runtime_trace_construct_ms=0.0 trace_construct_to_options_copy_start_ms=0.0 benchmark_options_copy_ms=0.0 options_copy_to_client_id_start_ms=0.0 client_id_generation_ms=0.0 client_id_end_to_plan_call_ms=0.0 plan_call_to_function_entry_ms=0.0 worker_start_to_plan_build_ms=0.0 local_receive_to_plan_build_start_ms=18172.0 worker_queue_ms=0.0 plan_build_ms=94.0 plan_build_to_execute_plan_entry_ms=0.0 execute_plan_entry_to_plan_materialization_ms=0.0 plan_materialization_ms=0.0 plan_materialization_to_active_profile_ms=0.0 active_profile_ms=0.0 restore_plan_build_ms=absent restore_publish_ms=absent restore_publish_to_transport_entry_ms=absent transport_entry_to_handle_lookup_ms=0.0 handle_lookup_ms=0.0 payload_materialization_ms=0.0 payload_size_measurement_ms=0.0 payload_size_to_serialize_end_ms=0.0 payload_ready_to_modal_call_ms=0.0 local_receive_to_modal_call_ms=18266.0 generator_create_ms=0.0 generator_created_to_first_iteration_ms=invalid_negative local_receive_to_actual_submission_ms=18266.0 measured_children_ms=absent residual_ms=absent reconciliation_status=overlap profile_cache_hit=True profile_remote_call_performed=False profile_checker_matched=False restore_publish_cache_hit=absent restore_remote_call_performed=absent handle_cache_hit=absent plan_to_dict_count=1 payload_bytes=20564 active_profile_local_ms=0.0 active_profile_cache_lookup_ms=0.003 active_profile_checker_ms=0.0 active_profile_setter_ms=0.0 active_profile_total_ms=0.003 created_modal_client=False performed_cls_from_name=False constructed_class_instance=False input_image_count=0 workflow_node_count=43 unmeasured_boundary=absent modal_submission_attempt_unix_ns=1786742773929293500 modal_generator_created_unix_ns=1786742773929293500 modal_first_iteration_start_unix_ns=1786742773929293500 modal_first_remote_event_unix_ns=1786742857503727000 dispatch_to_modal_entry_ms=84130.096 local_receive_to_actual_submission_ms=18266.0 local_receive_to_result_return_ms=114962.653
FETCH ComfyRegistry Data: 150/172
FETCH ComfyRegistry Data: 155/172
WATERFALL RECONCILIATION (local rebuild) replaced remote PARTIAL report with the full host-reconciled report
WATERFALL RECONCILIATION (local rebuild)
  command_to_response_ms            115606.8
  top_level_accounted_ms            16598.0
  global_residual_ms                -7.4
  global_residual_pct               -0.0
  reconciliation_status             OK
  controllable_application_wall_ms  13233.7
  platform_wall_ms                  83658.2
  modal_restore_begin_unavailable   no
  OLD vs NEW accounted_ms 13233.7 -> 16598.0 | residual_ms -7.4 -> -7.4
production_adjusted_total_wall_ms=17146.217
[v2.experiment] saved=C:\Users\parla\OneDrive\Documents\AI HUB\ComfyUI June Install\ComfyUI\comfymodal-data\benchmarks\runs\v2_2026-08-14_21-25-55\run_001_sample.json
{"run_index": 0, "request_id": "v2-benchmark-0-ca253dcc0c8d", "identity": {"app_name": "stable-modal-comfy-v2-variance-shadow", "class_name": "ModalRuntimeEntrypoint", "method_name": "run_plan_stream", "gpu": ["RTX-PRO-6000"], "cpu": 12, "memory_mb": 32768, "fingerprint": "3aa0d7dec30c64724e5487e7967a3e634123ee521be817f7313114665844946e", "runtime_shape": {"thread_policy": "TBASE", "torch_intraop_threads": null, "torch_interop_threads": null, "omp_num_threads": null, "mkl_num_threads": null, "openblas_num_threads": null, "numexpr_num_threads": null, "malloc_arena_max": null, "snapshot_model_order": "O0", "cpu_request": 12, "memory_request": 32768, "runtime_shape_fingerprint": "f504e296c398bdcb2c4c07e2", "runtime_shape_label": null}, "runtime_shape_fingerprint": "f504e296c398bdcb2c4c07e2", "runtime_shape_label": null, "stored_snapshot_model_order": "O0", "restore_count": 1, "request_count": 1, "restored_instance_id": "1d9567969ca947da9539f0ab3aaf6edb", "restore_session_id": "2fe2e6a9f79c489aac01d82af8970532", "container_task_id": "ta-01M012P7TS0SPFT4P29A2DSE1R", "modal_container_id": "", "image_id": "im-cbQAbT653BRROc27Cm4fKu", "cloud": "CLOUD_PROVIDER_GCP", "region": "us-east4", "modal_input_id": "in-01M012P71RS7EGRFFK6M4KW1AD:1786742774840-0", "container_session_id": "efed8d4cba054180"}, "runtime_shape": {"requested": {"thread_policy": "TBASE", "torch_intraop_threads": null, "torch_interop_threads": null, "omp_num_threads": null, "mkl_num_threads": null, "openblas_num_threads": null, "numexpr_num_threads": null, "malloc_arena_max": null, "snapshot_model_order": "O0", "cpu_request": 12, "memory_request": 32768, "runtime_shape_fingerprint": "f504e296c398bdcb2c4c07e2", "runtime_shape_label": null}, "deployed": {"thread_policy": "TBASE", "torch_intraop_threads": null, "torch_interop_threads": null, "omp_num_threads": null, "mkl_num_threads": null, "openblas_num_threads": null, "numexpr_num_threads": null, "malloc_arena_max": null, "snapshot_model_order": "O0", "cpu_request": 12, "memory_request": 32768, "runtime_shape_fingerprint": "f504e296c398bdcb2c4c07e2", "runtime_shape_label": null}, "observed": {"stage": "request_entry", "runtime_shape_fingerprint": "f504e296c398bdcb2c4c07e2", "runtime_shape_label": null, "thread_policy": "TBASE", "snapshot_model_order": "O0", "cpu_request": 12, "memory_request": 32768, "native_thread_count": 52, "configured_omp": null, "configured_mkl": null, "configured_openblas": null, "configured_numexpr": null, "malloc_arena_max": null, "native_library_settings": {"OMP_NUM_THREADS": "12", "MKL_NUM_THREADS": "12", "OPENBLAS_NUM_THREADS": "12", "NUMEXPR_NUM_THREADS": null, "MALLOC_ARENA_MAX": null}, "torch_intraop_threads": 12, "torch_interop_threads": 14, "actual_torch_intraop_threads": 12, "actual_torch_interop_threads": 14, "requested_torch_intraop_threads": null, "requested_torch_interop_threads": null, "requested_vs_actual_match": true, "status": "baseline_passthrough", "error": "", "trace_id": "cfd6010883974ce7", "pid": 2, "thread_native_id": 2, "restored_instance_id": "1d9567969ca947da9539f0ab3aaf6edb", "restore_session_id": "2fe2e6a9f79c489aac01d82af8970532", "legacy_container_session_id": "efed8d4cba054180", "container_task_id": "ta-01M012P7TS0SPFT4P29A2DSE1R", "modal_input_id": "in-01M012P71RS7EGRFFK6M4KW1AD:1786742774840-0", "image_id": "im-cbQAbT653BRROc27Cm4fKu", "cloud": "CLOUD_PROVIDER_GCP", "region": "us-east4", "app_name": "stable-modal-comfy-v2-variance-shadow", "class_name": "ModalRuntimeEntrypoint"}, "stored_snapshot_model_order": "O0", "snapshot_target_fingerprint": "3aa0d7dec30c64724e5487e7967a3e634123ee521be817f7313114665844946e", "guard": {"changed_axes": [], "allow_multi_axis": false, "baseline_cpu_request": 12, "baseline_memory_request": 32768}, "construction_order_semantics": "model_construction_order_only"}, "timing": {"wall_ms": 96893.9, "handle_lookup_ms": 3.0, "submission_to_first_remote_event_ms": 83574.433, "command_to_response_ms": 115607.8, "submit2entry_ms": 84133.096, "t3b_to_t8_ms": 9489.873, "restore_total_ms": 440.782, "pre_sampler_ms": 4414.142, "sampler_ms": 3654.735, "vae_decode_ms": 423.443, "output_collection_ms": 8.228, "snapshot_callback_age_at_restore_ms": 42014.874, "snapshot_callback_to_command_start_ms": null, "command_start_to_restore_start_ms": 102380.472, "local_timing": {"t0_to_t1_ms": 0.579, "t1_to_queue_enqueue_ms": null, "local_receive_to_enqueue_ms": null, "local_body_read_ms": null, "local_json_parse_ms": null, "local_preflight_ms": null, "local_queue_lock_wait_ms": null, "local_queue_enqueue_ms": null, "queue_wait_before_worker_ms": null, "plan_build_ms": 94.0, "active_profile_ms": 0.0, "restore_plan_build_ms": null, "restore_publish_ms": null, "handle_lookup_ms": 0.0, "payload_serialize_ms": 0.0, "payload_materialization_ms": 0.0, "payload_size_measurement_ms": 0.0, "generator_create_ms": 3.0, "local_residual_ms": 0.0, "clock_reconciliation_residual_ms": 0.0, "route_unattributed_ms": null, "worker_unattributed_ms": null, "reconciliation_status": "incomplete", "missing_stages": ["local_receive_to_enqueue_ms"], "overlap_error": "", "stage_attribution_residual_ms": {"route_unattributed_ms": null, "worker_unattributed_ms": null, "missing_stages": ["local_receive_to_enqueue_ms"], "reconciliation_status": "incomplete", "overlap_error": ""}, "local_receive_to_generator_create_ms": 18266.0, "generator_create_to_first_iteration_ms": 0.0, "first_iteration_to_first_remote_event_ms": 83574.434, "local_receive_to_actual_submission_ms": 18266.0, "trigger_to_local_receive_ms": 0.579, "local_receive_to_generator_create_start_ms": 18270.715, "generator_created_to_first_iteration_ms": 0.0, "remote_python_resume_to_restore_start_ms": 0.0, "restore_method_ms": 454.379, "restore_end_to_modal_method_entry_ms": 17.539, "modal_method_entry_to_executor_ms": 801.604, "submission_to_remote_python_resume_ms": 83658.178, "unexplained_pre_remote_ms": "absent", "local_result_received_wall_ns": 1786742870618232200, "local_result_received_mono_ns": 198995171000000, "local_receive_to_result_return_ms": 114962.653, "result_received_to_return_ms": 15.0, "remote_result_emit_wall_unix_ns": 1786742869197434550, "remote_result_emit_to_local_receipt_ms": 1420.798, "caller_return_wall_unix_ns": 1786742870813771300, "caller_return_mono_ns": 198995375000000, "local_result_received_to_caller_return_ms": 204.0, "modal_restore_begin_wall_unix_ns": null}, "restore_breakdown": {"restore_total_ms": 440.782, "models_symlink_ms": 2.95, "manager_offline_ms": 0.81, "reload_models_ms": 0.0, "reload_runtime_state_ms": 82.053, "v2_startup_custom_node_source_copy_ms": 2002.07, "sync_custom_nodes_ms": 2007.95, "install_requirements_ms": 0.01, "v2_startup_comfyui_path_startup_ms": 0.09, "comfyui_path_setup_ms": 0.74, "v2_startup_backend_startup_ms": 20935.26, "backend_startup_ms": 20936.83, "observe_generations_ms": 0.23, "snapshot_restore_ms": 416.84, "snapshot_callback_age_at_restore_ms": 42014.874, "restore_gpu_state_ms": 162.333, "cuda_init_ms": 79.84, "v2_startup_snapshot_execution_seed_ms": 3.06, "initialize_cuda_ms": 79.763, "snapshot_identity_checks_ms": 0.0, "cpu_snapshot_retargeting_ms": 0.0, "folder_warm_ms": 1178.917}, "early_activation_total_ms": null, "queue_delay_ms": null, "cpu_snapshot_wait_ms": null, "dtype_layout_preparation_ms": null, "post_load_bookkeeping_ms": null, "submission_to_remote_python_resume_ms": 83658.178, "remote_python_resume_to_restore_start_ms": 0.0, "restore_to_method_entry_ms": 17.539, "method_entry_to_first_remote_event_ms": null, "first_remote_event_to_final_result_ms": 13114.505, "transfer_queue_delay_ms": null, "synchronized_transfer_ms": null, "quiesce_wait_ms": null, "graph_activity_ms": 2378.033, "sampler_lane_wait_ms": 0.093, "quiesced_transfer": null}}
WATERFALL (host-reconciled)
V2 COLD WATERFALL - run 1 (local reconcile)
Request:   v2-benchmark-0-ca253dcc0c8d | Instance: 1d9567969ca947da9539f0ab3aaf6edb | Fresh: YES
Platform:  GCP/us-east4 | GPU: RTX PRO 6000 Blackwell | VRAM 97,250 MiB | CUDA 13.0 | CC 12.0
CPU:       AMD Family 191 Model 2 | visible=28
Telemetry: maxRSS=34.92 GiB

+-----+------------------------------------------------+------------+------------+----------+------------------------------------------+
|   # | Stage                                          |   Duration |       Cum. |        % | Relative wall (non-scheduling)           |
+-----+------------------------------------------------+------------+------------+----------+------------------------------------------+
|   1 | Modal pre-Python snapshot restoration          |     3.364s |     3.364s |  20.278% | ########                                 |
|   2 | Python/application restore                     | 454.377 ms |     3.819s |   2.739% | #                                        |
|   3 | Restore-to-method entry                        |  17.531 ms |     3.836s |   0.106% | #                                        |
|   4 | Remote method setup                            | 801.652 ms |     4.638s |   4.832% | ##                                       |
|     |   method entry to graph start                  | 411.003 ms |            |          |                                          |
|     |   method entry to runtime configuration        | 410.937 ms |            |          |                                          |
|     |   graph setup                                  | 390.648 ms |            |          |                                          |
|     |   certificate                                  | 125.166 ms |            |          |                                          |
|     |   validation                                   |  38.462 ms |            |          |                                          |
|   5 | PromptExecutor/cache setup                     |   5.869 ms |     4.644s |   0.035% | #                                        |
|   6 | Pre-sampler execution                          |     2.372s |     7.016s |  14.298% | ######                                   |
|     |   Conditioning cache decision=miss_stored h... |   0.596 ms |            |          |                                          |
|     |   CLIP encode (1 calls)                        |     2.396s |            |          |                                          |
|     |   Node: ImpactSwitch                           |  37.612 ms |            |          |                                          |
|     |   Node: ClownsharKSampler_Beta                 | 940.097 ms |            |          |                                          |
|   7 | Sampler node to sampling                       | 931.663 ms |     7.948s |   5.616% | ##                                       |
|     |   lane acquired to actual stage                | 931.642 ms |            |          |                                          |
|   8 | Sampling                                       |     4.763s |    12.710s |  28.707% | ###########                              |
|   9 | Post-sampling / VAE transition                 | 804.128 ms |    13.514s |   4.847% | ##                                       |
|  10 | VAE decode                                     | 423.443 ms |    13.938s |   2.552% | #                                        |
|     |   VAE load/H2D                                 | 855.814 ms |            |          |                                          |
|  11 | Output encode / descriptor                     |     1.036s |    14.973s |   6.242% | ##                                       |
|     |   PNG encode                                   | 181.670 ms |            |          |                                          |
|  12 | Remote result handoff                          |     1.421s |    16.394s |   8.564% | ###                                      |
|  13 | Local result handling / caller return          | 204.000 ms |    16.598s |   1.230% | #                                        |
+-----+------------------------------------------------+------------+------------+----------+------------------------------------------+
|     | RECONCILIATION                                 |  -7.429 ms |            |          |                                          |
|     | STATUS                                         |         OK |            |          |                                          |
+-----+------------------------------------------------+------------+------------+----------+------------------------------------------+
COMMAND -> RESPONSE:                    115.607s
Command (without scheduling) -> Response:   16.591s
Scheduling time:                         99.016s
[v2.prompt_executor_breakdown] request_id=v2-benchmark-0-ca253dcc0c8d exec_to_cached_ms=5.227 dynamic_prompt_ms=0.005 is_changed_ms=absent signature_keys_ms=absent seed_apply_ms=0.248 clean_unused_ms=0.019 cache_gather_ms=0.068 cleanup_gc_ms=0.724 residual_ms=4.163 c2f_cached_to_first_node_ms=0.42 c2f_topo_walk_ms=0.383 c2f_topo_input_info_ms=0.073 c2f_topo_other_ms=0.31 c2f_stage_ms=0.875 c2f_first_node_prefix_ms=0.088 c2f_residual_ms=-0.926 signature_cache_eligible=True signature_cache_fallback= signature_cache_hit=True signature_cache_key_hash=68a2935882624fb3dde06cdb5417751d57fb582ccab5006bfa5574e5570581b8 signature_cache_requested=True signature_cache_source=volume signature_reuse_ms=3.655 topo_lazy_hits=36
[v2.conditioning_exact_hit_breakdown] request_id=v2-benchmark-0-ca253dcc0c8d decision=miss_stored lookup_wall_ms=0.596 total_ms=0.425 key_build_ms=0.109 lock_wait_ms=0.001 manifest_read_ms=0.0 manifest_bytes=0 manifest_entries=38 entry_lookup_ms=0.109 header_bytes=0 data_bytes=0 lru_touch_ms=0.0 lru_touch_mode=sync children_ms=0.219 residual_ms=0.206 entries_requested=1 hit_count=0 lru_async_batch_size=0 lru_async_batches=0 lru_async_dropped=0 lru_async_enqueued=0 lru_async_failed=0 lru_async_flush_count=0 lru_async_persist_ms=0.0 manifest_memory_hit=1 miss_count=1 normal_lookup_fallback=0 payload_memory_hit=0 payload_memory_source= prefetch_join_ms=59.837 prefetch_join_timeout=0 prefetch_overlap_ms=0.0 prefetch_payload_entries=3 prefetch_reason=key_build_partial:weight_dtype prefetch_reload=skipped_first prefetch_requested=1 prefetch_source=full prefetch_wall_ms=470.583 volume_reload_ms=0.0
[v2.folder_warm] request_id=v2-benchmark-0-ca253dcc0c8d folder_warm_ms=1178.917 folder_warm_folders=29
[v2.input_types_warm] request_id=v2-benchmark-0-ca253dcc0c8d input_types_warm_ms=534.151 input_types_warm_classes=31
[v2.png_output] request_id=v2-benchmark-0-ca253dcc0c8d compress_level=1 png_encode_ms=181.654 png_compress_ms=175.575 width=1088 height=1920 bytes=3129718 sha=20b10e1f99831bc758d9df82f43ce0beb1cbc636a740d11a29eb2bffe90e5260
[v2.host_submission_breakdown] request_id=v2-benchmark-0-ca253dcc0c8d command_start_to_python_first_line_ms=163.645 python_first_line_to_local_receive_ms=284.934 local_receive_to_registry_start_ms=0.0 node_registry_init_ms=18166.693 registry_end_to_worker_start_ms=19.022 worker_start_to_plan_build_start_ms=0.0 plan_build_ms=94.0 plan_build_to_transport_entry_ms=6.0 transport_entry_to_handle_lookup_ms=0.0 handle_lookup_ms=3.0 payload_serialize_ms=0.0 generator_create_ms=3.0 generator_created_to_submission_ms=0.0 local_receive_to_submission_ms=18266.0 submission_boundary_source=first_anext first_remote_signal_ms=83574.434 scheduling_ms=80293.861 scheduling_source=modal_app_log
[v2.variance_cold] run=0 id=variance-cold-p0-0-6fdbf558 status=COLD instance=1d9567969ca9 task=ta-01M012P7TS0SP
[v2.variance_cold] report=C:\Users\parla\OneDrive\Documents\AI HUB\ComfyUI June Install\ComfyUI\comfymodal-data\benchmarks\runs\v2_2026-08-14_21-25-55\variance_cold_report.md
{"output_dir": "C:\\Users\\parla\\OneDrive\\Documents\\AI HUB\\ComfyUI June Install\\ComfyUI\\comfymodal-data\\benchmarks\\runs\\v2_2026-08-14_21-25-55", "run_count": 1, "cold_count": 1, "warm_or_invalid_count": 0, "pretouch": 0, "root_cause": "transfer/throughput"}
# V2 Variance-Cold Benchmark Report

> Mode: `variance_cold`. One request at a time with a fixed gap; each run asserts true cold identity from the request-scoped `remote_method_entry` metadata.

## Scope and completeness

- Generated: `2026-08-14T21:27:56.142700Z`
- Run records: **1**
- Confirmed cold runs: **1**
- Warm-reused or invalid runs: **0**
- UNET pretouch mode: `0` (0 = disabled, 1 = enabled)
- Gap between runs: `25.0s`

## Cold-identity validity

Each run is only labeled cold when the request-scoped `remote_method_entry` proves `restore_count == 1`, `request_count == 1`, a non-empty `restored_instance_id`, and (when available) a container/task identity distinct from the previous run. Warm/reused runs are never relabeled cold.

### Overall timing (ms)

| Metric | Count | Median ms | p90 ms | Max ms | Mean ms |
|---|---:|---:|---:|---:|---:|
| Wall time | 1 | 96,893.900 | 96,893.900 | 96,893.900 | 96,893.900 |
| Restore total | 1 | 440.782 | 440.782 | 440.782 | 440.782 |
| Sampling | 1 | 3,654.735 | 3,654.735 | 3,654.735 | 3,654.735 |

### Slow-run rate

- Threshold: `193787.8 ms`
- Slow runs: `0` / `1` (rate `0.0`)

### Restore breakdown (ms)

| Metric | Count | Median ms | p90 ms | Max ms | Mean ms |
|---|---:|---:|---:|---:|---:|
| restore_total_ms | 1 | 440.782 | 440.782 | 440.782 | 440.782 |
| snapshot_restore_ms | 1 | 416.840 | 416.840 | 416.840 | 416.840 |
| backend_startup_ms | 1 | 20,936.830 | 20,936.830 | 20,936.830 | 20,936.830 |
| restore_breakdown_backend_startup_ms | 1 | 20,936.830 | 20,936.830 | 20,936.830 | 20,936.830 |
| restore_breakdown_comfyui_path_setup_ms | 1 | 0.740 | 0.740 | 0.740 | 0.740 |
| restore_breakdown_cpu_snapshot_retargeting_ms | 1 | 0.000 | 0.000 | 0.000 | 0.000 |
| restore_breakdown_cuda_init_ms | 1 | 79.840 | 79.840 | 79.840 | 79.840 |
| restore_breakdown_folder_warm_ms | 1 | 1,178.917 | 1,178.917 | 1,178.917 | 1,178.917 |
| restore_breakdown_initialize_cuda_ms | 1 | 79.763 | 79.763 | 79.763 | 79.763 |
| restore_breakdown_install_requirements_ms | 1 | 0.010 | 0.010 | 0.010 | 0.010 |
| restore_breakdown_manager_offline_ms | 1 | 0.810 | 0.810 | 0.810 | 0.810 |
| restore_breakdown_models_symlink_ms | 1 | 2.950 | 2.950 | 2.950 | 2.950 |
| restore_breakdown_observe_generations_ms | 1 | 0.230 | 0.230 | 0.230 | 0.230 |
| restore_breakdown_reload_models_ms | 1 | 0.000 | 0.000 | 0.000 | 0.000 |
| restore_breakdown_reload_runtime_state_ms | 1 | 82.053 | 82.053 | 82.053 | 82.053 |
| restore_breakdown_restore_gpu_state_ms | 1 | 162.333 | 162.333 | 162.333 | 162.333 |
| restore_breakdown_restore_total_ms | 1 | 440.782 | 440.782 | 440.782 | 440.782 |
| restore_breakdown_snapshot_callback_age_at_restore_ms | 1 | 42,014.874 | 42,014.874 | 42,014.874 | 42,014.874 |
| restore_breakdown_snapshot_identity_checks_ms | 1 | 0.000 | 0.000 | 0.000 | 0.000 |
| restore_breakdown_snapshot_restore_ms | 1 | 416.840 | 416.840 | 416.840 | 416.840 |
| restore_breakdown_sync_custom_nodes_ms | 1 | 2,007.950 | 2,007.950 | 2,007.950 | 2,007.950 |
| restore_breakdown_v2_startup_backend_startup_ms | 1 | 20,935.260 | 20,935.260 | 20,935.260 | 20,935.260 |
| restore_breakdown_v2_startup_comfyui_path_startup_ms | 1 | 0.090 | 0.090 | 0.090 | 0.090 |
| restore_breakdown_v2_startup_custom_node_source_copy_ms | 1 | 2,002.070 | 2,002.070 | 2,002.070 | 2,002.070 |
| restore_breakdown_v2_startup_snapshot_execution_seed_ms | 1 | 3.060 | 3.060 | 3.060 | 3.060 |

### CPU page traversal

| Metric | Count | Median ms | p90 ms | Max ms | Mean ms |
|---|---:|---:|---:|---:|---:|
| major_faults | 0 | unavailable | unavailable | unavailable | unavailable |
| minor_faults | 0 | unavailable | unavailable | unavailable | unavailable |
| variance_stage_faults_major | 1 | 0.000 | 0.000 | 0.000 | 0.000 |
| unet_demand_to_first_forward_ms | 1 | 946.574 | 946.574 | 946.574 | 946.574 |
| cpu_page_traversal_wall_ms | 0 | unavailable | unavailable | unavailable | unavailable |
| cpu_page_traversal_gb_per_s | 0 | unavailable | unavailable | unavailable | unavailable |
| cpu_to_gpu_transfer_wall_ms | 0 | unavailable | unavailable | unavailable | unavailable |
| early_activation_total_ms | 0 | unavailable | unavailable | unavailable | unavailable |
| queue_delay_ms | 0 | unavailable | unavailable | unavailable | unavailable |
| cpu_snapshot_wait_ms | 0 | unavailable | unavailable | unavailable | unavailable |
| dtype_layout_preparation_ms | 0 | unavailable | unavailable | unavailable | unavailable |
| post_load_bookkeeping_ms | 0 | unavailable | unavailable | unavailable | unavailable |

### Pretouch

| Metric | Count | Median ms | p90 ms | Max ms | Mean ms |
|---|---:|---:|---:|---:|---:|
| pretouch_enabled | 1 | 0.000 | 0.000 | 0.000 | 0.000 |
| pretouch_effect_ms | 0 | unavailable | unavailable | unavailable | unavailable |
| pretouch_bytes | 0 | unavailable | unavailable | unavailable | unavailable |
| pretouch_touched_pages | 0 | unavailable | unavailable | unavailable | unavailable |

### Transfer / throughput

| Metric | Count | Median ms | p90 ms | Max ms | Mean ms |
|---|---:|---:|---:|---:|---:|
| output_commit_ms | 0 | unavailable | unavailable | unavailable | unavailable |
| command_to_response_ms | 1 | 115,607.800 | 115,607.800 | 115,607.800 | 115,607.800 |
| variance_bytes | 0 | unavailable | unavailable | unavailable | unavailable |
| variance_gb_per_s | 0 | unavailable | unavailable | unavailable | unavailable |
| cpu_to_gpu_transfer_wall_ms | 0 | unavailable | unavailable | unavailable | unavailable |
| cpu_to_gpu_transfer_bytes | 0 | unavailable | unavailable | unavailable | unavailable |
| cpu_to_gpu_transfer_gb_per_s | 0 | unavailable | unavailable | unavailable | unavailable |

### Bookkeeping (ms)

| Metric | Count | Median ms | p90 ms | Max ms | Mean ms |
|---|---:|---:|---:|---:|---:|
| handle_lookup_ms | 1 | 3.000 | 3.000 | 3.000 | 3.000 |
| plan_build_ms | 1 | 94.000 | 94.000 | 94.000 | 94.000 |
| t3b_to_t8_ms | 1 | 9,489.873 | 9,489.873 | 9,489.873 | 9,489.873 |
| variance_process_cpu_ms | 1 | 22,780.000 | 22,780.000 | 22,780.000 | 22,780.000 |
| patcher_bookkeeping_ms | 1 | 855.799 | 855.799 | 855.799 | 855.799 |
| patch_weight_count | 1 | 451.000 | 451.000 | 451.000 | 451.000 |
| cast_count | 1 | 0.000 | 0.000 | 0.000 | 0.000 |

### Sampler wait / sampling (ms)

| Metric | Count | Median ms | p90 ms | Max ms | Mean ms |
|---|---:|---:|---:|---:|---:|
| sampler_node_to_sampler_start_ms | 0 | unavailable | unavailable | unavailable | unavailable |
| sampling_ms | 1 | 3,654.735 | 3,654.735 | 3,654.735 | 3,654.735 |
| sampling_wall_ms | 1 | 4,763.277 | 4,763.277 | 4,763.277 | 4,763.277 |
| activation_wait_ms | 1 | 948.144 | 948.144 | 948.144 | 948.144 |
| vae_decode_ms | 1 | 423.443 | 423.443 | 423.443 | 423.443 |

### Sampler activation-wait source labels

`demand_to_first_forward`

## Best-supported root cause / competing explanations / next fix

- Best-supported root cause: **transfer/throughput**
- Competing explanations: unavailable
- Next fix: Reduce transfer/throughput cost: inspect output_commit_ms and first_iteration_to_first_remote_event_ms for serialization overhead.

## Per-run inventory

### `variance-cold-p0-0-6fdbf558` / mode `variance_cold`

- Cold identity: **COLD**
  - Provider/region: `CLOUD_PROVIDER_GCP` / `us-east4`
  - Image: `im-cbQAbT653BRROc27Cm4fKu`
  - Task/container: `ta-01M012P7TS0SPFT4P29A2DSE1R` / ``
  - Container session: `efed8d4cba054180`
  - Restored instance: `1d9567969ca947da9539f0ab3aaf6edb`
  - Runtime fingerprint: `3aa0d7dec30c64724e5487e7967a3e634123ee521be817f7313114665844946e`
- Metrics: restore={restore_total_ms: 440.782, snapshot_restore_ms: 416.840, restore_gpu_state_ms: 162.333, cuda_init_ms: 79.840, reload_models_ms: 0.000, reload_runtime_state_ms: 82.053, backend_startup_ms: 20,936.830, restore_breakdown_restore_total_ms: 440.782, restore_breakdown_models_symlink_ms: 2.950, restore_breakdown_manager_offline_ms: 0.810, restore_breakdown_reload_models_ms: 0.000, restore_breakdown_reload_runtime_state_ms: 82.053, restore_breakdown_v2_startup_custom_node_source_copy_ms: 2,002.070, restore_breakdown_sync_custom_nodes_ms: 2,007.950, restore_breakdown_install_requirements_ms: 0.010, restore_breakdown_v2_startup_comfyui_path_startup_ms: 0.090, restore_breakdown_comfyui_path_setup_ms: 0.740, restore_breakdown_v2_startup_backend_startup_ms: 20,935.260, restore_breakdown_backend_startup_ms: 20,936.830, restore_breakdown_observe_generations_ms: 0.230, restore_breakdown_snapshot_restore_ms: 416.840, restore_breakdown_snapshot_callback_age_at_restore_ms: 42,014.874, restore_breakdown_restore_gpu_state_ms: 162.333, restore_breakdown_cuda_init_ms: 79.840, restore_breakdown_v2_startup_snapshot_execution_seed_ms: 3.060, restore_breakdown_initialize_cuda_ms: 79.763, restore_breakdown_snapshot_identity_checks_ms: 0.000, restore_breakdown_cpu_snapshot_retargeting_ms: 0.000, restore_breakdown_folder_warm_ms: 1,178.917, restore_breakdown: {'restore_total_ms': 440.782, 'models_symlink_ms': 2.95, 'manager_offline_ms': 0.81, 'reload_models_ms': 0.0, 'reload_runtime_state_ms': 82.053, 'v2_startup_custom_node_source_copy_ms': 2002.07, 'sync_custom_nodes_ms': 2007.95, 'install_requirements_ms': 0.01, 'v2_startup_comfyui_path_startup_ms': 0.09, 'comfyui_path_setup_ms': 0.74, 'v2_startup_backend_startup_ms': 20935.26, 'backend_startup_ms': 20936.83, 'observe_generations_ms': 0.23, 'snapshot_restore_ms': 416.84, 'snapshot_callback_age_at_restore_ms': 42014.874, 'restore_gpu_state_ms': 162.333, 'cuda_init_ms': 79.84, 'v2_startup_snapshot_execution_seed_ms': 3.06, 'initialize_cuda_ms': 79.763, 'snapshot_identity_checks_ms': 0.0, 'cpu_snapshot_retargeting_ms': 0.0, 'folder_warm_ms': 1178.917}}; page_traversal={major_faults: unavailable, minor_faults: unavailable, pagein_duration_ms: unavailable, unet_demand_to_first_forward_ms: 946.574, demand_start_present: 1.000, variance_stage_faults_major: 0, variance_stage_faults_minor: 0, cpu_page_traversal_wall_ms: unavailable, cpu_page_traversal_minor_faults: unavailable, cpu_page_traversal_major_faults: unavailable, cpu_page_traversal_bytes: unavailable, cpu_page_traversal_gb_per_s: unavailable, cpu_page_traversal_process_cpu_ms: unavailable, cpu_page_traversal_thread_cpu_ms: unavailable, cpu_to_gpu_transfer_wall_ms: unavailable, cpu_to_gpu_transfer_minor_faults: unavailable, cpu_to_gpu_transfer_major_faults: unavailable, cpu_to_gpu_transfer_bytes: unavailable, cpu_to_gpu_transfer_gb_per_s: unavailable, cpu_to_gpu_transfer_process_cpu_ms: unavailable, cpu_to_gpu_transfer_thread_cpu_ms: unavailable, activation_total_ms: 866.663, reconciliation_residual_ms: unavailable, loader_reconciliation_status: incomplete, activation_future_publication_ms: unavailable, activation_future_publication_source: unavailable, registry_setup_ms: unavailable, queue_delay_ms: unavailable, cpu_snapshot_wait_ms: unavailable, dtype_layout_preparation_ms: unavailable, post_load_bookkeeping_ms: unavailable, early_activation_total_ms: unavailable, transfer_queue_delay_ms: unavailable, synchronized_transfer_ms: unavailable, quiesce_wait_ms: unavailable, graph_activity_ms: 2,378.033, sampler_lane_wait_ms: 0.093}; pretouch={pretouch_enabled: 0, pretouch_effect_ms: unavailable, pretouch_bytes: unavailable, pretouch_total_pages: unavailable, pretouch_touched_pages: unavailable, pretouch_bytes_read: unavailable, pretouch_checksum: unavailable, pretouch_status: unavailable, pretouch_valid: False, pretouch_reason: no pretouch record}; transfer={output_commit_ms: unavailable, first_iteration_to_first_remote_event_ms: 83,574.434, command_to_response_ms: 115,607.800, wall_ms: 96,893.900, variance_bytes: unavailable, variance_gb_per_s: unavailable, variance_rss_delta_bytes: 3,039,739,904.000, cpu_to_gpu_transfer_wall_ms: unavailable, cpu_to_gpu_transfer_bytes: unavailable, cpu_to_gpu_transfer_gb_per_s: unavailable, synchronized_load_wall_ms: unavailable, synchronized_load_bytes: unavailable, synchronized_load_gb_per_s: unavailable, submission_to_remote_python_resume_ms: 83,658.178, remote_python_resume_to_restore_start_ms: 0.000, restore_to_method_entry_ms: 17.539, method_entry_to_first_remote_event_ms: unavailable, first_remote_event_to_final_result_ms: 13,114.505, pre_python_modal_scheduling_ms: 83,658.178, transfer_queue_delay_ms: unavailable, synchronized_transfer_ms: unavailable, quiesce_wait_ms: unavailable, graph_activity_ms: 2,378.033, sampler_lane_wait_ms: 0.093, quiesced_transfer_enabled: 0, quiesced_transfer_duration_ms: unavailable, quiesced_transfer_bytes: unavailable, quiesced_transfer_gb_per_s: unavailable, quiesced_transfer_process_cpu_ms: unavailable, quiesced_transfer_thread_cpu_ms: unavailable, quiesced_transfer_sample_count: unavailable, quiesced_transfer_native_threads: unavailable, quiesced_transfer_affinity: unavailable, quiesced_transfer_numa_nodes: unavailable, quiesced_transfer_current_cpu: unavailable, quiesced_thread_cpu_owners: []}; bookkeeping={handle_lookup_ms: 3.000, plan_build_ms: 94.000, generator_create_ms: 3.000, t3b_to_t8_ms: 9,489.873, variance_process_cpu_ms: 22,780.000, variance_thread_cpu_ms: 20,320.000, patcher_bookkeeping_ms: 855.799, patch_weight_count: 451.000, cast_count: 0.000}; sampler={sampler_node_to_sampler_start_ms: unavailable, sampling_ms: 3,654.735, sampling_source: sampler_ms, vae_decode_ms: 423.443, sampling_wall_ms: 4,763.277, sampling_process_cpu_ms: 5,520.000, activation_wait_ms: 948.144, activation_wait_source: demand_to_first_forward, sampler_lane_wait_ms: 0.093}; storage={storage_unique_count: 0.000, storage_raw_bytes: unavailable, storage_unsupported_count: unavailable, storage_total_bytes: unavailable, page_readiness_total_pages: unavailable, page_readiness_touched_pages: unavailable, page_readiness_bytes: unavailable, page_readiness_status: unavailable, pretouch_expected_pages: unavailable, pretouch_touched_pages: unavailable, bytes_read: unavailable, read_count: unavailable, checksum_count: unavailable}

Cannot connect to comfyregistry.
FETCH DATA from: https://raw.githubusercontent.com/ltdrdata/ComfyUI-Manager/main/custom-node-list.json[ComfyUI-Manager] Due to a network error, switching to local mode.
=> custom-node-list.json
=> cannot schedule new futures after shutdown
FETCH DATA from: C:\Users\parla\OneDrive\Documents\AI HUB\ComfyUI June Install\ComfyUI\custom_nodes\comfyui-manager\custom-node-list.json [DONE]
=== Single V2 benchmark completed ===
=== Total command-to-response time: 123.910s ===
