[v2.env_profile]
env_profile=production
thread_policy=TBASE
snapshot_model_order=O0
baseline_cpu_request=12
baseline_memory_request=32768
memory_request_mb=32768
vae_policy=v1
release_gpu_after_request=1
cpu_model_snapshot=1
native_fast_disk_unet=1
publish_restore_plan=0
vae_snapshot=1
clip_conditioning_cache=1
unet_activation_mode=late
vae_activation_mode=sampling_end
persistent_local_handle=1
full_trace=0
residency_diagnostics=0
deep_model_diag=0
pagefault_tracking=0
eviction_enabled=0
eviction_role=none
eviction_idle_seconds=0
prefill_lanes=critical
prefill_wait_for_unet=0
restore_torch_threads=none
variance_pretouch=0
volume_read_run_count=3
restore_only_app=stable-modal-comfy-v2-restore-only-shadow
restore_only_run_count=6
snapshot_exclude_unet=
=== Running V2 variance-cold benchmark - explicit opt-in ===
[v2.host] python_first_line_wall_unix_ns=1786746003070541600
{"guard": {"allow_multi_axis": false, "baseline_cpu_request": 12, "baseline_memory_request": 32768, "changed_axes": []}, "runtime_shape": {"cpu_request": 12, "malloc_arena_max": null, "memory_request": 32768, "mkl_num_threads": null, "numexpr_num_threads": null, "omp_num_threads": null, "openblas_num_threads": null, "runtime_shape_fingerprint": "f504e296c398bdcb2c4c07e2", "runtime_shape_label": null, "snapshot_model_order": "O0", "thread_policy": "TBASE", "torch_interop_threads": null, "torch_intraop_threads": null}}
[v2.variance_cold] mode=start runs=1 gap=25.0s pretouch=0 teardown=full pin_transfer=0 app=stable-modal-comfy-v2-variance-shadow
WARNING:root:WARNING: You need pytorch with cu130 or higher to use optimized CUDA operations.
[v2.harness] prompt_server_mirror instance_set=True
WARNING:root:
----------------------------------------------------------------------------
[Impact Pack] The SAM2 functionality is unavailable because the `facebook/sam2` dependency is not installed.

Installation command:
C:\Program Files\Python311\python.exe -m pip install git+https://github.com/facebookresearch/sam2
----------------------------------------------------------------------------

WARNING:root:
----------------------------------------------------------------------------
[Impact Pack] The SAM2 functionality is unavailable because the `facebook/sam2` dependency is not installed.

Installation command:
C:\Program Files\Python311\python.exe -m pip install git+https://github.com/facebookresearch/sam2
----------------------------------------------------------------------------

Package diffusers installed failed
Package diffusers installed failed
[33mModule 'diffusers' load failed. If you don't have it installed, do it:[0m
[33mpip install diffusers[0m
[34m[ComfyUI-Easy-Use] server: [0mv1.3.6 [92mLoaded[0m
[34m[ComfyUI-Easy-Use] web root: [0mC:\Users\parla\OneDrive\Documents\AI HUB\ComfyUI June Install\ComfyUI\custom_nodes\comfyui-easy-use\web_version/v2 [92mLoaded[0m
[exact_prefill.local] enabled=1 source=env
[timing_trace] module loaded __file__=C:\Users\parla\OneDrive\Documents\AI HUB\ComfyUI June Install\ComfyUI\custom_nodes\comfyui-modal\timing_trace.py TRACE_VERSION=2.0.0
[timing_trace] module directory in sys.path: C:\Users\parla\OneDrive\Documents\AI HUB\ComfyUI June Install\ComfyUI\custom_nodes\comfyui-modal
WARNING:root:Traceback (most recent call last):
  File "C:\Users\parla\OneDrive\Documents\AI HUB\ComfyUI June Install\ComfyUI\nodes.py", line 2212, in load_custom_node
    module_spec.loader.exec_module(module)
  File "<frozen importlib._bootstrap_external>", line 940, in exec_module
  File "<frozen importlib._bootstrap>", line 241, in _call_with_frames_removed
  File "C:\Users\parla\OneDrive\Documents\AI HUB\ComfyUI June Install\ComfyUI\custom_nodes\ComfyUI-SeedVR2_VideoUpscaler\__init__.py", line 7, in <module>
    from .src.interfaces import comfy_entrypoint, SeedVR2Extension
  File "C:\Users\parla\OneDrive\Documents\AI HUB\ComfyUI June Install\ComfyUI\custom_nodes\ComfyUI-SeedVR2_VideoUpscaler\src\interfaces\__init__.py", line 8, in <module>
    from .video_upscaler import SeedVR2VideoUpscaler
  File "C:\Users\parla\OneDrive\Documents\AI HUB\ComfyUI June Install\ComfyUI\custom_nodes\ComfyUI-SeedVR2_VideoUpscaler\src\interfaces\video_upscaler.py", line 10, in <module>
    from ..utils.downloads import download_weight
  File "C:\Users\parla\OneDrive\Documents\AI HUB\ComfyUI June Install\ComfyUI\custom_nodes\ComfyUI-SeedVR2_VideoUpscaler\src\utils\downloads.py", line 14, in <module>
    from .model_registry import MODEL_REGISTRY, DEFAULT_VAE
  File "C:\Users\parla\OneDrive\Documents\AI HUB\ComfyUI June Install\ComfyUI\custom_nodes\ComfyUI-SeedVR2_VideoUpscaler\src\utils\model_registry.py", line 12, in <module>
    from ..models.dit_3b.nadit import NaDiT as NaDiT3B
  File "C:\Users\parla\OneDrive\Documents\AI HUB\ComfyUI June Install\ComfyUI\custom_nodes\ComfyUI-SeedVR2_VideoUpscaler\src\models\dit_3b\nadit.py", line 24, in <module>
    from .embedding import TimeEmbedding
  File "C:\Users\parla\OneDrive\Documents\AI HUB\ComfyUI June Install\ComfyUI\custom_nodes\ComfyUI-SeedVR2_VideoUpscaler\src\models\dit_3b\embedding.py", line 17, in <module>
    from diffusers.models.embeddings import get_timestep_embedding
  File "C:\Users\parla\AppData\Roaming\Python\Python311\site-packages\diffusers\__init__.py", line 3, in <module>
    from .configuration_utils import ConfigMixin
  File "C:\Users\parla\AppData\Roaming\Python\Python311\site-packages\diffusers\configuration_utils.py", line 34, in <module>
    from .utils import DIFFUSERS_CACHE, HUGGINGFACE_CO_RESOLVE_ENDPOINT, DummyObject, deprecate, logging
  File "C:\Users\parla\AppData\Roaming\Python\Python311\site-packages\diffusers\utils\__init__.py", line 37, in <module>
    from .dynamic_modules_utils import get_class_from_dynamic_module
  File "C:\Users\parla\AppData\Roaming\Python\Python311\site-packages\diffusers\utils\dynamic_modules_utils.py", line 29, in <module>
    from huggingface_hub import HfFolder, cached_download, hf_hub_download, model_info
ImportError: cannot import name 'cached_download' from 'huggingface_hub' (C:\Users\parla\AppData\Roaming\Python\Python311\site-packages\huggingface_hub\__init__.py)

WARNING:root:Cannot import C:\Users\parla\OneDrive\Documents\AI HUB\ComfyUI June Install\ComfyUI\custom_nodes\ComfyUI-SeedVR2_VideoUpscaler module for custom nodes: cannot import name 'cached_download' from 'huggingface_hub' (C:\Users\parla\AppData\Roaming\Python\Python311\site-packages\huggingface_hub\__init__.py)
[36;20m[C:\Users\parla\OneDrive\Documents\AI HUB\ComfyUI June Install\ComfyUI\custom_nodes\comfyui_controlnet_aux] | INFO -> Using ckpts path: C:\Users\parla\OneDrive\Documents\AI HUB\ComfyUI June Install\ComfyUI\custom_nodes\comfyui_controlnet_aux\ckpts[0m
[36;20m[C:\Users\parla\OneDrive\Documents\AI HUB\ComfyUI June Install\ComfyUI\custom_nodes\comfyui_controlnet_aux] | INFO -> Using symlinks: False[0m
[36;20m[C:\Users\parla\OneDrive\Documents\AI HUB\ComfyUI June Install\ComfyUI\custom_nodes\comfyui_controlnet_aux] | INFO -> Using ort providers: ['CUDAExecutionProvider', 'DirectMLExecutionProvider', 'OpenVINOExecutionProvider', 'ROCMExecutionProvider', 'CPUExecutionProvider', 'CoreMLExecutionProvider'][0m
C:\Users\parla\OneDrive\Documents\AI HUB\ComfyUI June Install\ComfyUI\custom_nodes\comfyui_controlnet_aux\node_wrappers\dwpose.py:26: UserWarning: DWPose: Onnxruntime not found or doesn't come with acceleration providers, switch to OpenCV with CPU device. DWPose might run very slowly
  warnings.warn("DWPose: Onnxruntime not found or doesn't come with acceleration providers, switch to OpenCV with CPU device. DWPose might run very slowly")
WARNING:root:Traceback (most recent call last):
  File "C:\Users\parla\OneDrive\Documents\AI HUB\ComfyUI June Install\ComfyUI\nodes.py", line 2212, in load_custom_node
    module_spec.loader.exec_module(module)
  File "<frozen importlib._bootstrap_external>", line 940, in exec_module
  File "<frozen importlib._bootstrap>", line 241, in _call_with_frames_removed
  File "C:\Users\parla\OneDrive\Documents\AI HUB\ComfyUI June Install\ComfyUI\custom_nodes\comfyui_fill-nodes\__init__.py", line 2, in <module>
    from .nodes.ai.FL_Fal_Gemini_ImageEdit import FL_Fal_Gemini_ImageEdit
  File "C:\Users\parla\OneDrive\Documents\AI HUB\ComfyUI June Install\ComfyUI\custom_nodes\comfyui_fill-nodes\nodes\ai\FL_Fal_Gemini_ImageEdit.py", line 10, in <module>
    import fal_client
ModuleNotFoundError: No module named 'fal_client'

WARNING:root:Cannot import C:\Users\parla\OneDrive\Documents\AI HUB\ComfyUI June Install\ComfyUI\custom_nodes\comfyui_fill-nodes module for custom nodes: No module named 'fal_client'
WARNING:root:Traceback (most recent call last):
  File "C:\Users\parla\OneDrive\Documents\AI HUB\ComfyUI June Install\ComfyUI\nodes.py", line 2212, in load_custom_node
    module_spec.loader.exec_module(module)
  File "<frozen importlib._bootstrap_external>", line 940, in exec_module
  File "<frozen importlib._bootstrap>", line 241, in _call_with_frames_removed
  File "C:\Users\parla\OneDrive\Documents\AI HUB\ComfyUI June Install\ComfyUI\custom_nodes\comfyui_sam3\__init__.py", line 11, in <module>
    from .src.comfyui_sam3.nodes import NODE_CLASS_MAPPINGS
  File "C:\Users\parla\OneDrive\Documents\AI HUB\ComfyUI June Install\ComfyUI\custom_nodes\comfyui_sam3\src\comfyui_sam3\nodes.py", line 6, in <module>
    from sam3.model_builder import build_sam3_image_model, build_sam3_video_model
ModuleNotFoundError: No module named 'sam3'

WARNING:root:Cannot import C:\Users\parla\OneDrive\Documents\AI HUB\ComfyUI June Install\ComfyUI\custom_nodes\comfyui_sam3 module for custom nodes: No module named 'sam3'
WARNING:root:Traceback (most recent call last):
  File "C:\Users\parla\OneDrive\Documents\AI HUB\ComfyUI June Install\ComfyUI\nodes.py", line 2212, in load_custom_node
    module_spec.loader.exec_module(module)
  File "<frozen importlib._bootstrap_external>", line 936, in exec_module
  File "<frozen importlib._bootstrap_external>", line 1073, in get_code
  File "<frozen importlib._bootstrap_external>", line 1130, in get_data
FileNotFoundError: [Errno 2] No such file or directory: 'C:\\Users\\parla\\OneDrive\\Documents\\AI HUB\\ComfyUI June Install\\ComfyUI\\custom_nodes\\comyui-modal-pagesfile-probe\\__init__.py'

WARNING:root:Cannot import C:\Users\parla\OneDrive\Documents\AI HUB\ComfyUI June Install\ComfyUI\custom_nodes\comyui-modal-pagesfile-probe module for custom nodes: [Errno 2] No such file or directory: 'C:\\Users\\parla\\OneDrive\\Documents\\AI HUB\\ComfyUI June Install\\ComfyUI\\custom_nodes\\comyui-modal-pagesfile-probe\\__init__.py'
[comfyui-modal] Routes registered: /comfymodal/prompt, /comfymodal/model/install, /comfymodal/models/batch-install, /comfymodal/models/inject, /comfymodal/models/inject-all, /comfymodal/health, /comfymodal/object_info, /comfymodal/cancel/{id}, /comfymodal/models, /comfymodal/sync/status, /comfymodal/sync/models, /comfymodal/sync/custom-nodes, /comfymodal/runtime/resync, /comfymodal/runtime/state, /comfymodal/comparison/*, /comfymodal/experiments/*, /comfymodal/presets/*, /comfymodal/assets/{id}, /comfymodal/run-history/*, /comfymodal/deploy-warmup/*, /comfymodal/history/*, /comfymodal/history-v2/feed, /comfymodal/history-v2/generations/{id}/*, /comfymodal/history-v2/experiments/{id}/*, /comfymodal/history-v2/assets/{id}
[exact_prefill.local] enabled=1 source=env
[comfyui-modal] Routes registered: /comfymodal/prompt, /comfymodal/model/install, /comfymodal/models/batch-install, /comfymodal/models/inject, /comfymodal/models/inject-all, /comfymodal/health, /comfymodal/object_info, /comfymodal/cancel/{id}, /comfymodal/models, /comfymodal/sync/status, /comfymodal/sync/models, /comfymodal/sync/custom-nodes, /comfymodal/runtime/resync, /comfymodal/runtime/state, /comfymodal/comparison/*, /comfymodal/experiments/*, /comfymodal/presets/*, /comfymodal/assets/{id}, /comfymodal/run-history/*, /comfymodal/deploy-warmup/*
[exact_prefill.local] enabled=1 source=env
[comfyui-modal] Routes registered: /comfymodal/prompt, /comfymodal/model/install, /comfymodal/models/batch-install, /comfymodal/models/inject, /comfymodal/models/inject-all, /comfymodal/health, /comfymodal/object_info, /comfymodal/cancel/{id}, /comfymodal/models, /comfymodal/sync/status, /comfymodal/sync/models, /comfymodal/sync/custom-nodes, /comfymodal/runtime/resync, /comfymodal/runtime/state, /comfymodal/comparison/*, /comfymodal/experiments/*, /comfymodal/presets/*, /comfymodal/assets/{id}, /comfymodal/run-history/*, /comfymodal/deploy-warmup/*
[exact_prefill.local] enabled=1 source=env
[comfyui-modal] Routes registered: /comfymodal/prompt, /comfymodal/model/install, /comfymodal/models/batch-install, /comfymodal/models/inject, /comfymodal/models/inject-all, /comfymodal/health, /comfymodal/object_info, /comfymodal/cancel/{id}, /comfymodal/models, /comfymodal/sync/status, /comfymodal/sync/models, /comfymodal/sync/custom-nodes, /comfymodal/runtime/resync, /comfymodal/runtime/state, /comfymodal/comparison/*, /comfymodal/experiments/*, /comfymodal/presets/*, /comfymodal/assets/{id}, /comfymodal/run-history/*, /comfymodal/deploy-warmup/*
[exact_prefill.local] enabled=1 source=env
[comfyui-modal] Routes registered: /comfymodal/prompt, /comfymodal/model/install, /comfymodal/models/batch-install, /comfymodal/models/inject, /comfymodal/models/inject-all, /comfymodal/health, /comfymodal/object_info, /comfymodal/cancel/{id}, /comfymodal/models, /comfymodal/sync/status, /comfymodal/sync/models, /comfymodal/sync/custom-nodes, /comfymodal/runtime/resync, /comfymodal/runtime/state, /comfymodal/comparison/*, /comfymodal/experiments/*, /comfymodal/presets/*, /comfymodal/assets/{id}, /comfymodal/run-history/*, /comfymodal/deploy-warmup/*, /comfymodal/history/*
[exact_prefill.local] enabled=1 source=env
[comfyui-modal] Routes registered: /comfymodal/prompt, /comfymodal/model/install, /comfymodal/models/batch-install, /comfymodal/models/inject, /comfymodal/models/inject-all, /comfymodal/health, /comfymodal/object_info, /comfymodal/cancel/{id}, /comfymodal/models, /comfymodal/sync/status, /comfymodal/sync/models, /comfymodal/sync/custom-nodes, /comfymodal/runtime/resync, /comfymodal/runtime/state, /comfymodal/comparison/*, /comfymodal/experiments/*, /comfymodal/presets/*, /comfymodal/assets/{id}, /comfymodal/run-history/*, /comfymodal/deploy-warmup/*, /comfymodal/history/*
[exact_prefill.local] enabled=1 source=env
[comfyui-modal] Routes registered: /comfymodal/prompt, /comfymodal/model/install, /comfymodal/models/batch-install, /comfymodal/models/inject, /comfymodal/models/inject-all, /comfymodal/health, /comfymodal/object_info, /comfymodal/cancel/{id}, /comfymodal/models, /comfymodal/sync/status, /comfymodal/sync/models, /comfymodal/sync/custom-nodes, /comfymodal/runtime/resync, /comfymodal/runtime/state, /comfymodal/comparison/*, /comfymodal/experiments/*, /comfymodal/presets/*, /comfymodal/assets/{id}, /comfymodal/run-history/*, /comfymodal/deploy-warmup/*
[exact_prefill.local] enabled=1 source=env
[comfyui-modal] Routes registered: /comfymodal/prompt, /comfymodal/model/install, /comfymodal/models/batch-install, /comfymodal/models/inject, /comfymodal/models/inject-all, /comfymodal/health, /comfymodal/object_info, /comfymodal/cancel/{id}, /comfymodal/models, /comfymodal/sync/status, /comfymodal/sync/models, /comfymodal/sync/custom-nodes, /comfymodal/runtime/resync, /comfymodal/runtime/state, /comfymodal/comparison/*, /comfymodal/experiments/*, /comfymodal/presets/*, /comfymodal/assets/{id}, /comfymodal/run-history/*, /comfymodal/deploy-warmup/*, /comfymodal/history/*
[exact_prefill.local] enabled=1 source=env
[comfyui-modal] Routes registered: /comfymodal/prompt, /comfymodal/model/install, /comfymodal/models/batch-install, /comfymodal/models/inject, /comfymodal/models/inject-all, /comfymodal/health, /comfymodal/object_info, /comfymodal/cancel/{id}, /comfymodal/models, /comfymodal/sync/status, /comfymodal/sync/models, /comfymodal/sync/custom-nodes, /comfymodal/runtime/resync, /comfymodal/runtime/state, /comfymodal/comparison/*, /comfymodal/experiments/*, /comfymodal/presets/*, /comfymodal/assets/{id}, /comfymodal/run-history/*, /comfymodal/deploy-warmup/*, /comfymodal/history/*
[exact_prefill.local] enabled=1 source=env
[comfyui-modal] Routes registered: /comfymodal/prompt, /comfymodal/model/install, /comfymodal/models/batch-install, /comfymodal/models/inject, /comfymodal/models/inject-all, /comfymodal/health, /comfymodal/object_info, /comfymodal/cancel/{id}, /comfymodal/models, /comfymodal/sync/status, /comfymodal/sync/models, /comfymodal/sync/custom-nodes, /comfymodal/runtime/resync, /comfymodal/runtime/state, /comfymodal/comparison/*, /comfymodal/experiments/*, /comfymodal/presets/*, /comfymodal/assets/{id}, /comfymodal/run-history/*, /comfymodal/deploy-warmup/*, /comfymodal/history/*
[exact_prefill.local] enabled=1 source=env
[comfyui-modal] Routes registered: /comfymodal/prompt, /comfymodal/model/install, /comfymodal/models/batch-install, /comfymodal/models/inject, /comfymodal/models/inject-all, /comfymodal/health, /comfymodal/object_info, /comfymodal/cancel/{id}, /comfymodal/models, /comfymodal/sync/status, /comfymodal/sync/models, /comfymodal/sync/custom-nodes, /comfymodal/runtime/resync, /comfymodal/runtime/state, /comfymodal/comparison/*, /comfymodal/experiments/*, /comfymodal/presets/*, /comfymodal/assets/{id}, /comfymodal/run-history/*, /comfymodal/deploy-warmup/*, /comfymodal/history/*
[exact_prefill.local] enabled=1 source=env
[comfyui-modal] Routes registered: /comfymodal/prompt, /comfymodal/model/install, /comfymodal/models/batch-install, /comfymodal/models/inject, /comfymodal/models/inject-all, /comfymodal/health, /comfymodal/object_info, /comfymodal/cancel/{id}, /comfymodal/models, /comfymodal/sync/status, /comfymodal/sync/models, /comfymodal/sync/custom-nodes, /comfymodal/runtime/resync, /comfymodal/runtime/state, /comfymodal/comparison/*, /comfymodal/experiments/*, /comfymodal/presets/*, /comfymodal/assets/{id}, /comfymodal/run-history/*, /comfymodal/deploy-warmup/*, /comfymodal/history/*
[exact_prefill.local] enabled=1 source=env
[comfyui-modal] Routes registered: /comfymodal/prompt, /comfymodal/model/install, /comfymodal/models/batch-install, /comfymodal/models/inject, /comfymodal/models/inject-all, /comfymodal/health, /comfymodal/object_info, /comfymodal/cancel/{id}, /comfymodal/models, /comfymodal/sync/status, /comfymodal/sync/models, /comfymodal/sync/custom-nodes, /comfymodal/runtime/resync, /comfymodal/runtime/state, /comfymodal/comparison/*, /comfymodal/experiments/*, /comfymodal/presets/*, /comfymodal/assets/{id}, /comfymodal/run-history/*, /comfymodal/deploy-warmup/*, /comfymodal/history/*
[exact_prefill.local] enabled=1 source=env
[comfyui-modal] Routes registered: /comfymodal/prompt, /comfymodal/model/install, /comfymodal/models/batch-install, /comfymodal/models/inject, /comfymodal/models/inject-all, /comfymodal/health, /comfymodal/object_info, /comfymodal/cancel/{id}, /comfymodal/models, /comfymodal/sync/status, /comfymodal/sync/models, /comfymodal/sync/custom-nodes, /comfymodal/runtime/resync, /comfymodal/runtime/state, /comfymodal/comparison/*, /comfymodal/experiments/*, /comfymodal/presets/*, /comfymodal/assets/{id}, /comfymodal/run-history/*, /comfymodal/deploy-warmup/*, /comfymodal/history/*
[exact_prefill.local] enabled=1 source=env
[comfyui-modal] Routes registered: /comfymodal/prompt, /comfymodal/model/install, /comfymodal/models/batch-install, /comfymodal/models/inject, /comfymodal/models/inject-all, /comfymodal/health, /comfymodal/object_info, /comfymodal/cancel/{id}, /comfymodal/models, /comfymodal/sync/status, /comfymodal/sync/models, /comfymodal/sync/custom-nodes, /comfymodal/runtime/resync, /comfymodal/runtime/state, /comfymodal/comparison/*, /comfymodal/experiments/*, /comfymodal/presets/*, /comfymodal/assets/{id}, /comfymodal/run-history/*, /comfymodal/deploy-warmup/*, /comfymodal/history/*
[exact_prefill.local] enabled=1 source=env
[comfyui-modal] Routes registered: /comfymodal/prompt, /comfymodal/model/install, /comfymodal/models/batch-install, /comfymodal/models/inject, /comfymodal/models/inject-all, /comfymodal/health, /comfymodal/object_info, /comfymodal/cancel/{id}, /comfymodal/models, /comfymodal/sync/status, /comfymodal/sync/models, /comfymodal/sync/custom-nodes, /comfymodal/runtime/resync, /comfymodal/runtime/state, /comfymodal/comparison/*, /comfymodal/experiments/*, /comfymodal/presets/*, /comfymodal/assets/{id}, /comfymodal/run-history/*, /comfymodal/deploy-warmup/*, /comfymodal/history/*
[exact_prefill.local] enabled=1 source=env
[comfyui-modal] Routes registered: /comfymodal/prompt, /comfymodal/model/install, /comfymodal/models/batch-install, /comfymodal/models/inject, /comfymodal/models/inject-all, /comfymodal/health, /comfymodal/object_info, /comfymodal/cancel/{id}, /comfymodal/models, /comfymodal/sync/status, /comfymodal/sync/models, /comfymodal/sync/custom-nodes, /comfymodal/runtime/resync, /comfymodal/runtime/state, /comfymodal/comparison/*, /comfymodal/experiments/*, /comfymodal/presets/*, /comfymodal/assets/{id}, /comfymodal/run-history/*, /comfymodal/deploy-warmup/*, /comfymodal/history/*
[exact_prefill.local] enabled=1 source=env
[comfyui-modal] Routes registered: /comfymodal/prompt, /comfymodal/model/install, /comfymodal/models/batch-install, /comfymodal/models/inject, /comfymodal/models/inject-all, /comfymodal/health, /comfymodal/object_info, /comfymodal/cancel/{id}, /comfymodal/models, /comfymodal/sync/status, /comfymodal/sync/models, /comfymodal/sync/custom-nodes, /comfymodal/runtime/resync, /comfymodal/runtime/state, /comfymodal/comparison/*, /comfymodal/experiments/*, /comfymodal/presets/*, /comfymodal/assets/{id}, /comfymodal/run-history/*, /comfymodal/deploy-warmup/*, /comfymodal/history/*
⚠️  SeedVR2 optimizations check: SageAttention ❌ | Flash Attention ❌ | Triton ❌
💡 For best performance: pip install sageattention flash-attn triton
📊 Initial CUDA memory: 6.91GB free / 8.00GB total
### ComfyUI-Workflow-Encrypt: Copy .js from 'C:\Users\parla\OneDrive\Documents\AI HUB\ComfyUI June Install\ComfyUI\custom_nodes\comfyui-workflow-encrypt\js\comfyui-workflow-encrypt.js' to 'C:\Users\parla\OneDrive\Documents\AI HUB\ComfyUI June Install\ComfyUI\web\extensions\comfyui-workflow-encrypt'
# 😺dzNodes: LayerStyle -> [1;33mCannot import name 'guidedFilter' from 'cv2.ximgproc'
A few nodes cannot works properly, while most nodes are not affected. Please REINSTALL package 'opencv-contrib-python'.
For detail refer to [4mhttps://github.com/chflame163/ComfyUI_LayerStyle/issues/5[0m[m
(RES4LYF) Init
(RES4LYF) Importing beta samplers.
(RES4LYF) Importing legacy samplers.

[92m[rgthree-comfy] Loaded 48 fantastic nodes. 🎉[0m

[33m[rgthree-comfy] ComfyUI's new Node 2.0 rendering may be incompatible with some rgthree-comfy nodes and features, breaking some rendering as well as losing the ability to access a node's properties (a vital part of many nodes). It also appears to run MUCH more slowly spiking CPU usage and causing jankiness and unresponsiveness, especially with large workflows. Personally I am not planning to use the new Nodes 2.0 and, unfortunately, am not able to invest the time to investigate and overhaul rgthree-comfy where needed. If you have issues when Nodes 2.0 is enabled, I'd urge you to switch it off as well and join me in hoping ComfyUI is not planning to deprecate the existing, stable canvas rendering all together.
[0m
[v2.harness] production_output_registered output=True comparer=True
[v2.harness] node_registry_initialized classes=2192
[critical_path.flags] critical_path=1 unet_phase=1 validation_phase=1 coordinator=0 coordinator_diag=1 source=module_import
[v2.plan_proof] schema=1 payload=yes validated=True outputs=2 wf_hash=2e43d4c0ba3b82c0 dep_complete=True reg_proof=1 memo=miss
cpu_snapshot_unet_mode=reuse
[v2.benchmark] phase=execute_plan_start
[v2.restore_publish] skipped reason=flag_disabled
[v2.seed_build] source=invocation_plan schema=2 topology_available=1 persisted=1 workflow_hash=2e43d4c0ba3b82c0 loader_nodes=3 sampler_nodes=1 reachable_nodes=43 static_signatures=43
[v2.local_submission_breakdown.pre_dispatch] request_id=v2-benchmark-0-8b2f67cb08f0 local_receive_to_worker_start_ms=25797.0 worker_start_to_normalize_start_ms=0.0 normalize_production_options_ms=0.0 normalize_end_to_trace_construct_start_ms=0.0 runtime_trace_construct_ms=0.0 trace_construct_to_options_copy_start_ms=0.0 benchmark_options_copy_ms=0.0 options_copy_to_client_id_start_ms=0.0 client_id_generation_ms=0.0 client_id_end_to_plan_call_ms=0.0 plan_call_to_function_entry_ms=0.0 worker_start_to_plan_build_ms=0.0 local_receive_to_plan_build_start_ms=25797.0 worker_queue_ms=0.0 plan_build_ms=125.0 plan_build_to_execute_plan_entry_ms=0.0 execute_plan_entry_to_plan_materialization_ms=0.0 plan_materialization_ms=0.0 plan_materialization_to_active_profile_ms=0.0 active_profile_ms=0.0 restore_plan_build_ms=absent restore_publish_ms=absent restore_publish_to_transport_entry_ms=absent transport_entry_to_handle_lookup_ms=0.0 handle_lookup_ms=absent payload_materialization_ms=0.0 payload_size_measurement_ms=0.0 payload_size_to_serialize_end_ms=0.0 payload_ready_to_modal_call_ms=0.0 local_receive_to_modal_call_ms=25938.0 generator_create_ms=absent generator_created_to_first_iteration_ms=absent local_receive_to_actual_submission_ms=absent measured_children_ms=absent residual_ms=absent reconciliation_status=incomplete profile_cache_hit=True profile_remote_call_performed=False profile_checker_matched=False restore_publish_cache_hit=absent restore_remote_call_performed=absent handle_cache_hit=absent plan_to_dict_count=1 payload_bytes=20564 active_profile_local_ms=0.0 active_profile_cache_lookup_ms=0.007 active_profile_checker_ms=0.0 active_profile_setter_ms=0.0 active_profile_total_ms=0.007 created_modal_client=False performed_cls_from_name=False constructed_class_instance=False input_image_count=0 workflow_node_count=43 unmeasured_boundary=absent
[v2.local_handle] owner_ready pid=19496
[v2.local_handle] decision=persistent_hit
FETCH ComfyRegistry Data: 5/172
FETCH ComfyRegistry Data: 10/172
FETCH ComfyRegistry Data: 15/172
FETCH ComfyRegistry Data: 20/172
FETCH ComfyRegistry Data: 25/172
FETCH ComfyRegistry Data: 30/172
FETCH ComfyRegistry Data: 35/172
FETCH ComfyRegistry Data: 40/172
FETCH ComfyRegistry Data: 45/172
FETCH ComfyRegistry Data: 50/172
FETCH ComfyRegistry Data: 55/172
FETCH ComfyRegistry Data: 60/172
FETCH ComfyRegistry Data: 65/172
FETCH ComfyRegistry Data: 70/172
FETCH ComfyRegistry Data: 75/172
FETCH ComfyRegistry Data: 80/172
FETCH ComfyRegistry Data: 85/172
FETCH ComfyRegistry Data: 90/172
FETCH ComfyRegistry Data: 95/172
FETCH ComfyRegistry Data: 100/172
FETCH ComfyRegistry Data: 105/172
FETCH ComfyRegistry Data: 110/172
FETCH ComfyRegistry Data: 115/172
FETCH ComfyRegistry Data: 120/172
FETCH ComfyRegistry Data: 125/172
FETCH ComfyRegistry Data: 130/172
FETCH ComfyRegistry Data: 135/172
[v2.local_submission_breakdown] request_id=v2-benchmark-0-8b2f67cb08f0 local_receive_to_worker_start_ms=25797.0 worker_start_to_normalize_start_ms=0.0 normalize_production_options_ms=0.0 normalize_end_to_trace_construct_start_ms=0.0 runtime_trace_construct_ms=0.0 trace_construct_to_options_copy_start_ms=0.0 benchmark_options_copy_ms=0.0 options_copy_to_client_id_start_ms=0.0 client_id_generation_ms=0.0 client_id_end_to_plan_call_ms=0.0 plan_call_to_function_entry_ms=0.0 worker_start_to_plan_build_ms=0.0 local_receive_to_plan_build_start_ms=25797.0 worker_queue_ms=0.0 plan_build_ms=125.0 plan_build_to_execute_plan_entry_ms=0.0 execute_plan_entry_to_plan_materialization_ms=0.0 plan_materialization_ms=0.0 plan_materialization_to_active_profile_ms=0.0 active_profile_ms=0.0 restore_plan_build_ms=absent restore_publish_ms=absent restore_publish_to_transport_entry_ms=absent transport_entry_to_handle_lookup_ms=0.0 handle_lookup_ms=0.0 payload_materialization_ms=0.0 payload_size_measurement_ms=0.0 payload_size_to_serialize_end_ms=0.0 payload_ready_to_modal_call_ms=0.0 local_receive_to_modal_call_ms=25938.0 generator_create_ms=0.0 generator_created_to_first_iteration_ms=invalid_negative local_receive_to_actual_submission_ms=25938.0 measured_children_ms=absent residual_ms=absent reconciliation_status=overlap profile_cache_hit=True profile_remote_call_performed=False profile_checker_matched=False restore_publish_cache_hit=absent restore_remote_call_performed=absent handle_cache_hit=absent plan_to_dict_count=1 payload_bytes=20564 active_profile_local_ms=0.0 active_profile_cache_lookup_ms=0.007 active_profile_checker_ms=0.0 active_profile_setter_ms=0.0 active_profile_total_ms=0.007 created_modal_client=False performed_cls_from_name=False constructed_class_instance=False input_image_count=0 workflow_node_count=43 unmeasured_boundary=absent
FETCH ComfyRegistry Data: 140/172
FETCH ComfyRegistry Data: 145/172
FETCH ComfyRegistry Data: 150/172
FETCH ComfyRegistry Data: 155/172
[v2.request_origin] request_id=v2-benchmark-0-8b2f67cb08f0 trigger_source=benchmark local_prompt_enqueued_unix_ns=None local_prompt_ack_ready_unix_ns=None modal_generator_created_unix_ns=1786746029439473300 modal_submission_attempt_unix_ns=1786746029439473300 modal_first_event_received_unix_ns=1786746116205642600 modal_first_iteration_start_unix_ns=1786746029439473300 modal_first_remote_event_unix_ns=1786746116205642600 dispatch_to_modal_entry_ms=87199.944 local_receive_to_actual_submission_ms=25938.0 local_receive_to_result_return_ms=127741.174 t0_to_t1_ms=0.681 t1_to_queue_enqueue_ms=None local_receive_to_enqueue_ms=None queue_wait_before_worker_ms=None plan_build_ms=125.0 active_profile_ms=0.0 handle_lookup_ms=0.0 payload_serialize_ms=0.0 local_residual_ms=0.0 clock_reconciliation_residual_ms=0.0 route_unattributed_ms=None worker_unattributed_ms=None reconciliation_status=incomplete missing_stages=local_receive_to_enqueue_ms overlap_error= modal_input_id=in-01M015SJB555CBSPECVNHW90BW:1786746030437-0 trigger_to_local_receive_ms=0.681 local_receive_to_generator_create_start_ms=25925.793 generator_create_ms=4.0 generator_created_to_first_iteration_ms=0.0 first_iteration_to_first_remote_event_ms=86766.169 remote_python_resume_to_restore_start_ms=0.0 restore_method_ms=1081.45 restore_end_to_modal_method_entry_ms=15.609 modal_method_entry_to_executor_ms=1208.455 submission_to_remote_python_resume_ms=86102.885 unexplained_pre_remote_ms=86766.169
[v2.remote_request_origin] request_id=v2-benchmark-0-8b2f67cb08f0 trigger_source=benchmark ui_trigger_unix_ms=1786746003509 local_receive_wall_unix_ns=1786746003509680896 local_receive_mono_ns=202128062000000 modal_generator_create_start_wall_unix_ns=1786746029435473600 modal_generator_create_start_mono_ns=202154000000000 modal_generator_created_wall_unix_ns=1786746029439473300 modal_generator_created_mono_ns=202154000000000 modal_first_iteration_start_wall_unix_ns=1786746029439473300 modal_first_iteration_start_mono_ns=202154000000000 modal_submission_attempt_wall_unix_ns=1786746029439473300 modal_submission_attempt_mono_ns=202154000000000 modal_first_remote_event_wall_unix_ns=1786746116205642600 modal_first_remote_event_mono_ns=202240765000000 modal_submission_boundary_source=first_iteration_proxy remote_python_resume_wall_unix_ns=1786746115542358016 restore_method_start_wall_unix_ns=1786746115542358016 restore_method_end_wall_unix_ns=1786746116623808512 modal_method_entry_wall_unix_ns=1786746116639417344 prompt_executor_invoke_start_wall_unix_ns=1786746117847872768 trigger_to_local_receive_ms=0.681 local_receive_to_generator_create_start_ms=25925.793 generator_create_ms=4.0 generator_created_to_first_iteration_ms=0.0 first_iteration_to_first_remote_event_ms=86766.169 remote_python_resume_to_restore_start_ms=0.0 restore_method_ms=1081.45 restore_end_to_modal_method_entry_ms=15.609 modal_method_entry_to_executor_ms=1208.455 submission_to_remote_python_resume_ms=86102.885 unexplained_pre_remote_ms=86766.169 modal_input_id=in-01M015SJB555CBSPECVNHW90BW:1786746030437-0
[v2.local_submission_breakdown.final] request_id=v2-benchmark-0-8b2f67cb08f0 local_receive_to_worker_start_ms=25797.0 worker_start_to_normalize_start_ms=0.0 normalize_production_options_ms=0.0 normalize_end_to_trace_construct_start_ms=0.0 runtime_trace_construct_ms=0.0 trace_construct_to_options_copy_start_ms=0.0 benchmark_options_copy_ms=0.0 options_copy_to_client_id_start_ms=0.0 client_id_generation_ms=0.0 client_id_end_to_plan_call_ms=0.0 plan_call_to_function_entry_ms=0.0 worker_start_to_plan_build_ms=0.0 local_receive_to_plan_build_start_ms=25797.0 worker_queue_ms=0.0 plan_build_ms=125.0 plan_build_to_execute_plan_entry_ms=0.0 execute_plan_entry_to_plan_materialization_ms=0.0 plan_materialization_ms=0.0 plan_materialization_to_active_profile_ms=0.0 active_profile_ms=0.0 restore_plan_build_ms=absent restore_publish_ms=absent restore_publish_to_transport_entry_ms=absent transport_entry_to_handle_lookup_ms=0.0 handle_lookup_ms=0.0 payload_materialization_ms=0.0 payload_size_measurement_ms=0.0 payload_size_to_serialize_end_ms=0.0 payload_ready_to_modal_call_ms=0.0 local_receive_to_modal_call_ms=25938.0 generator_create_ms=0.0 generator_created_to_first_iteration_ms=invalid_negative local_receive_to_actual_submission_ms=25938.0 measured_children_ms=absent residual_ms=absent reconciliation_status=overlap profile_cache_hit=True profile_remote_call_performed=False profile_checker_matched=False restore_publish_cache_hit=absent restore_remote_call_performed=absent handle_cache_hit=absent plan_to_dict_count=1 payload_bytes=20564 active_profile_local_ms=0.0 active_profile_cache_lookup_ms=0.007 active_profile_checker_ms=0.0 active_profile_setter_ms=0.0 active_profile_total_ms=0.007 created_modal_client=False performed_cls_from_name=False constructed_class_instance=False input_image_count=0 workflow_node_count=43 unmeasured_boundary=absent modal_submission_attempt_unix_ns=1786746029439473300 modal_generator_created_unix_ns=1786746029439473300 modal_first_iteration_start_unix_ns=1786746029439473300 modal_first_remote_event_unix_ns=1786746116205642600 dispatch_to_modal_entry_ms=87199.944 local_receive_to_actual_submission_ms=25938.0 local_receive_to_result_return_ms=127741.174
FETCH ComfyRegistry Data: 160/172
WATERFALL RECONCILIATION (local rebuild) replaced remote PARTIAL report with the full host-reconciled report
WATERFALL RECONCILIATION (local rebuild)
  command_to_response_ms            128412.9
  top_level_accounted_ms            17470.6
  global_residual_ms                2.7
  global_residual_pct               0.0
  reconciliation_status             OK
  controllable_application_wall_ms  15723.8
  platform_wall_ms                  86102.9
  modal_restore_begin_unavailable   no
  OLD vs NEW accounted_ms 15723.8 -> 17470.6 | residual_ms 2.7 -> 2.7
production_adjusted_total_wall_ms=18290.624
[v2.experiment] saved=C:\Users\parla\OneDrive\Documents\AI HUB\ComfyUI June Install\ComfyUI\comfymodal-data\benchmarks\runs\v2_2026-08-14_22-20-03\run_001_sample.json
{"run_index": 0, "request_id": "v2-benchmark-0-8b2f67cb08f0", "identity": {"app_name": "stable-modal-comfy-v2-variance-shadow", "class_name": "ModalRuntimeEntrypoint", "method_name": "run_plan_stream", "gpu": ["RTX-PRO-6000"], "cpu": 12, "memory_mb": 32768, "fingerprint": "26882022799db5c8731c248d693cc3870e59d60bcb4ecab853a2a490df701d95", "runtime_shape": {"thread_policy": "TBASE", "torch_intraop_threads": null, "torch_interop_threads": null, "omp_num_threads": null, "mkl_num_threads": null, "openblas_num_threads": null, "numexpr_num_threads": null, "malloc_arena_max": null, "snapshot_model_order": "O0", "cpu_request": 12, "memory_request": 32768, "runtime_shape_fingerprint": "f504e296c398bdcb2c4c07e2", "runtime_shape_label": null}, "runtime_shape_fingerprint": "f504e296c398bdcb2c4c07e2", "runtime_shape_label": null, "stored_snapshot_model_order": "O0", "restore_count": 1, "request_count": 1, "restored_instance_id": "e79060dc3e74442b9e05eb19af6cc483", "restore_session_id": "0ba8891291e64a9aa91f97b2dbb617be", "container_task_id": "ta-01M015SK65EBEEMNEPFPW3DGJR", "modal_container_id": "", "image_id": "im-a2IIJylwwXvbZWobiJofec", "cloud": "CLOUD_PROVIDER_GCP", "region": "us-east4", "modal_input_id": "in-01M015SJB555CBSPECVNHW90BW:1786746030437-0", "container_session_id": "74aa5717dfed4bf7"}, "runtime_shape": {"requested": {"thread_policy": "TBASE", "torch_intraop_threads": null, "torch_interop_threads": null, "omp_num_threads": null, "mkl_num_threads": null, "openblas_num_threads": null, "numexpr_num_threads": null, "malloc_arena_max": null, "snapshot_model_order": "O0", "cpu_request": 12, "memory_request": 32768, "runtime_shape_fingerprint": "f504e296c398bdcb2c4c07e2", "runtime_shape_label": null}, "deployed": {"thread_policy": "TBASE", "torch_intraop_threads": null, "torch_interop_threads": null, "omp_num_threads": null, "mkl_num_threads": null, "openblas_num_threads": null, "numexpr_num_threads": null, "malloc_arena_max": null, "snapshot_model_order": "O0", "cpu_request": 12, "memory_request": 32768, "runtime_shape_fingerprint": "f504e296c398bdcb2c4c07e2", "runtime_shape_label": null}, "observed": {"stage": "request_entry", "runtime_shape_fingerprint": "f504e296c398bdcb2c4c07e2", "runtime_shape_label": null, "thread_policy": "TBASE", "snapshot_model_order": "O0", "cpu_request": 12, "memory_request": 32768, "native_thread_count": 51, "configured_omp": null, "configured_mkl": null, "configured_openblas": null, "configured_numexpr": null, "malloc_arena_max": null, "native_library_settings": {"OMP_NUM_THREADS": "12", "MKL_NUM_THREADS": "12", "OPENBLAS_NUM_THREADS": "12", "NUMEXPR_NUM_THREADS": null, "MALLOC_ARENA_MAX": null}, "torch_intraop_threads": 12, "torch_interop_threads": 14, "actual_torch_intraop_threads": 12, "actual_torch_interop_threads": 14, "requested_torch_intraop_threads": null, "requested_torch_interop_threads": null, "requested_vs_actual_match": true, "status": "baseline_passthrough", "error": "", "trace_id": "f61a0fdb9cb94bde", "pid": 2, "thread_native_id": 2, "restored_instance_id": "e79060dc3e74442b9e05eb19af6cc483", "restore_session_id": "0ba8891291e64a9aa91f97b2dbb617be", "legacy_container_session_id": "74aa5717dfed4bf7", "container_task_id": "ta-01M015SK65EBEEMNEPFPW3DGJR", "modal_input_id": "in-01M015SJB555CBSPECVNHW90BW:1786746030437-0", "image_id": "im-a2IIJylwwXvbZWobiJofec", "cloud": "CLOUD_PROVIDER_GCP", "region": "us-east4", "app_name": "stable-modal-comfy-v2-variance-shadow", "class_name": "ModalRuntimeEntrypoint"}, "stored_snapshot_model_order": "O0", "snapshot_target_fingerprint": "26882022799db5c8731c248d693cc3870e59d60bcb4ecab853a2a490df701d95", "guard": {"changed_axes": [], "allow_multi_axis": false, "baseline_cpu_request": 12, "baseline_memory_request": 32768}, "construction_order_semantics": "model_construction_order_only"}, "timing": {"wall_ms": 101841.2, "handle_lookup_ms": 4.0, "submission_to_first_remote_event_ms": 86766.169, "command_to_response_ms": 128412.9, "submit2entry_ms": 87203.944, "t3b_to_t8_ms": 11799.305, "restore_total_ms": 1079.71, "pre_sampler_ms": 6673.187, "sampler_ms": 3719.513, "vae_decode_ms": 376.748, "output_collection_ms": 8.499, "snapshot_callback_age_at_restore_ms": 36995.119, "snapshot_callback_to_command_start_ms": null, "command_start_to_restore_start_ms": 112686.358, "local_timing": {"t0_to_t1_ms": 0.681, "t1_to_queue_enqueue_ms": null, "local_receive_to_enqueue_ms": null, "local_body_read_ms": null, "local_json_parse_ms": null, "local_preflight_ms": null, "local_queue_lock_wait_ms": null, "local_queue_enqueue_ms": null, "queue_wait_before_worker_ms": null, "plan_build_ms": 125.0, "active_profile_ms": 0.0, "restore_plan_build_ms": null, "restore_publish_ms": null, "handle_lookup_ms": 0.0, "payload_serialize_ms": 0.0, "payload_materialization_ms": 0.0, "payload_size_measurement_ms": 0.0, "generator_create_ms": 4.0, "local_residual_ms": 0.0, "clock_reconciliation_residual_ms": 0.0, "route_unattributed_ms": null, "worker_unattributed_ms": null, "reconciliation_status": "incomplete", "missing_stages": ["local_receive_to_enqueue_ms"], "overlap_error": "", "stage_attribution_residual_ms": {"route_unattributed_ms": null, "worker_unattributed_ms": null, "missing_stages": ["local_receive_to_enqueue_ms"], "reconciliation_status": "incomplete", "overlap_error": ""}, "local_receive_to_generator_create_ms": 25938.0, "generator_create_to_first_iteration_ms": 0.0, "first_iteration_to_first_remote_event_ms": 86766.169, "local_receive_to_actual_submission_ms": 25938.0, "trigger_to_local_receive_ms": 0.681, "local_receive_to_generator_create_start_ms": 25925.793, "generator_created_to_first_iteration_ms": 0.0, "remote_python_resume_to_restore_start_ms": 0.0, "restore_method_ms": 1081.45, "restore_end_to_modal_method_entry_ms": 15.609, "modal_method_entry_to_executor_ms": 1208.455, "submission_to_remote_python_resume_ms": 86102.885, "unexplained_pre_remote_ms": 86766.169, "local_result_received_wall_ns": 1786746131250855300, "local_result_received_mono_ns": 202255812000000, "local_receive_to_result_return_ms": 127741.174, "result_received_to_return_ms": 18.0, "remote_result_emit_wall_unix_ns": 1786746129704548553, "remote_result_emit_to_local_receipt_ms": 1546.307, "caller_return_wall_unix_ns": 1786746131268855200, "caller_return_mono_ns": 202255828000000, "local_result_received_to_caller_return_ms": 16.0, "modal_restore_begin_wall_unix_ns": null}, "restore_breakdown": {"restore_total_ms": 1079.71, "models_symlink_ms": 3.71, "manager_offline_ms": 1.05, "reload_models_ms": 0.0, "reload_runtime_state_ms": 327.161, "v2_startup_custom_node_source_copy_ms": 3557.84, "sync_custom_nodes_ms": 3565.0, "install_requirements_ms": 0.02, "v2_startup_comfyui_path_startup_ms": 0.1, "comfyui_path_setup_ms": 0.75, "v2_startup_backend_startup_ms": 22131.57, "backend_startup_ms": 22133.18, "observe_generations_ms": 0.24, "snapshot_restore_ms": 797.17, "folder_warm_ms": 952.685, "snapshot_callback_age_at_restore_ms": 36995.119, "restore_gpu_state_ms": 428.03, "cuda_init_ms": 4.93, "v2_startup_snapshot_execution_seed_ms": 3.47, "initialize_cuda_ms": 4.86, "snapshot_identity_checks_ms": 0.0, "cpu_snapshot_retargeting_ms": 0.0}, "early_activation_total_ms": 5691.255, "queue_delay_ms": 64.786, "cpu_snapshot_wait_ms": 1.259, "dtype_layout_preparation_ms": 27.234, "post_load_bookkeeping_ms": 3.07, "submission_to_remote_python_resume_ms": 86102.885, "remote_python_resume_to_restore_start_ms": 0.0, "restore_to_method_entry_ms": 15.609, "method_entry_to_first_remote_event_ms": null, "first_remote_event_to_final_result_ms": 15045.213, "transfer_queue_delay_ms": 36.458, "synchronized_transfer_ms": 5652.177, "quiesce_wait_ms": null, "graph_activity_ms": 685.197, "sampler_lane_wait_ms": 4683.919, "quiesced_transfer": null}}
WATERFALL (host-reconciled)
V2 COLD WATERFALL - run 1 (local reconcile)
Request:   v2-benchmark-0-8b2f67cb08f0 | Instance: e79060dc3e74442b9e05eb19af6cc483 | Fresh: YES
Platform:  GCP/us-east4 | GPU: RTX PRO 6000 Blackwell | VRAM 97,250 MiB | CUDA 13.0 | CC 12.0
CPU:       AMD Family 191 Model 2 | visible=28
Telemetry: maxRSS=34.90 GiB

+-----+------------------------------------------------+------------+------------+----------+------------------------------------------+
|   # | Stage                                          |   Duration |       Cum. |        % | Relative wall (non-scheduling)           |
+-----+------------------------------------------------+------------+------------+----------+------------------------------------------+
|   1 | Modal pre-Python snapshot restoration          |     1.747s |     1.747s |   9.997% | ####                                     |
|   2 | Python/application restore                     |     1.081s |     2.828s |   6.189% | ##                                       |
|   3 | Restore-to-method entry                        |  15.608 ms |     2.844s |   0.089% | #                                        |
|   4 | Remote method setup                            |     1.209s |     4.052s |   6.916% | ###                                      |
|     |   method entry to graph start                  | 351.014 ms |            |          |                                          |
|     |   method entry to runtime configuration        | 350.955 ms |            |          |                                          |
|     |   graph setup                                  | 857.528 ms |            |          |                                          |
|     |   certificate                                  | 390.088 ms |            |          |                                          |
|     |   UNET transfer queue delay                    |  36.458 ms |            |          |                                          |
|     |   UNET synchronized transfer                   |     5.652s |            |          |                                          |
|   5 | PromptExecutor/cache setup                     |  12.623 ms |     4.065s |   0.072% | #                                        |
|   6 | Pre-sampler execution                          | 672.573 ms |     4.738s |   3.849% | ##                                       |
|     |   Conditioning cache exact_hit lookup=9.437ms  |   9.437 ms |            |          |                                          |
|     |   CLIP encode skipped (cache hit)              |          - |            |          |                                          |
|     |   Node: ImpactSwitch                           | 134.943 ms |            |          |                                          |
|     |   Node: ConditioningZeroOut                    | 427.954 ms |            |          |                                          |
|     |   Node: ImpactSwitch                           |  51.315 ms |            |          |                                          |
|     |   Node: ClownsharKSampler_Beta                 |     4.770s |            |          |                                          |
|   7 | Sampler node to sampling                       |     4.762s |     9.500s |  27.256% | ###########                              |
|     |   sampler lane wait                            |     4.684s |            |          |                                          |
|     |   sampler node to lane acquired                |     4.684s |            |          |                                          |
|     |   lane acquired to actual stage                |  78.638 ms |            |          |                                          |
|   8 | Sampling                                       |     4.945s |    14.445s |  28.298% | ###########                              |
|   9 | Post-sampling / VAE transition                 | 842.818 ms |    15.287s |   4.823% | ##                                       |
|  10 | VAE decode                                     | 376.748 ms |    15.664s |   2.156% | #                                        |
|     |   VAE load/H2D                                 | 878.405 ms |            |          |                                          |
|  11 | Output encode / descriptor                     | 244.149 ms |    15.908s |   1.397% | #                                        |
|     |   PNG encode                                   | 175.089 ms |            |          |                                          |
|  12 | Remote result handoff                          |     1.546s |    17.455s |   8.850% | ####                                     |
|  13 | Local result handling / caller return          |  16.000 ms |    17.471s |   0.092% | #                                        |
+-----+------------------------------------------------+------------+------------+----------+------------------------------------------+
|     | RECONCILIATION                                 |   2.676 ms |            |          |                                          |
|     | STATUS                                         |         OK |            |          |                                          |
+-----+------------------------------------------------+------------+------------+----------+------------------------------------------+
Required data: checkpoint_read_unavailable
VALIDATION: INCOMPLETE
COMMAND -> RESPONSE:                    128.413s
Command (without scheduling) -> Response:   17.473s
Scheduling time:                        110.940s
[v2.prompt_executor_breakdown] request_id=v2-benchmark-0-8b2f67cb08f0 exec_to_cached_ms=11.297 dynamic_prompt_ms=0.004 is_changed_ms=absent signature_keys_ms=absent seed_apply_ms=0.579 clean_unused_ms=0.049 cache_gather_ms=0.08 cleanup_gc_ms=0.404 residual_ms=10.181 c2f_cached_to_first_node_ms=0.795 c2f_topo_walk_ms=0.578 c2f_topo_input_info_ms=0.105 c2f_topo_other_ms=0.473 c2f_stage_ms=1.077 c2f_first_node_prefix_ms=0.191 c2f_residual_ms=-1.051 signature_cache_eligible=True signature_cache_fallback= signature_cache_hit=True signature_cache_key_hash=60ce3811950901b3394023e18a2ed68326a9c02abcaf05ecbfea6095ce64d1a5 signature_cache_requested=True signature_cache_source=volume signature_reuse_ms=5.875 topo_lazy_hits=36
[v2.conditioning_exact_hit_breakdown] request_id=v2-benchmark-0-8b2f67cb08f0 decision=exact_hit lookup_wall_ms=9.437 total_ms=9.165 key_build_ms=0.216 lock_wait_ms=0.002 manifest_read_ms=0.0 manifest_bytes=0 manifest_entries=42 entry_lookup_ms=6.456 header_bytes=3752 data_bytes=2900184 lru_touch_ms=2.183 lru_touch_mode=sync children_ms=8.857 residual_ms=0.308 entries_requested=1 hit_count=1 lru_async_batch_size=0 lru_async_batches=0 lru_async_dropped=0 lru_async_enqueued=0 lru_async_failed=0 lru_async_flush_count=0 lru_async_persist_ms=0.0 manifest_memory_hit=1 miss_count=0 normal_lookup_fallback=0 payload_memory_hit=1 payload_memory_source=key_hit prefetch_join_ms=3.427 prefetch_join_timeout=0 prefetch_overlap_ms=13.663 prefetch_payload_entries=3 prefetch_reason=key_build_partial:weight_dtype prefetch_reload=skipped_first prefetch_requested=1 prefetch_source=full prefetch_wall_ms=744.289 volume_reload_ms=0.0
[v2.folder_warm] request_id=v2-benchmark-0-8b2f67cb08f0 folder_warm_ms=952.685 folder_warm_folders=29
[v2.input_types_warm] request_id=v2-benchmark-0-8b2f67cb08f0 input_types_warm_ms=1316.62 input_types_warm_classes=31
[v2.png_output] request_id=v2-benchmark-0-8b2f67cb08f0 compress_level=1 png_encode_ms=175.069 png_compress_ms=169.081 width=1088 height=1920 bytes=3129718 sha=20b10e1f99831bc758d9df82f43ce0beb1cbc636a740d11a29eb2bffe90e5260
[v2.host_submission_breakdown] request_id=v2-benchmark-0-8b2f67cb08f0 command_start_to_python_first_line_ms=214.542 python_first_line_to_local_receive_ms=439.139 local_receive_to_registry_start_ms=absent node_registry_init_ms=25766.167 registry_end_to_worker_start_ms=31.51 worker_start_to_plan_build_start_ms=0.999 plan_build_ms=125.0 plan_build_to_transport_entry_ms=8.001 transport_entry_to_handle_lookup_ms=0.0 handle_lookup_ms=4.0 payload_serialize_ms=0.0 generator_create_ms=4.0 generator_created_to_submission_ms=0.0 local_receive_to_submission_ms=25938.0 submission_boundary_source=first_anext first_remote_signal_ms=86766.169 scheduling_ms=84356.065 scheduling_source=modal_app_log
[v2.variance_cold] run=0 id=variance-cold-p0-0-ad08ae2d status=COLD instance=e79060dc3e74 task=ta-01M015SK65EBE
[v2.variance_cold] report=C:\Users\parla\OneDrive\Documents\AI HUB\ComfyUI June Install\ComfyUI\comfymodal-data\benchmarks\runs\v2_2026-08-14_22-20-03\variance_cold_report.md
{"output_dir": "C:\\Users\\parla\\OneDrive\\Documents\\AI HUB\\ComfyUI June Install\\ComfyUI\\comfymodal-data\\benchmarks\\runs\\v2_2026-08-14_22-20-03", "run_count": 1, "cold_count": 1, "warm_or_invalid_count": 0, "pretouch": 0, "root_cause": "transfer/throughput"}
# V2 Variance-Cold Benchmark Report

> Mode: `variance_cold`. One request at a time with a fixed gap; each run asserts true cold identity from the request-scoped `remote_method_entry` metadata.

## Scope and completeness

- Generated: `2026-08-14T22:22:14.589458Z`
- Run records: **1**
- Confirmed cold runs: **1**
- Warm-reused or invalid runs: **0**
- UNET pretouch mode: `0` (0 = disabled, 1 = enabled)
- Gap between runs: `25.0s`

## Cold-identity validity

Each run is only labeled cold when the request-scoped `remote_method_entry` proves `restore_count == 1`, `request_count == 1`, a non-empty `restored_instance_id`, and (when available) a container/task identity distinct from the previous run. Warm/reused runs are never relabeled cold.

### Overall timing (ms)

| Metric | Count | Median ms | p90 ms | Max ms | Mean ms |
|---|---:|---:|---:|---:|---:|
| Wall time | 1 | 101,841.200 | 101,841.200 | 101,841.200 | 101,841.200 |
| Restore total | 1 | 1,079.710 | 1,079.710 | 1,079.710 | 1,079.710 |
| Sampling | 1 | 3,719.513 | 3,719.513 | 3,719.513 | 3,719.513 |

### Slow-run rate

- Threshold: `203682.4 ms`
- Slow runs: `0` / `1` (rate `0.0`)

### Restore breakdown (ms)

| Metric | Count | Median ms | p90 ms | Max ms | Mean ms |
|---|---:|---:|---:|---:|---:|
| restore_total_ms | 1 | 1,079.710 | 1,079.710 | 1,079.710 | 1,079.710 |
| snapshot_restore_ms | 1 | 797.170 | 797.170 | 797.170 | 797.170 |
| backend_startup_ms | 1 | 22,133.180 | 22,133.180 | 22,133.180 | 22,133.180 |
| restore_breakdown_backend_startup_ms | 1 | 22,133.180 | 22,133.180 | 22,133.180 | 22,133.180 |
| restore_breakdown_comfyui_path_setup_ms | 1 | 0.750 | 0.750 | 0.750 | 0.750 |
| restore_breakdown_cpu_snapshot_retargeting_ms | 1 | 0.000 | 0.000 | 0.000 | 0.000 |
| restore_breakdown_cuda_init_ms | 1 | 4.930 | 4.930 | 4.930 | 4.930 |
| restore_breakdown_folder_warm_ms | 1 | 952.685 | 952.685 | 952.685 | 952.685 |
| restore_breakdown_initialize_cuda_ms | 1 | 4.860 | 4.860 | 4.860 | 4.860 |
| restore_breakdown_install_requirements_ms | 1 | 0.020 | 0.020 | 0.020 | 0.020 |
| restore_breakdown_manager_offline_ms | 1 | 1.050 | 1.050 | 1.050 | 1.050 |
| restore_breakdown_models_symlink_ms | 1 | 3.710 | 3.710 | 3.710 | 3.710 |
| restore_breakdown_observe_generations_ms | 1 | 0.240 | 0.240 | 0.240 | 0.240 |
| restore_breakdown_reload_models_ms | 1 | 0.000 | 0.000 | 0.000 | 0.000 |
| restore_breakdown_reload_runtime_state_ms | 1 | 327.161 | 327.161 | 327.161 | 327.161 |
| restore_breakdown_restore_gpu_state_ms | 1 | 428.030 | 428.030 | 428.030 | 428.030 |
| restore_breakdown_restore_total_ms | 1 | 1,079.710 | 1,079.710 | 1,079.710 | 1,079.710 |
| restore_breakdown_snapshot_callback_age_at_restore_ms | 1 | 36,995.119 | 36,995.119 | 36,995.119 | 36,995.119 |
| restore_breakdown_snapshot_identity_checks_ms | 1 | 0.000 | 0.000 | 0.000 | 0.000 |
| restore_breakdown_snapshot_restore_ms | 1 | 797.170 | 797.170 | 797.170 | 797.170 |
| restore_breakdown_sync_custom_nodes_ms | 1 | 3,565.000 | 3,565.000 | 3,565.000 | 3,565.000 |
| restore_breakdown_v2_startup_backend_startup_ms | 1 | 22,131.570 | 22,131.570 | 22,131.570 | 22,131.570 |
| restore_breakdown_v2_startup_comfyui_path_startup_ms | 1 | 0.100 | 0.100 | 0.100 | 0.100 |
| restore_breakdown_v2_startup_custom_node_source_copy_ms | 1 | 3,557.840 | 3,557.840 | 3,557.840 | 3,557.840 |
| restore_breakdown_v2_startup_snapshot_execution_seed_ms | 1 | 3.470 | 3.470 | 3.470 | 3.470 |

### CPU page traversal

| Metric | Count | Median ms | p90 ms | Max ms | Mean ms |
|---|---:|---:|---:|---:|---:|
| major_faults | 0 | unavailable | unavailable | unavailable | unavailable |
| minor_faults | 0 | unavailable | unavailable | unavailable | unavailable |
| variance_stage_faults_major | 1 | 0.000 | 0.000 | 0.000 | 0.000 |
| unet_demand_to_first_forward_ms | 1 | 120.846 | 120.846 | 120.846 | 120.846 |
| cpu_page_traversal_wall_ms | 0 | unavailable | unavailable | unavailable | unavailable |
| cpu_page_traversal_gb_per_s | 0 | unavailable | unavailable | unavailable | unavailable |
| cpu_to_gpu_transfer_wall_ms | 1 | 5,646.425 | 5,646.425 | 5,646.425 | 5,646.425 |
| early_activation_total_ms | 1 | 5,691.255 | 5,691.255 | 5,691.255 | 5,691.255 |
| queue_delay_ms | 1 | 64.786 | 64.786 | 64.786 | 64.786 |
| cpu_snapshot_wait_ms | 1 | 1.259 | 1.259 | 1.259 | 1.259 |
| dtype_layout_preparation_ms | 1 | 27.234 | 27.234 | 27.234 | 27.234 |
| post_load_bookkeeping_ms | 1 | 3.070 | 3.070 | 3.070 | 3.070 |

### Pretouch

| Metric | Count | Median ms | p90 ms | Max ms | Mean ms |
|---|---:|---:|---:|---:|---:|
| pretouch_enabled | 1 | 0.000 | 0.000 | 0.000 | 0.000 |
| pretouch_effect_ms | 0 | unavailable | unavailable | unavailable | unavailable |
| pretouch_bytes | 0 | unavailable | unavailable | unavailable | unavailable |
| pretouch_touched_pages | 0 | unavailable | unavailable | unavailable | unavailable |

### Transfer / throughput

| Metric | Count | Median ms | p90 ms | Max ms | Mean ms |
|---|---:|---:|---:|---:|---:|
| output_commit_ms | 0 | unavailable | unavailable | unavailable | unavailable |
| command_to_response_ms | 1 | 128,412.900 | 128,412.900 | 128,412.900 | 128,412.900 |
| variance_bytes | 0 | unavailable | unavailable | unavailable | unavailable |
| variance_gb_per_s | 0 | unavailable | unavailable | unavailable | unavailable |
| cpu_to_gpu_transfer_wall_ms | 1 | 5,646.425 | 5,646.425 | 5,646.425 | 5,646.425 |
| cpu_to_gpu_transfer_bytes | 1 | 12,309,817,472.000 | 12,309,817,472.000 | 12,309,817,472.000 | 12,309,817,472.000 |
| cpu_to_gpu_transfer_gb_per_s | 1 | 2.180 | 2.180 | 2.180 | 2.180 |

### Bookkeeping (ms)

| Metric | Count | Median ms | p90 ms | Max ms | Mean ms |
|---|---:|---:|---:|---:|---:|
| handle_lookup_ms | 1 | 4.000 | 4.000 | 4.000 | 4.000 |
| plan_build_ms | 1 | 125.000 | 125.000 | 125.000 | 125.000 |
| t3b_to_t8_ms | 1 | 11,799.305 | 11,799.305 | 11,799.305 | 11,799.305 |
| variance_process_cpu_ms | 1 | 23,010.000 | 23,010.000 | 23,010.000 | 23,010.000 |
| patcher_bookkeeping_ms | 0 | unavailable | unavailable | unavailable | unavailable |
| patch_weight_count | 0 | unavailable | unavailable | unavailable | unavailable |
| cast_count | 0 | unavailable | unavailable | unavailable | unavailable |

### Sampler wait / sampling (ms)

| Metric | Count | Median ms | p90 ms | Max ms | Mean ms |
|---|---:|---:|---:|---:|---:|
| sampler_node_to_sampler_start_ms | 0 | unavailable | unavailable | unavailable | unavailable |
| sampling_ms | 1 | 3,719.513 | 3,719.513 | 3,719.513 | 3,719.513 |
| sampling_wall_ms | 1 | 4,945.024 | 4,945.024 | 4,945.024 | 4,945.024 |
| activation_wait_ms | 1 | 122.287 | 122.287 | 122.287 | 122.287 |
| vae_decode_ms | 1 | 376.748 | 376.748 | 376.748 | 376.748 |

### Sampler activation-wait source labels

`demand_to_first_forward`

## Best-supported root cause / competing explanations / next fix

- Best-supported root cause: **transfer/throughput**
- Competing explanations: unavailable
- Next fix: Reduce transfer/throughput cost: inspect output_commit_ms and first_iteration_to_first_remote_event_ms for serialization overhead.

## Per-run inventory

### `variance-cold-p0-0-ad08ae2d` / mode `variance_cold`

- Cold identity: **COLD**
  - Provider/region: `CLOUD_PROVIDER_GCP` / `us-east4`
  - Image: `im-a2IIJylwwXvbZWobiJofec`
  - Task/container: `ta-01M015SK65EBEEMNEPFPW3DGJR` / ``
  - Container session: `74aa5717dfed4bf7`
  - Restored instance: `e79060dc3e74442b9e05eb19af6cc483`
  - Runtime fingerprint: `26882022799db5c8731c248d693cc3870e59d60bcb4ecab853a2a490df701d95`
- Metrics: restore={restore_total_ms: 1,079.710, snapshot_restore_ms: 797.170, restore_gpu_state_ms: 428.030, cuda_init_ms: 4.930, reload_models_ms: 0.000, reload_runtime_state_ms: 327.161, backend_startup_ms: 22,133.180, restore_breakdown_restore_total_ms: 1,079.710, restore_breakdown_models_symlink_ms: 3.710, restore_breakdown_manager_offline_ms: 1.050, restore_breakdown_reload_models_ms: 0.000, restore_breakdown_reload_runtime_state_ms: 327.161, restore_breakdown_v2_startup_custom_node_source_copy_ms: 3,557.840, restore_breakdown_sync_custom_nodes_ms: 3,565.000, restore_breakdown_install_requirements_ms: 0.020, restore_breakdown_v2_startup_comfyui_path_startup_ms: 0.100, restore_breakdown_comfyui_path_setup_ms: 0.750, restore_breakdown_v2_startup_backend_startup_ms: 22,131.570, restore_breakdown_backend_startup_ms: 22,133.180, restore_breakdown_observe_generations_ms: 0.240, restore_breakdown_snapshot_restore_ms: 797.170, restore_breakdown_folder_warm_ms: 952.685, restore_breakdown_snapshot_callback_age_at_restore_ms: 36,995.119, restore_breakdown_restore_gpu_state_ms: 428.030, restore_breakdown_cuda_init_ms: 4.930, restore_breakdown_v2_startup_snapshot_execution_seed_ms: 3.470, restore_breakdown_initialize_cuda_ms: 4.860, restore_breakdown_snapshot_identity_checks_ms: 0.000, restore_breakdown_cpu_snapshot_retargeting_ms: 0.000, restore_breakdown: {'restore_total_ms': 1079.71, 'models_symlink_ms': 3.71, 'manager_offline_ms': 1.05, 'reload_models_ms': 0.0, 'reload_runtime_state_ms': 327.161, 'v2_startup_custom_node_source_copy_ms': 3557.84, 'sync_custom_nodes_ms': 3565.0, 'install_requirements_ms': 0.02, 'v2_startup_comfyui_path_startup_ms': 0.1, 'comfyui_path_setup_ms': 0.75, 'v2_startup_backend_startup_ms': 22131.57, 'backend_startup_ms': 22133.18, 'observe_generations_ms': 0.24, 'snapshot_restore_ms': 797.17, 'folder_warm_ms': 952.685, 'snapshot_callback_age_at_restore_ms': 36995.119, 'restore_gpu_state_ms': 428.03, 'cuda_init_ms': 4.93, 'v2_startup_snapshot_execution_seed_ms': 3.47, 'initialize_cuda_ms': 4.86, 'snapshot_identity_checks_ms': 0.0, 'cpu_snapshot_retargeting_ms': 0.0}}; page_traversal={major_faults: unavailable, minor_faults: unavailable, pagein_duration_ms: unavailable, unet_demand_to_first_forward_ms: 120.846, demand_start_present: 1.000, variance_stage_faults_major: 0, variance_stage_faults_minor: 0, cpu_page_traversal_wall_ms: unavailable, cpu_page_traversal_minor_faults: unavailable, cpu_page_traversal_major_faults: unavailable, cpu_page_traversal_bytes: unavailable, cpu_page_traversal_gb_per_s: unavailable, cpu_page_traversal_process_cpu_ms: unavailable, cpu_page_traversal_thread_cpu_ms: unavailable, cpu_to_gpu_transfer_wall_ms: 5,646.425, cpu_to_gpu_transfer_minor_faults: 0.000, cpu_to_gpu_transfer_major_faults: 0.000, cpu_to_gpu_transfer_bytes: 12,309,817,472.000, cpu_to_gpu_transfer_gb_per_s: 2.180, cpu_to_gpu_transfer_process_cpu_ms: 3,460.000, cpu_to_gpu_transfer_thread_cpu_ms: 2,300.000, activation_total_ms: 5,691.255, reconciliation_residual_ms: -56.553, loader_reconciliation_status: overlap, activation_future_publication_ms: 5,691.255, activation_future_publication_source: early_activation_completed, registry_setup_ms: 5.034, queue_delay_ms: 64.786, cpu_snapshot_wait_ms: 1.259, dtype_layout_preparation_ms: 27.234, post_load_bookkeeping_ms: 3.070, early_activation_total_ms: 5,691.255, transfer_queue_delay_ms: 36.458, synchronized_transfer_ms: 5,652.177, quiesce_wait_ms: unavailable, graph_activity_ms: 685.197, sampler_lane_wait_ms: 4,683.919}; pretouch={pretouch_enabled: 0, pretouch_effect_ms: unavailable, pretouch_bytes: unavailable, pretouch_total_pages: unavailable, pretouch_touched_pages: unavailable, pretouch_bytes_read: unavailable, pretouch_checksum: unavailable, pretouch_status: unavailable, pretouch_valid: False, pretouch_reason: no pretouch record}; transfer={output_commit_ms: unavailable, first_iteration_to_first_remote_event_ms: 86,766.169, command_to_response_ms: 128,412.900, wall_ms: 101,841.200, variance_bytes: unavailable, variance_gb_per_s: unavailable, variance_rss_delta_bytes: 3,039,739,904.000, cpu_to_gpu_transfer_wall_ms: 5,646.425, cpu_to_gpu_transfer_bytes: 12,309,817,472.000, cpu_to_gpu_transfer_gb_per_s: 2.180, synchronized_load_wall_ms: 5,646.425, synchronized_load_bytes: 12,309,817,472.000, synchronized_load_gb_per_s: 2.180, submission_to_remote_python_resume_ms: 86,102.885, remote_python_resume_to_restore_start_ms: 0.000, restore_to_method_entry_ms: 15.609, method_entry_to_first_remote_event_ms: unavailable, first_remote_event_to_final_result_ms: 15,045.213, pre_python_modal_scheduling_ms: 86,102.885, transfer_queue_delay_ms: 36.458, synchronized_transfer_ms: 5,652.177, quiesce_wait_ms: unavailable, graph_activity_ms: 685.197, sampler_lane_wait_ms: 4,683.919, quiesced_transfer_enabled: 0, quiesced_transfer_duration_ms: unavailable, quiesced_transfer_bytes: unavailable, quiesced_transfer_gb_per_s: unavailable, quiesced_transfer_process_cpu_ms: unavailable, quiesced_transfer_thread_cpu_ms: unavailable, quiesced_transfer_sample_count: unavailable, quiesced_transfer_native_threads: unavailable, quiesced_transfer_affinity: unavailable, quiesced_transfer_numa_nodes: unavailable, quiesced_transfer_current_cpu: unavailable, quiesced_thread_cpu_owners: []}; bookkeeping={handle_lookup_ms: 4.000, plan_build_ms: 125.000, generator_create_ms: 4.000, t3b_to_t8_ms: 11,799.305, variance_process_cpu_ms: 23,010.000, variance_thread_cpu_ms: 20,240.000, patcher_bookkeeping_ms: unavailable, patch_weight_count: unavailable, cast_count: unavailable}; sampler={sampler_node_to_sampler_start_ms: unavailable, sampling_ms: 3,719.513, sampling_source: sampler_ms, vae_decode_ms: 376.748, sampling_wall_ms: 4,945.024, sampling_process_cpu_ms: 6,070.000, activation_wait_ms: 122.287, activation_wait_source: demand_to_first_forward, sampler_lane_wait_ms: 4,683.919}; storage={storage_unique_count: 453.000, storage_raw_bytes: 12,309,817,472.000, storage_unsupported_count: 0.000, storage_total_bytes: 12,309,817,472.000, page_readiness_total_pages: unavailable, page_readiness_touched_pages: unavailable, page_readiness_bytes: unavailable, page_readiness_status: unavailable, pretouch_expected_pages: unavailable, pretouch_touched_pages: unavailable, bytes_read: unavailable, read_count: unavailable, checksum_count: unavailable}

Cannot connect to comfyregistry.
FETCH DATA from: https://raw.githubusercontent.com/ltdrdata/ComfyUI-Manager/main/custom-node-list.json[ComfyUI-Manager] Due to a network error, switching to local mode.
=> custom-node-list.json
=> cannot schedule new futures after shutdown
FETCH DATA from: C:\Users\parla\OneDrive\Documents\AI HUB\ComfyUI June Install\ComfyUI\custom_nodes\comfyui-manager\custom-node-list.json [DONE]
=== Single V2 benchmark completed ===
=== Total command-to-response time: 134.463s ===
