[START] Security scan
[DONE] Security scan
## ComfyUI-Manager: installing dependencies done.
** ComfyUI startup time: 2026-08-16 10:27:41.259
** Platform: Windows
** Python version: 3.11.9 (tags/v3.11.9:de54cf5, Apr  2 2024, 10:12:12) [MSC v.1938 64 bit (AMD64)]
** Python executable: C:\Program Files\Python311\python.exe
** ComfyUI Path: C:\Users\parla\OneDrive\Documents\AI HUB\ComfyUI June Install\ComfyUI
** ComfyUI Base Folder Path: C:\Users\parla\OneDrive\Documents\AI HUB\ComfyUI June Install\ComfyUI
** User directory: C:\Users\parla\OneDrive\Documents\AI HUB\ComfyUI June Install\ComfyUI\user
** ComfyUI-Manager config path: C:\Users\parla\OneDrive\Documents\AI HUB\ComfyUI June Install\ComfyUI\user\__manager\config.ini
** Log path: C:\Users\parla\OneDrive\Documents\AI HUB\ComfyUI June Install\ComfyUI\user\comfyui.log
Package diffusers installed failed
Package diffusers installed failed
[33mModule 'diffusers' load failed. If you don't have it installed, do it:[0m
[33mpip install diffusers[0m
[34m[ComfyUI-Easy-Use] server: [0mv1.3.6 [92mLoaded[0m
[34m[ComfyUI-Easy-Use] web root: [0mC:\Users\parla\OneDrive\Documents\AI HUB\ComfyUI June Install\ComfyUI\custom_nodes\comfyui-easy-use\web_version/v2 [92mLoaded[0m
[exact_prefill.local] enabled=1 source=env
[timing_trace] module loaded __file__=C:\Users\parla\OneDrive\Documents\AI HUB\ComfyUI June Install\ComfyUI\custom_nodes\comfyui-modal\timing_trace.py TRACE_VERSION=2.0.0
[timing_trace] module directory in sys.path: C:\Users\parla\OneDrive\Documents\AI HUB\ComfyUI June Install\ComfyUI\custom_nodes\comfyui-modal
[comfyui-modal] Routes registered: /comfymodal/prompt, /comfymodal/model/install, /comfymodal/models/batch-install, /comfymodal/models/inject, /comfymodal/models/inject-all, /comfymodal/health, /comfymodal/object_info, /comfymodal/cancel/{id}, /comfymodal/models, /comfymodal/sync/status, /comfymodal/sync/models, /comfymodal/sync/custom-nodes, /comfymodal/runtime/resync, /comfymodal/runtime/state, /comfymodal/comparison/*, /comfymodal/experiments/*, /comfymodal/presets/*, /comfymodal/assets/{id}, /comfymodal/run-history/*, /comfymodal/deploy-warmup/*, /comfymodal/history/*, /comfymodal/history-v2/feed, /comfymodal/history-v2/generations/{id}/*, /comfymodal/history-v2/experiments/{id}/*, /comfymodal/history-v2/assets/{id}
⚠️  SeedVR2 optimizations check: SageAttention ❌ | Flash Attention ❌ | Triton ❌
💡 For best performance: pip install sageattention flash-attn triton
📊 Initial CUDA memory: 6.89GB free / 8.00GB total
### ComfyUI-Workflow-Encrypt: Copy .js from 'C:\Users\parla\OneDrive\Documents\AI HUB\ComfyUI June Install\ComfyUI\custom_nodes\comfyui-workflow-encrypt\js\comfyui-workflow-encrypt.js' to 'C:\Users\parla\OneDrive\Documents\AI HUB\ComfyUI June Install\ComfyUI\web\extensions\comfyui-workflow-encrypt'
# 😺dzNodes: LayerStyle -> [1;33mCannot import name 'guidedFilter' from 'cv2.ximgproc'
A few nodes cannot works properly, while most nodes are not affected. Please REINSTALL package 'opencv-contrib-python'.
For detail refer to [4mhttps://github.com/chflame163/ComfyUI_LayerStyle/issues/5[0m[m
(RES4LYF) Init
(RES4LYF) Importing beta samplers.
(RES4LYF) Importing legacy samplers.

[92m[rgthree-comfy] Loaded 48 exciting nodes. 🎉[0m

[33m[rgthree-comfy] ComfyUI's new Node 2.0 rendering may be incompatible with some rgthree-comfy nodes and features, breaking some rendering as well as losing the ability to access a node's properties (a vital part of many nodes). It also appears to run MUCH more slowly spiking CPU usage and causing jankiness and unresponsiveness, especially with large workflows. Personally I am not planning to use the new Nodes 2.0 and, unfortunately, am not able to invest the time to investigate and overhaul rgthree-comfy where needed. If you have issues when Nodes 2.0 is enabled, I'd urge you to switch it off as well and join me in hoping ComfyUI is not planning to deprecate the existing, stable canvas rendering all together.
[0m
FETCH ComfyRegistry Data: 5/173
FETCH ComfyRegistry Data: 10/173
FETCH ComfyRegistry Data: 15/173
FETCH ComfyRegistry Data: 20/173
FETCH ComfyRegistry Data: 25/173
FETCH ComfyRegistry Data: 30/173
FETCH ComfyRegistry Data: 35/173
FETCH ComfyRegistry Data: 40/173
FETCH ComfyRegistry Data: 45/173
FETCH ComfyRegistry Data: 50/173
FETCH ComfyRegistry Data: 55/173
FETCH ComfyRegistry Data: 60/173
FETCH ComfyRegistry Data: 65/173
FETCH ComfyRegistry Data: 70/173
FETCH ComfyRegistry Data: 75/173
FETCH ComfyRegistry Data: 80/173
FETCH ComfyRegistry Data: 85/173
FETCH ComfyRegistry Data: 90/173
FETCH ComfyRegistry Data: 95/173
FETCH ComfyRegistry Data: 100/173
FETCH ComfyRegistry Data: 105/173
FETCH ComfyRegistry Data: 110/173
FETCH ComfyRegistry Data: 115/173
FETCH ComfyRegistry Data: 120/173
FETCH ComfyRegistry Data: 125/173
FETCH ComfyRegistry Data: 130/173
FETCH ComfyRegistry Data: 135/173
FETCH ComfyRegistry Data: 140/173
FETCH ComfyRegistry Data: 145/173
FETCH ComfyRegistry Data: 150/173
FETCH ComfyRegistry Data: 155/173
FETCH ComfyRegistry Data: 160/173
FETCH ComfyRegistry Data: 165/173
FETCH ComfyRegistry Data: 170/173
FETCH ComfyRegistry Data [DONE]
FETCH DATA from: https://raw.githubusercontent.com/ltdrdata/ComfyUI-Manager/main/custom-node-list.json [DONE]
[critical_path.flags] critical_path=1 unet_phase=1 validation_phase=1 coordinator=0 coordinator_diag=1 source=module_import
[v2.restore_publish] skipped reason=flag_disabled
[v2.seed_build] source=invocation_plan schema=2 topology_available=1 persisted=1 workflow_hash=853927e769a20cc6 loader_nodes=3 sampler_nodes=1 reachable_nodes=43 static_signatures=43
[v2.local_submission_breakdown.pre_dispatch] request_id=8e6250434d85 local_receive_to_worker_start_ms=absent worker_start_to_normalize_start_ms=absent normalize_production_options_ms=absent normalize_end_to_trace_construct_start_ms=absent runtime_trace_construct_ms=absent trace_construct_to_options_copy_start_ms=absent benchmark_options_copy_ms=absent options_copy_to_client_id_start_ms=absent client_id_generation_ms=absent client_id_end_to_plan_call_ms=absent plan_call_to_function_entry_ms=absent worker_start_to_plan_build_ms=absent local_receive_to_plan_build_start_ms=absent worker_queue_ms=absent plan_build_ms=absent plan_build_to_execute_plan_entry_ms=absent execute_plan_entry_to_plan_materialization_ms=0.0 plan_materialization_ms=0.0 plan_materialization_to_active_profile_ms=0.0 active_profile_ms=0.0 restore_plan_build_ms=absent restore_publish_ms=absent restore_publish_to_transport_entry_ms=absent transport_entry_to_handle_lookup_ms=0.0 handle_lookup_ms=absent payload_materialization_ms=0.0 payload_size_measurement_ms=0.0 payload_size_to_serialize_end_ms=0.0 payload_ready_to_modal_call_ms=0.0 local_receive_to_modal_call_ms=absent generator_create_ms=absent generator_created_to_first_iteration_ms=absent local_receive_to_actual_submission_ms=absent measured_children_ms=absent residual_ms=absent reconciliation_status=incomplete profile_cache_hit=absent profile_remote_call_performed=absent profile_checker_matched=absent restore_publish_cache_hit=absent restore_remote_call_performed=absent handle_cache_hit=absent plan_to_dict_count=1 payload_bytes=18472 active_profile_local_ms=absent active_profile_cache_lookup_ms=absent active_profile_checker_ms=absent active_profile_setter_ms=absent active_profile_total_ms=absent created_modal_client=False performed_cls_from_name=False constructed_instance=False input_image_count=0 workflow_node_count=43 unmeasured_boundary=absent
[v2.local_handle] owner_ready pid=21248
[v2.local_handle] decision=fallback_direct reason=PersistentHandleError
