2026-08-12 13:20:00-05:00 
2026-08-12 13:20:00-05:00 => Step 0: FROM base
2026-08-12 13:20:00-05:00 
2026-08-12 13:20:00-05:00 => Step 1: COPY . /
2026-08-12 13:20:02-05:00 Saving image...
2026-08-12 13:20:05-05:00 Image saved, took 3.28s
2026-08-12 13:20:05-05:00 
2026-08-12 13:20:05-05:00 Built image im-AS3LJmbOjlSTAIkk0anCLu in 11.93s
2026-08-12 13:20:05-05:00 
2026-08-12 13:20:05-05:00 
2026-08-12 13:20:07-05:00 Building image im-UQO6MLdtepi0in1C6hVpKu
2026-08-12 13:20:08-05:00 
2026-08-12 13:20:08-05:00 => Step 0: FROM base
2026-08-12 13:20:08-05:00 
2026-08-12 13:20:08-05:00 => Step 1: COPY . /
2026-08-12 13:20:09-05:00 Saving image...
2026-08-12 13:20:12-05:00 Image saved, took 2.51s
2026-08-12 13:20:12-05:00 
2026-08-12 13:20:12-05:00 Built image im-UQO6MLdtepi0in1C6hVpKu in 4.03s
2026-08-12 13:20:12-05:00 
2026-08-12 13:20:12-05:00 
