Building image im-nlBLNx403DsT48ovij1FIG

=> Step 0: FROM base

=> Step 1: ENV TORCHINDUCTOR_CACHE_DIR=/root/comfymodal_runtime_state/.inductor-cache

=> Step 2: ENV TORCHINDUCTOR_FX_GRAPH_CACHE=1

=> Step 3: ENV TRITON_CACHE_DIR=/tmp/triton_cache

=> Step 4: ENV TORCHINDUCTOR_EMULATE_PRECISION_CASTS=1

=> Step 5: ENV TORCHINDUCTOR_COMPILE_THREADS=1

=> Step 6: ENV COMFYMODAL_ENABLE_TORCH_COMPILE=0

=> Step 7: ENV COMFYMODAL_ENABLE_GPU_SNAPSHOT=0

=> Step 8: ENV COMFYMODAL_WARMUP_TEXT=warmup

=> Step 9: ENV COMFYMODAL_SAGE_RUNTIME_MODE=baked_cuda

=> Step 10: ENV COMFYMODAL_SAGE_RUNTIME_PROBE_ON_RESTORE=0

=> Step 11: ENV COMFYMODAL_PRELOAD_MODE=clip_only

=> Step 12: ENV COMFYMODAL_DIRECT_WARMUP_LOAD_UNET=0

=> Step 13: ENV COMFYMODAL_DIRECT_WARMUP_LOAD_CLIP=1

=> Step 14: ENV COMFYMODAL_DIRECT_WARMUP_CLIP_ENCODE=1

=> Step 15: ENV COMFYMODAL_EXACT_CLIP_PREFILL=1

=> Step 16: ENV COMFYMODAL_DIRECT_WARMUP_REQUIRE_CPU_CACHE_HIT=1

=> Step 17: ENV COMFYMODAL_SAFETENSORS_READ_MODE=normal

=> Step 18: ENV COMFYMODAL_RUNTIME=1

=> Step 19: ENV PROMPT_ASYNC_PRELOAD=0

=> Step 20: ENV PROMPT_PRELOAD_WORKERS=2

=> Step 21: ENV PROMPT_ASYNC_ACTUAL_LOAD=1

=> Step 22: ENV PROMPT_ASYNC_ACTUAL_LOAD_UNET=1

=> Step 23: ENV ACTUAL_LOAD_MODE=unet_vae_only

=> Step 24: ENV DISABLE_CACHEDIT_FOR_Z_IMAGE=0

=> Step 25: ENV DISABLE_RESTORE_WARMUP_FOR_Z_IMAGE=0

=> Step 26: ENV COMFYMODAL_REQUIREMENTS_REPAIR_MODE=fail_fast

=> Step 27: ENV COMFYMODAL_PRELOAD_UNKNOWN_PROFILES=0

=> Step 28: ENV COMFYMODAL_PRELOAD_MAX_TOTAL_GB=12

=> Step 29: ENV COMFYMODAL_PRELOAD_MAX_FILE_GB=10

=> Step 30: ENV COMFYMODAL_PRELOAD_MIN_THROUGHPUT_GBPS=0.5

=> Step 31: ENV COMFYMODAL_PRELOAD_OUTLIER_ABORT_SECONDS=10

=> Step 32: ENV COMFYMODAL_ENABLE_REMOTE_BACKGROUND_DEPLOY=0

=> Step 33: ENV COMFYMODAL_EXPERIMENTAL_RESTORE_BACKGROUND_CODE=0

=> Step 34: ENV COMFYMODAL_RESTORE_BACKGROUND_UNET=0

=> Step 35: ENV COMFYMODAL_V2_RUNTIME_REVISION=18e573e5979826ce

=> Step 36: ENV COMFYMODAL_V2_PREFILL_LANES=critical

=> Step 37: ENV COMFYMODAL_V2_NATIVE_FAST_DISK_UNET=1

=> Step 38: ENV COMFYMODAL_SAMPLING_DEEP_PROFILE=off

=> Step 39: ENV COMFYMODAL_V2_THREAD_POLICY=TBASE

=> Step 40: ENV COMFYMODAL_V2_SNAPSHOT_MODEL_ORDER=O0

=> Step 41: ENV COMFYMODAL_V2_CPU_REQUEST=12

=> Step 42: ENV COMFYMODAL_V2_MEMORY_REQUEST=32768

=> Step 43: ENV COMFYMODAL_V2_MEMORY_MB=32768

=> Step 44: ENV COMFYMODAL_V2_RUNTIME_SHAPE_FINGERPRINT=f504e296c398bdcb2c4c07e2
Saving image...
Image saved, took 3.87s

Built image im-nlBLNx403DsT48ovij1FIG in 4.79s


Building image im-AS3LJmbOjlSTAIkk0anCLu

=> Step 0: FROM base

=> Step 1: COPY . /
Saving image...
Image saved, took 3.28s

Built image im-AS3LJmbOjlSTAIkk0anCLu in 11.93s


Building image im-UQO6MLdtepi0in1C6hVpKu

=> Step 0: FROM base

=> Step 1: COPY . /
Saving image...
Image saved, took 2.51s

Built image im-UQO6MLdtepi0in1C6hVpKu in 4.03s


