2026-08-12 13:18:20-05:00 Building image im-nlBLNx403DsT48ovij1FIG
2026-08-12 13:18:21-05:00 
2026-08-12 13:18:21-05:00 => Step 0: FROM base
2026-08-12 13:18:21-05:00 
2026-08-12 13:18:21-05:00 => Step 1: ENV TORCHINDUCTOR_CACHE_DIR=/root/comfymodal_runtime_state/.inductor-cache
2026-08-12 13:18:21-05:00 
2026-08-12 13:18:21-05:00 => Step 2: ENV TORCHINDUCTOR_FX_GRAPH_CACHE=1
2026-08-12 13:18:21-05:00 
2026-08-12 13:18:21-05:00 => Step 3: ENV TRITON_CACHE_DIR=/tmp/triton_cache
2026-08-12 13:18:21-05:00 
2026-08-12 13:18:21-05:00 => Step 4: ENV TORCHINDUCTOR_EMULATE_PRECISION_CASTS=1
2026-08-12 13:18:21-05:00 
2026-08-12 13:18:21-05:00 => Step 5: ENV TORCHINDUCTOR_COMPILE_THREADS=1
2026-08-12 13:18:21-05:00 
2026-08-12 13:18:21-05:00 => Step 6: ENV COMFYMODAL_ENABLE_TORCH_COMPILE=0
2026-08-12 13:18:21-05:00 
2026-08-12 13:18:21-05:00 => Step 7: ENV COMFYMODAL_ENABLE_GPU_SNAPSHOT=0
2026-08-12 13:18:21-05:00 
2026-08-12 13:18:21-05:00 => Step 8: ENV COMFYMODAL_WARMUP_TEXT=warmup
2026-08-12 13:18:21-05:00 
2026-08-12 13:18:21-05:00 => Step 9: ENV COMFYMODAL_SAGE_RUNTIME_MODE=baked_cuda
2026-08-12 13:18:21-05:00 
2026-08-12 13:18:21-05:00 => Step 10: ENV COMFYMODAL_SAGE_RUNTIME_PROBE_ON_RESTORE=0
2026-08-12 13:18:21-05:00 
2026-08-12 13:18:21-05:00 => Step 11: ENV COMFYMODAL_PRELOAD_MODE=clip_only
2026-08-12 13:18:21-05:00 
2026-08-12 13:18:21-05:00 => Step 12: ENV COMFYMODAL_DIRECT_WARMUP_LOAD_UNET=0
2026-08-12 13:18:21-05:00 
2026-08-12 13:18:21-05:00 => Step 13: ENV COMFYMODAL_DIRECT_WARMUP_LOAD_CLIP=1
2026-08-12 13:18:21-05:00 
2026-08-12 13:18:21-05:00 => Step 14: ENV COMFYMODAL_DIRECT_WARMUP_CLIP_ENCODE=1
2026-08-12 13:18:21-05:00 
2026-08-12 13:18:21-05:00 => Step 15: ENV COMFYMODAL_EXACT_CLIP_PREFILL=1
2026-08-12 13:18:21-05:00 
2026-08-12 13:18:21-05:00 => Step 16: ENV COMFYMODAL_DIRECT_WARMUP_REQUIRE_CPU_CACHE_HIT=1
2026-08-12 13:18:21-05:00 
2026-08-12 13:18:21-05:00 => Step 17: ENV COMFYMODAL_SAFETENSORS_READ_MODE=normal
2026-08-12 13:18:21-05:00 
2026-08-12 13:18:21-05:00 => Step 18: ENV COMFYMODAL_RUNTIME=1
2026-08-12 13:18:21-05:00 
2026-08-12 13:18:21-05:00 => Step 19: ENV PROMPT_ASYNC_PRELOAD=0
2026-08-12 13:18:21-05:00 
2026-08-12 13:18:21-05:00 => Step 20: ENV PROMPT_PRELOAD_WORKERS=2
2026-08-12 13:18:21-05:00 
2026-08-12 13:18:21-05:00 => Step 21: ENV PROMPT_ASYNC_ACTUAL_LOAD=1
2026-08-12 13:18:21-05:00 
2026-08-12 13:18:21-05:00 => Step 22: ENV PROMPT_ASYNC_ACTUAL_LOAD_UNET=1
2026-08-12 13:18:21-05:00 
2026-08-12 13:18:21-05:00 => Step 23: ENV ACTUAL_LOAD_MODE=unet_vae_only
2026-08-12 13:18:21-05:00 
2026-08-12 13:18:21-05:00 => Step 24: ENV DISABLE_CACHEDIT_FOR_Z_IMAGE=0
2026-08-12 13:18:21-05:00 
2026-08-12 13:18:21-05:00 => Step 25: ENV DISABLE_RESTORE_WARMUP_FOR_Z_IMAGE=0
2026-08-12 13:18:21-05:00 
2026-08-12 13:18:21-05:00 => Step 26: ENV COMFYMODAL_REQUIREMENTS_REPAIR_MODE=fail_fast
2026-08-12 13:18:21-05:00 
2026-08-12 13:18:21-05:00 => Step 27: ENV COMFYMODAL_PRELOAD_UNKNOWN_PROFILES=0
2026-08-12 13:18:21-05:00 
2026-08-12 13:18:21-05:00 => Step 28: ENV COMFYMODAL_PRELOAD_MAX_TOTAL_GB=12
2026-08-12 13:18:21-05:00 
2026-08-12 13:18:21-05:00 => Step 29: ENV COMFYMODAL_PRELOAD_MAX_FILE_GB=10
2026-08-12 13:18:21-05:00 
2026-08-12 13:18:21-05:00 => Step 30: ENV COMFYMODAL_PRELOAD_MIN_THROUGHPUT_GBPS=0.5
2026-08-12 13:18:21-05:00 
2026-08-12 13:18:21-05:00 => Step 31: ENV COMFYMODAL_PRELOAD_OUTLIER_ABORT_SECONDS=10
2026-08-12 13:18:21-05:00 
2026-08-12 13:18:21-05:00 => Step 32: ENV COMFYMODAL_ENABLE_REMOTE_BACKGROUND_DEPLOY=0
2026-08-12 13:18:21-05:00 
2026-08-12 13:18:21-05:00 => Step 33: ENV COMFYMODAL_EXPERIMENTAL_RESTORE_BACKGROUND_CODE=0
2026-08-12 13:18:21-05:00 
2026-08-12 13:18:21-05:00 => Step 34: ENV COMFYMODAL_RESTORE_BACKGROUND_UNET=0
2026-08-12 13:18:21-05:00 
2026-08-12 13:18:21-05:00 => Step 35: ENV COMFYMODAL_V2_RUNTIME_REVISION=18e573e5979826ce
2026-08-12 13:18:21-05:00 
2026-08-12 13:18:21-05:00 => Step 36: ENV COMFYMODAL_V2_PREFILL_LANES=critical
2026-08-12 13:18:21-05:00 
2026-08-12 13:18:21-05:00 => Step 37: ENV COMFYMODAL_V2_NATIVE_FAST_DISK_UNET=1
2026-08-12 13:18:21-05:00 
2026-08-12 13:18:21-05:00 => Step 38: ENV COMFYMODAL_SAMPLING_DEEP_PROFILE=off
2026-08-12 13:18:21-05:00 
2026-08-12 13:18:21-05:00 => Step 39: ENV COMFYMODAL_V2_THREAD_POLICY=TBASE
2026-08-12 13:18:21-05:00 
2026-08-12 13:18:21-05:00 => Step 40: ENV COMFYMODAL_V2_SNAPSHOT_MODEL_ORDER=O0
2026-08-12 13:18:21-05:00 
2026-08-12 13:18:21-05:00 => Step 41: ENV COMFYMODAL_V2_CPU_REQUEST=12
2026-08-12 13:18:21-05:00 
2026-08-12 13:18:21-05:00 => Step 42: ENV COMFYMODAL_V2_MEMORY_REQUEST=32768
2026-08-12 13:18:21-05:00 
2026-08-12 13:18:21-05:00 => Step 43: ENV COMFYMODAL_V2_MEMORY_MB=32768
2026-08-12 13:18:21-05:00 
2026-08-12 13:18:21-05:00 => Step 44: ENV COMFYMODAL_V2_RUNTIME_SHAPE_FINGERPRINT=f504e296c398bdcb2c4c07e2
2026-08-12 13:18:21-05:00 Saving image...
2026-08-12 13:18:25-05:00 Image saved, took 3.87s
2026-08-12 13:18:25-05:00 
2026-08-12 13:18:25-05:00 Built image im-nlBLNx403DsT48ovij1FIG in 4.79s
2026-08-12 13:18:25-05:00 
2026-08-12 13:18:25-05:00 
2026-08-12 13:19:53-05:00 Building image im-AS3LJmbOjlSTAIkk0anCLu
2026-08-12 13:20:00-05:00 
2026-08-12 13:20:00-05:00 => Step 0: FROM base
2026-08-12 13:20:00-05:00 
2026-08-12 13:20:00-05:00 => Step 1: COPY . /
2026-08-12 13:20:02-05:00 Saving image...
2026-08-12 13:20:05-05:00 Image saved, took 3.28s
2026-08-12 13:20:05-05:00 
2026-08-12 13:20:05-05:00 Built image im-AS3LJmbOjlSTAIkk0anCLu in 11.93s
2026-08-12 13:20:05-05:00 
2026-08-12 13:20:05-05:00 
2026-08-12 13:20:07-05:00 Building image im-UQO6MLdtepi0in1C6hVpKu
2026-08-12 13:20:08-05:00 
2026-08-12 13:20:08-05:00 => Step 0: FROM base
2026-08-12 13:20:08-05:00 
2026-08-12 13:20:08-05:00 => Step 1: COPY . /
2026-08-12 13:20:09-05:00 Saving image...
2026-08-12 13:20:12-05:00 Image saved, took 2.51s
2026-08-12 13:20:12-05:00 
2026-08-12 13:20:12-05:00 Built image im-UQO6MLdtepi0in1C6hVpKu in 4.03s
2026-08-12 13:20:12-05:00 
2026-08-12 13:20:12-05:00 
