2026-08-12 15:10:37-05:00 Creating CPU memory snapshot for Function.
2026-08-12 15:10:45-05:00 [v2.startup_stage] stage=container_python_import event=start wall_unix_ns=1786565445906515254 monotonic_ns=1136536033
2026-08-12 15:10:47-05:00 [critical_path.flags] critical_path=1 unet_phase=1 validation_phase=1 coordinator=0 coordinator_diag=1 source=module_import
2026-08-12 15:10:47-05:00 [exact_prefill.remote] enabled=1 source=env
2026-08-12 15:10:47-05:00 [timing_trace] module loaded __file__=/root/timing_trace.py TRACE_VERSION=2.0.0
2026-08-12 15:10:47-05:00 [timing_trace] module directory in sys.path: /root
2026-08-12 15:10:47-05:00 [modal-client] 2026-08-12T20:10:47+0000 Warning: function name 'ComfyAPI_H100.*' collision! Overriding existing function [comfyapp].ComfyAPI_H100.* with new function [comfyapp].ComfyAPI_H100.*
2026-08-12 15:10:47-05:00 [v2.region_pin] region=unpinned cloud=unpinned source=COMFYMODAL_V2_REGION/COMFYMODAL_V2_CLOUD
2026-08-12 15:10:47-05:00 [v2.startup_stage] stage=snap_true_enter event=start wall_unix_ns=1786565447539568066 monotonic_ns=2769588090
2026-08-12 15:10:47-05:00 [v2.startup_stage] stage=container_python_import event=end wall_unix_ns=1786565447539611026 monotonic_ns=2769630460 duration_ms=1633.094
2026-08-12 15:10:47-05:00 [v2.host_memory] stage=restore_start current_mib=absent peak_mib=absent limit_mib=absent process_rss_mib=120.8 process_maxrss_mib=129.8 oom_count=absent oom_kill_count=absent status=ok cgroup_path=absent cgroup_mount=absent
2026-08-12 15:10:50-05:00 [v2.runtime_shape] stage=image_runtime_initialization runtime_shape_fingerprint=f504e296c398bdcb2c4c07e2 runtime_shape_label=None thread_policy=TBASE snapshot_model_order=O0 cpu_request=12 memory_request=32768 native_thread_count=13 configured_omp=None configured_mkl=None configured_openblas=None configured_numexpr=None malloc_arena_max=None native_library_settings={'OMP_NUM_THREADS': '12', 'MKL_NUM_THREADS': '12', 'OPENBLAS_NUM_THREADS': '12', 'NUMEXPR_NUM_THREADS': None, 'MALLOC_ARENA_MAX': None} torch_intraop_threads=12 torch_interop_threads=14 actual_torch_intraop_threads=12 actual_torch_interop_threads=14 requested_torch_intraop_threads=None requested_torch_interop_threads=None requested_vs_actual_match=True status=baseline_passthrough error= before={'torch_intraop_threads': 12, 'torch_interop_threads': 14}
2026-08-12 15:10:50-05:00 [v2.startup_stage] stage=snap_true_enter event=end wall_unix_ns=1786565450441522439 monotonic_ns=5671542035 duration_ms=2901.954
2026-08-12 15:10:50-05:00 [v2.snapshot_target] static_fingerprint=fc8dd3ece2368f050f72ba15d037751c3f1c9e1c8ed0f8a7ba2e5bd887079aad app=stable-modal-comfy-v2-restore-only-shadow class=ModalRuntimeEntrypointV2 gpu=RTX-PRO-6000 cpu=12 memory=32768 runtime_shape_fingerprint=f504e296c398bdcb2c4c07e2 snapshot_model_order=O0
2026-08-12 15:10:50-05:00 [v2.snapshot_runtime] image_id=im-eWz1p0SpxjKBcHwAor1j89 cloud=CLOUD_PROVIDER_GCP region=us-east1 container_session_id=95976c5a79084625
2026-08-12 15:10:50-05:00 [v2.manager] network_mode=offline configs=1
2026-08-12 15:10:53-05:00 [v2.startup_stage] stage=custom_node_source_copy event=start wall_unix_ns=1786565453170308630 monotonic_ns=8400328146
2026-08-12 15:10:53-05:00 [v2.custom_node_filter] total_source_dirs=39 accepted_dirs=24 duplicate_comfymodal_dirs=14 duplicate_names=[comfyui-modal-aws-rtx6000,comfyui-modal-c1-c5-c6-c8-tail,comfyui-modal-east1-composition,comfyui-modal-exact-clip-conditioning-cache,comfyui-modal-memory-regression-fix,comfyui-modal-pagesfile-probe,comfyui-modal-persistent-modal-handle,comfyui-modal-persistent-submission-v2,comfyui-modal-restore-structure,comfyui-modal-sub13-diagnostic,comfyui-modal-teardown-billing-tail,comfyui-modal-vae-runtime-path,comfyui-modal-vae-snapshot-seed,comyui-modal-pagesfile-probe]
2026-08-12 15:10:53-05:00 [v2.custom_node_startup] decision=snapshot_exact_skip callback_called=0 source=persisted_record generation=7d24383509e83867
2026-08-12 15:10:53-05:00 [v2.startup_stage] stage=custom_node_source_copy event=end wall_unix_ns=1786565453558553835 monotonic_ns=8788574365 duration_ms=388.246
2026-08-12 15:10:53-05:00 [v2.startup_stage] stage=comfyui_path_startup event=start wall_unix_ns=1786565453558958586 monotonic_ns=8788978226
2026-08-12 15:10:53-05:00 [v2.startup_stage] stage=comfyui_path_startup event=end wall_unix_ns=1786565453559331367 monotonic_ns=8789351077 duration_ms=0.373
2026-08-12 15:10:53-05:00 [v2.startup_stage] stage=backend_startup event=start wall_unix_ns=1786565453559478737 monotonic_ns=8789498187
2026-08-12 15:10:53-05:00 [v2.runtime_shape] stage=snapshot_pre_capture runtime_shape_fingerprint=f504e296c398bdcb2c4c07e2 runtime_shape_label=None thread_policy=TBASE snapshot_model_order=O0 cpu_request=12 memory_request=32768 native_thread_count=13 configured_omp=None configured_mkl=None configured_openblas=None configured_numexpr=None malloc_arena_max=None native_library_settings={'OMP_NUM_THREADS': '12', 'MKL_NUM_THREADS': '12', 'OPENBLAS_NUM_THREADS': '12', 'NUMEXPR_NUM_THREADS': None, 'MALLOC_ARENA_MAX': None} torch_intraop_threads=12 torch_interop_threads=14 actual_torch_intraop_threads=12 actual_torch_interop_threads=14 requested_torch_intraop_threads=None requested_torch_interop_threads=None requested_vs_actual_match=True status=baseline_passthrough error= before={'torch_intraop_threads': 12, 'torch_interop_threads': 14}
2026-08-12 15:11:00-05:00 [comfyapp] total_ram=1024.0G  cache_ram=24.0G
2026-08-12 15:11:00-05:00 [v2.startup_stage] stage=custom_node_import event=start wall_unix_ns=1786565460669530534 monotonic_ns=15899551120
2026-08-12 15:11:02-05:00 ### ComfyUI-Workflow-Encrypt: Copy .js from '/root/comfy/ComfyUI/custom_nodes/comfyui-workflow-encrypt/js/comfyui-workflow-encrypt.js' to '/root/comfy/ComfyUI/web/extensions/comfyui-workflow-encrypt'
2026-08-12 15:11:02-05:00 WARNING:root:[ComfyUI-Manager] Some features are restricted due to your ComfyUI being outdated.
2026-08-12 15:11:03-05:00 WARNING:root:[Impact Pack] custom_wildcards path not found: C:\Users\parla\OneDrive\Documents\AI HUB\ComfyUI June Install\ComfyUI\custom_nodes\comfyui-impact-pack\custom_wildcards. Using default path.
2026-08-12 15:11:03-05:00 
2026-08-12 15:11:03-05:00 [92m[rgthree-comfy] Loaded 48 epic nodes. 🎉[0m
2026-08-12 15:11:03-05:00 
2026-08-12 15:11:03-05:00 [33m[rgthree-comfy] ComfyUI's new Node 2.0 rendering may be incompatible with some rgthree-comfy nodes and features, breaking some rendering as well as losing the ability to access a node's properties (a vital part of many nodes). It also appears to run MUCH more slowly spiking CPU usage and causing jankiness and unresponsiveness, especially with large workflows. Personally I am not planning to use the new Nodes 2.0 and, unfortunately, am not able to invest the time to investigate and overhaul rgthree-comfy where needed. If you have issues when Nodes 2.0 is enabled, I'd urge you to switch it off as well and join me in hoping ComfyUI is not planning to deprecate the existing, stable canvas rendering all together.
2026-08-12 15:11:03-05:00 [0m
2026-08-12 15:11:05-05:00 (RES4LYF) Init
2026-08-12 15:11:05-05:00 (RES4LYF) Importing beta samplers.
2026-08-12 15:11:05-05:00 (RES4LYF) Importing legacy samplers.
2026-08-12 15:11:06-05:00 /usr/local/lib/python3.11/site-packages/sam3/model/sam3_video_inference.py:835: UserWarning: CUDA is not available or torch_xla is imported. Disabling autocast.
2026-08-12 15:11:06-05:00   @torch.autocast(device_type="cuda", dtype=torch.bfloat16)
2026-08-12 15:11:06-05:00 /usr/local/lib/python3.11/site-packages/sam3/model/sam3_video_inference.py:943: UserWarning: CUDA is not available or torch_xla is imported. Disabling autocast.
2026-08-12 15:11:06-05:00   @torch.autocast(device_type="cuda", dtype=torch.bfloat16)
2026-08-12 15:11:06-05:00 [33mModule 'diffusers' load failed. If you don't have it installed, do it:[0m
2026-08-12 15:11:06-05:00 [33mpip install diffusers[0m
2026-08-12 15:11:07-05:00 [34m[ComfyUI-Easy-Use] server: [0mv1.3.6 [92mLoaded[0m
2026-08-12 15:11:07-05:00 [34m[ComfyUI-Easy-Use] web root: [0m/root/comfy/ComfyUI/custom_nodes/comfyui-easy-use/web_version/v2 [92mLoaded[0m
2026-08-12 15:11:07-05:00 ⚠️  SeedVR2 optimizations check: SageAttention ❌ | Flash Attention ❌ | Triton ✅
2026-08-12 15:11:07-05:00 💡 Optional: pip install sageattention flash-attn
2026-08-12 15:11:07-05:00 ⚠️ Memory check failed: No GPU backend available (CUDA/MPS) - No available backend!
2026-08-12 15:11:07-05:00 WARNING:root:Traceback (most recent call last):
2026-08-12 15:11:07-05:00   File "/root/comfy/ComfyUI/nodes.py", line 2212, in load_custom_node
2026-08-12 15:11:07-05:00     module_spec.loader.exec_module(module)
2026-08-12 15:11:07-05:00   File "<frozen importlib._bootstrap_external>", line 940, in exec_module
2026-08-12 15:11:07-05:00   File "<frozen importlib._bootstrap>", line 241, in _call_with_frames_removed
2026-08-12 15:11:07-05:00   File "/root/comfy/ComfyUI/custom_nodes/ComfyUI-SeedVR2_VideoUpscaler/__init__.py", line 7, in <module>
2026-08-12 15:11:07-05:00     from .src.interfaces import comfy_entrypoint, SeedVR2Extension
2026-08-12 15:11:07-05:00   File "/root/comfy/ComfyUI/custom_nodes/ComfyUI-SeedVR2_VideoUpscaler/src/interfaces/__init__.py", line 8, in <module>
2026-08-12 15:11:07-05:00     from .video_upscaler import SeedVR2VideoUpscaler
2026-08-12 15:11:07-05:00   File "/root/comfy/ComfyUI/custom_nodes/ComfyUI-SeedVR2_VideoUpscaler/src/interfaces/video_upscaler.py", line 10, in <module>
2026-08-12 15:11:07-05:00     from ..utils.downloads import download_weight
2026-08-12 15:11:07-05:00   File "/root/comfy/ComfyUI/custom_nodes/ComfyUI-SeedVR2_VideoUpscaler/src/utils/downloads.py", line 14, in <module>
2026-08-12 15:11:07-05:00     from .model_registry import MODEL_REGISTRY, DEFAULT_VAE
2026-08-12 15:11:07-05:00   File "/root/comfy/ComfyUI/custom_nodes/ComfyUI-SeedVR2_VideoUpscaler/src/utils/model_registry.py", line 14, in <module>
2026-08-12 15:11:07-05:00     from ..models.video_vae_v3.modules.attn_video_vae import VideoAutoencoderKLWrapper
2026-08-12 15:11:07-05:00   File "/root/comfy/ComfyUI/custom_nodes/ComfyUI-SeedVR2_VideoUpscaler/src/models/video_vae_v3/modules/attn_video_vae.py", line 20, in <module>
2026-08-12 15:11:07-05:00     from diffusers.models.autoencoders.vae import DecoderOutput, DiagonalGaussianDistribution
2026-08-12 15:11:07-05:00   File "/usr/local/lib/python3.11/site-packages/diffusers/models/autoencoders/__init__.py", line 16, in <module>
2026-08-12 15:11:07-05:00     from .autoencoder_kl_temporal_decoder import AutoencoderKLTemporalDecoder
2026-08-12 15:11:07-05:00   File "/usr/local/lib/python3.11/site-packages/diffusers/models/autoencoders/autoencoder_kl_temporal_decoder.py", line 26, in <module>
2026-08-12 15:11:07-05:00     from ..unets.unet_3d_blocks import MidBlockTemporalDecoder, UpBlockTemporalDecoder
2026-08-12 15:11:07-05:00   File "/usr/local/lib/python3.11/site-packages/diffusers/models/unets/__init__.py", line 8, in <module>
2026-08-12 15:11:07-05:00     from .unet_3d_condition import UNet3DConditionModel
2026-08-12 15:11:07-05:00   File "/usr/local/lib/python3.11/site-packages/diffusers/models/unets/unet_3d_condition.py", line 37, in <module>
2026-08-12 15:11:07-05:00     from ..transformers.transformer_temporal import TransformerTemporalModel
2026-08-12 15:11:07-05:00   File "/usr/local/lib/python3.11/site-packages/diffusers/models/transformers/__init__.py", line 20, in <module>
2026-08-12 15:11:07-05:00     from .transformer_bria import BriaTransformer2DModel
2026-08-12 15:11:07-05:00   File "/usr/local/lib/python3.11/site-packages/diffusers/models/transformers/transformer_bria.py", line 14, in <module>
2026-08-12 15:11:07-05:00     from ..attention_dispatch import dispatch_attention_fn
2026-08-12 15:11:07-05:00   File "/usr/local/lib/python3.11/site-packages/diffusers/models/attention_dispatch.py", line 92, in <module>
2026-08-12 15:11:07-05:00     from sageattention import (
2026-08-12 15:11:07-05:00   File "/usr/local/lib/python3.11/site-packages/sageattention/__init__.py", line 1, in <module>
2026-08-12 15:11:07-05:00     from .core import sageattn, sageattn_varlen
2026-08-12 15:11:07-05:00   File "/usr/local/lib/python3.11/site-packages/sageattention/core.py", line 47, in <module>
2026-08-12 15:11:07-05:00     from .quant import per_block_int8 as per_block_int8_cuda
2026-08-12 15:11:07-05:00   File "/usr/local/lib/python3.11/site-packages/sageattention/quant.py", line 20, in <module>
2026-08-12 15:11:07-05:00     from . import _fused
2026-08-12 15:11:07-05:00   File "/root/comfyapp.py", line 17773, in find_spec
2026-08-12 15:11:07-05:00     raise ImportError(
2026-08-12 15:11:07-05:00 ImportError: [comfyapp] blocked CUDA module import 'sageattention._fused' during snap=True to keep snapshot clean
2026-08-12 15:11:07-05:00 
2026-08-12 15:11:07-05:00 WARNING:root:Cannot import /root/comfy/ComfyUI/custom_nodes/ComfyUI-SeedVR2_VideoUpscaler module for custom nodes: [comfyapp] blocked CUDA module import 'sageattention._fused' during snap=True to keep snapshot clean
2026-08-12 15:11:10-05:00 warning: The `fitz` API is deprecated and will be removed in future. Use `import pymupdf` instead.
2026-08-12 15:11:10-05:00 LOADED 5 FONTS
2026-08-12 15:11:11-05:00 
2026-08-12 15:11:11-05:00 
2026-08-12 15:11:11-05:00 ███╗   ███╗ █████╗  ██████╗██╗  ██╗██╗███╗   ██╗███████╗               
2026-08-12 15:11:11-05:00 ████╗ ████║██╔══██╗██╔════╝██║  ██║██║████╗  ██║██╔════╝               
2026-08-12 15:11:11-05:00 ██╔████╔██║███████║██║     ███████║██║██╔██╗ ██║█████╗                 
2026-08-12 15:11:11-05:00 ██║╚██╔╝██║██╔══██║██║     ██╔══██║██║██║╚██╗██║██╔══╝                 
2026-08-12 15:11:11-05:00 ██║ ╚═╝ ██║██║  ██║╚██████╗██║  ██║██║██║ ╚████║███████╗               
2026-08-12 15:11:11-05:00 ╚═╝     ╚═╝╚═╝  ╚═╝ ╚═════╝╚═╝  ╚═╝╚═╝╚═╝  ╚═══╝╚══════╝               
2026-08-12 15:11:11-05:00                                                                        
2026-08-12 15:11:11-05:00 ██████╗ ███████╗██╗     ██╗   ██╗███████╗██╗ ██████╗ ███╗   ██╗███████╗
2026-08-12 15:11:11-05:00 ██╔══██╗██╔════╝██║     ██║   ██║██╔════╝██║██╔═══██╗████╗  ██║██╔════╝
2026-08-12 15:11:11-05:00 ██║  ██║█████╗  ██║     ██║   ██║███████╗██║██║   ██║██╔██╗ ██║███████╗
2026-08-12 15:11:11-05:00 ██║  ██║██╔══╝  ██║     ██║   ██║╚════██║██║██║   ██║██║╚██╗██║╚════██║
2026-08-12 15:11:11-05:00 ██████╔╝███████╗███████╗╚██████╔╝███████║██║╚██████╔╝██║ ╚████║███████║
2026-08-12 15:11:11-05:00 ╚═════╝ ╚══════╝╚══════╝ ╚═════╝ ╚══════╝╚═╝ ╚═════╝ ╚═╝  ╚═══╝╚══════╝
2026-08-12 15:11:11-05:00                                                                        
2026-08-12 15:11:11-05:00 
2026-08-12 15:11:11-05:00 
2026-08-12 15:11:11-05:00 [exact_prefill.local] enabled=1 source=env
2026-08-12 15:11:11-05:00 [comfyui-modal] Routes registered: /comfymodal/prompt, /comfymodal/model/install, /comfymodal/models/batch-install, /comfymodal/models/inject, /comfymodal/models/inject-all, /comfymodal/health, /comfymodal/object_info, /comfymodal/cancel/{id}, /comfymodal/models, /comfymodal/sync/status, /comfymodal/sync/models, /comfymodal/sync/custom-nodes, /comfymodal/runtime/resync, /comfymodal/runtime/state, /comfymodal/comparison/*, /comfymodal/experiments/*, /comfymodal/presets/*, /comfymodal/assets/{id}, /comfymodal/run-history/*, /comfymodal/deploy-warmup/*, /comfymodal/history/*
2026-08-12 15:11:11-05:00 [36;20m[/root/comfy/ComfyUI/custom_nodes/comfyui_controlnet_aux] | INFO -> Using ckpts path: /root/comfy/ComfyUI/custom_nodes/comfyui_controlnet_aux/ckpts[0m
2026-08-12 15:11:11-05:00 [36;20m[/root/comfy/ComfyUI/custom_nodes/comfyui_controlnet_aux] | INFO -> Using symlinks: False[0m
2026-08-12 15:11:11-05:00 [36;20m[/root/comfy/ComfyUI/custom_nodes/comfyui_controlnet_aux] | INFO -> Using ort providers: ['CUDAExecutionProvider', 'DirectMLExecutionProvider', 'OpenVINOExecutionProvider', 'ROCMExecutionProvider', 'CPUExecutionProvider', 'CoreMLExecutionProvider'][0m
2026-08-12 15:11:11-05:00 DWPose: Onnxruntime with acceleration providers detected
2026-08-12 15:11:11-05:00 WARNING:/root/comfy/ComfyUI/custom_nodes/comfyui-lora-manager.py.config:No valid loras folders found in ComfyUI configuration
2026-08-12 15:11:11-05:00 WARNING:/root/comfy/ComfyUI/custom_nodes/comfyui-lora-manager.py.config:No valid embeddings folders found in ComfyUI configuration
2026-08-12 15:11:11-05:00 WARNING:/root/comfy/ComfyUI/custom_nodes/comfyui-lora-manager.py.vue_widget_builder:Node.js/npm not found. Cannot build Vue widgets. Please install Node.js or build manually: cd vue-widgets && npm run build
2026-08-12 15:11:11-05:00 [v2.startup_stage] stage=custom_node_import event=end wall_unix_ns=1786565471889140363 monotonic_ns=27119158256 duration_ms=11219.607 slow_import_summary_source=comfyui.nodes.init_external_custom_nodes
2026-08-12 15:11:11-05:00 [comfyapp] custom_node_import_health: registered=2410 volume_syncable=24 comfy_entries=28 comfy_symlinks=0 failures=0 snapshot_deferred=0
2026-08-12 15:11:11-05:00 [comfyapp] custom_node_import_health: volume_dirs=['ComfyUI-CacheDiT', 'ComfyUI-Flux2Klein-Enhancer', 'ComfyUI-KJNodes', 'ComfyUI-SeedVR2_VideoUpscaler', 'ComfyUI_LayerStyle', 'RES4LYF', 'cg-use-everywhere', 'comfyui-custom-scripts', 'comfyui-detail-daemon', 'comfyui-easy-use', 'comfyui-impact-pack', 'comfyui-levelpixel', 'comfyui-lora-manager', 'comfyui-manager', 'comfyui-modal', 'comfyui-workflow-encrypt', 'comfyui_controlnet_aux', 'comfyui_essentials', 'comfyui_fill-nodes', 'comfyui_image_metadata_extension', 'comfyui_lg_samplingutils', 'comfyui_sam3', 'masquerade-nodes-comfyui', 'rgthree-comfy']
2026-08-12 15:11:11-05:00 [comfyapp] sage_policy module=model_optimization_nodes.py found=True patched=True baked_cuda_available=False duration=6.1ms
2026-08-12 15:11:11-05:00 [comfyapp] in-process backend initialized in 18.353s
2026-08-12 15:11:11-05:00 [v2.startup_stage] stage=backend_startup event=end wall_unix_ns=1786565471917623949 monotonic_ns=27147644023 duration_ms=18358.146
2026-08-12 15:11:11-05:00 [v2.sage_snapshot] action=discover_and_patch module=/root/comfy/ComfyUI/custom_nodes/ComfyUI-KJNodes.nodes.model_optimization_nodes target=patch_kjnodes_get_sage_func.<locals>.wrapped_get_sage_func mode=patched_at_snapshot version=comfymodal-sage-v1
2026-08-12 15:11:11-05:00 [v2.generation_identity] method=startup custom_nodes_generation='7d24383509e83867375e31b3…' raw_empty=false source=persisted_record runtime_state_generation='' api_object_id=47440802946768 deployment_combined_hash=4fcf1492ee7a0d39
2026-08-12 15:11:11-05:00 [v2.startup_stage] stage=certificate_snapshot_retention event=start wall_unix_ns=1786565471929994954 monotonic_ns=27160015638
2026-08-12 15:11:11-05:00 [v2.cert_snapshot] status=fallback reason=seed_missing
2026-08-12 15:11:11-05:00 [v2.startup_stage] stage=certificate_snapshot_retention event=end wall_unix_ns=1786565471930236584 monotonic_ns=27160256619 duration_ms=0.241 status=fallback reason=seed_missing
2026-08-12 15:11:11-05:00 [v2.startup_stage] stage=dependency_validation event=start wall_unix_ns=1786565471930325815 monotonic_ns=27160345409
2026-08-12 15:11:11-05:00 [v2.startup_stage] stage=baked_manifest_read event=start wall_unix_ns=1786565471930351385 monotonic_ns=27160370969
2026-08-12 15:11:11-05:00 [v2.startup_stage] stage=baked_manifest_read event=end wall_unix_ns=1786565471930579845 monotonic_ns=27160599359 duration_ms=0.228
2026-08-12 15:11:12-05:00 [dep_manifest] persisted identity=e1ed5c5e40d3855e... combined_hash=4fcf1492ee7a0d39... elapsed_ms=1057.1
2026-08-12 15:11:12-05:00 [v2.dep_manifest] startup build/persist done in 1057.4ms identity=e1ed5c5e40d3855e combined_hash=4fcf1492ee7a0d39 cn_gen=7d24383509e83867 repair_mode=fail_fast baked_ok=1 ident_ok=1
2026-08-12 15:11:12-05:00 [v2.startup_stage] stage=dependency_validation event=end wall_unix_ns=1786565472987792436 monotonic_ns=28217812633 duration_ms=1057.467
2026-08-12 15:11:12-05:00 [v2.deployment_proof] schema=1 complete=True reason=ok dep_hash=4fcf1492ee7a0d39 baked_gen=7d24383509e83867 gen_ok=1 reg_fp=True dep_identity=True repair_mode=n/a
2026-08-12 15:11:12-05:00 [comfyapp] snapshot_preload_profile source=none - no warmup profile configured
2026-08-12 15:11:12-05:00 [v2.runtime_shape] stage=snapshot_pre_capture runtime_shape_fingerprint=f504e296c398bdcb2c4c07e2 runtime_shape_label=None thread_policy=TBASE snapshot_model_order=O0 cpu_request=12 memory_request=32768 native_thread_count=35 configured_omp=None configured_mkl=None configured_openblas=None configured_numexpr=None malloc_arena_max=None native_library_settings={'OMP_NUM_THREADS': '12', 'MKL_NUM_THREADS': '12', 'OPENBLAS_NUM_THREADS': '12', 'NUMEXPR_NUM_THREADS': None, 'MALLOC_ARENA_MAX': None} torch_intraop_threads=12 torch_interop_threads=14 actual_torch_intraop_threads=12 actual_torch_interop_threads=14 requested_torch_intraop_threads=None requested_torch_interop_threads=None requested_vs_actual_match=True status=baseline_passthrough error= before={'torch_intraop_threads': 12, 'torch_interop_threads': 14}
2026-08-12 15:11:12-05:00 [v2.startup_stage] stage=clip_snapshot_load event=start wall_unix_ns=1786565472996416904 monotonic_ns=28226436560
2026-08-12 15:11:12-05:00 [active_read] registered owner=graph_loader key=/__modal/volumes/vo-QI6fCKykvocVkUBVGsuZgm/text_encoders/qwen_3_4b.safetensors active_read_id=3ad04a89429b4117 restored_instance_id= restore_session_id= request_id= start_wall_unix_ns=1786565472997828864 start_monotonic_ns=28227846693 start_thread_time_ns=21900000000 start_process_time_ns=25210000000 native_tid=2 active_read_path_hash=18da7c5b6a0c3132 active_read_file_size=8044982048 active_read_st_dev=30 active_read_st_ino=85 active_read_governor_enabled=0 active_read_priority=80 active_read_size_bytes=8044982048 active_read_size_mb=7672.3 active_read_is_large=1 active_read_classification_source=file_size active_read_queue_enter_ms=0.0 active_read_queue_exit_ms=0.0 active_read_queue_wait_ms=0.0 active_read_large_slots_used_at_enter=0 active_read_large_slots_used_at_start=0 active_read_concurrent_large_reads_at_start=1 active_read_attached_existing_future=0 active_read_duplicate_prevented=0
2026-08-12 15:11:16-05:00 [active_read] completed owner=graph_loader key=/__modal/volumes/vo-QI6fCKykvocVkUBVGsuZgm/text_encoders/qwen_3_4b.safetensors active_read_id=3ad04a89429b4117 restored_instance_id= restore_session_id= complete_wall_unix_ns=1786565476053571072 complete_monotonic_ns=31283589169 complete_thread_time_ns=23780000000 complete_process_time_ns=49770000000 complete_native_tid=2 wall_ms=3055.742 thread_cpu_ms=1880.0 process_cpu_ms=24560.0 majf=None minf=None inblock=None nvcsw=None nivcsw=None read_bytes=None rchar=None path_hash=18da7c5b6a0c3132 file_size=8044982048 st_dev=30 st_ino=85
2026-08-12 15:11:16-05:00 [v2.active_read_diag] active_read_id=3ad04a89429b4117 owner=graph_loader request_id= restore_session_id= path_hash=18da7c5b6a0c3132 wall_ms=3055.742 thread_cpu_ms=1880.0 process_cpu_ms=24560.0 read_bytes=not_observed_in_this_thread rchar=not_observed_in_this_thread minor_faults=None major_faults=None context_switches=None/None counter_status=unsupported legacy_counter_status=unsupported thread_cpu_status=unsupported process_cpu_status=unsupported io_status=unsupported page_fault_status=unsupported block_input_status=unsupported context_switch_status=unsupported native_thread_id=2
2026-08-12 15:11:16-05:00 [v2.startup_stage] stage=clip_snapshot_load event=end wall_unix_ns=1786565476627811260 monotonic_ns=31857832294 duration_ms=3631.396
2026-08-12 15:11:17-05:00 [v2.startup_stage] stage=unet_snapshot_load event=start wall_unix_ns=1786565477288984655 monotonic_ns=32519004354
2026-08-12 15:11:17-05:00 [active_read] registered owner=graph_loader key=/__modal/volumes/vo-QI6fCKykvocVkUBVGsuZgm/diffusion_models/z_image_turbo_bf16.s active_read_id=f7ee57615483465f restored_instance_id= restore_session_id= request_id= start_wall_unix_ns=1786565477291974144 start_monotonic_ns=32521992310 start_thread_time_ns=24960000000 start_process_time_ns=54350000000 native_tid=2 active_read_path_hash=8d2256b3cff6bbd2 active_read_file_size=12309866400 active_read_st_dev=30 active_read_st_ino=92 active_read_governor_enabled=0 active_read_priority=100 active_read_size_bytes=12309866400 active_read_size_mb=11739.6 active_read_is_large=1 active_read_classification_source=file_size active_read_queue_enter_ms=0.0 active_read_queue_exit_ms=0.0 active_read_queue_wait_ms=0.0 active_read_large_slots_used_at_enter=0 active_read_large_slots_used_at_start=0 active_read_concurrent_large_reads_at_start=1 active_read_attached_existing_future=0 active_read_duplicate_prevented=0
2026-08-12 15:11:21-05:00 [active_read] completed owner=graph_loader key=/__modal/volumes/vo-QI6fCKykvocVkUBVGsuZgm/diffusion_models/z_image_turbo_bf16.s active_read_id=f7ee57615483465f restored_instance_id= restore_session_id= complete_wall_unix_ns=1786565481090925824 complete_monotonic_ns=36320943431 complete_thread_time_ns=26430000000 complete_process_time_ns=84490000000 complete_native_tid=2 wall_ms=3798.951 thread_cpu_ms=1470.0 process_cpu_ms=30140.0 majf=None minf=None inblock=None nvcsw=None nivcsw=None read_bytes=None rchar=None path_hash=8d2256b3cff6bbd2 file_size=12309866400 st_dev=30 st_ino=92
2026-08-12 15:11:21-05:00 [v2.active_read_diag] active_read_id=f7ee57615483465f owner=graph_loader request_id= restore_session_id= path_hash=8d2256b3cff6bbd2 wall_ms=3798.951 thread_cpu_ms=1470.0 process_cpu_ms=30140.0 read_bytes=not_observed_in_this_thread rchar=not_observed_in_this_thread minor_faults=None major_faults=None context_switches=None/None counter_status=unsupported legacy_counter_status=unsupported thread_cpu_status=unsupported process_cpu_status=unsupported io_status=unsupported page_fault_status=unsupported block_input_status=unsupported context_switch_status=unsupported native_thread_id=2
2026-08-12 15:11:21-05:00 [v2.startup_stage] stage=unet_snapshot_load event=end wall_unix_ns=1786565481447168664 monotonic_ns=36677189091 duration_ms=4158.185
2026-08-12 15:11:22-05:00 [v2.startup_stage] stage=vae_snapshot_load event=start wall_unix_ns=1786565482073193244 monotonic_ns=37303212890
2026-08-12 15:11:22-05:00 [active_read] registered owner=graph_loader key=/__modal/volumes/vo-QI6fCKykvocVkUBVGsuZgm/vae/ae.safetensors active_read_id=5b5031771db648c0 restored_instance_id= restore_session_id= request_id= start_wall_unix_ns=1786565482075436032 start_monotonic_ns=37305454465 start_thread_time_ns=27380000000 start_process_time_ns=88630000000 native_tid=2 active_read_path_hash=4c78afa4b05fac11 active_read_file_size=335304388 active_read_st_dev=30 active_read_st_ino=87 active_read_governor_enabled=0 active_read_priority=40 active_read_size_bytes=335304388 active_read_size_mb=319.8 active_read_is_large=0 active_read_classification_source=file_size active_read_queue_enter_ms=0.0 active_read_queue_exit_ms=0.0 active_read_queue_wait_ms=0.0 active_read_large_slots_used_at_enter=0 active_read_large_slots_used_at_start=0 active_read_concurrent_large_reads_at_start=0 active_read_attached_existing_future=0 active_read_duplicate_prevented=0
2026-08-12 15:11:22-05:00 [active_read] completed owner=graph_loader key=/__modal/volumes/vo-QI6fCKykvocVkUBVGsuZgm/vae/ae.safetensors active_read_id=5b5031771db648c0 restored_instance_id= restore_session_id= complete_wall_unix_ns=1786565482330996224 complete_monotonic_ns=37561013886 complete_thread_time_ns=27580000000 complete_process_time_ns=90110000000 complete_native_tid=2 wall_ms=255.559 thread_cpu_ms=200.0 process_cpu_ms=1480.0 majf=None minf=None inblock=None nvcsw=None nivcsw=None read_bytes=None rchar=None path_hash=4c78afa4b05fac11 file_size=335304388 st_dev=30 st_ino=87
2026-08-12 15:11:22-05:00 [v2.active_read_diag] active_read_id=5b5031771db648c0 owner=graph_loader request_id= restore_session_id= path_hash=4c78afa4b05fac11 wall_ms=255.559 thread_cpu_ms=200.0 process_cpu_ms=1480.0 read_bytes=not_observed_in_this_thread rchar=not_observed_in_this_thread minor_faults=None major_faults=None context_switches=None/None counter_status=unsupported legacy_counter_status=unsupported thread_cpu_status=unsupported process_cpu_status=unsupported io_status=unsupported page_fault_status=unsupported block_input_status=unsupported context_switch_status=unsupported native_thread_id=2
2026-08-12 15:11:22-05:00 [v2.startup_stage] stage=vae_snapshot_load event=end wall_unix_ns=1786565482400490023 monotonic_ns=37630510544 duration_ms=327.298
2026-08-12 15:11:23-05:00 [v2.vae_snapshot] status=retained vae_identity=ae.safetensors object_type=VAE object_id=47444445297488 vae_policy_version=1 vae_weight_dtype=bfloat16 vae_compute_dtype=bfloat16_native vae_memory_format=contiguous vae_prefetch_mode=off c5_impl_version=1.0.0 storage_bytes=167639366 floating_parameter_count=244 mismatched_parameter_buffer_count=0
2026-08-12 15:11:23-05:00 [v2.unet_runtime_state] stage=snapshot_created unet_identity=z_image_turbo_bf16.safetensors requested_weight_dtype=default effective_snapshot_weight_dtype=bfloat16 effective_snapshot_compute_dtype=bfloat16 effective_snapshot_manual_cast_dtype=none effective_weight_dtype=bfloat16 dtype_resolution_source=target_gpu_policy target_gpus=RTX-PRO-6000 state={"current_device":"cpu","diffusion_model_object_id":"47445481122640","diffusion_model_type":"NextDiT","effective_snapshot_compute_dtype":"bfloat16","effective_snapshot_manual_cast_dtype":"none","first_buffer_device":"absent","first_buffer_dtype":"absent","first_parameter_device":"cpu","first_parameter_dtype":"torch.bfloat16","forward_module":"NextDiT","forward_qualname":"NextDiT.forward","load_device":"cpu","loaded_models_member":"absent","manual_cast_dtype":"absent","model_dtype":"torch.bfloat16","model_loaded_weight_memory":"0","model_lowvram":"False","model_lowvram_patch_counter":"0","model_object_id":"47445481122960","model_options_keys":["transformer_options"],"model_type":"Lumina2","object_patch_count":0,"offload_device":"cpu","param_distribution":{"param_count":453,"param_dev_dtype_count":{"cpu|torch.bfloat16":453},"param_dev_dtype_numel":{"cpu|torch.bfloat16":6154908736},"param_distribution_hash":"96e377c80251860d5549077cedd369a544935a81bfbda9128343843e9dd54c80","total_param_numel":6154908736},"patch_count":0,"patcher_object_id":"47444099354256","patcher_type":"ModelPatcher","transformer_options_keys":[],"weight_dtype":"absent"}
2026-08-12 15:11:23-05:00 [v2.host_memory] stage=restore_complete current_mib=absent peak_mib=absent limit_mib=absent process_rss_mib=24414.8 process_maxrss_mib=35724.9 oom_count=absent oom_kill_count=absent status=ok cgroup_path=absent cgroup_mount=absent
2026-08-12 15:11:23-05:00 [v2.startup_stage] stage=cachedit_preparation event=start wall_unix_ns=1786565483810641184 monotonic_ns=39040661689
2026-08-12 15:11:23-05:00 [cachedit.startup] preimport transformers version=4.55.2 path=/usr/local/lib/python3.11/site-packages/transformers/__init__.py
2026-08-12 15:11:23-05:00 [cachedit.startup] preimport diffusers version=0.36.0 path=/usr/local/lib/python3.11/site-packages/diffusers/__init__.py
2026-08-12 15:11:24-05:00 /usr/local/lib/python3.11/site-packages/diffusers/models/transformers/transformer_kandinsky.py:168: UserWarning: CUDA is not available or torch_xla is imported. Disabling autocast.
2026-08-12 15:11:24-05:00   @torch.autocast(device_type="cuda", dtype=torch.float32)
2026-08-12 15:11:24-05:00 /usr/local/lib/python3.11/site-packages/diffusers/models/transformers/transformer_kandinsky.py:272: UserWarning: CUDA is not available or torch_xla is imported. Disabling autocast.
2026-08-12 15:11:24-05:00   @torch.autocast(device_type="cuda", dtype=torch.float32)
2026-08-12 15:11:24-05:00 [cachedit.startup] preimport cache_dit version=1.2.3 path=/usr/local/lib/python3.11/site-packages/cache_dit/__init__.py
2026-08-12 15:11:24-05:00 [cachedit.startup] cache_dit metadata={'__version__': '1.2.3', 'top_level_classes': ['BasicCacheConfig', 'BlockAdapter', 'CacheType', 'CalibratorConfig', 'DBCacheConfig', 'DBPruneConfig', 'FoCaCalibratorConfig', 'ForwardPattern', 'ParallelismBackend', 'ParallelismConfig', 'ParamsModifier', 'PatchFunctor', 'ProfilerContext', 'TaylorSeerCalibratorConfig']}
2026-08-12 15:11:24-05:00 [v2.startup_stage] stage=cachedit_preparation event=end wall_unix_ns=1786565484213433648 monotonic_ns=39443453869 duration_ms=402.792
2026-08-12 15:11:24-05:00 [cachedit.startup] preimport ok transformers=4.55.2 diffusers=0.36.0 cache_dit=1.2.3 cache_dit_info={'__version__': '1.2.3', 'top_level_classes': ['BasicCacheConfig', 'BlockAdapter', 'CacheType', 'CalibratorConfig', 'DBCacheConfig', 'DBPruneConfig', 'FoCaCalibratorConfig', 'ForwardPattern', 'ParallelismBackend', 'ParallelismConfig', 'ParamsModifier', 'PatchFunctor', 'ProfilerContext', 'TaylorSeerCalibratorConfig']}
2026-08-12 15:11:24-05:00 [v2.snapshot_pools] stage=before_snapshot_capture legacy_threads_joined=0 legacy_worker_refs_removed=0 coordinator_closed=1 native_thread_count=46
2026-08-12 15:11:24-05:00 [v2.snapshot_model_eviction_memory] stage=full_models_loaded vm_rss_mib=24440.45703125 vm_hwm_mib=absent smaps_rss_mib=absent smaps_pss_mib=absent smaps_private_clean_mib=absent smaps_private_dirty_mib=absent smaps_shared_clean_mib=absent smaps_shared_dirty_mib=absent smaps_anonymous_mib=absent native_thread_count=46 torch_intraop_threads=12 torch_interop_threads=14 loaded_module_count=10435
2026-08-12 15:11:26-05:00 [v2.snapshot_model_eviction_memory] stage=after_full_eviction vm_rss_mib=16236.12109375 vm_hwm_mib=absent smaps_rss_mib=absent smaps_pss_mib=absent smaps_private_clean_mib=absent smaps_private_dirty_mib=absent smaps_shared_clean_mib=absent smaps_shared_dirty_mib=absent smaps_anonymous_mib=absent native_thread_count=46 torch_intraop_threads=12 torch_interop_threads=14 loaded_module_count=10435
2026-08-12 15:11:26-05:00 [v2.snapshot_model_eviction] stage=snapshot_pre_capture enabled=1 status=full_eviction_complete retain_role=clip_vae clip_original_id=47444106376144 unet_original_id=47444099354256 original_clip_alive_after_full_eviction=0 original_unet_alive_after_full_eviction=0 full_eviction_rss_drop_mib=8204.3 rss_before_mib=24440.45703125 rss_after_eviction_mib=16236.12109375 malloc_trim_status=applied malloc_trim_result=1
2026-08-12 15:11:26-05:00 [v2.runtime_shape] stage=snapshot_pre_capture runtime_shape_fingerprint=f504e296c398bdcb2c4c07e2 runtime_shape_label=None thread_policy=TBASE snapshot_model_order=O0 cpu_request=12 memory_request=32768 native_thread_count=46 configured_omp=None configured_mkl=None configured_openblas=None configured_numexpr=None malloc_arena_max=None native_library_settings={'OMP_NUM_THREADS': '12', 'MKL_NUM_THREADS': '12', 'OPENBLAS_NUM_THREADS': '12', 'NUMEXPR_NUM_THREADS': None, 'MALLOC_ARENA_MAX': None} torch_intraop_threads=12 torch_interop_threads=14 actual_torch_intraop_threads=12 actual_torch_interop_threads=14 requested_torch_intraop_threads=None requested_torch_interop_threads=None requested_vs_actual_match=True status=baseline_passthrough error= before={'torch_intraop_threads': 12, 'torch_interop_threads': 14}
2026-08-12 15:11:26-05:00 [v2.startup_stage] stage=clip_snapshot_load event=start wall_unix_ns=1786565486451297997 monotonic_ns=41681318460
2026-08-12 15:11:26-05:00 [active_read] registered owner=graph_loader key=/__modal/volumes/vo-QI6fCKykvocVkUBVGsuZgm/text_encoders/qwen_3_4b.safetensors active_read_id=31d5fe746f4c48a4 restored_instance_id= restore_session_id= request_id= start_wall_unix_ns=1786565486453436416 start_monotonic_ns=41683454604 start_thread_time_ns=31460000000 start_process_time_ns=94850000000 native_tid=2 active_read_path_hash=18da7c5b6a0c3132 active_read_file_size=8044982048 active_read_st_dev=30 active_read_st_ino=85 active_read_governor_enabled=0 active_read_priority=80 active_read_size_bytes=8044982048 active_read_size_mb=7672.3 active_read_is_large=1 active_read_classification_source=file_size active_read_queue_enter_ms=0.0 active_read_queue_exit_ms=0.0 active_read_queue_wait_ms=0.0 active_read_large_slots_used_at_enter=0 active_read_large_slots_used_at_start=0 active_read_concurrent_large_reads_at_start=1 active_read_attached_existing_future=0 active_read_duplicate_prevented=0
2026-08-12 15:11:27-05:00 [active_read] completed owner=graph_loader key=/__modal/volumes/vo-QI6fCKykvocVkUBVGsuZgm/text_encoders/qwen_3_4b.safetensors active_read_id=31d5fe746f4c48a4 restored_instance_id= restore_session_id= complete_wall_unix_ns=1786565487075930624 complete_monotonic_ns=42305948099 complete_thread_time_ns=32060000000 complete_process_time_ns=101990000000 complete_native_tid=2 wall_ms=622.493 thread_cpu_ms=600.0 process_cpu_ms=7140.0 majf=None minf=None inblock=None nvcsw=None nivcsw=None read_bytes=None rchar=None path_hash=18da7c5b6a0c3132 file_size=8044982048 st_dev=30 st_ino=85
2026-08-12 15:11:27-05:00 [v2.active_read_diag] active_read_id=31d5fe746f4c48a4 owner=graph_loader request_id= restore_session_id= path_hash=18da7c5b6a0c3132 wall_ms=622.493 thread_cpu_ms=600.0 process_cpu_ms=7140.0 read_bytes=not_observed_in_this_thread rchar=not_observed_in_this_thread minor_faults=None major_faults=None context_switches=None/None counter_status=unsupported legacy_counter_status=unsupported thread_cpu_status=unsupported process_cpu_status=unsupported io_status=unsupported page_fault_status=unsupported block_input_status=unsupported context_switch_status=unsupported native_thread_id=2
2026-08-12 15:11:27-05:00 [v2.startup_stage] stage=clip_snapshot_load event=end wall_unix_ns=1786565487794189524 monotonic_ns=43024211370 duration_ms=1342.893
2026-08-12 15:11:27-05:00 [v2.startup_stage] stage=vae_snapshot_load event=start wall_unix_ns=1786565487794359595 monotonic_ns=43024379201
2026-08-12 15:11:27-05:00 [active_read] registered owner=graph_loader key=/__modal/volumes/vo-QI6fCKykvocVkUBVGsuZgm/vae/ae.safetensors active_read_id=eed6aa432ad648df restored_instance_id= restore_session_id= request_id= start_wall_unix_ns=1786565487796038144 start_monotonic_ns=43026056264 start_thread_time_ns=32750000000 start_process_time_ns=107900000000 native_tid=2 active_read_path_hash=4c78afa4b05fac11 active_read_file_size=335304388 active_read_st_dev=30 active_read_st_ino=87 active_read_governor_enabled=0 active_read_priority=40 active_read_size_bytes=335304388 active_read_size_mb=319.8 active_read_is_large=0 active_read_classification_source=file_size active_read_queue_enter_ms=0.0 active_read_queue_exit_ms=0.0 active_read_queue_wait_ms=0.0 active_read_large_slots_used_at_enter=0 active_read_large_slots_used_at_start=0 active_read_concurrent_large_reads_at_start=0 active_read_attached_existing_future=0 active_read_duplicate_prevented=0
2026-08-12 15:11:27-05:00 [active_read] completed owner=graph_loader key=/__modal/volumes/vo-QI6fCKykvocVkUBVGsuZgm/vae/ae.safetensors active_read_id=eed6aa432ad648df restored_instance_id= restore_session_id= complete_wall_unix_ns=1786565487832929280 complete_monotonic_ns=43062947297 complete_thread_time_ns=32790000000 complete_process_time_ns=108380000000 complete_native_tid=2 wall_ms=36.891 thread_cpu_ms=40.0 process_cpu_ms=480.0 majf=None minf=None inblock=None nvcsw=None nivcsw=None read_bytes=None rchar=None path_hash=4c78afa4b05fac11 file_size=335304388 st_dev=30 st_ino=87
2026-08-12 15:11:27-05:00 [v2.active_read_diag] active_read_id=eed6aa432ad648df owner=graph_loader request_id= restore_session_id= path_hash=4c78afa4b05fac11 wall_ms=36.891 thread_cpu_ms=40.0 process_cpu_ms=480.0 read_bytes=not_observed_in_this_thread rchar=not_observed_in_this_thread minor_faults=None major_faults=None context_switches=None/None counter_status=unsupported legacy_counter_status=unsupported thread_cpu_status=unsupported process_cpu_status=unsupported io_status=unsupported page_fault_status=unsupported block_input_status=unsupported context_switch_status=unsupported native_thread_id=2
2026-08-12 15:11:27-05:00 [v2.startup_stage] stage=vae_snapshot_load event=end wall_unix_ns=1786565487862591931 monotonic_ns=43092611897 duration_ms=68.233
2026-08-12 15:11:27-05:00 [v2.snapshot_model_eviction] stage=snapshot_pre_capture enabled=1 status=non_fatal_floor_failure retain_role=clip_vae floor=final_reduction threshold_mib=4096 actual_mib=-1789.3 actual_bytes=? selected_reload_rss_rise_mib=9993.6 final_reduction_from_full_mib=-1789.3 selected_storage_total_bytes=8380214928 after_full_eviction_rss_mib=16236.12109375 after_selected_reload_rss_mib=26229.75 full_models_rss_mib=24440.45703125 malloc_trim_status=applied malloc_trim_result=1
2026-08-12 15:11:27-05:00 [v2.snapshot_model_eviction_memory] stage=after_selected_reload vm_rss_mib=26229.75 vm_hwm_mib=absent smaps_rss_mib=absent smaps_pss_mib=absent smaps_private_clean_mib=absent smaps_private_dirty_mib=absent smaps_shared_clean_mib=absent smaps_shared_dirty_mib=absent smaps_anonymous_mib=absent native_thread_count=46 torch_intraop_threads=12 torch_interop_threads=14 loaded_module_count=10435
2026-08-12 15:11:27-05:00 [v2.snapshot_model_eviction] stage=snapshot_pre_capture enabled=1 status=ready floor_failures=1 floor_failures_details=final_reduction=-1789.3 retain_role=clip_vae retained_model_present=0 retained_model_id=47444111618896 retained_model_type=CLIP retained_weakref_alive=1 original_clip_alive_after_full_eviction=0 original_unet_alive_after_full_eviction=0 original_vae_alive_after_full_eviction=0 reloaded_model_present=0 reloaded_model_id=47444111618896 reloaded_model_is_new_object=1 clip_original_id=47444106376144 unet_original_id=47444099354256 vae_original_id=47444445297488 container_retained=1 normal_cpu_snapshot_models_present=1 clip_present=1 vae_present=1 unet_present=0 full_eviction_rss_drop_mib=8204.3 selected_reload_rss_rise_mib=9993.6 final_reduction_from_full_mib=-1789.3 selected_storage_count=399 selected_storage_total_bytes=8380214928 selected_storage_total_mib=7991.996 full_models_rss_mib=24440.45703125 after_full_eviction_rss_mib=16236.12109375 after_selected_reload_rss_mib=26229.75 bridge_active_preparation=0 bridge_active_preparation_before_clear=0 snapshot_loader_output_count=0 snapshot_seed_present=0 native_threads=46 torch_intraop=12 torch_interop=14 patcher_cleanup_count=3 patcher_detach_count=3 patcher_cleanup_errors=0 malloc_trim_status=applied malloc_trim_result=1
2026-08-12 15:11:27-05:00 [v2.startup_stage] stage=vae_preparation event=start wall_unix_ns=1786565487911860859 monotonic_ns=43141881005 status=skipped reason=vae_not_part_of_cpu_snapshot
2026-08-12 15:11:27-05:00 [v2.startup_stage] stage=vae_preparation event=end wall_unix_ns=1786565487911938459 monotonic_ns=43141958085 status=skipped reason=vae_not_part_of_cpu_snapshot duration_ms=0.0
2026-08-12 15:11:27-05:00 [restore_memory_arm] freeze skipped: no_state_dir
2026-08-12 15:11:27-05:00 [v2.startup_stage] stage=snapshot_startup_callback event=return wall_unix_ns=1786565487913535052 monotonic_ns=43143554698 status=ready
2026-08-12 15:11:27-05:00 [v2.lifecycle] method=startup snap=True container_session=95976c5a79084625 restore_total_ms=36269.625 status=ready
2026-08-12 15:11:49-05:00 Snapshot created. Restoring Function from memory snapshot.
2026-08-12 15:11:49-05:00 Restoring Function from memory snapshot.
2026-08-12 15:11:51-05:00 [v2.startup_stage] stage=post_snapshot_restore event=start wall_unix_ns=1786565511530266437 monotonic_ns=66760289783
2026-08-12 15:11:51-05:00 [v2.snapshot_timing] snapshot_callback_age_at_restore_ms=23616.886 snapshot_callback_to_command_start_ms=unavailable command_start_to_restore_start_ms=unavailable request_latency_included=0 source=snapshot_callback_return_to_restore_start
2026-08-12 15:11:52-05:00 [v2.snapshot_model_eviction] stage=restore_observed marker=1 cpu_snapshot_models_present=1 clip_present=1 unet_present=0 retained_role=clip_vae retained_model_id=0 retained_model_type= rss_after_restore_mib=11408.6875 native_thread_count=46 torch_intraop=12 torch_interop=14 wall_unix_ns=1786565512026232318
2026-08-12 15:11:52-05:00 [v2.snapshot_model_eviction] stage=restore_release_retained retain_role=clip_vae status=container_retained container_present=1 clip_present=1 vae_present=1 unet_present=0 retained_slot_release=0 retained_model_id=0 retained_alive_after_release=0 rss_before_release_mib=absent rss_after_gc_mib=absent rss_after_trim_mib=absent rss_drop_mib=absent malloc_trim_status=absent malloc_trim_result=absent restore_release_start_wall_unix_ns=1786565512026374337 restore_release_end_wall_unix_ns=1786565512026374337 wall_unix_ns=1786565512026374337
2026-08-12 15:11:52-05:00 [v2.residency_config] enabled=0
2026-08-12 15:11:52-05:00 [v2.host_memory] stage=restore_start current_mib=absent peak_mib=absent limit_mib=absent process_rss_mib=11694.7 process_maxrss_mib=35724.9 oom_count=absent oom_kill_count=absent status=ok cgroup_path=absent cgroup_mount=absent
2026-08-12 15:11:52-05:00 [v2.runtime_shape] stage=after_restore runtime_shape_fingerprint=f504e296c398bdcb2c4c07e2 runtime_shape_label=None thread_policy=TBASE snapshot_model_order=O0 cpu_request=12 memory_request=32768 native_thread_count=46 configured_omp=None configured_mkl=None configured_openblas=None configured_numexpr=None malloc_arena_max=None native_library_settings={'OMP_NUM_THREADS': '12', 'MKL_NUM_THREADS': '12', 'OPENBLAS_NUM_THREADS': '12', 'NUMEXPR_NUM_THREADS': None, 'MALLOC_ARENA_MAX': None} torch_intraop_threads=12 torch_interop_threads=14 actual_torch_intraop_threads=12 actual_torch_interop_threads=14 requested_torch_intraop_threads=None requested_torch_interop_threads=None requested_vs_actual_match=True status=baseline_passthrough error=
2026-08-12 15:11:52-05:00 [v2.opt.gpu_state] total_memory_ms=289.532
2026-08-12 15:11:52-05:00 [comfyapp] gpu_state restored vram=97250MB ram=1048576MB vram_state=VRAMState.HIGH_VRAM in 291.7ms
2026-08-12 15:11:52-05:00 [restore.cuda_context] available=1 device_index=0 device=NVIDIA RTX PRO 6000 Blackwell Server Edition sync_ms=85.228 total_ms=85.398
2026-08-12 15:11:52-05:00 [v2.sage_restore] decision=snapshot_exact_skip discovery_called=0 verify_ms=0.173
2026-08-12 15:11:54-05:00 [v2.custom_node_restore] decision=snapshot_exact_skip callback_called=0 source=persisted_record check_ms=1.031
2026-08-12 15:11:54-05:00 [v2.startup_stage] stage=snapshot_execution_seed event=start wall_unix_ns=1786565514001739871 monotonic_ns=69231759340
2026-08-12 15:11:54-05:00 [v2.seed_restore] source=startup_minimal schema=2 topology_available=0 workflow_hash= loader_signatures=0
2026-08-12 15:11:54-05:00 [v2.startup_stage] stage=snapshot_execution_seed event=end wall_unix_ns=1786565514004605914 monotonic_ns=69234625593 duration_ms=2.866
2026-08-12 15:11:54-05:00 [v2.generation_identity] method=restore custom_nodes_generation='7d24383509e83867375e31b3…' raw_empty=false source=persisted_record runtime_state_generation='' api_object_id=47440802946768 deployment_combined_hash=4fcf1492ee7a0d39
2026-08-12 15:11:54-05:00 [v2.prefill_config] env=critical parsed=critical cpu_snapshot_container_active=0 native_fast_disk_unet_execution_active=0
2026-08-12 15:11:54-05:00 [v2.restore_breakdown] bootstrap_ms=1955.166 unet_cache_patch_ms=None clip_prepare_submit_ms=None clip_worker_wait_ms=None unet_spec_extract_ms=None bg_unet_submit_ms=None restore_finalize_ms=0.112
2026-08-12 15:11:54-05:00 [v2.clip_stages] worker_queue_ms=None load_torch_file_ms=None read_to_ready_ms=None post_read_cpu_prepare_ms=None gpu_wait_ms=None gpu_commit_ms=None read_end_to_ready_ms=None worker_total_ms=None worker_close_wait_ms=None restore_finalization_ms=0.112
2026-08-12 15:11:54-05:00 [v2.restoration_identity] restored_instance_id=c7b583342e8f4dcdacb62535d017915a restore_session_id=76b841d1a7404f03ab87719d954956f2 container_session_id=95976c5a79084625 modal_task_id=ta-01KZVSJ86PCE31E1J0PKAEYQNR modal_image_id=im-eWz1p0SpxjKBcHwAor1j89 modal_cloud=CLOUD_PROVIDER_GCP modal_region=us-east1 pid=2 hostname=modal restore_total_ms=1979.18 remote_python_resume_wall_unix_ns=1786565511530229248 restore_method_start_wall_unix_ns=1786565511530229248 restore_method_end_wall_unix_ns=1786565514005761280 modal_method_entry_wall_unix_ns=absent restore_status=success restore_method_status=success 
2026-08-12 15:11:54-05:00 [v2.lifecycle] method=restore snap=False container_session=95976c5a79084625 restore_count=1 restore_total_ms=1979.18 remote_python_resume_wall_unix_ns=1786565511530229248 restore_method_start_wall_unix_ns=1786565511530229248 restore_method_end_wall_unix_ns=1786565514005761280 modal_method_entry_wall_unix_ns=absent restore_status=success restore_method_status=success status=restored
2026-08-12 15:11:54-05:00 [v2.host_memory] stage=restore_complete current_mib=absent peak_mib=absent limit_mib=absent process_rss_mib=13254.4 process_maxrss_mib=35724.9 oom_count=absent oom_kill_count=absent status=ok cgroup_path=absent cgroup_mount=absent
2026-08-12 15:11:54-05:00 [v2.gpu_allocation] cuda_version=13.0 gpu_actual_name=NVIDIA RTX PRO 6000 Blackwell Server Edition gpu_compute_capability=12.0 gpu_requested_order=RTX-PRO-6000 gpu_vram_total_mib=97250 torch_version=2.12.0+cu130
2026-08-12 15:11:54-05:00 [v2.startup_stage] stage=post_snapshot_restore event=end wall_unix_ns=1786565514009083587 monotonic_ns=69239102836 duration_ms=2478.813
2026-08-12 15:11:54-05:00 [v2.restore_only_probe] request_method_entry request_id=v2-restore-only-0-fd669c389fbb restored_instance_id=c7b583342e8f4dcd restore_count=1 unet_present=0 clip_present=1 vae_present=1 container_retained=1 entry_wall_unix_ns=1786565514034544111
2026-08-12 15:11:54-05:00 [v2.clip_conditioning_cache] event=mode flag=COMFYMODAL_V2_CLIP_CONDITIONING_CACHE enabled=1 root=/root/prompt_cache_vol/exact_conditioning max_entries=64 max_bytes=536870912
2026-08-12 15:12:56-05:00 Function 'ModalRuntimeEntrypointV2.*' (fu-xjIsj5XkfF18HqyQZSHqZT) is waiting to be scheduled on a GPU_RTX_PRO_6000 worker. We are actively working on acquiring more capacity for your workload.. Relaxing requirements (cpu=12, memory=32.8GiB) may lead to faster scheduling
2026-08-12 15:13:30-05:00 Function 'ModalRuntimeEntrypointV2.*' (fu-xjIsj5XkfF18HqyQZSHqZT) is waiting to be scheduled on a GPU_RTX_PRO_6000 worker. We are actively working on acquiring more capacity for your workload.. Relaxing requirements (cpu=12, memory=32.8GiB) may lead to faster scheduling
2026-08-12 15:13:46-05:00 Restoring Function from memory snapshot.
2026-08-12 15:14:07-05:00 [v2.startup_stage] stage=post_snapshot_restore event=start wall_unix_ns=1786565647141403045 monotonic_ns=202371425941
2026-08-12 15:14:07-05:00 [v2.snapshot_timing] snapshot_callback_age_at_restore_ms=159227.97 snapshot_callback_to_command_start_ms=unavailable command_start_to_restore_start_ms=unavailable request_latency_included=0 source=snapshot_callback_return_to_restore_start
2026-08-12 15:14:08-05:00 [v2.snapshot_model_eviction] stage=restore_observed marker=1 cpu_snapshot_models_present=1 clip_present=1 unet_present=0 retained_role=clip_vae retained_model_id=0 retained_model_type= rss_after_restore_mib=11408.6875 native_thread_count=46 torch_intraop=12 torch_interop=14 wall_unix_ns=1786565648124262510
2026-08-12 15:14:08-05:00 [v2.snapshot_model_eviction] stage=restore_release_retained retain_role=clip_vae status=container_retained container_present=1 clip_present=1 vae_present=1 unet_present=0 retained_slot_release=0 retained_model_id=0 retained_alive_after_release=0 rss_before_release_mib=absent rss_after_gc_mib=absent rss_after_trim_mib=absent rss_drop_mib=absent malloc_trim_status=absent malloc_trim_result=absent restore_release_start_wall_unix_ns=1786565648124429069 restore_release_end_wall_unix_ns=1786565648124429069 wall_unix_ns=1786565648124429069
2026-08-12 15:14:08-05:00 [v2.residency_config] enabled=0
2026-08-12 15:14:08-05:00 [v2.host_memory] stage=restore_start current_mib=absent peak_mib=absent limit_mib=absent process_rss_mib=11694.7 process_maxrss_mib=35724.9 oom_count=absent oom_kill_count=absent status=ok cgroup_path=absent cgroup_mount=absent
2026-08-12 15:14:08-05:00 [v2.runtime_shape] stage=after_restore runtime_shape_fingerprint=f504e296c398bdcb2c4c07e2 runtime_shape_label=None thread_policy=TBASE snapshot_model_order=O0 cpu_request=12 memory_request=32768 native_thread_count=46 configured_omp=None configured_mkl=None configured_openblas=None configured_numexpr=None malloc_arena_max=None native_library_settings={'OMP_NUM_THREADS': '12', 'MKL_NUM_THREADS': '12', 'OPENBLAS_NUM_THREADS': '12', 'NUMEXPR_NUM_THREADS': None, 'MALLOC_ARENA_MAX': None} torch_intraop_threads=12 torch_interop_threads=14 actual_torch_intraop_threads=12 actual_torch_interop_threads=14 requested_torch_intraop_threads=None requested_torch_interop_threads=None requested_vs_actual_match=True status=baseline_passthrough error=
2026-08-12 15:14:09-05:00 [v2.opt.gpu_state] total_memory_ms=1020.991
2026-08-12 15:14:09-05:00 [comfyapp] gpu_state restored vram=97250MB ram=1048576MB vram_state=VRAMState.HIGH_VRAM in 1023.3ms
2026-08-12 15:14:10-05:00 [restore.cuda_context] available=1 device_index=0 device=NVIDIA RTX PRO 6000 Blackwell Server Edition sync_ms=1308.694 total_ms=1308.866
2026-08-12 15:14:10-05:00 [v2.sage_restore] decision=snapshot_exact_skip discovery_called=0 verify_ms=0.218
2026-08-12 15:14:11-05:00 [v2.custom_node_restore] decision=snapshot_exact_skip callback_called=0 source=persisted_record check_ms=1.149
2026-08-12 15:14:11-05:00 [v2.startup_stage] stage=snapshot_execution_seed event=start wall_unix_ns=1786565651083350173 monotonic_ns=206313369691
2026-08-12 15:14:11-05:00 [v2.seed_restore] source=startup_minimal schema=2 topology_available=0 workflow_hash= loader_signatures=0
2026-08-12 15:14:11-05:00 [v2.startup_stage] stage=snapshot_execution_seed event=end wall_unix_ns=1786565651086072082 monotonic_ns=206316091490 duration_ms=2.722
2026-08-12 15:14:11-05:00 [v2.generation_identity] method=restore custom_nodes_generation='7d24383509e83867375e31b3…' raw_empty=false source=persisted_record runtime_state_generation='' api_object_id=47440802946768 deployment_combined_hash=4fcf1492ee7a0d39
2026-08-12 15:14:11-05:00 [v2.prefill_config] env=critical parsed=critical cpu_snapshot_container_active=0 native_fast_disk_unet_execution_active=0
2026-08-12 15:14:11-05:00 [v2.restore_breakdown] bootstrap_ms=2625.928 unet_cache_patch_ms=None clip_prepare_submit_ms=None clip_worker_wait_ms=None unet_spec_extract_ms=None bg_unet_submit_ms=None restore_finalize_ms=0.116
2026-08-12 15:14:11-05:00 [v2.clip_stages] worker_queue_ms=None load_torch_file_ms=None read_to_ready_ms=None post_read_cpu_prepare_ms=None gpu_wait_ms=None gpu_commit_ms=None read_end_to_ready_ms=None worker_total_ms=None worker_close_wait_ms=None restore_finalization_ms=0.116
2026-08-12 15:14:11-05:00 [v2.restoration_identity] restored_instance_id=fde3d4d9e5494191baaaa9e1a8857b1f restore_session_id=dcc37f9a242449be83adf4d573df731a container_session_id=95976c5a79084625 modal_task_id=ta-01KZVSR1DEKZWGVXA4B65QZP1R modal_image_id=im-eWz1p0SpxjKBcHwAor1j89 modal_cloud=CLOUD_PROVIDER_GCP modal_region=us-east1 pid=2 hostname=modal restore_total_ms=2962.709 remote_python_resume_wall_unix_ns=1786565647141374976 restore_method_start_wall_unix_ns=1786565647141374976 restore_method_end_wall_unix_ns=1786565651087260672 modal_method_entry_wall_unix_ns=absent restore_status=success restore_method_status=success 
2026-08-12 15:14:11-05:00 [v2.lifecycle] method=restore snap=False container_session=95976c5a79084625 restore_count=1 restore_total_ms=2962.709 remote_python_resume_wall_unix_ns=1786565647141374976 restore_method_start_wall_unix_ns=1786565647141374976 restore_method_end_wall_unix_ns=1786565651087260672 modal_method_entry_wall_unix_ns=absent restore_status=success restore_method_status=success status=restored
2026-08-12 15:14:11-05:00 [v2.host_memory] stage=restore_complete current_mib=absent peak_mib=absent limit_mib=absent process_rss_mib=13254.4 process_maxrss_mib=35724.9 oom_count=absent oom_kill_count=absent status=ok cgroup_path=absent cgroup_mount=absent
2026-08-12 15:14:11-05:00 [v2.gpu_allocation] cuda_version=13.0 gpu_actual_name=NVIDIA RTX PRO 6000 Blackwell Server Edition gpu_compute_capability=12.0 gpu_requested_order=RTX-PRO-6000 gpu_vram_total_mib=97250 torch_version=2.12.0+cu130
2026-08-12 15:14:11-05:00 [v2.startup_stage] stage=post_snapshot_restore event=end wall_unix_ns=1786565651090884689 monotonic_ns=206320904077 duration_ms=3949.478
2026-08-12 15:14:11-05:00 [v2.restore_only_probe] request_method_entry request_id=v2-restore-only-1-ea4b4d882b68 restored_instance_id=fde3d4d9e5494191 restore_count=1 unet_present=0 clip_present=1 vae_present=1 container_retained=1 entry_wall_unix_ns=1786565651114686892
2026-08-12 15:14:11-05:00 [v2.clip_conditioning_cache] event=mode flag=COMFYMODAL_V2_CLIP_CONDITIONING_CACHE enabled=1 root=/root/prompt_cache_vol/exact_conditioning max_entries=64 max_bytes=536870912
2026-08-12 15:14:48-05:00 Restoring Function from memory snapshot.
2026-08-12 15:14:51-05:00 [v2.startup_stage] stage=post_snapshot_restore event=start wall_unix_ns=1786565691068657825 monotonic_ns=246298677341
2026-08-12 15:14:51-05:00 [v2.snapshot_timing] snapshot_callback_age_at_restore_ms=203155.34 snapshot_callback_to_command_start_ms=unavailable command_start_to_restore_start_ms=unavailable request_latency_included=0 source=snapshot_callback_return_to_restore_start
2026-08-12 15:14:51-05:00 [v2.snapshot_model_eviction] stage=restore_observed marker=1 cpu_snapshot_models_present=1 clip_present=1 unet_present=0 retained_role=clip_vae retained_model_id=0 retained_model_type= rss_after_restore_mib=11408.6875 native_thread_count=46 torch_intraop=12 torch_interop=14 wall_unix_ns=1786565691072448015
2026-08-12 15:14:51-05:00 [v2.snapshot_model_eviction] stage=restore_release_retained retain_role=clip_vae status=container_retained container_present=1 clip_present=1 vae_present=1 unet_present=0 retained_slot_release=0 retained_model_id=0 retained_alive_after_release=0 rss_before_release_mib=absent rss_after_gc_mib=absent rss_after_trim_mib=absent rss_drop_mib=absent malloc_trim_status=absent malloc_trim_result=absent restore_release_start_wall_unix_ns=1786565691072644295 restore_release_end_wall_unix_ns=1786565691072644295 wall_unix_ns=1786565691072644295
2026-08-12 15:14:51-05:00 [v2.residency_config] enabled=0
2026-08-12 15:14:51-05:00 [v2.host_memory] stage=restore_start current_mib=absent peak_mib=absent limit_mib=absent process_rss_mib=11694.7 process_maxrss_mib=35724.9 oom_count=absent oom_kill_count=absent status=ok cgroup_path=absent cgroup_mount=absent
2026-08-12 15:14:51-05:00 [v2.runtime_shape] stage=after_restore runtime_shape_fingerprint=f504e296c398bdcb2c4c07e2 runtime_shape_label=None thread_policy=TBASE snapshot_model_order=O0 cpu_request=12 memory_request=32768 native_thread_count=46 configured_omp=None configured_mkl=None configured_openblas=None configured_numexpr=None malloc_arena_max=None native_library_settings={'OMP_NUM_THREADS': '12', 'MKL_NUM_THREADS': '12', 'OPENBLAS_NUM_THREADS': '12', 'NUMEXPR_NUM_THREADS': None, 'MALLOC_ARENA_MAX': None} torch_intraop_threads=12 torch_interop_threads=14 actual_torch_intraop_threads=12 actual_torch_interop_threads=14 requested_torch_intraop_threads=None requested_torch_interop_threads=None requested_vs_actual_match=True status=baseline_passthrough error=
2026-08-12 15:14:51-05:00 [v2.opt.gpu_state] total_memory_ms=301.268
2026-08-12 15:14:51-05:00 [comfyapp] gpu_state restored vram=97250MB ram=1048576MB vram_state=VRAMState.HIGH_VRAM in 309.5ms
2026-08-12 15:14:51-05:00 [restore.cuda_context] available=1 device_index=0 device=NVIDIA RTX PRO 6000 Blackwell Server Edition sync_ms=2.017 total_ms=2.146
2026-08-12 15:14:51-05:00 [v2.sage_restore] decision=snapshot_exact_skip discovery_called=0 verify_ms=0.113
2026-08-12 15:14:51-05:00 [v2.custom_node_restore] decision=snapshot_exact_skip callback_called=0 source=persisted_record check_ms=1.061
2026-08-12 15:14:51-05:00 [v2.startup_stage] stage=snapshot_execution_seed event=start wall_unix_ns=1786565691831000669 monotonic_ns=247061019981
2026-08-12 15:14:51-05:00 [v2.seed_restore] source=startup_minimal schema=2 topology_available=0 workflow_hash= loader_signatures=0
2026-08-12 15:14:51-05:00 [v2.startup_stage] stage=snapshot_execution_seed event=end wall_unix_ns=1786565691833582949 monotonic_ns=247063602251 duration_ms=2.582
2026-08-12 15:14:51-05:00 [v2.generation_identity] method=restore custom_nodes_generation='7d24383509e83867375e31b3…' raw_empty=false source=persisted_record runtime_state_generation='' api_object_id=47440802946768 deployment_combined_hash=4fcf1492ee7a0d39
2026-08-12 15:14:51-05:00 [v2.prefill_config] env=critical parsed=critical cpu_snapshot_container_active=0 native_fast_disk_unet_execution_active=0
2026-08-12 15:14:51-05:00 [v2.restore_breakdown] bootstrap_ms=551.175 unet_cache_patch_ms=None clip_prepare_submit_ms=None clip_worker_wait_ms=None unet_spec_extract_ms=None bg_unet_submit_ms=None restore_finalize_ms=0.121
2026-08-12 15:14:51-05:00 [v2.clip_stages] worker_queue_ms=None load_torch_file_ms=None read_to_ready_ms=None post_read_cpu_prepare_ms=None gpu_wait_ms=None gpu_commit_ms=None read_end_to_ready_ms=None worker_total_ms=None worker_close_wait_ms=None restore_finalization_ms=0.121
2026-08-12 15:14:51-05:00 [v2.restoration_identity] restored_instance_id=7bb7ac34a60d4c57a9e62fa48f19b871 restore_session_id=10c69ae654f94bb584f83c462263d571 container_session_id=95976c5a79084625 modal_task_id=ta-01KZVSSXAKDTC29ZKNDA7SXAHR modal_image_id=im-eWz1p0SpxjKBcHwAor1j89 modal_cloud=CLOUD_PROVIDER_GCP modal_region=us-east1 pid=2 hostname=modal restore_total_ms=761.895 remote_python_resume_wall_unix_ns=1786565691068627712 restore_method_start_wall_unix_ns=1786565691068627712 restore_method_end_wall_unix_ns=1786565691834679808 modal_method_entry_wall_unix_ns=absent restore_status=success restore_method_status=success 
2026-08-12 15:14:51-05:00 [v2.lifecycle] method=restore snap=False container_session=95976c5a79084625 restore_count=1 restore_total_ms=761.895 remote_python_resume_wall_unix_ns=1786565691068627712 restore_method_start_wall_unix_ns=1786565691068627712 restore_method_end_wall_unix_ns=1786565691834679808 modal_method_entry_wall_unix_ns=absent restore_status=success restore_method_status=success status=restored
2026-08-12 15:14:51-05:00 [v2.host_memory] stage=restore_complete current_mib=absent peak_mib=absent limit_mib=absent process_rss_mib=13254.4 process_maxrss_mib=35724.9 oom_count=absent oom_kill_count=absent status=ok cgroup_path=absent cgroup_mount=absent
2026-08-12 15:14:51-05:00 [v2.gpu_allocation] cuda_version=13.0 gpu_actual_name=NVIDIA RTX PRO 6000 Blackwell Server Edition gpu_compute_capability=12.0 gpu_requested_order=RTX-PRO-6000 gpu_vram_total_mib=97250 torch_version=2.12.0+cu130
2026-08-12 15:14:51-05:00 [v2.startup_stage] stage=post_snapshot_restore event=end wall_unix_ns=1786565691837964919 monotonic_ns=247067984321 duration_ms=769.307
2026-08-12 15:14:51-05:00 [v2.restore_only_probe] request_method_entry request_id=v2-restore-only-2-6c22b038fdcd restored_instance_id=7bb7ac34a60d4c57 restore_count=1 unet_present=0 clip_present=1 vae_present=1 container_retained=1 entry_wall_unix_ns=1786565691862791348
2026-08-12 15:14:51-05:00 [v2.clip_conditioning_cache] event=mode flag=COMFYMODAL_V2_CLIP_CONDITIONING_CACHE enabled=1 root=/root/prompt_cache_vol/exact_conditioning max_entries=64 max_bytes=536870912
2026-08-12 15:15:33-05:00 Restoring Function from memory snapshot.
2026-08-12 15:15:36-05:00 [v2.startup_stage] stage=post_snapshot_restore event=start wall_unix_ns=1786565736868920460 monotonic_ns=292098944066
2026-08-12 15:15:36-05:00 [v2.snapshot_timing] snapshot_callback_age_at_restore_ms=248955.49 snapshot_callback_to_command_start_ms=unavailable command_start_to_restore_start_ms=unavailable request_latency_included=0 source=snapshot_callback_return_to_restore_start
2026-08-12 15:15:36-05:00 [v2.snapshot_model_eviction] stage=restore_observed marker=1 cpu_snapshot_models_present=1 clip_present=1 unet_present=0 retained_role=clip_vae retained_model_id=0 retained_model_type= rss_after_restore_mib=11408.6875 native_thread_count=46 torch_intraop=12 torch_interop=14 wall_unix_ns=1786565736870325060
2026-08-12 15:15:36-05:00 [v2.snapshot_model_eviction] stage=restore_release_retained retain_role=clip_vae status=container_retained container_present=1 clip_present=1 vae_present=1 unet_present=0 retained_slot_release=0 retained_model_id=0 retained_alive_after_release=0 rss_before_release_mib=absent rss_after_gc_mib=absent rss_after_trim_mib=absent rss_drop_mib=absent malloc_trim_status=absent malloc_trim_result=absent restore_release_start_wall_unix_ns=1786565736870439960 restore_release_end_wall_unix_ns=1786565736870439960 wall_unix_ns=1786565736870439960
2026-08-12 15:15:36-05:00 [v2.residency_config] enabled=0
2026-08-12 15:15:36-05:00 [v2.host_memory] stage=restore_start current_mib=absent peak_mib=absent limit_mib=absent process_rss_mib=11694.7 process_maxrss_mib=35724.9 oom_count=absent oom_kill_count=absent status=ok cgroup_path=absent cgroup_mount=absent
2026-08-12 15:15:36-05:00 [v2.runtime_shape] stage=after_restore runtime_shape_fingerprint=f504e296c398bdcb2c4c07e2 runtime_shape_label=None thread_policy=TBASE snapshot_model_order=O0 cpu_request=12 memory_request=32768 native_thread_count=46 configured_omp=None configured_mkl=None configured_openblas=None configured_numexpr=None malloc_arena_max=None native_library_settings={'OMP_NUM_THREADS': '12', 'MKL_NUM_THREADS': '12', 'OPENBLAS_NUM_THREADS': '12', 'NUMEXPR_NUM_THREADS': None, 'MALLOC_ARENA_MAX': None} torch_intraop_threads=12 torch_interop_threads=14 actual_torch_intraop_threads=12 actual_torch_interop_threads=14 requested_torch_intraop_threads=None requested_torch_interop_threads=None requested_vs_actual_match=True status=baseline_passthrough error=
2026-08-12 15:15:37-05:00 [v2.opt.gpu_state] total_memory_ms=227.074
2026-08-12 15:15:37-05:00 [comfyapp] gpu_state restored vram=97250MB ram=1048576MB vram_state=VRAMState.HIGH_VRAM in 229.3ms
2026-08-12 15:15:37-05:00 [restore.cuda_context] available=1 device_index=0 device=NVIDIA RTX PRO 6000 Blackwell Server Edition sync_ms=2.02 total_ms=2.156
2026-08-12 15:15:37-05:00 [v2.sage_restore] decision=snapshot_exact_skip discovery_called=0 verify_ms=0.107
2026-08-12 15:15:37-05:00 [v2.custom_node_restore] decision=snapshot_exact_skip callback_called=0 source=persisted_record check_ms=1.031
2026-08-12 15:15:37-05:00 [v2.startup_stage] stage=snapshot_execution_seed event=start wall_unix_ns=1786565737340045131 monotonic_ns=292570068597
2026-08-12 15:15:37-05:00 [v2.seed_restore] source=startup_minimal schema=2 topology_available=0 workflow_hash= loader_signatures=0
2026-08-12 15:15:37-05:00 [v2.startup_stage] stage=snapshot_execution_seed event=end wall_unix_ns=1786565737342939361 monotonic_ns=292572963107 duration_ms=2.895
2026-08-12 15:15:37-05:00 [v2.generation_identity] method=restore custom_nodes_generation='7d24383509e83867375e31b3…' raw_empty=false source=persisted_record runtime_state_generation='' api_object_id=47440802946768 deployment_combined_hash=4fcf1492ee7a0d39
2026-08-12 15:15:37-05:00 [v2.prefill_config] env=critical parsed=critical cpu_snapshot_container_active=0 native_fast_disk_unet_execution_active=0
2026-08-12 15:15:37-05:00 [v2.restore_breakdown] bootstrap_ms=456.877 unet_cache_patch_ms=None clip_prepare_submit_ms=None clip_worker_wait_ms=None unet_spec_extract_ms=None bg_unet_submit_ms=None restore_finalize_ms=0.128
2026-08-12 15:15:37-05:00 [v2.clip_stages] worker_queue_ms=None load_torch_file_ms=None read_to_ready_ms=None post_read_cpu_prepare_ms=None gpu_wait_ms=None gpu_commit_ms=None read_end_to_ready_ms=None worker_total_ms=None worker_close_wait_ms=None restore_finalization_ms=0.128
2026-08-12 15:15:37-05:00 [v2.restoration_identity] restored_instance_id=b49120324fd84e08b9a5bcfaac8bcf73 restore_session_id=5a89f46e02354b83a2cf0324e8fdfd18 container_session_id=95976c5a79084625 modal_task_id=ta-01KZVSV9RCPMS1W69EQ8QFJE9R modal_image_id=im-eWz1p0SpxjKBcHwAor1j89 modal_cloud=CLOUD_PROVIDER_GCP modal_region=us-east1 pid=2 hostname=modal restore_total_ms=473.576 remote_python_resume_wall_unix_ns=1786565736868886272 restore_method_start_wall_unix_ns=1786565736868886272 restore_method_end_wall_unix_ns=1786565737344141312 modal_method_entry_wall_unix_ns=absent restore_status=success restore_method_status=success 
2026-08-12 15:15:37-05:00 [v2.lifecycle] method=restore snap=False container_session=95976c5a79084625 restore_count=1 restore_total_ms=473.576 remote_python_resume_wall_unix_ns=1786565736868886272 restore_method_start_wall_unix_ns=1786565736868886272 restore_method_end_wall_unix_ns=1786565737344141312 modal_method_entry_wall_unix_ns=absent restore_status=success restore_method_status=success status=restored
2026-08-12 15:15:37-05:00 [v2.host_memory] stage=restore_complete current_mib=absent peak_mib=absent limit_mib=absent process_rss_mib=13254.4 process_maxrss_mib=35724.9 oom_count=absent oom_kill_count=absent status=ok cgroup_path=absent cgroup_mount=absent
2026-08-12 15:15:37-05:00 [v2.gpu_allocation] cuda_version=13.0 gpu_actual_name=NVIDIA RTX PRO 6000 Blackwell Server Edition gpu_compute_capability=12.0 gpu_requested_order=RTX-PRO-6000 gpu_vram_total_mib=97250 torch_version=2.12.0+cu130
2026-08-12 15:15:37-05:00 [v2.startup_stage] stage=post_snapshot_restore event=end wall_unix_ns=1786565737347839411 monotonic_ns=292577862737 duration_ms=478.919
2026-08-12 15:15:37-05:00 [v2.restore_only_probe] request_method_entry request_id=v2-restore-only-3-ef7bb2733444 restored_instance_id=b49120324fd84e08 restore_count=1 unet_present=0 clip_present=1 vae_present=1 container_retained=1 entry_wall_unix_ns=1786565737376338021
2026-08-12 15:15:37-05:00 [v2.clip_conditioning_cache] event=mode flag=COMFYMODAL_V2_CLIP_CONDITIONING_CACHE enabled=1 root=/root/prompt_cache_vol/exact_conditioning max_entries=64 max_bytes=536870912
2026-08-12 15:16:16-05:00 Restoring Function from memory snapshot.
2026-08-12 15:16:22-05:00 [v2.startup_stage] stage=post_snapshot_restore event=start wall_unix_ns=1786565782586062899 monotonic_ns=337816082311
2026-08-12 15:16:22-05:00 [v2.snapshot_timing] snapshot_callback_age_at_restore_ms=294672.664 snapshot_callback_to_command_start_ms=unavailable command_start_to_restore_start_ms=unavailable request_latency_included=0 source=snapshot_callback_return_to_restore_start
2026-08-12 15:16:22-05:00 [v2.snapshot_model_eviction] stage=restore_observed marker=1 cpu_snapshot_models_present=1 clip_present=1 unet_present=0 retained_role=clip_vae retained_model_id=0 retained_model_type= rss_after_restore_mib=11408.6875 native_thread_count=46 torch_intraop=12 torch_interop=14 wall_unix_ns=1786565782600811599
2026-08-12 15:16:22-05:00 [v2.snapshot_model_eviction] stage=restore_release_retained retain_role=clip_vae status=container_retained container_present=1 clip_present=1 vae_present=1 unet_present=0 retained_slot_release=0 retained_model_id=0 retained_alive_after_release=0 rss_before_release_mib=absent rss_after_gc_mib=absent rss_after_trim_mib=absent rss_drop_mib=absent malloc_trim_status=absent malloc_trim_result=absent restore_release_start_wall_unix_ns=1786565782600958272 restore_release_end_wall_unix_ns=1786565782600958272 wall_unix_ns=1786565782600958272
2026-08-12 15:16:22-05:00 [v2.residency_config] enabled=0
2026-08-12 15:16:22-05:00 [v2.host_memory] stage=restore_start current_mib=absent peak_mib=absent limit_mib=absent process_rss_mib=11694.7 process_maxrss_mib=35724.9 oom_count=absent oom_kill_count=absent status=ok cgroup_path=absent cgroup_mount=absent
2026-08-12 15:16:22-05:00 [v2.runtime_shape] stage=after_restore runtime_shape_fingerprint=f504e296c398bdcb2c4c07e2 runtime_shape_label=None thread_policy=TBASE snapshot_model_order=O0 cpu_request=12 memory_request=32768 native_thread_count=46 configured_omp=None configured_mkl=None configured_openblas=None configured_numexpr=None malloc_arena_max=None native_library_settings={'OMP_NUM_THREADS': '12', 'MKL_NUM_THREADS': '12', 'OPENBLAS_NUM_THREADS': '12', 'NUMEXPR_NUM_THREADS': None, 'MALLOC_ARENA_MAX': None} torch_intraop_threads=12 torch_interop_threads=14 actual_torch_intraop_threads=12 actual_torch_interop_threads=14 requested_torch_intraop_threads=None requested_torch_interop_threads=None requested_vs_actual_match=True status=baseline_passthrough error=
2026-08-12 15:16:27-05:00 [v2.opt.gpu_state] total_memory_ms=3389.095
2026-08-12 15:16:27-05:00 [comfyapp] gpu_state restored vram=97250MB ram=1048576MB vram_state=VRAMState.HIGH_VRAM in 3391.6ms
2026-08-12 15:16:27-05:00 [restore.cuda_context] available=1 device_index=0 device=NVIDIA RTX PRO 6000 Blackwell Server Edition sync_ms=2.479 total_ms=2.601
2026-08-12 15:16:27-05:00 [v2.sage_restore] decision=snapshot_exact_skip discovery_called=0 verify_ms=0.113
2026-08-12 15:16:27-05:00 [v2.custom_node_restore] decision=snapshot_exact_skip callback_called=0 source=persisted_record check_ms=1.458
2026-08-12 15:16:27-05:00 [v2.startup_stage] stage=snapshot_execution_seed event=start wall_unix_ns=1786565787346558258 monotonic_ns=342576579027
2026-08-12 15:16:27-05:00 [v2.seed_restore] source=startup_minimal schema=2 topology_available=0 workflow_hash= loader_signatures=0
2026-08-12 15:16:27-05:00 [v2.startup_stage] stage=snapshot_execution_seed event=end wall_unix_ns=1786565787350740227 monotonic_ns=342580759965 duration_ms=4.181
2026-08-12 15:16:27-05:00 [v2.generation_identity] method=restore custom_nodes_generation='7d24383509e83867375e31b3…' raw_empty=false source=persisted_record runtime_state_generation='' api_object_id=47440802946768 deployment_combined_hash=4fcf1492ee7a0d39
2026-08-12 15:16:27-05:00 [v2.prefill_config] env=critical parsed=critical cpu_snapshot_container_active=0 native_fast_disk_unet_execution_active=0
2026-08-12 15:16:27-05:00 [v2.restore_breakdown] bootstrap_ms=3716.375 unet_cache_patch_ms=None clip_prepare_submit_ms=None clip_worker_wait_ms=None unet_spec_extract_ms=None bg_unet_submit_ms=None restore_finalize_ms=0.108
2026-08-12 15:16:27-05:00 [v2.clip_stages] worker_queue_ms=None load_torch_file_ms=None read_to_ready_ms=None post_read_cpu_prepare_ms=None gpu_wait_ms=None gpu_commit_ms=None read_end_to_ready_ms=None worker_total_ms=None worker_close_wait_ms=None restore_finalization_ms=0.108
2026-08-12 15:16:27-05:00 [v2.restoration_identity] restored_instance_id=83c588abcb1f4dba8d5934e086d1a68b restore_session_id=701f9bea476d42d09622e98fd57b75f5 container_session_id=95976c5a79084625 modal_task_id=ta-01KZVSWJX5P3YSNG9B1P76K1TR modal_image_id=im-eWz1p0SpxjKBcHwAor1j89 modal_cloud=CLOUD_PROVIDER_GCP modal_region=us-central1 pid=2 hostname=modal restore_total_ms=4751.201 remote_python_resume_wall_unix_ns=1786565782586039808 restore_method_start_wall_unix_ns=1786565782586039808 restore_method_end_wall_unix_ns=1786565787352451072 modal_method_entry_wall_unix_ns=absent restore_status=success restore_method_status=success 
2026-08-12 15:16:27-05:00 [v2.lifecycle] method=restore snap=False container_session=95976c5a79084625 restore_count=1 restore_total_ms=4751.201 remote_python_resume_wall_unix_ns=1786565782586039808 restore_method_start_wall_unix_ns=1786565782586039808 restore_method_end_wall_unix_ns=1786565787352451072 modal_method_entry_wall_unix_ns=absent restore_status=success restore_method_status=success status=restored
2026-08-12 15:16:27-05:00 [v2.host_memory] stage=restore_complete current_mib=absent peak_mib=absent limit_mib=absent process_rss_mib=13254.4 process_maxrss_mib=35724.9 oom_count=absent oom_kill_count=absent status=ok cgroup_path=absent cgroup_mount=absent
2026-08-12 15:16:27-05:00 [v2.gpu_allocation] cuda_version=13.0 gpu_actual_name=NVIDIA RTX PRO 6000 Blackwell Server Edition gpu_compute_capability=12.0 gpu_requested_order=RTX-PRO-6000 gpu_vram_total_mib=97250 torch_version=2.12.0+cu130
2026-08-12 15:16:27-05:00 [v2.startup_stage] stage=post_snapshot_restore event=end wall_unix_ns=1786565787357752425 monotonic_ns=342587771904 duration_ms=4771.69
2026-08-12 15:16:27-05:00 [v2.restore_only_probe] request_method_entry request_id=v2-restore-only-4-5f7fe346b069 restored_instance_id=83c588abcb1f4dba restore_count=1 unet_present=0 clip_present=1 vae_present=1 container_retained=1 entry_wall_unix_ns=1786565787399378056
2026-08-12 15:16:27-05:00 [v2.clip_conditioning_cache] event=mode flag=COMFYMODAL_V2_CLIP_CONDITIONING_CACHE enabled=1 root=/root/prompt_cache_vol/exact_conditioning max_entries=64 max_bytes=536870912
2026-08-12 15:17:04-05:00 Restoring Function from memory snapshot.
2026-08-12 15:17:07-05:00 [v2.startup_stage] stage=post_snapshot_restore event=start wall_unix_ns=1786565827709173382 monotonic_ns=382939198328
2026-08-12 15:17:07-05:00 [v2.snapshot_timing] snapshot_callback_age_at_restore_ms=339795.798 snapshot_callback_to_command_start_ms=unavailable command_start_to_restore_start_ms=unavailable request_latency_included=0 source=snapshot_callback_return_to_restore_start
2026-08-12 15:17:07-05:00 [v2.snapshot_model_eviction] stage=restore_observed marker=1 cpu_snapshot_models_present=1 clip_present=1 unet_present=0 retained_role=clip_vae retained_model_id=0 retained_model_type= rss_after_restore_mib=11408.6875 native_thread_count=46 torch_intraop=12 torch_interop=14 wall_unix_ns=1786565827712172027
2026-08-12 15:17:07-05:00 [v2.snapshot_model_eviction] stage=restore_release_retained retain_role=clip_vae status=container_retained container_present=1 clip_present=1 vae_present=1 unet_present=0 retained_slot_release=0 retained_model_id=0 retained_alive_after_release=0 rss_before_release_mib=absent rss_after_gc_mib=absent rss_after_trim_mib=absent rss_drop_mib=absent malloc_trim_status=absent malloc_trim_result=absent restore_release_start_wall_unix_ns=1786565827712275107 restore_release_end_wall_unix_ns=1786565827712275107 wall_unix_ns=1786565827712275107
2026-08-12 15:17:07-05:00 [v2.residency_config] enabled=0
2026-08-12 15:17:07-05:00 [v2.host_memory] stage=restore_start current_mib=absent peak_mib=absent limit_mib=absent process_rss_mib=11694.7 process_maxrss_mib=35724.9 oom_count=absent oom_kill_count=absent status=ok cgroup_path=absent cgroup_mount=absent
2026-08-12 15:17:07-05:00 [v2.runtime_shape] stage=after_restore runtime_shape_fingerprint=f504e296c398bdcb2c4c07e2 runtime_shape_label=None thread_policy=TBASE snapshot_model_order=O0 cpu_request=12 memory_request=32768 native_thread_count=46 configured_omp=None configured_mkl=None configured_openblas=None configured_numexpr=None malloc_arena_max=None native_library_settings={'OMP_NUM_THREADS': '12', 'MKL_NUM_THREADS': '12', 'OPENBLAS_NUM_THREADS': '12', 'NUMEXPR_NUM_THREADS': None, 'MALLOC_ARENA_MAX': None} torch_intraop_threads=12 torch_interop_threads=14 actual_torch_intraop_threads=12 actual_torch_interop_threads=14 requested_torch_intraop_threads=None requested_torch_interop_threads=None requested_vs_actual_match=True status=baseline_passthrough error=
2026-08-12 15:17:08-05:00 [v2.opt.gpu_state] total_memory_ms=384.988
2026-08-12 15:17:08-05:00 [comfyapp] gpu_state restored vram=97250MB ram=1048576MB vram_state=VRAMState.HIGH_VRAM in 387.9ms
2026-08-12 15:17:08-05:00 [restore.cuda_context] available=1 device_index=0 device=NVIDIA RTX PRO 6000 Blackwell Server Edition sync_ms=2.504 total_ms=2.662
2026-08-12 15:17:08-05:00 [v2.sage_restore] decision=snapshot_exact_skip discovery_called=0 verify_ms=0.176
2026-08-12 15:17:08-05:00 [v2.custom_node_restore] decision=snapshot_exact_skip callback_called=0 source=persisted_record check_ms=1.512
2026-08-12 15:17:08-05:00 [v2.startup_stage] stage=snapshot_execution_seed event=start wall_unix_ns=1786565828957793601 monotonic_ns=384187813053
2026-08-12 15:17:08-05:00 [v2.seed_restore] source=startup_minimal schema=2 topology_available=0 workflow_hash= loader_signatures=0
2026-08-12 15:17:08-05:00 [v2.startup_stage] stage=snapshot_execution_seed event=end wall_unix_ns=1786565828961123289 monotonic_ns=384191143081 duration_ms=3.33
2026-08-12 15:17:08-05:00 [v2.generation_identity] method=restore custom_nodes_generation='7d24383509e83867375e31b3…' raw_empty=false source=persisted_record runtime_state_generation='' api_object_id=47440802946768 deployment_combined_hash=4fcf1492ee7a0d39
2026-08-12 15:17:08-05:00 [v2.prefill_config] env=critical parsed=critical cpu_snapshot_container_active=0 native_fast_disk_unet_execution_active=0
2026-08-12 15:17:08-05:00 [v2.restore_breakdown] bootstrap_ms=1025.2 unet_cache_patch_ms=None clip_prepare_submit_ms=None clip_worker_wait_ms=None unet_spec_extract_ms=None bg_unet_submit_ms=None restore_finalize_ms=0.094
2026-08-12 15:17:08-05:00 [v2.clip_stages] worker_queue_ms=None load_torch_file_ms=None read_to_ready_ms=None post_read_cpu_prepare_ms=None gpu_wait_ms=None gpu_commit_ms=None read_end_to_ready_ms=None worker_total_ms=None worker_close_wait_ms=None restore_finalization_ms=0.094
2026-08-12 15:17:08-05:00 [v2.restoration_identity] restored_instance_id=11e14286c73a41569d1a0e72c1368447 restore_session_id=3dba4133cab84e0a832e2f58ad0bdb89 container_session_id=95976c5a79084625 modal_task_id=ta-01KZVSY2FC3VPEW8MVJGYG684R modal_image_id=im-eWz1p0SpxjKBcHwAor1j89 modal_cloud=CLOUD_PROVIDER_GCP modal_region=us-central1 pid=2 hostname=modal restore_total_ms=1250.17 remote_python_resume_wall_unix_ns=1786565827709115392 restore_method_start_wall_unix_ns=1786565827709115392 restore_method_end_wall_unix_ns=1786565828962537472 modal_method_entry_wall_unix_ns=absent restore_status=success restore_method_status=success 
2026-08-12 15:17:08-05:00 [v2.lifecycle] method=restore snap=False container_session=95976c5a79084625 restore_count=1 restore_total_ms=1250.17 remote_python_resume_wall_unix_ns=1786565827709115392 restore_method_start_wall_unix_ns=1786565827709115392 restore_method_end_wall_unix_ns=1786565828962537472 modal_method_entry_wall_unix_ns=absent restore_status=success restore_method_status=success status=restored
2026-08-12 15:17:08-05:00 [v2.host_memory] stage=restore_complete current_mib=absent peak_mib=absent limit_mib=absent process_rss_mib=13254.4 process_maxrss_mib=35724.9 oom_count=absent oom_kill_count=absent status=ok cgroup_path=absent cgroup_mount=absent
2026-08-12 15:17:08-05:00 [v2.gpu_allocation] cuda_version=13.0 gpu_actual_name=NVIDIA RTX PRO 6000 Blackwell Server Edition gpu_compute_capability=12.0 gpu_requested_order=RTX-PRO-6000 gpu_vram_total_mib=97250 torch_version=2.12.0+cu130
2026-08-12 15:17:08-05:00 [v2.startup_stage] stage=post_snapshot_restore event=end wall_unix_ns=1786565828966137054 monotonic_ns=384196156444 duration_ms=1256.958
2026-08-12 15:17:09-05:00 [v2.restore_only_probe] request_method_entry request_id=v2-restore-only-5-2ec8574a8c07 restored_instance_id=11e14286c73a4156 restore_count=1 unet_present=0 clip_present=1 vae_present=1 container_retained=1 entry_wall_unix_ns=1786565829003717642
2026-08-12 15:17:09-05:00 [v2.clip_conditioning_cache] event=mode flag=COMFYMODAL_V2_CLIP_CONDITIONING_CACHE enabled=1 root=/root/prompt_cache_vol/exact_conditioning max_entries=64 max_bytes=536870912
