2026-08-12 14:48:32-05:00 Building image im-8yY4YjFo1qBDkTNRN6qXc3
2026-08-12 14:48:37-05:00 
2026-08-12 14:48:37-05:00 => Step 0: FROM base
2026-08-12 14:48:37-05:00 
2026-08-12 14:48:37-05:00 => Step 1: COPY . /
2026-08-12 14:48:38-05:00 Saving image...
2026-08-12 14:48:41-05:00 Image saved, took 2.83s
2026-08-12 14:48:41-05:00 
2026-08-12 14:48:41-05:00 Built image im-8yY4YjFo1qBDkTNRN6qXc3 in 9.03s
2026-08-12 14:48:41-05:00 
2026-08-12 14:48:41-05:00 
2026-08-12 14:48:43-05:00 Building image im-rnVdUO2VCIiM1cObxMxqxn
2026-08-12 14:48:44-05:00 
2026-08-12 14:48:44-05:00 => Step 0: FROM base
2026-08-12 14:48:44-05:00 
2026-08-12 14:48:44-05:00 => Step 1: COPY . /
2026-08-12 14:48:44-05:00 Saving image...
2026-08-12 14:48:48-05:00 Image saved, took 3.16s
2026-08-12 14:48:48-05:00 
2026-08-12 14:48:48-05:00 Built image im-rnVdUO2VCIiM1cObxMxqxn in 4.66s
2026-08-12 14:48:48-05:00 
2026-08-12 14:48:48-05:00 
