[v2.env_profile]
env_profile=inherit
thread_policy=TBASE
snapshot_model_order=O0
baseline_cpu_request=12
baseline_memory_request=32768
memory_request_mb=32768
vae_policy=v1
release_gpu_after_request=0
cpu_model_snapshot=1
native_fast_disk_unet=1
publish_restore_plan=0
vae_snapshot=1
clip_conditioning_cache=1
unet_activation_mode=late
vae_activation_mode=sampling_end
persistent_local_handle=1
full_trace=0
residency_diagnostics=0
deep_model_diag=0
pagefault_tracking=0
eviction_enabled=0
eviction_role=none
eviction_idle_seconds=0
prefill_lanes=critical
prefill_wait_for_unet=0
restore_torch_threads=none
variance_pretouch=0
volume_read_run_count=3
restore_only_app=stable-modal-comfy-v2-restore-only-shadow
restore_only_run_count=6
snapshot_exclude_unet=
=== Running one V2 benchmark trial against the existing deployment ===
=== Deploy first with deploy_and_run_v2_single.bat after source or env changes ===
=== Fail-closed request preflight (local, no spend
[v2.run_preflight]
TARGET_APP=stable-modal-comfy-v2-restore-only-shadow
TARGET_CLASS=ModalRuntimeEntrypointV2
TARGET_DEPLOYMENT=2305b0b3bbdf3fbe02904527
TARGET_MATCH=YES
CPU=12 == deployed 12
MEMORY=32768 == deployed 32768
BASELINE_CPU=12 == deployed 12
BASELINE_MEMORY=32768 == deployed 32768
RUNTIME_FINGERPRINT=f504e296c398bdcb2c4c07e2 == deployed f504e296c398bdcb2c4c07e2
D1_PROOF_COVERS=true
RUN_COUNT=1
FINAL_REQUEST_PREFLIGHT=PASS
[v2.host] python_first_line_wall_unix_ns=1786904965212514000
[v2.conditioning_cache_nonce] nonce=88ce0bf7-2c24-4483-bcda-f9a1d3cd1aa7
[v2.harness] node_registry_preload_skipped store_generation_entry=yes
{"guard": {"allow_multi_axis": false, "baseline_cpu_request": 12, "baseline_memory_request": 32768, "changed_axes": []}, "runtime_shape": {"cpu_request": 12, "malloc_arena_max": null, "memory_request": 32768, "mkl_num_threads": null, "numexpr_num_threads": null, "omp_num_threads": null, "openblas_num_threads": null, "runtime_shape_fingerprint": "f504e296c398bdcb2c4c07e2", "runtime_shape_label": null, "snapshot_model_order": "O0", "thread_policy": "TBASE", "torch_interop_threads": null, "torch_intraop_threads": null}}
[v2.harness] registry_load=skipped store_hit=yes
[critical_path.flags] critical_path=1 unet_phase=1 validation_phase=1 coordinator=0 coordinator_diag=1 source=module_import
[v2.plan_proof] schema=1 payload=yes validated=True outputs=2 wf_hash=2e43d4c0ba3b82c0 dep_complete=True reg_proof=1 memo=hit
cpu_snapshot_unet_mode=reuse
[v2.benchmark] phase=execute_plan_start
[active_profile.publish] decision=skipped_post_snapshot_noop requested=inherit container_default=inherit cpu_model_snapshot=1 snapshot_build_phase=0 consumer_requires_publication=0 checker_remote=0 setter_remote=0 active_profile_noop_ms=0.0
[v2.restore_publish] skipped reason=flag_disabled
[v2.seed_build] source=invocation_plan schema=2 topology_available=1 persisted=1 workflow_hash=2e43d4c0ba3b82c0 loader_nodes=3 sampler_nodes=1 reachable_nodes=43 static_signatures=43
[v2.local_submission_breakdown.pre_dispatch] request_id=v2-benchmark-0-f397baff019f local_receive_to_worker_start_ms=0.0 worker_start_to_normalize_start_ms=0.0 normalize_production_options_ms=0.0 normalize_end_to_trace_construct_start_ms=0.0 runtime_trace_construct_ms=0.0 trace_construct_to_options_copy_start_ms=0.0 benchmark_options_copy_ms=0.0 options_copy_to_client_id_start_ms=0.0 client_id_generation_ms=0.0 client_id_end_to_plan_call_ms=0.0 plan_call_to_function_entry_ms=0.0 worker_start_to_plan_build_ms=0.0 local_receive_to_plan_build_start_ms=0.0 worker_queue_ms=0.0 plan_build_ms=78.0 plan_build_to_execute_plan_entry_ms=0.0 execute_plan_entry_to_plan_materialization_ms=0.0 plan_materialization_ms=0.0 plan_materialization_to_active_profile_ms=0.0 active_profile_ms=0.0 restore_plan_build_ms=absent restore_publish_ms=absent restore_publish_to_transport_entry_ms=absent transport_entry_to_handle_lookup_ms=0.0 handle_lookup_ms=absent payload_materialization_ms=0.0 payload_size_measurement_ms=0.0 payload_size_to_serialize_end_ms=0.0 payload_ready_to_modal_call_ms=0.0 local_receive_to_modal_call_ms=78.0 generator_create_ms=absent generator_created_to_first_iteration_ms=absent local_receive_to_actual_submission_ms=absent measured_children_ms=absent residual_ms=absent reconciliation_status=incomplete profile_cache_hit=False profile_remote_call_performed=False profile_checker_matched=False restore_publish_cache_hit=absent restore_remote_call_performed=absent handle_cache_hit=absent plan_to_dict_count=1 payload_bytes=19896 active_profile_local_ms=0.0 active_profile_cache_lookup_ms=0.0 active_profile_checker_ms=0.0 active_profile_setter_ms=0.0 active_profile_total_ms=0.0 created_modal_client=False performed_cls_from_name=False constructed_instance=False input_image_count=0 workflow_node_count=43 unmeasured_boundary=absent
[v2.local_handle] owner_ready pid=21248
[v2.local_handle] decision=persistent_hit
[v2.local_submission_breakdown] request_id=v2-benchmark-0-f397baff019f local_receive_to_worker_start_ms=0.0 worker_start_to_normalize_start_ms=0.0 normalize_production_options_ms=0.0 normalize_end_to_trace_construct_start_ms=0.0 runtime_trace_construct_ms=0.0 trace_construct_to_options_copy_start_ms=0.0 benchmark_options_copy_ms=0.0 options_copy_to_client_id_start_ms=0.0 client_id_generation_ms=0.0 client_id_end_to_plan_call_ms=0.0 plan_call_to_function_entry_ms=0.0 worker_start_to_plan_build_ms=0.0 local_receive_to_plan_build_start_ms=0.0 worker_queue_ms=0.0 plan_build_ms=78.0 plan_build_to_execute_plan_entry_ms=0.0 execute_plan_entry_to_plan_materialization_ms=0.0 plan_materialization_ms=0.0 plan_materialization_to_active_profile_ms=0.0 active_profile_ms=0.0 restore_plan_build_ms=absent restore_publish_ms=absent restore_publish_to_transport_entry_ms=absent transport_entry_to_handle_lookup_ms=0.0 handle_lookup_ms=0.0 payload_materialization_ms=0.0 payload_size_measurement_ms=0.0 payload_size_to_serialize_end_ms=0.0 payload_ready_to_modal_call_ms=0.0 local_receive_to_modal_call_ms=78.0 generator_create_ms=0.0 generator_created_to_first_iteration_ms=invalid_negative local_receive_to_actual_submission_ms=78.0 measured_children_ms=absent residual_ms=absent reconciliation_status=overlap profile_cache_hit=False profile_remote_call_performed=False profile_checker_matched=False restore_publish_cache_hit=absent restore_remote_call_performed=absent handle_cache_hit=absent plan_to_dict_count=1 payload_bytes=19896 active_profile_local_ms=0.0 active_profile_cache_lookup_ms=0.0 active_profile_checker_ms=0.0 active_profile_setter_ms=0.0 active_profile_total_ms=0.0 created_modal_client=False performed_cls_from_name=False constructed_instance=False input_image_count=0 workflow_node_count=43 unmeasured_boundary=absent
[v2.request_origin] request_id=v2-benchmark-0-f397baff019f trigger_source=benchmark local_prompt_enqueued_unix_ns=None local_prompt_ack_ready_unix_ns=None modal_generator_created_unix_ns=1786904965666564300 modal_submission_attempt_unix_ns=1786904965666564300 modal_first_event_received_unix_ns=1786904971829321900 modal_first_iteration_start_unix_ns=1786904965666564300 modal_first_remote_event_unix_ns=1786904971829321900 dispatch_to_modal_entry_ms=4758.606 local_receive_to_actual_submission_ms=78.0 local_receive_to_result_return_ms=19388.086 t0_to_t1_ms=0.564 t1_to_queue_enqueue_ms=None local_receive_to_enqueue_ms=None queue_wait_before_worker_ms=None plan_build_ms=78.0 active_profile_ms=0.0 handle_lookup_ms=0.0 payload_serialize_ms=0.0 local_residual_ms=0.0 clock_reconciliation_residual_ms=0.0 route_unattributed_ms=None worker_unattributed_ms=None reconciliation_status=incomplete missing_stages=local_receive_to_enqueue_ms overlap_error= modal_input_id=in-01M05XBWHSN43DNG008TNNGZXB:1786904965689-0 trigger_to_local_receive_ms=0.564 local_receive_to_generator_create_start_ms=79.002 generator_create_ms=2.999 generator_created_to_first_iteration_ms=0.0 first_iteration_to_first_remote_event_ms=6162.758 remote_python_resume_to_restore_start_ms=0.0 restore_method_ms=458.942 restore_end_to_modal_method_entry_ms=20.632 modal_method_entry_to_executor_ms=1492.707 submission_to_remote_python_resume_ms=4279.032 unexplained_pre_remote_ms=5683.184
[v2.remote_request_origin] request_id=v2-benchmark-0-f397baff019f trigger_source=benchmark ui_trigger_unix_ms=1786904965584 local_receive_wall_unix_ns=1786904965584563968 local_receive_mono_ns=15306187000000 modal_generator_create_start_wall_unix_ns=1786904965663565500 modal_generator_create_start_mono_ns=15306265000000 modal_generator_created_wall_unix_ns=1786904965666564300 modal_generator_created_mono_ns=15306265000000 modal_first_iteration_start_wall_unix_ns=1786904965666564300 modal_first_iteration_start_mono_ns=15306265000000 modal_submission_attempt_wall_unix_ns=1786904965666564300 modal_submission_attempt_mono_ns=15306265000000 modal_first_remote_event_wall_unix_ns=1786904971829321900 modal_first_remote_event_mono_ns=15312437000000 modal_submission_boundary_source=first_iteration_proxy remote_python_resume_wall_unix_ns=1786904969945596672 restore_method_start_wall_unix_ns=1786904969945596672 restore_method_end_wall_unix_ns=1786904970404538368 modal_method_entry_wall_unix_ns=1786904970425169920 prompt_executor_invoke_start_wall_unix_ns=1786904971917877248 trigger_to_local_receive_ms=0.564 local_receive_to_generator_create_start_ms=79.002 generator_create_ms=2.999 generator_created_to_first_iteration_ms=0.0 first_iteration_to_first_remote_event_ms=6162.758 remote_python_resume_to_restore_start_ms=0.0 restore_method_ms=458.942 restore_end_to_modal_method_entry_ms=20.632 modal_method_entry_to_executor_ms=1492.707 submission_to_remote_python_resume_ms=4279.032 unexplained_pre_remote_ms=5683.184 modal_input_id=in-01M05XBWHSN43DNG008TNNGZXB:1786904965689-0
[v2.local_submission_breakdown.final] request_id=v2-benchmark-0-f397baff019f local_receive_to_worker_start_ms=0.0 worker_start_to_normalize_start_ms=0.0 normalize_production_options_ms=0.0 normalize_end_to_trace_construct_start_ms=0.0 runtime_trace_construct_ms=0.0 trace_construct_to_options_copy_start_ms=0.0 benchmark_options_copy_ms=0.0 options_copy_to_client_id_start_ms=0.0 client_id_generation_ms=0.0 client_id_end_to_plan_call_ms=0.0 plan_call_to_function_entry_ms=0.0 worker_start_to_plan_build_ms=0.0 local_receive_to_plan_build_start_ms=0.0 worker_queue_ms=0.0 plan_build_ms=78.0 plan_build_to_execute_plan_entry_ms=0.0 execute_plan_entry_to_plan_materialization_ms=0.0 plan_materialization_ms=0.0 plan_materialization_to_active_profile_ms=0.0 active_profile_ms=0.0 restore_plan_build_ms=absent restore_publish_ms=absent restore_publish_to_transport_entry_ms=absent transport_entry_to_handle_lookup_ms=0.0 handle_lookup_ms=0.0 payload_materialization_ms=0.0 payload_size_measurement_ms=0.0 payload_size_to_serialize_end_ms=0.0 payload_ready_to_modal_call_ms=0.0 local_receive_to_modal_call_ms=78.0 generator_create_ms=0.0 generator_created_to_first_iteration_ms=invalid_negative local_receive_to_actual_submission_ms=78.0 measured_children_ms=absent residual_ms=absent reconciliation_status=overlap profile_cache_hit=False profile_remote_call_performed=False profile_checker_matched=False restore_publish_cache_hit=absent restore_remote_call_performed=absent handle_cache_hit=absent plan_to_dict_count=1 payload_bytes=19896 active_profile_local_ms=0.0 active_profile_cache_lookup_ms=0.0 active_profile_checker_ms=0.0 active_profile_setter_ms=0.0 active_profile_total_ms=0.0 created_modal_client=False performed_cls_from_name=False constructed_instance=False input_image_count=0 workflow_node_count=43 unmeasured_boundary=absent modal_submission_attempt_unix_ns=1786904965666564300 modal_generator_created_unix_ns=1786904965666564300 modal_first_iteration_start_unix_ns=1786904965666564300 modal_first_remote_event_unix_ns=1786904971829321900 dispatch_to_modal_entry_ms=4758.606 local_receive_to_actual_submission_ms=78.0 local_receive_to_result_return_ms=19388.086
WATERFALL RECONCILIATION (local rebuild) replaced remote PARTIAL report with the full host-reconciled report
WATERFALL RECONCILIATION (local rebuild)
  command_to_response_ms            20406.7
  top_level_accounted_ms            17641.4
  global_residual_ms                5.8
  global_residual_pct               0.0
  reconciliation_status             OK
  controllable_application_wall_ms  15041.3
  platform_wall_ms                  4279.0
  modal_restore_begin_unavailable   no
  OLD vs NEW accounted_ms 15041.3 -> 17641.4 | residual_ms 5.8 -> 5.8
production_adjusted_total_wall_ms=absent
[v2.experiment] saved=C:\Users\parla\OneDrive\Documents\AI HUB\ComfyUI June Install\ComfyUI\comfymodal-data\benchmarks\runs\v2_2026-08-16_18-29-25\run_001_sample.json
{"run_index": 0, "request_id": "v2-benchmark-0-f397baff019f", "identity": {"app_name": "stable-modal-comfy-v2-restore-only-shadow", "class_name": "ModalRuntimeEntrypoint", "method_name": "run_plan_stream", "gpu": ["RTX-PRO-6000"], "cpu": 12, "memory_mb": 32768, "fingerprint": "bfe178609603d014b74c1fc2790f3c0515d9a5fbb07419fc37e9fd54d3af3d80", "runtime_shape": {"thread_policy": "TBASE", "torch_intraop_threads": null, "torch_interop_threads": null, "omp_num_threads": null, "mkl_num_threads": null, "openblas_num_threads": null, "numexpr_num_threads": null, "malloc_arena_max": null, "snapshot_model_order": "O0", "cpu_request": 12, "memory_request": 32768, "runtime_shape_fingerprint": "f504e296c398bdcb2c4c07e2", "runtime_shape_label": null}, "runtime_shape_fingerprint": "f504e296c398bdcb2c4c07e2", "runtime_shape_label": null, "stored_snapshot_model_order": "O0", "restore_count": 1, "request_count": 1, "restored_instance_id": "3afcf0b4eab247ec9a63e349e212e34e", "restore_session_id": "44c5750721af4988805d0fe9f2a17f4b", "container_task_id": "ta-01M05XBX4XB5NEVC1BXAXWHKBR", "modal_container_id": "", "image_id": "im-hjnkwmxnNrx3VkU7mCO9h5", "cloud": "CLOUD_PROVIDER_GCP", "region": "us-east4", "modal_input_id": "in-01M05XBWHSN43DNG008TNNGZXB:1786904965689-0", "container_session_id": "1027d77463264665"}, "runtime_shape": {"requested": {"thread_policy": "TBASE", "torch_intraop_threads": null, "torch_interop_threads": null, "omp_num_threads": null, "mkl_num_threads": null, "openblas_num_threads": null, "numexpr_num_threads": null, "malloc_arena_max": null, "snapshot_model_order": "O0", "cpu_request": 12, "memory_request": 32768, "runtime_shape_fingerprint": "f504e296c398bdcb2c4c07e2", "runtime_shape_label": null}, "deployed": {"thread_policy": "TBASE", "torch_intraop_threads": null, "torch_interop_threads": null, "omp_num_threads": null, "mkl_num_threads": null, "openblas_num_threads": null, "numexpr_num_threads": null, "malloc_arena_max": null, "snapshot_model_order": "O0", "cpu_request": 12, "memory_request": 32768, "runtime_shape_fingerprint": "f504e296c398bdcb2c4c07e2", "runtime_shape_label": null}, "observed": {"stage": "request_entry", "runtime_shape_fingerprint": "f504e296c398bdcb2c4c07e2", "runtime_shape_label": null, "thread_policy": "TBASE", "snapshot_model_order": "O0", "cpu_request": 12, "memory_request": 32768, "native_thread_count": 53, "configured_omp": null, "configured_mkl": null, "configured_openblas": null, "configured_numexpr": null, "malloc_arena_max": null, "native_library_settings": {"OMP_NUM_THREADS": "12", "MKL_NUM_THREADS": "12", "OPENBLAS_NUM_THREADS": "12", "NUMEXPR_NUM_THREADS": null, "MALLOC_ARENA_MAX": null}, "torch_intraop_threads": 12, "torch_interop_threads": 14, "actual_torch_intraop_threads": 12, "actual_torch_interop_threads": 14, "requested_torch_intraop_threads": null, "requested_torch_interop_threads": null, "requested_vs_actual_match": true, "status": "baseline_passthrough", "error": "", "trace_id": "c50b5a33e13f4248", "pid": 2, "thread_native_id": 2, "restored_instance_id": "3afcf0b4eab247ec9a63e349e212e34e", "restore_session_id": "44c5750721af4988805d0fe9f2a17f4b", "legacy_container_session_id": "1027d77463264665", "container_task_id": "ta-01M05XBX4XB5NEVC1BXAXWHKBR", "modal_input_id": "in-01M05XBWHSN43DNG008TNNGZXB:1786904965689-0", "image_id": "im-hjnkwmxnNrx3VkU7mCO9h5", "cloud": "CLOUD_PROVIDER_GCP", "region": "us-east4", "app_name": "stable-modal-comfy-v2-restore-only-shadow", "class_name": "ModalRuntimeEntrypoint"}, "stored_snapshot_model_order": "O0", "snapshot_target_fingerprint": "bfe178609603d014b74c1fc2790f3c0515d9a5fbb07419fc37e9fd54d3af3d80", "guard": {"changed_axes": [], "allow_multi_axis": false, "baseline_cpu_request": 12, "baseline_memory_request": 32768}, "construction_order_semantics": "model_construction_order_only"}, "timing": {"wall_ms": 19335.2, "handle_lookup_ms": 3.999, "submission_to_first_remote_event_ms": 6162.758, "command_to_response_ms": 20406.7, "submit2entry_ms": 4762.605, "t3b_to_t8_ms": 12704.064, "restore_total_ms": 450.944, "pre_sampler_ms": 7597.523, "sampler_ms": 3647.931, "vae_decode_ms": 371.4, "output_collection_ms": 6.986, "snapshot_callback_age_at_restore_ms": 764541.534, "snapshot_callback_to_command_start_ms": 759181.815, "command_start_to_restore_start_ms": 5359.597, "local_timing": {"t0_to_t1_ms": 0.564, "t1_to_queue_enqueue_ms": null, "local_receive_to_enqueue_ms": null, "local_body_read_ms": null, "local_json_parse_ms": null, "local_preflight_ms": null, "local_queue_lock_wait_ms": null, "local_queue_enqueue_ms": null, "queue_wait_before_worker_ms": null, "plan_build_ms": 78.0, "active_profile_ms": 0.0, "restore_plan_build_ms": null, "restore_publish_ms": null, "handle_lookup_ms": 0.0, "payload_serialize_ms": 0.0, "payload_materialization_ms": 0.0, "payload_size_measurement_ms": 0.0, "generator_create_ms": 2.999, "local_residual_ms": 0.0, "clock_reconciliation_residual_ms": 0.0, "route_unattributed_ms": null, "worker_unattributed_ms": null, "reconciliation_status": "incomplete", "missing_stages": ["local_receive_to_enqueue_ms"], "overlap_error": "", "stage_attribution_residual_ms": {"route_unattributed_ms": null, "worker_unattributed_ms": null, "missing_stages": ["local_receive_to_enqueue_ms"], "reconciliation_status": "incomplete", "overlap_error": ""}, "local_receive_to_generator_create_ms": 78.0, "generator_create_to_first_iteration_ms": 0.0, "first_iteration_to_first_remote_event_ms": 6162.758, "local_receive_to_actual_submission_ms": 78.0, "trigger_to_local_receive_ms": 0.564, "local_receive_to_generator_create_start_ms": 79.002, "generator_created_to_first_iteration_ms": 0.0, "remote_python_resume_to_restore_start_ms": 0.0, "restore_method_ms": 458.942, "restore_end_to_modal_method_entry_ms": 20.632, "modal_method_entry_to_executor_ms": 1492.707, "submission_to_remote_python_resume_ms": 4279.032, "unexplained_pre_remote_ms": 5683.184, "local_result_received_wall_ns": 1786904984972650300, "local_result_received_mono_ns": 15325578000000, "local_receive_to_result_return_ms": 19388.086, "result_received_to_return_ms": 19.001, "remote_result_emit_wall_unix_ns": 1786904984705329544, "remote_result_emit_to_local_receipt_ms": 267.321, "caller_return_wall_unix_ns": 1786904984992650200, "caller_return_mono_ns": 15325593000000, "local_result_received_to_caller_return_ms": 15.0, "modal_restore_begin_wall_unix_ns": null}, "restore_breakdown": {"restore_total_ms": 450.944, "models_symlink_ms": 3.02, "manager_offline_ms": 0.77, "reload_models_ms": 0.0, "reload_runtime_state_ms": 73.692, "v2_startup_custom_node_source_copy_ms": 250.45, "sync_custom_nodes_ms": 250.56, "install_requirements_ms": 0.01, "v2_startup_comfyui_path_startup_ms": 0.07, "comfyui_path_setup_ms": 0.14, "v2_startup_backend_startup_ms": 19509.83, "backend_startup_ms": 19510.85, "observe_generations_ms": 0.9, "snapshot_restore_ms": 423.8, "snapshot_callback_age_at_restore_ms": 764541.534, "restore_gpu_state_ms": 246.447, "cuda_init_ms": 3.93, "v2_startup_snapshot_execution_seed_ms": 2.77, "initialize_cuda_ms": 3.859, "snapshot_identity_checks_ms": 0.0, "cpu_snapshot_retargeting_ms": 0.0, "folder_warm_ms": 6820.669}, "early_activation_total_ms": null, "queue_delay_ms": null, "cpu_snapshot_wait_ms": null, "dtype_layout_preparation_ms": null, "post_load_bookkeeping_ms": null, "submission_to_remote_python_resume_ms": 4279.032, "remote_python_resume_to_restore_start_ms": 0.0, "restore_to_method_entry_ms": 20.632, "method_entry_to_first_remote_event_ms": 1404.152, "first_remote_event_to_final_result_ms": 13143.328, "transfer_queue_delay_ms": null, "synchronized_transfer_ms": null, "quiesce_wait_ms": null, "graph_activity_ms": 6411.117, "sampler_lane_wait_ms": 0.079, "quiesced_transfer": null}}
WATERFALL (host-reconciled)
V2 COLD WATERFALL - run 1 (local reconcile)
Request:   v2-benchmark-0-f397baff019f | Instance: 3afcf0b4eab247ec9a63e349e212e34e | Fresh: YES
Platform:  GCP/us-east4 | GPU: RTX PRO 6000 Blackwell | VRAM 97,250 MiB | CUDA 13.0 | CC 12.0
CPU:       AMD Family 191 Model 2 | visible=28
Telemetry: maxRSS=34.85 GiB

+-----+------------------------------------------------+------------+------------+----------+------------------------------------------+
|   # | Stage                                          |   Duration |       Cum. |        % | Relative wall (non-scheduling)           |
+-----+------------------------------------------------+------------+------------+----------+------------------------------------------+
|   1 | Modal pre-Python snapshot restoration          |     2.600s |     2.600s |  14.734% | ######                                   |
|   2 | Python/application restore                     | 458.939 ms |     3.059s |   2.601% | #                                        |
|   3 | Restore-to-method entry                        |  20.622 ms |     3.080s |   0.117% | #                                        |
|   4 | Remote method setup                            |     1.493s |     4.572s |   8.459% | ###                                      |
|     |   method entry to graph start                  |     1.270s |            |          |                                          |
|     |   method entry to runtime configuration        |     1.270s |            |          |                                          |
|     |   graph setup                                  | 222.287 ms |            |          |                                          |
|     |   preload check                                | 112.068 ms |            |          |                                          |
|   5 | PromptExecutor/cache setup                     | 139.552 ms |     4.712s |   0.791% | #                                        |
|     |   execution to cached                          | 138.390 ms |            |          |                                          |
|   6 | Pre-sampler execution                          |     6.272s |    10.983s |  35.538% | ##############                           |
|     |   Conditioning cache decision=miss_stored h... |   1.054 ms |            |          |                                          |
|     |   CLIP encode (1 calls)                        |     6.173s |            |          |                                          |
|     |   Node: CLIPTextEncode ? non-wait 10.1ms + ... |     6.178s |            |          |                                          |
|     |   Node: ImpactSwitch                           |  43.265 ms |            |          |                                          |
|     |   Node: ClownsharKSampler_Beta                 | 136.457 ms |            |          |                                          |
|   7 | Sampler node to sampling                       | 129.740 ms |    11.113s |   0.735% | #                                        |
|     |   lane acquired to actual stage                | 129.716 ms |            |          |                                          |
|   8 | Sampling                                       |     4.704s |    15.817s |  26.655% | ###########                              |
|   9 | Post-sampling / VAE transition                 | 921.958 ms |    16.739s |   5.224% | ##                                       |
|  10 | VAE decode                                     | 371.400 ms |    17.110s |   2.105% | #                                        |
|     |   VAE load/H2D                                 | 950.544 ms |            |          |                                          |
|  11 | Output encode / descriptor                     | 248.697 ms |    17.359s |   1.409% | #                                        |
|     |   PNG encode                                   | 156.694 ms |            |          |                                          |
|  12 | Remote result handoff                          | 267.321 ms |    17.626s |   1.515% | #                                        |
|  13 | Local result handling / caller return          |  15.000 ms |    17.641s |   0.085% | #                                        |
+-----+------------------------------------------------+------------+------------+----------+------------------------------------------+
|     | RECONCILIATION                                 |   5.761 ms |            |          |                                          |
|     | STATUS                                         |         OK |            |          |                                          |
+-----+------------------------------------------------+------------+------------+----------+------------------------------------------+
COMMAND -> RESPONSE:                     20.407s
Command (without scheduling) -> Response:   17.647s
Scheduling time:                          2.760s
[v2.prompt_executor_breakdown] request_id=v2-benchmark-0-f397baff019f exec_to_cached_ms=138.39 dynamic_prompt_ms=0.003 is_changed_ms=absent signature_keys_ms=absent seed_apply_ms=absent clean_unused_ms=0.016 cache_gather_ms=0.071 cleanup_gc_ms=149.233 residual_ms=-10.933 c2f_cached_to_first_node_ms=0.666 c2f_topo_walk_ms=0.532 c2f_topo_input_info_ms=0.093 c2f_topo_other_ms=0.439 c2f_stage_ms=1.224 c2f_first_node_prefix_ms=0.131 c2f_residual_ms=-1.221 signature_cache_eligible=True signature_cache_fallback= signature_cache_hit=True signature_cache_key_hash=acc28d2eb9357d5617579f6bf7ec01073a40e3fba545d83a2f197d38fe8d15b3 signature_cache_requested=True signature_cache_source=volume signature_reuse_ms=2.344 topo_lazy_hits=36
[v2.conditioning_exact_hit_breakdown] request_id=v2-benchmark-0-f397baff019f decision=miss_stored lookup_wall_ms=1.054 total_ms=0.752 key_build_ms=0.196 lock_wait_ms=0.002 manifest_read_ms=0.0 manifest_bytes=0 manifest_entries=64 entry_lookup_ms=0.117 header_bytes=0 data_bytes=0 lru_touch_ms=0.0 lru_touch_mode=sync children_ms=0.315 residual_ms=0.437 entries_requested=1 hit_count=0 lru_async_batch_size=0 lru_async_batches=0 lru_async_dropped=0 lru_async_enqueued=0 lru_async_failed=0 lru_async_flush_count=0 lru_async_persist_ms=0.0 manifest_memory_hit=1 miss_count=1 normal_lookup_fallback=0 payload_memory_hit=0 payload_memory_source= prefetch_join_ms=155.539 prefetch_join_timeout=0 prefetch_overlap_ms=0.0 prefetch_payload_entries=3 prefetch_reason=key_build_partial:weight_dtype prefetch_reload=skipped_first prefetch_requested=1 prefetch_source=full prefetch_wall_ms=488.067 volume_reload_ms=0.0
[v2.folder_warm] request_id=v2-benchmark-0-f397baff019f folder_warm_ms=6820.669 folder_warm_folders=29
[v2.input_types_warm] request_id=v2-benchmark-0-f397baff019f input_types_warm_ms=5103.129 input_types_warm_classes=31
[v2.png_output] request_id=v2-benchmark-0-f397baff019f compress_level=1 png_encode_ms=156.68 png_compress_ms=150.223 width=1088 height=1920 bytes=3129718 sha=20b10e1f99831bc758d9df82f43ce0beb1cbc636a740d11a29eb2bffe90e5260
[v2.host_submission_breakdown] request_id=v2-benchmark-0-f397baff019f command_start_to_python_first_line_ms=626.514 python_first_line_to_local_receive_ms=372.05 local_receive_to_registry_start_ms=absent node_registry_init_ms=absent registry_end_to_worker_start_ms=absent node_registry_preload_ms=absent worker_start_to_plan_build_start_ms=1.001 plan_build_ms=78.0 plan_build_to_transport_entry_ms=5.0 transport_entry_to_handle_lookup_ms=0.0 handle_lookup_ms=3.999 payload_serialize_ms=1.001 generator_create_ms=2.999 generator_created_to_submission_ms=0.0 local_receive_to_submission_ms=78.0 submission_boundary_source=first_anext first_remote_signal_ms=6162.758 scheduling_ms=1678.973 scheduling_source=modal_app_log user_equivalent_trigger_to_modal_submission_ms=1080.564
[v2.trigger_to_submission] request_id=v2-benchmark-0-f397baff019f benchmark_iteration_selected_to_local_worker_submit_ms=0.0 local_worker_submit_to_worker_start_ms=0.0 worker_start_to_plan_build_start_ms=0.0 plan_build_ms=78.0 plan_build_end_to_modal_handle_ready_ms=0.0 modal_handle_ready_to_modal_submission_attempt_ms=invalid_negative intentional_cold_wait_before_run_ms=absent trigger_to_submission_ms=78.0 measured_children_ms=absent residual_ms=absent reconciliation_status=incomplete
[v2.user_trigger] request_id=v2-benchmark-0-f397baff019f process_start_to_response_ms=19780.136 user_equivalent_trigger_to_response_ms=20406.65 user_equivalent_trigger_to_modal_submission_ms=1080.564 registry_store_hit=True registry_load_ms=0.0
{
  "output_dir": "C:\\Users\\parla\\OneDrive\\Documents\\AI HUB\\ComfyUI June Install\\ComfyUI\\comfymodal-data\\benchmarks\\runs\\v2_2026-08-16_18-29-25",
  "target": {
    "app_name": "stable-modal-comfy-v2-restore-only-shadow",
    "class_name": "ModalRuntimeEntrypointV2",
    "gpu": "rtx-pro-6000"
  },
  "runtime_shape": {
    "requested": {
      "thread_policy": "TBASE",
      "torch_intraop_threads": null,
      "torch_interop_threads": null,
      "omp_num_threads": null,
      "mkl_num_threads": null,
      "openblas_num_threads": null,
      "numexpr_num_threads": null,
      "malloc_arena_max": null,
      "snapshot_model_order": "O0",
      "cpu_request": 12,
      "memory_request": 32768,
      "runtime_shape_fingerprint": "f504e296c398bdcb2c4c07e2",
      "runtime_shape_label": null
    },
    "guard": {
      "changed_axes": [],
      "allow_multi_axis": false,
      "baseline_cpu_request": 12,
      "baseline_memory_request": 32768
    }
  },
  "run_count": 1,
  "gap_seconds": 35.0,
  "node_registry_preload_ms": 0.0,
  "intentional_cold_waits": [],
  "trace_handoff_errors": 0,
  "waterfall_runs": 1,
  "runs": [
    {
      "run_index": 0,
      "request_id": "v2-benchmark-0-f397baff019f",
      "identity": {
        "app_name": "stable-modal-comfy-v2-restore-only-shadow",
        "class_name": "ModalRuntimeEntrypoint",
        "method_name": "run_plan_stream",
        "gpu": [
          "RTX-PRO-6000"
        ],
        "cpu": 12,
        "memory_mb": 32768,
        "fingerprint": "bfe178609603d014b74c1fc2790f3c0515d9a5fbb07419fc37e9fd54d3af3d80",
        "runtime_shape": {
          "thread_policy": "TBASE",
          "torch_intraop_threads": null,
          "torch_interop_threads": null,
          "omp_num_threads": null,
          "mkl_num_threads": null,
          "openblas_num_threads": null,
          "numexpr_num_threads": null,
          "malloc_arena_max": null,
          "snapshot_model_order": "O0",
          "cpu_request": 12,
          "memory_request": 32768,
          "runtime_shape_fingerprint": "f504e296c398bdcb2c4c07e2",
          "runtime_shape_label": null
        },
        "runtime_shape_fingerprint": "f504e296c398bdcb2c4c07e2",
        "runtime_shape_label": null,
        "stored_snapshot_model_order": "O0",
        "restore_count": 1,
        "request_count": 1,
        "restored_instance_id": "3afcf0b4eab247ec9a63e349e212e34e",
        "restore_session_id": "44c5750721af4988805d0fe9f2a17f4b",
        "container_task_id": "ta-01M05XBX4XB5NEVC1BXAXWHKBR",
        "modal_container_id": "",
        "image_id": "im-hjnkwmxnNrx3VkU7mCO9h5",
        "cloud": "CLOUD_PROVIDER_GCP",
        "region": "us-east4",
        "modal_input_id": "in-01M05XBWHSN43DNG008TNNGZXB:1786904965689-0",
        "container_session_id": "1027d77463264665"
      },
      "runtime_shape": {
        "requested": {
          "thread_policy": "TBASE",
          "torch_intraop_threads": null,
          "torch_interop_threads": null,
          "omp_num_threads": null,
          "mkl_num_threads": null,
          "openblas_num_threads": null,
          "numexpr_num_threads": null,
          "malloc_arena_max": null,
          "snapshot_model_order": "O0",
          "cpu_request": 12,
          "memory_request": 32768,
          "runtime_shape_fingerprint": "f504e296c398bdcb2c4c07e2",
          "runtime_shape_label": null
        },
        "deployed": {
          "thread_policy": "TBASE",
          "torch_intraop_threads": null,
          "torch_interop_threads": null,
          "omp_num_threads": null,
          "mkl_num_threads": null,
          "openblas_num_threads": null,
          "numexpr_num_threads": null,
          "malloc_arena_max": null,
          "snapshot_model_order": "O0",
          "cpu_request": 12,
          "memory_request": 32768,
          "runtime_shape_fingerprint": "f504e296c398bdcb2c4c07e2",
          "runtime_shape_label": null
        },
        "observed": {
          "stage": "request_entry",
          "runtime_shape_fingerprint": "f504e296c398bdcb2c4c07e2",
          "runtime_shape_label": null,
          "thread_policy": "TBASE",
          "snapshot_model_order": "O0",
          "cpu_request": 12,
          "memory_request": 32768,
          "native_thread_count": 53,
          "configured_omp": null,
          "configured_mkl": null,
          "configured_openblas": null,
          "configured_numexpr": null,
          "malloc_arena_max": null,
          "native_library_settings": {
            "OMP_NUM_THREADS": "12",
            "MKL_NUM_THREADS": "12",
            "OPENBLAS_NUM_THREADS": "12",
            "NUMEXPR_NUM_THREADS": null,
            "MALLOC_ARENA_MAX": null
          },
          "torch_intraop_threads": 12,
          "torch_interop_threads": 14,
          "actual_torch_intraop_threads": 12,
          "actual_torch_interop_threads": 14,
          "requested_torch_intraop_threads": null,
          "requested_torch_interop_threads": null,
          "requested_vs_actual_match": true,
          "status": "baseline_passthrough",
          "error": "",
          "trace_id": "c50b5a33e13f4248",
          "pid": 2,
          "thread_native_id": 2,
          "restored_instance_id": "3afcf0b4eab247ec9a63e349e212e34e",
          "restore_session_id": "44c5750721af4988805d0fe9f2a17f4b",
          "legacy_container_session_id": "1027d77463264665",
          "container_task_id": "ta-01M05XBX4XB5NEVC1BXAXWHKBR",
          "modal_input_id": "in-01M05XBWHSN43DNG008TNNGZXB:1786904965689-0",
          "image_id": "im-hjnkwmxnNrx3VkU7mCO9h5",
          "cloud": "CLOUD_PROVIDER_GCP",
          "region": "us-east4",
          "app_name": "stable-modal-comfy-v2-restore-only-shadow",
          "class_name": "ModalRuntimeEntrypoint"
        },
        "stored_snapshot_model_order": "O0",
        "snapshot_target_fingerprint": "bfe178609603d014b74c1fc2790f3c0515d9a5fbb07419fc37e9fd54d3af3d80",
        "guard": {
          "changed_axes": [],
          "allow_multi_axis": false,
          "baseline_cpu_request": 12,
          "baseline_memory_request": 32768
        },
        "construction_order_semantics": "model_construction_order_only"
      },
      "timing": {
        "wall_ms": 19335.2,
        "handle_lookup_ms": 3.999,
        "submission_to_first_remote_event_ms": 6162.758,
        "command_to_response_ms": 20406.7,
        "submit2entry_ms": 4762.605,
        "t3b_to_t8_ms": 12704.064,
        "restore_total_ms": 450.944,
        "pre_sampler_ms": 7597.523,
        "sampler_ms": 3647.931,
        "vae_decode_ms": 371.4,
        "output_collection_ms": 6.986,
        "snapshot_callback_age_at_restore_ms": 764541.534,
        "snapshot_callback_to_command_start_ms": 759181.815,
        "command_start_to_restore_start_ms": 5359.597,
        "local_timing": {
          "t0_to_t1_ms": 0.564,
          "t1_to_queue_enqueue_ms": null,
          "local_receive_to_enqueue_ms": null,
          "local_body_read_ms": null,
          "local_json_parse_ms": null,
          "local_preflight_ms": null,
          "local_queue_lock_wait_ms": null,
          "local_queue_enqueue_ms": null,
          "queue_wait_before_worker_ms": null,
          "plan_build_ms": 78.0,
          "active_profile_ms": 0.0,
          "restore_plan_build_ms": null,
          "restore_publish_ms": null,
          "handle_lookup_ms": 0.0,
          "payload_serialize_ms": 0.0,
          "payload_materialization_ms": 0.0,
          "payload_size_measurement_ms": 0.0,
          "generator_create_ms": 2.999,
          "local_residual_ms": 0.0,
          "clock_reconciliation_residual_ms": 0.0,
          "route_unattributed_ms": null,
          "worker_unattributed_ms": null,
          "reconciliation_status": "incomplete",
          "missing_stages": [
            "local_receive_to_enqueue_ms"
          ],
          "overlap_error": "",
          "stage_attribution_residual_ms": {
            "route_unattributed_ms": null,
            "worker_unattributed_ms": null,
            "missing_stages": [
              "local_receive_to_enqueue_ms"
            ],
            "reconciliation_status": "incomplete",
            "overlap_error": ""
          },
          "local_receive_to_generator_create_ms": 78.0,
          "generator_create_to_first_iteration_ms": 0.0,
          "first_iteration_to_first_remote_event_ms": 6162.758,
          "local_receive_to_actual_submission_ms": 78.0,
          "trigger_to_local_receive_ms": 0.564,
          "local_receive_to_generator_create_start_ms": 79.002,
          "generator_created_to_first_iteration_ms": 0.0,
          "remote_python_resume_to_restore_start_ms": 0.0,
          "restore_method_ms": 458.942,
          "restore_end_to_modal_method_entry_ms": 20.632,
          "modal_method_entry_to_executor_ms": 1492.707,
          "submission_to_remote_python_resume_ms": 4279.032,
          "unexplained_pre_remote_ms": 5683.184,
          "local_result_received_wall_ns": 1786904984972650300,
          "local_result_received_mono_ns": 15325578000000,
          "local_receive_to_result_return_ms": 19388.086,
          "result_received_to_return_ms": 19.001,
          "remote_result_emit_wall_unix_ns": 1786904984705329544,
          "remote_result_emit_to_local_receipt_ms": 267.321,
          "caller_return_wall_unix_ns": 1786904984992650200,
          "caller_return_mono_ns": 15325593000000,
          "local_result_received_to_caller_return_ms": 15.0,
          "modal_restore_begin_wall_unix_ns": null
        },
        "restore_breakdown": {
          "restore_total_ms": 450.944,
          "models_symlink_ms": 3.02,
          "manager_offline_ms": 0.77,
          "reload_models_ms": 0.0,
          "reload_runtime_state_ms": 73.692,
          "v2_startup_custom_node_source_copy_ms": 250.45,
          "sync_custom_nodes_ms": 250.56,
          "install_requirements_ms": 0.01,
          "v2_startup_comfyui_path_startup_ms": 0.07,
          "comfyui_path_setup_ms": 0.14,
          "v2_startup_backend_startup_ms": 19509.83,
          "backend_startup_ms": 19510.85,
          "observe_generations_ms": 0.9,
          "snapshot_restore_ms": 423.8,
          "snapshot_callback_age_at_restore_ms": 764541.534,
          "restore_gpu_state_ms": 246.447,
          "cuda_init_ms": 3.93,
          "v2_startup_snapshot_execution_seed_ms": 2.77,
          "initialize_cuda_ms": 3.859,
          "snapshot_identity_checks_ms": 0.0,
          "cpu_snapshot_retargeting_ms": 0.0,
          "folder_warm_ms": 6820.669
        },
        "early_activation_total_ms": null,
        "queue_delay_ms": null,
        "cpu_snapshot_wait_ms": null,
        "dtype_layout_preparation_ms": null,
        "post_load_bookkeeping_ms": null,
        "submission_to_remote_python_resume_ms": 4279.032,
        "remote_python_resume_to_restore_start_ms": 0.0,
        "restore_to_method_entry_ms": 20.632,
        "method_entry_to_first_remote_event_ms": 1404.152,
        "first_remote_event_to_final_result_ms": 13143.328,
        "transfer_queue_delay_ms": null,
        "synchronized_transfer_ms": null,
        "quiesce_wait_ms": null,
        "graph_activity_ms": 6411.117,
        "sampler_lane_wait_ms": 0.079,
        "quiesced_transfer": null
      }
    }
  ]
}
WATERFALL (host-reconciled)
V2 COLD WATERFALL - run 1 (local reconcile)
Request:   v2-benchmark-0-f397baff019f | Instance: 3afcf0b4eab247ec9a63e349e212e34e | Fresh: YES
Platform:  GCP/us-east4 | GPU: RTX PRO 6000 Blackwell | VRAM 97,250 MiB | CUDA 13.0 | CC 12.0
CPU:       AMD Family 191 Model 2 | visible=28
Telemetry: maxRSS=34.85 GiB

+-----+------------------------------------------------+------------+------------+----------+------------------------------------------+
|   # | Stage                                          |   Duration |       Cum. |        % | Relative wall (non-scheduling)           |
+-----+------------------------------------------------+------------+------------+----------+------------------------------------------+
|   1 | Modal pre-Python snapshot restoration          |     2.600s |     2.600s |  14.734% | ######                                   |
|   2 | Python/application restore                     | 458.939 ms |     3.059s |   2.601% | #                                        |
|   3 | Restore-to-method entry                        |  20.622 ms |     3.080s |   0.117% | #                                        |
|   4 | Remote method setup                            |     1.493s |     4.572s |   8.459% | ###                                      |
|     |   method entry to graph start                  |     1.270s |            |          |                                          |
|     |   method entry to runtime configuration        |     1.270s |            |          |                                          |
|     |   graph setup                                  | 222.287 ms |            |          |                                          |
|     |   preload check                                | 112.068 ms |            |          |                                          |
|   5 | PromptExecutor/cache setup                     | 139.552 ms |     4.712s |   0.791% | #                                        |
|     |   execution to cached                          | 138.390 ms |            |          |                                          |
|   6 | Pre-sampler execution                          |     6.272s |    10.983s |  35.538% | ##############                           |
|     |   Conditioning cache decision=miss_stored h... |   1.054 ms |            |          |                                          |
|     |   CLIP encode (1 calls)                        |     6.173s |            |          |                                          |
|     |   Node: CLIPTextEncode ? non-wait 10.1ms + ... |     6.178s |            |          |                                          |
|     |   Node: ImpactSwitch                           |  43.265 ms |            |          |                                          |
|     |   Node: ClownsharKSampler_Beta                 | 136.457 ms |            |          |                                          |
|   7 | Sampler node to sampling                       | 129.740 ms |    11.113s |   0.735% | #                                        |
|     |   lane acquired to actual stage                | 129.716 ms |            |          |                                          |
|   8 | Sampling                                       |     4.704s |    15.817s |  26.655% | ###########                              |
|   9 | Post-sampling / VAE transition                 | 921.958 ms |    16.739s |   5.224% | ##                                       |
|  10 | VAE decode                                     | 371.400 ms |    17.110s |   2.105% | #                                        |
|     |   VAE load/H2D                                 | 950.544 ms |            |          |                                          |
|  11 | Output encode / descriptor                     | 248.697 ms |    17.359s |   1.409% | #                                        |
|     |   PNG encode                                   | 156.694 ms |            |          |                                          |
|  12 | Remote result handoff                          | 267.321 ms |    17.626s |   1.515% | #                                        |
|  13 | Local result handling / caller return          |  15.000 ms |    17.641s |   0.085% | #                                        |
+-----+------------------------------------------------+------------+------------+----------+------------------------------------------+
|     | RECONCILIATION                                 |   5.761 ms |            |          |                                          |
|     | STATUS                                         |         OK |            |          |                                          |
+-----+------------------------------------------------+------------+------------+----------+------------------------------------------+
COMMAND -> RESPONSE:                     20.407s
Command (without scheduling) -> Response:   17.647s
Scheduling time:                          2.760s
[v2.experiment] campaign manifest=C:\Users\parla\OneDrive\Documents\AI HUB\ComfyUI June Install\ComfyUI\comfymodal-data\benchmarks\runs\v2_2026-08-16_18-29-25\campaign_manifest.json
=== Single V2 benchmark completed ===
=== Total command-to-response time: 24.124s ===
