[v2.env_profile]
env_profile=inherit
thread_policy=TBASE
snapshot_model_order=O0
baseline_cpu_request=12
baseline_memory_request=32768
memory_request_mb=32768
vae_policy=v1
release_gpu_after_request=0
cpu_model_snapshot=1
native_fast_disk_unet=1
publish_restore_plan=0
vae_snapshot=1
clip_conditioning_cache=1
unet_activation_mode=late
vae_activation_mode=sampling_end
persistent_local_handle=1
full_trace=0
residency_diagnostics=0
deep_model_diag=0
pagefault_tracking=0
eviction_enabled=0
eviction_role=none
eviction_idle_seconds=0
prefill_lanes=critical
prefill_wait_for_unet=0
restore_torch_threads=none
variance_pretouch=0
volume_read_run_count=3
restore_only_app=stable-modal-comfy-v2-restore-only-shadow
restore_only_run_count=6
snapshot_exclude_unet=
=== Running one V2 benchmark trial against the existing deployment ===
=== Deploy first with deploy_and_run_v2_single.bat after source or env changes ===
=== Fail-closed request preflight (local, no spend
[v2.run_preflight]
TARGET_APP=stable-modal-comfy-v2-restore-only-shadow
TARGET_CLASS=ModalRuntimeEntrypointV2
TARGET_DEPLOYMENT=2305b0b3bbdf3fbe02904527
TARGET_MATCH=YES
CPU=12 == deployed 12
MEMORY=32768 == deployed 32768
BASELINE_CPU=12 == deployed 12
BASELINE_MEMORY=32768 == deployed 32768
RUNTIME_FINGERPRINT=f504e296c398bdcb2c4c07e2 == deployed f504e296c398bdcb2c4c07e2
D1_PROOF_COVERS=true
RUN_COUNT=1
FINAL_REQUEST_PREFLIGHT=PASS
[v2.host] python_first_line_wall_unix_ns=1786904857797079400
[v2.conditioning_cache_nonce] nonce=01888adf-3df6-4456-ae5d-6593352dca63
[v2.harness] node_registry_preload_skipped store_generation_entry=yes
{"guard": {"allow_multi_axis": false, "baseline_cpu_request": 12, "baseline_memory_request": 32768, "changed_axes": []}, "runtime_shape": {"cpu_request": 12, "malloc_arena_max": null, "memory_request": 32768, "mkl_num_threads": null, "numexpr_num_threads": null, "omp_num_threads": null, "openblas_num_threads": null, "runtime_shape_fingerprint": "f504e296c398bdcb2c4c07e2", "runtime_shape_label": null, "snapshot_model_order": "O0", "thread_policy": "TBASE", "torch_interop_threads": null, "torch_intraop_threads": null}}
[v2.harness] registry_load=skipped store_hit=yes
[critical_path.flags] critical_path=1 unet_phase=1 validation_phase=1 coordinator=0 coordinator_diag=1 source=module_import
[v2.plan_proof] schema=1 payload=yes validated=True outputs=2 wf_hash=2e43d4c0ba3b82c0 dep_complete=True reg_proof=1 memo=hit
cpu_snapshot_unet_mode=reuse
[v2.benchmark] phase=execute_plan_start
[active_profile.publish] decision=skipped_post_snapshot_noop requested=inherit container_default=inherit cpu_model_snapshot=1 snapshot_build_phase=0 consumer_requires_publication=0 checker_remote=0 setter_remote=0 active_profile_noop_ms=0.0
[v2.restore_publish] skipped reason=flag_disabled
[v2.seed_build] source=invocation_plan schema=2 topology_available=1 persisted=1 workflow_hash=2e43d4c0ba3b82c0 loader_nodes=3 sampler_nodes=1 reachable_nodes=43 static_signatures=43
[v2.local_submission_breakdown.pre_dispatch] request_id=v2-benchmark-0-c4f527e94516 local_receive_to_worker_start_ms=15.0 worker_start_to_normalize_start_ms=0.0 normalize_production_options_ms=0.0 normalize_end_to_trace_construct_start_ms=0.0 runtime_trace_construct_ms=0.0 trace_construct_to_options_copy_start_ms=0.0 benchmark_options_copy_ms=0.0 options_copy_to_client_id_start_ms=0.0 client_id_generation_ms=0.0 client_id_end_to_plan_call_ms=0.0 plan_call_to_function_entry_ms=0.0 worker_start_to_plan_build_ms=0.0 local_receive_to_plan_build_start_ms=15.0 worker_queue_ms=0.0 plan_build_ms=63.0 plan_build_to_execute_plan_entry_ms=0.0 execute_plan_entry_to_plan_materialization_ms=0.0 plan_materialization_ms=0.0 plan_materialization_to_active_profile_ms=0.0 active_profile_ms=0.0 restore_plan_build_ms=absent restore_publish_ms=absent restore_publish_to_transport_entry_ms=absent transport_entry_to_handle_lookup_ms=0.0 handle_lookup_ms=absent payload_materialization_ms=0.0 payload_size_measurement_ms=0.0 payload_size_to_serialize_end_ms=0.0 payload_ready_to_modal_call_ms=0.0 local_receive_to_modal_call_ms=78.0 generator_create_ms=absent generator_created_to_first_iteration_ms=absent local_receive_to_actual_submission_ms=absent measured_children_ms=absent residual_ms=absent reconciliation_status=incomplete profile_cache_hit=False profile_remote_call_performed=False profile_checker_matched=False restore_publish_cache_hit=absent restore_remote_call_performed=absent handle_cache_hit=absent plan_to_dict_count=1 payload_bytes=19896 active_profile_local_ms=0.0 active_profile_cache_lookup_ms=0.0 active_profile_checker_ms=0.0 active_profile_setter_ms=0.0 active_profile_total_ms=0.0 created_modal_client=False performed_cls_from_name=False constructed_instance=False input_image_count=0 workflow_node_count=43 unmeasured_boundary=absent
[v2.local_handle] owner_ready pid=21248
[v2.local_handle] decision=persistent_hit
[v2.local_submission_breakdown] request_id=v2-benchmark-0-c4f527e94516 local_receive_to_worker_start_ms=15.0 worker_start_to_normalize_start_ms=0.0 normalize_production_options_ms=0.0 normalize_end_to_trace_construct_start_ms=0.0 runtime_trace_construct_ms=0.0 trace_construct_to_options_copy_start_ms=0.0 benchmark_options_copy_ms=0.0 options_copy_to_client_id_start_ms=0.0 client_id_generation_ms=0.0 client_id_end_to_plan_call_ms=0.0 plan_call_to_function_entry_ms=0.0 worker_start_to_plan_build_ms=0.0 local_receive_to_plan_build_start_ms=15.0 worker_queue_ms=0.0 plan_build_ms=63.0 plan_build_to_execute_plan_entry_ms=0.0 execute_plan_entry_to_plan_materialization_ms=0.0 plan_materialization_ms=0.0 plan_materialization_to_active_profile_ms=0.0 active_profile_ms=0.0 restore_plan_build_ms=absent restore_publish_ms=absent restore_publish_to_transport_entry_ms=absent transport_entry_to_handle_lookup_ms=0.0 handle_lookup_ms=16.0 payload_materialization_ms=0.0 payload_size_measurement_ms=0.0 payload_size_to_serialize_end_ms=0.0 payload_ready_to_modal_call_ms=0.0 local_receive_to_modal_call_ms=78.0 generator_create_ms=16.0 generator_created_to_first_iteration_ms=invalid_negative local_receive_to_actual_submission_ms=94.0 measured_children_ms=absent residual_ms=absent reconciliation_status=overlap profile_cache_hit=False profile_remote_call_performed=False profile_checker_matched=False restore_publish_cache_hit=absent restore_remote_call_performed=absent handle_cache_hit=absent plan_to_dict_count=1 payload_bytes=19896 active_profile_local_ms=0.0 active_profile_cache_lookup_ms=0.0 active_profile_checker_ms=0.0 active_profile_setter_ms=0.0 active_profile_total_ms=0.0 created_modal_client=False performed_cls_from_name=False constructed_instance=False input_image_count=0 workflow_node_count=43 unmeasured_boundary=absent
