warning: The `fitz` API is deprecated and will be removed in future. Use `import pymupdf` instead.
LOADED 5 FONTS


███╗   ███╗ █████╗  ██████╗██╗  ██╗██╗███╗   ██╗███████╗               
████╗ ████║██╔══██╗██╔════╝██║  ██║██║████╗  ██║██╔════╝               
██╔████╔██║███████║██║     ███████║██║██╔██╗ ██║█████╗                 
██║╚██╔╝██║██╔══██║██║     ██╔══██║██║██║╚██╗██║██╔══╝                 
██║ ╚═╝ ██║██║  ██║╚██████╗██║  ██║██║██║ ╚████║███████╗               
╚═╝     ╚═╝╚═╝  ╚═╝ ╚═════╝╚═╝  ╚═╝╚═╝╚═╝  ╚═══╝╚══════╝               
                                                                       
██████╗ ███████╗██╗     ██╗   ██╗███████╗██╗ ██████╗ ███╗   ██╗███████╗
██╔══██╗██╔════╝██║     ██║   ██║██╔════╝██║██╔═══██╗████╗  ██║██╔════╝
██║  ██║█████╗  ██║     ██║   ██║███████╗██║██║   ██║██╔██╗ ██║███████╗
██║  ██║██╔══╝  ██║     ██║   ██║╚════██║██║██║   ██║██║╚██╗██║╚════██║
██████╔╝███████╗███████╗╚██████╔╝███████║██║╚██████╔╝██║ ╚████║███████║
╚═════╝ ╚══════╝╚══════╝ ╚═════╝ ╚══════╝╚═╝ ╚═════╝ ╚═╝  ╚═══╝╚══════╝
                                                                       


WARNING:/root/comfy/ComfyUI/custom_nodes/comfyui-lora-manager.py.config:No valid loras folders found in ComfyUI configuration
WARNING:/root/comfy/ComfyUI/custom_nodes/comfyui-lora-manager.py.config:No valid embeddings folders found in ComfyUI configuration
WARNING:/root/comfy/ComfyUI/custom_nodes/comfyui-lora-manager.py.vue_widget_builder:Node.js/npm not found. Cannot build Vue widgets. Please install Node.js or build manually: cd vue-widgets && npm run build
[v2.startup_stage] stage=custom_node_import event=end wall_unix_ns=1786639882804035577 monotonic_ns=25019427058 duration_ms=11673.595 slow_import_summary_source=comfyui.nodes.init_external_custom_nodes
[comfyapp] custom_node_import_health: registered=2397 volume_syncable=24 comfy_entries=28 comfy_symlinks=0 failures=0 snapshot_deferred=0
[comfyapp] custom_node_import_health: volume_dirs=['ComfyUI-CacheDiT', 'ComfyUI-Flux2Klein-Enhancer', 'ComfyUI-KJNodes', 'ComfyUI-SeedVR2_VideoUpscaler', 'ComfyUI_LayerStyle', 'RES4LYF', 'cg-use-everywhere', 'comfyui-custom-scripts', 'comfyui-detail-daemon', 'comfyui-easy-use', 'comfyui-impact-pack', 'comfyui-levelpixel', 'comfyui-lora-manager', 'comfyui-manager', 'comfyui-modal', 'comfyui-workflow-encrypt', 'comfyui_controlnet_aux', 'comfyui_essentials', 'comfyui_fill-nodes', 'comfyui_image_metadata_extension', 'comfyui_lg_samplingutils', 'comfyui_sam3', 'masquerade-nodes-comfyui', 'rgthree-comfy']
[comfyapp] sage_policy module=model_optimization_nodes.py found=True patched=True baked_cuda_available=False duration=4.8ms
[comfyapp] in-process backend initialized in 18.837s
[v2.startup_stage] stage=backend_startup event=end wall_unix_ns=1786639882843431118 monotonic_ns=25058823777 duration_ms=18845.91
[v2.sage_snapshot] action=discover_and_patch module=/root/comfy/ComfyUI/custom_nodes/ComfyUI-KJNodes.nodes.model_optimization_nodes target=patch_kjnodes_get_sage_func.<locals>.wrapped_get_sage_func mode=patched_at_snapshot version=comfymodal-sage-v1
[v2.generation_identity] method=startup custom_nodes_generation='3a3dd320b3584664fc162e88…' raw_empty=false source=persisted_record runtime_state_generation='' api_object_id=47539441365712 deployment_combined_hash=0b992e39c3e4379d
[v2.startup_stage] stage=certificate_snapshot_retention event=start wall_unix_ns=1786639882856528450 monotonic_ns=25071921242
[v2.cert_snapshot] status=fallback reason=seed_missing
[v2.startup_stage] stage=certificate_snapshot_retention event=end wall_unix_ns=1786639882856780389 monotonic_ns=25072173160 duration_ms=0.252 status=fallback reason=seed_missing
[v2.startup_stage] stage=dependency_validation event=start wall_unix_ns=1786639882856868267 monotonic_ns=25072260553
[v2.startup_stage] stage=baked_manifest_read event=start wall_unix_ns=1786639882856890763 monotonic_ns=25072283033
[v2.startup_stage] stage=baked_manifest_read event=end wall_unix_ns=1786639882857085256 monotonic_ns=25072477678 duration_ms=0.195
[dep_manifest] persisted identity=6ed324473caaf22f... combined_hash=0b992e39c3e4379d... elapsed_ms=1624.5
[v2.dep_manifest] startup build/persist done in 1624.8ms identity=6ed324473caaf22f combined_hash=0b992e39c3e4379d cn_gen=3a3dd320b3584664 repair_mode=fail_fast baked_ok=1 ident_ok=1
[v2.startup_stage] stage=dependency_validation event=end wall_unix_ns=1786639884481739535 monotonic_ns=26697132090 duration_ms=1624.872
[v2.deployment_proof] schema=1 complete=True reason=ok dep_hash=0b992e39c3e4379d baked_gen=3a3dd320b3584664 gen_ok=1 reg_fp=True dep_identity=True repair_mode=n/a
[comfyapp] snapshot_preload_profile source=none - no warmup profile configured
[v2.runtime_shape] stage=snapshot_pre_capture runtime_shape_fingerprint=f504e296c398bdcb2c4c07e2 runtime_shape_label=None thread_policy=TBASE snapshot_model_order=O0 cpu_request=12 memory_request=32768 native_thread_count=35 configured_omp=None configured_mkl=None configured_openblas=None configured_numexpr=None malloc_arena_max=None native_library_settings={'OMP_NUM_THREADS': '12', 'MKL_NUM_THREADS': '12', 'OPENBLAS_NUM_THREADS': '12', 'NUMEXPR_NUM_THREADS': None, 'MALLOC_ARENA_MAX': None} torch_intraop_threads=12 torch_interop_threads=21 actual_torch_intraop_threads=12 actual_torch_interop_threads=21 requested_torch_intraop_threads=None requested_torch_interop_threads=None requested_vs_actual_match=True status=baseline_passthrough error= before={'torch_intraop_threads': 12, 'torch_interop_threads': 21}
[v2.startup_stage] stage=clip_snapshot_load event=start wall_unix_ns=1786639884623308226 monotonic_ns=26838700527
[active_read] registered owner=graph_loader key=/__modal/volumes/vo-QI6fCKykvocVkUBVGsuZgm/text_encoders/qwen_3_4b.safetensors active_read_id=d213358b140d4bec restored_instance_id= restore_session_id= request_id= start_wall_unix_ns=1786639884625106432 start_monotonic_ns=26840497788 start_thread_time_ns=21640000000 start_process_time_ns=25300000000 native_tid=2 active_read_path_hash=18da7c5b6a0c3132 active_read_file_size=8044982048 active_read_st_dev=30 active_read_st_ino=85 active_read_governor_enabled=0 active_read_priority=80 active_read_size_bytes=8044982048 active_read_size_mb=7672.3 active_read_is_large=1 active_read_classification_source=file_size active_read_queue_enter_ms=0.0 active_read_queue_exit_ms=0.0 active_read_queue_wait_ms=0.0 active_read_large_slots_used_at_enter=0 active_read_large_slots_used_at_start=0 active_read_concurrent_large_reads_at_start=1 active_read_attached_existing_future=0 active_read_duplicate_prevented=0
[active_read] completed owner=graph_loader key=/__modal/volumes/vo-QI6fCKykvocVkUBVGsuZgm/text_encoders/qwen_3_4b.safetensors active_read_id=d213358b140d4bec restored_instance_id= restore_session_id= complete_wall_unix_ns=1786639889452765952 complete_monotonic_ns=31668156494 complete_thread_time_ns=24220000000 complete_process_time_ns=55310000000 complete_native_tid=2 wall_ms=4827.659 thread_cpu_ms=2580.0 process_cpu_ms=30010.0 majf=None minf=None inblock=None nvcsw=None nivcsw=None read_bytes=None rchar=None path_hash=18da7c5b6a0c3132 file_size=8044982048 st_dev=30 st_ino=85
[v2.active_read_diag] active_read_id=d213358b140d4bec owner=graph_loader request_id= restore_session_id= path_hash=18da7c5b6a0c3132 wall_ms=4827.659 thread_cpu_ms=2580.0 process_cpu_ms=30010.0 read_bytes=not_observed_in_this_thread rchar=not_observed_in_this_thread minor_faults=None major_faults=None context_switches=None/None counter_status=unsupported legacy_counter_status=unsupported thread_cpu_status=unsupported process_cpu_status=unsupported io_status=unsupported page_fault_status=unsupported block_input_status=unsupported context_switch_status=unsupported native_thread_id=2
[v2.startup_stage] stage=clip_snapshot_load event=end wall_unix_ns=1786639890208446794 monotonic_ns=32423839859 duration_ms=5585.139
[v2.startup_stage] stage=unet_snapshot_load event=start wall_unix_ns=1786639890522758041 monotonic_ns=32738150402
[active_read] registered owner=graph_loader key=/__modal/volumes/vo-QI6fCKykvocVkUBVGsuZgm/diffusion_models/z_image_turbo_bf16.s active_read_id=4b8f52e1fed24299 restored_instance_id= restore_session_id= request_id= start_wall_unix_ns=1786639890526380288 start_monotonic_ns=32741771751 start_thread_time_ns=25250000000 start_process_time_ns=60850000000 native_tid=2 active_read_path_hash=8d2256b3cff6bbd2 active_read_file_size=12309866400 active_read_st_dev=30 active_read_st_ino=92 active_read_governor_enabled=0 active_read_priority=100 active_read_size_bytes=12309866400 active_read_size_mb=11739.6 active_read_is_large=1 active_read_classification_source=file_size active_read_queue_enter_ms=0.0 active_read_queue_exit_ms=0.0 active_read_queue_wait_ms=0.0 active_read_large_slots_used_at_enter=0 active_read_large_slots_used_at_start=0 active_read_concurrent_large_reads_at_start=1 active_read_attached_existing_future=0 active_read_duplicate_prevented=0
[active_read] completed owner=graph_loader key=/__modal/volumes/vo-QI6fCKykvocVkUBVGsuZgm/diffusion_models/z_image_turbo_bf16.s active_read_id=4b8f52e1fed24299 restored_instance_id= restore_session_id= complete_wall_unix_ns=1786639895989244672 complete_monotonic_ns=38204635641 complete_thread_time_ns=26880000000 complete_process_time_ns=94980000000 complete_native_tid=2 wall_ms=5462.864 thread_cpu_ms=1630.0 process_cpu_ms=34130.0 majf=None minf=None inblock=None nvcsw=None nivcsw=None read_bytes=None rchar=None path_hash=8d2256b3cff6bbd2 file_size=12309866400 st_dev=30 st_ino=92
[v2.active_read_diag] active_read_id=4b8f52e1fed24299 owner=graph_loader request_id= restore_session_id= path_hash=8d2256b3cff6bbd2 wall_ms=5462.864 thread_cpu_ms=1630.0 process_cpu_ms=34130.0 read_bytes=not_observed_in_this_thread rchar=not_observed_in_this_thread minor_faults=None major_faults=None context_switches=None/None counter_status=unsupported legacy_counter_status=unsupported thread_cpu_status=unsupported process_cpu_status=unsupported io_status=unsupported page_fault_status=unsupported block_input_status=unsupported context_switch_status=unsupported native_thread_id=2
[v2.startup_stage] stage=unet_snapshot_load event=end wall_unix_ns=1786639896558505998 monotonic_ns=38773899209 duration_ms=6035.749
[v2.startup_stage] stage=vae_snapshot_load event=start wall_unix_ns=1786639896861229396 monotonic_ns=39076621734
[active_read] registered owner=graph_loader key=/__modal/volumes/vo-QI6fCKykvocVkUBVGsuZgm/vae/ae.safetensors active_read_id=e489843d107448ba restored_instance_id= restore_session_id= request_id= start_wall_unix_ns=1786639896864364288 start_monotonic_ns=39079755761 start_thread_time_ns=27720000000 start_process_time_ns=100660000000 native_tid=2 active_read_path_hash=4c78afa4b05fac11 active_read_file_size=335304388 active_read_st_dev=30 active_read_st_ino=87 active_read_governor_enabled=0 active_read_priority=40 active_read_size_bytes=335304388 active_read_size_mb=319.8 active_read_is_large=0 active_read_classification_source=file_size active_read_queue_enter_ms=0.0 active_read_queue_exit_ms=0.0 active_read_queue_wait_ms=0.0 active_read_large_slots_used_at_enter=0 active_read_large_slots_used_at_start=0 active_read_concurrent_large_reads_at_start=0 active_read_attached_existing_future=0 active_read_duplicate_prevented=0
[active_read] completed owner=graph_loader key=/__modal/volumes/vo-QI6fCKykvocVkUBVGsuZgm/vae/ae.safetensors active_read_id=e489843d107448ba restored_instance_id= restore_session_id= complete_wall_unix_ns=1786639897589395968 complete_monotonic_ns=39804786529 complete_thread_time_ns=28270000000 complete_process_time_ns=105770000000 complete_native_tid=2 wall_ms=725.031 thread_cpu_ms=550.0 process_cpu_ms=5110.0 majf=None minf=None inblock=None nvcsw=None nivcsw=None read_bytes=None rchar=None path_hash=4c78afa4b05fac11 file_size=335304388 st_dev=30 st_ino=87
[v2.active_read_diag] active_read_id=e489843d107448ba owner=graph_loader request_id= restore_session_id= path_hash=4c78afa4b05fac11 wall_ms=725.031 thread_cpu_ms=550.0 process_cpu_ms=5110.0 read_bytes=not_observed_in_this_thread rchar=not_observed_in_this_thread minor_faults=None major_faults=None context_switches=None/None counter_status=unsupported legacy_counter_status=unsupported thread_cpu_status=unsupported process_cpu_status=unsupported io_status=unsupported page_fault_status=unsupported block_input_status=unsupported context_switch_status=unsupported native_thread_id=2
[v2.startup_stage] stage=vae_snapshot_load event=end wall_unix_ns=1786639897637878946 monotonic_ns=39853271769 duration_ms=776.65
[v2.vae_snapshot] status=retained vae_identity=ae.safetensors object_type=VAE object_id=47544655674768 vae_policy_version=1 vae_weight_dtype=bfloat16 vae_compute_dtype=bfloat16_native vae_memory_format=contiguous vae_prefetch_mode=off c5_impl_version=1.0.0 storage_bytes=167639366 floating_parameter_count=244 mismatched_parameter_buffer_count=0
[v2.unet_runtime_state] stage=snapshot_created unet_identity=z_image_turbo_bf16.safetensors requested_weight_dtype=default effective_snapshot_weight_dtype=bfloat16 effective_snapshot_compute_dtype=bfloat16 effective_snapshot_manual_cast_dtype=none effective_weight_dtype=bfloat16 dtype_resolution_source=target_gpu_policy target_gpus=RTX-PRO-6000 state={"current_device":"cpu","diffusion_model_object_id":"47544409755152","diffusion_model_type":"NextDiT","effective_snapshot_compute_dtype":"bfloat16","effective_snapshot_manual_cast_dtype":"none","first_buffer_device":"absent","first_buffer_dtype":"absent","first_parameter_device":"cpu","first_parameter_dtype":"torch.bfloat16","forward_module":"NextDiT","forward_qualname":"NextDiT.forward","load_device":"cpu","loaded_models_member":"absent","manual_cast_dtype":"absent","model_dtype":"torch.bfloat16","model_loaded_weight_memory":"0","model_lowvram":"False","model_lowvram_patch_counter":"0","model_object_id":"47542752695312","model_options_keys":["transformer_options"],"model_type":"Lumina2","object_patch_count":0,"offload_device":"cpu","param_distribution":{"param_count":453,"param_dev_dtype_count":{"cpu|torch.bfloat16":453},"param_dev_dtype_numel":{"cpu|torch.bfloat16":6154908736},"param_distribution_hash":"96e377c80251860d5549077cedd369a544935a81bfbda9128343843e9dd54c80","total_param_numel":6154908736},"patch_count":0,"patcher_object_id":"47542221070288","patcher_type":"ModelPatcher","transformer_options_keys":[],"weight_dtype":"absent"}
[v2.host_memory] stage=restore_complete current_mib=absent peak_mib=absent limit_mib=absent process_rss_mib=24573.0 process_maxrss_mib=35719.3 oom_count=absent oom_kill_count=absent status=ok cgroup_path=absent cgroup_mount=absent
[v2.startup_stage] stage=cachedit_preparation event=start wall_unix_ns=1786639898171239545 monotonic_ns=40386632305
[cachedit.startup] preimport transformers version=4.55.2 path=/usr/local/lib/python3.11/site-packages/transformers/__init__.py
[cachedit.startup] preimport diffusers version=0.36.0 path=/usr/local/lib/python3.11/site-packages/diffusers/__init__.py
/usr/local/lib/python3.11/site-packages/diffusers/models/transformers/transformer_kandinsky.py:168: UserWarning: CUDA is not available or torch_xla is imported. Disabling autocast.
  @torch.autocast(device_type="cuda", dtype=torch.float32)
/usr/local/lib/python3.11/site-packages/diffusers/models/transformers/transformer_kandinsky.py:272: UserWarning: CUDA is not available or torch_xla is imported. Disabling autocast.
  @torch.autocast(device_type="cuda", dtype=torch.float32)
[cachedit.startup] preimport cache_dit version=1.2.3 path=/usr/local/lib/python3.11/site-packages/cache_dit/__init__.py
[cachedit.startup] cache_dit metadata={'__version__': '1.2.3', 'top_level_classes': ['BasicCacheConfig', 'BlockAdapter', 'CacheType', 'CalibratorConfig', 'DBCacheConfig', 'DBPruneConfig', 'FoCaCalibratorConfig', 'ForwardPattern', 'ParallelismBackend', 'ParallelismConfig', 'ParamsModifier', 'PatchFunctor', 'ProfilerContext', 'TaylorSeerCalibratorConfig']}
[v2.startup_stage] stage=cachedit_preparation event=end wall_unix_ns=1786639898649802373 monotonic_ns=40865195199 duration_ms=478.563
[cachedit.startup] preimport ok transformers=4.55.2 diffusers=0.36.0 cache_dit=1.2.3 cache_dit_info={'__version__': '1.2.3', 'top_level_classes': ['BasicCacheConfig', 'BlockAdapter', 'CacheType', 'CalibratorConfig', 'DBCacheConfig', 'DBPruneConfig', 'FoCaCalibratorConfig', 'ForwardPattern', 'ParallelismBackend', 'ParallelismConfig', 'ParamsModifier', 'PatchFunctor', 'ProfilerContext', 'TaylorSeerCalibratorConfig']}
[v2.snapshot_pools] stage=before_snapshot_capture legacy_threads_joined=0 legacy_worker_refs_removed=0 coordinator_closed=1 native_thread_count=46
[v2.snapshot_model_eviction_memory] stage=full_models_loaded vm_rss_mib=24598.703125 vm_hwm_mib=absent smaps_rss_mib=absent smaps_pss_mib=absent smaps_private_clean_mib=absent smaps_private_dirty_mib=absent smaps_shared_clean_mib=absent smaps_shared_dirty_mib=absent smaps_anonymous_mib=absent native_thread_count=46 torch_intraop_threads=12 torch_interop_threads=21 loaded_module_count=10465
[v2.snapshot_model_eviction_memory] stage=after_full_eviction vm_rss_mib=16317.9921875 vm_hwm_mib=absent smaps_rss_mib=absent smaps_pss_mib=absent smaps_private_clean_mib=absent smaps_private_dirty_mib=absent smaps_shared_clean_mib=absent smaps_shared_dirty_mib=absent smaps_anonymous_mib=absent native_thread_count=46 torch_intraop_threads=12 torch_interop_threads=21 loaded_module_count=10465
[v2.snapshot_model_eviction] stage=snapshot_pre_capture enabled=1 status=full_eviction_complete retain_role=clip_vae clip_original_id=47542761326800 unet_original_id=47542221070288 original_clip_alive_after_full_eviction=0 original_unet_alive_after_full_eviction=0 full_eviction_rss_drop_mib=8280.7 rss_before_mib=24598.703125 rss_after_eviction_mib=16317.9921875 malloc_trim_status=applied malloc_trim_result=1
[v2.runtime_shape] stage=snapshot_pre_capture runtime_shape_fingerprint=f504e296c398bdcb2c4c07e2 runtime_shape_label=None thread_policy=TBASE snapshot_model_order=O0 cpu_request=12 memory_request=32768 native_thread_count=46 configured_omp=None configured_mkl=None configured_openblas=None configured_numexpr=None malloc_arena_max=None native_library_settings={'OMP_NUM_THREADS': '12', 'MKL_NUM_THREADS': '12', 'OPENBLAS_NUM_THREADS': '12', 'NUMEXPR_NUM_THREADS': None, 'MALLOC_ARENA_MAX': None} torch_intraop_threads=12 torch_interop_threads=21 actual_torch_intraop_threads=12 actual_torch_interop_threads=21 requested_torch_intraop_threads=None requested_torch_interop_threads=None requested_vs_actual_match=True status=baseline_passthrough error= before={'torch_intraop_threads': 12, 'torch_interop_threads': 21}
[v2.startup_stage] stage=clip_snapshot_load event=start wall_unix_ns=1786639899434288506 monotonic_ns=41649681183
[active_read] registered owner=graph_loader key=/__modal/volumes/vo-QI6fCKykvocVkUBVGsuZgm/text_encoders/qwen_3_4b.safetensors active_read_id=13535889c6314bd4 restored_instance_id= restore_session_id= request_id= start_wall_unix_ns=1786639899437530624 start_monotonic_ns=41652922244 start_thread_time_ns=30020000000 start_process_time_ns=108180000000 native_tid=2 active_read_path_hash=18da7c5b6a0c3132 active_read_file_size=8044982048 active_read_st_dev=30 active_read_st_ino=85 active_read_governor_enabled=0 active_read_priority=80 active_read_size_bytes=8044982048 active_read_size_mb=7672.3 active_read_is_large=1 active_read_classification_source=file_size active_read_queue_enter_ms=0.0 active_read_queue_exit_ms=0.0 active_read_queue_wait_ms=0.0 active_read_large_slots_used_at_enter=0 active_read_large_slots_used_at_start=0 active_read_concurrent_large_reads_at_start=1 active_read_attached_existing_future=0 active_read_duplicate_prevented=0
[active_read] completed owner=graph_loader key=/__modal/volumes/vo-QI6fCKykvocVkUBVGsuZgm/text_encoders/qwen_3_4b.safetensors active_read_id=13535889c6314bd4 restored_instance_id= restore_session_id= complete_wall_unix_ns=1786639900094564096 complete_monotonic_ns=42309954860 complete_thread_time_ns=30650000000 complete_process_time_ns=115740000000 complete_native_tid=2 wall_ms=657.033 thread_cpu_ms=630.0 process_cpu_ms=7560.0 majf=None minf=None inblock=None nvcsw=None nivcsw=None read_bytes=None rchar=None path_hash=18da7c5b6a0c3132 file_size=8044982048 st_dev=30 st_ino=85
[v2.active_read_diag] active_read_id=13535889c6314bd4 owner=graph_loader request_id= restore_session_id= path_hash=18da7c5b6a0c3132 wall_ms=657.033 thread_cpu_ms=630.0 process_cpu_ms=7560.0 read_bytes=not_observed_in_this_thread rchar=not_observed_in_this_thread minor_faults=None major_faults=None context_switches=None/None counter_status=unsupported legacy_counter_status=unsupported thread_cpu_status=unsupported process_cpu_status=unsupported io_status=unsupported page_fault_status=unsupported block_input_status=unsupported context_switch_status=unsupported native_thread_id=2
[v2.startup_stage] stage=clip_snapshot_load event=end wall_unix_ns=1786639900838225072 monotonic_ns=43053618032 duration_ms=1403.937
[v2.startup_stage] stage=vae_snapshot_load event=start wall_unix_ns=1786639900838350351 monotonic_ns=43053742681
[active_read] registered owner=graph_loader key=/__modal/volumes/vo-QI6fCKykvocVkUBVGsuZgm/vae/ae.safetensors active_read_id=3ef6af37a7134211 restored_instance_id= restore_session_id= request_id= start_wall_unix_ns=1786639900841533952 start_monotonic_ns=43056925438 start_thread_time_ns=31360000000 start_process_time_ns=121170000000 native_tid=2 active_read_path_hash=4c78afa4b05fac11 active_read_file_size=335304388 active_read_st_dev=30 active_read_st_ino=87 active_read_governor_enabled=0 active_read_priority=40 active_read_size_bytes=335304388 active_read_size_mb=319.8 active_read_is_large=0 active_read_classification_source=file_size active_read_queue_enter_ms=0.0 active_read_queue_exit_ms=0.0 active_read_queue_wait_ms=0.0 active_read_large_slots_used_at_enter=0 active_read_large_slots_used_at_start=0 active_read_concurrent_large_reads_at_start=0 active_read_attached_existing_future=0 active_read_duplicate_prevented=0
[active_read] completed owner=graph_loader key=/__modal/volumes/vo-QI6fCKykvocVkUBVGsuZgm/vae/ae.safetensors active_read_id=3ef6af37a7134211 restored_instance_id= restore_session_id= complete_wall_unix_ns=1786639900880299008 complete_monotonic_ns=43095690383 complete_thread_time_ns=31400000000 complete_process_time_ns=121650000000 complete_native_tid=2 wall_ms=38.765 thread_cpu_ms=40.0 process_cpu_ms=480.0 majf=None minf=None inblock=None nvcsw=None nivcsw=None read_bytes=None rchar=None path_hash=4c78afa4b05fac11 file_size=335304388 st_dev=30 st_ino=87
[v2.active_read_diag] active_read_id=3ef6af37a7134211 owner=graph_loader request_id= restore_session_id= path_hash=4c78afa4b05fac11 wall_ms=38.765 thread_cpu_ms=40.0 process_cpu_ms=480.0 read_bytes=not_observed_in_this_thread rchar=not_observed_in_this_thread minor_faults=None major_faults=None context_switches=None/None counter_status=unsupported legacy_counter_status=unsupported thread_cpu_status=unsupported process_cpu_status=unsupported io_status=unsupported page_fault_status=unsupported block_input_status=unsupported context_switch_status=unsupported native_thread_id=2
[v2.startup_stage] stage=vae_snapshot_load event=end wall_unix_ns=1786639900907951884 monotonic_ns=43123344698 duration_ms=69.602
[v2.snapshot_model_eviction] stage=snapshot_pre_capture enabled=1 status=non_fatal_floor_failure retain_role=clip_vae floor=final_reduction threshold_mib=4096 actual_mib=-1714.7 actual_bytes=? selected_reload_rss_rise_mib=9995.4 final_reduction_from_full_mib=-1714.7 selected_storage_total_bytes=8380214928 after_full_eviction_rss_mib=16317.9921875 after_selected_reload_rss_mib=26313.3671875 full_models_rss_mib=24598.703125 malloc_trim_status=applied malloc_trim_result=1
[v2.snapshot_model_eviction_memory] stage=after_selected_reload vm_rss_mib=26313.3671875 vm_hwm_mib=absent smaps_rss_mib=absent smaps_pss_mib=absent smaps_private_clean_mib=absent smaps_private_dirty_mib=absent smaps_shared_clean_mib=absent smaps_shared_dirty_mib=absent smaps_anonymous_mib=absent native_thread_count=46 torch_intraop_threads=12 torch_interop_threads=21 loaded_module_count=10465
[v2.snapshot_model_eviction] stage=snapshot_pre_capture enabled=1 status=ready floor_failures=1 floor_failures_details=final_reduction=-1714.7 retain_role=clip_vae retained_model_present=0 retained_model_id=47542760099984 retained_model_type=CLIP retained_weakref_alive=1 original_clip_alive_after_full_eviction=0 original_unet_alive_after_full_eviction=0 original_vae_alive_after_full_eviction=0 reloaded_model_present=0 reloaded_model_id=47542760099984 reloaded_model_is_new_object=1 clip_original_id=47542761326800 unet_original_id=47542221070288 vae_original_id=47544655674768 container_retained=1 normal_cpu_snapshot_models_present=1 clip_present=1 vae_present=1 unet_present=0 full_eviction_rss_drop_mib=8280.7 selected_reload_rss_rise_mib=9995.4 final_reduction_from_full_mib=-1714.7 selected_storage_count=399 selected_storage_total_bytes=8380214928 selected_storage_total_mib=7991.996 full_models_rss_mib=24598.703125 after_full_eviction_rss_mib=16317.9921875 after_selected_reload_rss_mib=26313.3671875 bridge_active_preparation=0 bridge_active_preparation_before_clear=0 snapshot_loader_output_count=0 snapshot_seed_present=0 native_threads=46 torch_intraop=12 torch_interop=21 patcher_cleanup_count=3 patcher_detach_count=3 patcher_cleanup_errors=0 malloc_trim_status=applied malloc_trim_result=1
[v2.startup_stage] stage=vae_preparation event=start wall_unix_ns=1786639900959772063 monotonic_ns=43175164645 status=skipped reason=vae_not_part_of_cpu_snapshot
[v2.startup_stage] stage=vae_preparation event=end wall_unix_ns=1786639900960076544 monotonic_ns=43175468873 status=skipped reason=vae_not_part_of_cpu_snapshot duration_ms=0.0
[restore_memory_arm] freeze stored source=nvidia-smi vram_mib=97887 gpu_name='NVIDIA RTX PRO 6000 Blackwell Server Edition'
[restore_memory_arm] freeze status=ok path=/mnt/comfymodal_runtime_state/gpu_capacity_frozen.json gpu_name=NVIDIA RTX PRO 6000 Blackwell Server Edition vram_mib=97887 file_written=1
[v2.startup_stage] stage=snapshot_startup_callback event=return wall_unix_ns=1786639900996825936 monotonic_ns=43212218245 status=ready
[v2.lifecycle] method=startup snap=True container_session=da9ca5ba1e6247bd restore_total_ms=37919.975 status=ready
Snapshot created. Restoring Function from memory snapshot.
Restoring Function from memory snapshot.
[v2.startup_stage] stage=post_snapshot_restore event=start wall_unix_ns=1786639924586346255 monotonic_ns=66802439470
[v2.snapshot_timing] snapshot_callback_age_at_restore_ms=23590.331 snapshot_callback_to_command_start_ms=unavailable command_start_to_restore_start_ms=unavailable request_latency_included=0 source=snapshot_callback_return_to_restore_start
[v2.snapshot_model_eviction] stage=restore_observed marker=1 cpu_snapshot_models_present=1 clip_present=1 unet_present=0 retained_role=clip_vae retained_model_id=0 retained_model_type= rss_after_restore_mib=11487.7421875 native_thread_count=46 torch_intraop=12 torch_interop=21 wall_unix_ns=1786639924626858930
[v2.snapshot_model_eviction] stage=restore_release_retained retain_role=clip_vae status=container_retained container_present=1 clip_present=1 vae_present=1 unet_present=0 retained_slot_release=0 retained_model_id=0 retained_alive_after_release=0 rss_before_release_mib=absent rss_after_gc_mib=absent rss_after_trim_mib=absent rss_drop_mib=absent malloc_trim_status=absent malloc_trim_result=absent restore_release_start_wall_unix_ns=1786639924627010834 restore_release_end_wall_unix_ns=1786639924627010834 wall_unix_ns=1786639924627010834
[v2.residency_config] enabled=0
[v2.host_memory] stage=restore_start current_mib=absent peak_mib=absent limit_mib=absent process_rss_mib=11771.5 process_maxrss_mib=35719.3 oom_count=absent oom_kill_count=absent status=ok cgroup_path=absent cgroup_mount=absent
[v2.runtime_shape] stage=after_restore runtime_shape_fingerprint=f504e296c398bdcb2c4c07e2 runtime_shape_label=None thread_policy=TBASE snapshot_model_order=O0 cpu_request=12 memory_request=32768 native_thread_count=47 configured_omp=None configured_mkl=None configured_openblas=None configured_numexpr=None malloc_arena_max=None native_library_settings={'OMP_NUM_THREADS': '12', 'MKL_NUM_THREADS': '12', 'OPENBLAS_NUM_THREADS': '12', 'NUMEXPR_NUM_THREADS': None, 'MALLOC_ARENA_MAX': None} torch_intraop_threads=12 torch_interop_threads=21 actual_torch_intraop_threads=12 actual_torch_interop_threads=21 requested_torch_intraop_threads=None requested_torch_interop_threads=None requested_vs_actual_match=True status=baseline_passthrough error=
[v2.experiment] restore_memory arm=optimized source=snapshot_frozen vram_mib=97887
[v2.restore_memory_arm] requested=optimized frozen_capacity_path=/mnt/comfymodal_runtime_state/gpu_capacity_frozen.json frozen_capacity_present=1 effective=optimized fallback=none frozen_capacity_used=1
[v2.opt.gpu_state] total_memory_ms=frozen:97887
[v2.experiment] experiment=restore_memory arm=optimized implementation_version=1 selector=deployment source=env settings={"total_vram_frozen":true}
[comfyapp] gpu_state restored vram=97887MB ram=511186MB vram_state=VRAMState.HIGH_VRAM in 4.9ms
[restore.cuda_context] available=1 device_index=0 device=NVIDIA RTX PRO 6000 Blackwell Server Edition sync_ms=241.762 total_ms=482.463
[v2.sage_restore] decision=snapshot_exact_skip discovery_called=0 verify_ms=0.074
[v2.custom_node_restore] decision=snapshot_exact_skip callback_called=0 source=persisted_record check_ms=1.94
[v2.startup_stage] stage=snapshot_execution_seed event=start wall_unix_ns=1786639926363256855 monotonic_ns=68578649719
[v2.seed_restore] source=startup_minimal schema=2 topology_available=0 workflow_hash= loader_signatures=0
[v2.startup_stage] stage=snapshot_execution_seed event=end wall_unix_ns=1786639926365510664 monotonic_ns=68580903136 duration_ms=2.253
[v2.generation_identity] method=restore custom_nodes_generation='3a3dd320b3584664fc162e88…' raw_empty=false source=persisted_record runtime_state_generation='' api_object_id=47539441365712 deployment_combined_hash=0b992e39c3e4379d
[v2.prefill_config] env=critical parsed=critical cpu_snapshot_container_active=0 native_fast_disk_unet_execution_active=0
[v2.restore_breakdown] bootstrap_ms=1645.51 unet_cache_patch_ms=None clip_prepare_submit_ms=None clip_worker_wait_ms=None unet_spec_extract_ms=None bg_unet_submit_ms=None restore_finalize_ms=0.088
[v2.restore_deep] identity_capture_ms=0.143 configure_runtime_ms=0.04 torch_thread_apply_ms=0.743 host_memory_probe_ms=21.161 teardown_diag_setup_ms=0.068 bootstrap_restore_ms=1645.568 preload_bridge_prep_ms=0.069 restore_finalize_ms=1.392 residual_ms=71.198
[v2.clip_stages] worker_queue_ms=None load_torch_file_ms=None read_to_ready_ms=None post_read_cpu_prepare_ms=None gpu_wait_ms=None gpu_commit_ms=None read_end_to_ready_ms=None worker_total_ms=None worker_close_wait_ms=None restore_finalization_ms=0.088
[v2.restoration_identity] restored_instance_id=ce95c82b9114473e953e909da238cc48 restore_session_id=e2c75f35aef04c8189f54e1ac59396c7 container_session_id=da9ca5ba1e6247bd modal_task_id=ta-01KZY0H7166G5EMYHHP8XCJE3R modal_image_id=im-T1FKWR5Cgiy6TJdSwUPnGZ modal_cloud=CLOUD_PROVIDER_AWS modal_region=eu-south-2 pid=2 hostname=modal restore_total_ms=1740.382 remote_python_resume_wall_unix_ns=1786639924586195456 restore_method_start_wall_unix_ns=1786639924586195456 restore_method_end_wall_unix_ns=1786639926367632128 modal_method_entry_wall_unix_ns=absent restore_status=success restore_method_status=success 
[v2.lifecycle] method=restore snap=False container_session=da9ca5ba1e6247bd restore_count=1 restore_total_ms=1740.382 remote_python_resume_wall_unix_ns=1786639924586195456 restore_method_start_wall_unix_ns=1786639924586195456 restore_method_end_wall_unix_ns=1786639926367632128 modal_method_entry_wall_unix_ns=absent restore_status=success restore_method_status=success status=restored
[v2.host_memory] stage=restore_complete current_mib=absent peak_mib=absent limit_mib=absent process_rss_mib=13569.1 process_maxrss_mib=35719.3 oom_count=absent oom_kill_count=absent status=ok cgroup_path=absent cgroup_mount=absent
[v2.gpu_allocation] cuda_version=13.0 gpu_actual_name=NVIDIA RTX PRO 6000 Blackwell Server Edition gpu_compute_capability=12.0 gpu_requested_order=RTX-PRO-6000 gpu_vram_total_mib=97250 torch_version=2.13.0+cu130
[v2.startup_stage] stage=post_snapshot_restore event=end wall_unix_ns=1786639926370929026 monotonic_ns=68586321408 duration_ms=1783.882
[v2.clip_conditioning_cache] event=mode flag=COMFYMODAL_V2_CLIP_CONDITIONING_CACHE enabled=1 root=/root/prompt_cache_vol/exact_conditioning max_entries=64 max_bytes=536870912
