[v2.startup_stage] stage=first_prompt_executor_invocation event=start wall_unix_ns=1786645142087996179 monotonic_ns=125541380639
[v2.gpu_load_boundary] event=load_models_gpu_start request_id=absent restored_instance_id=17461306864d4a42a49342d42b49bf43 restore_session_id=99067b110f9e48939a76a67396d06394 roles=modelpatcher model_count=1 contains_registered_unet=0 caller_classification=not_observed gpu_allocated_before=0 gpu_reserved_before=0
[v2.gpu_load_boundary] event=load_models_gpu_end request_id=absent restored_instance_id=17461306864d4a42a49342d42b49bf43 restore_session_id=99067b110f9e48939a76a67396d06394 roles=modelpatcher model_count=1 caller_classification=not_observed wall_ms=1.946 gpu_allocated_after=0 gpu_allocated_delta_bytes=0
[active_read] completed owner=graph_loader key=/__modal/volumes/vo-QI6fCKykvocVkUBVGsuZgm/diffusion_models/z_image_turbo_bf16.s active_read_id=97ad4bc5d6614aec restored_instance_id=17461306864d4a42 restore_session_id=99067b110f9e48939a76a67396d06394 complete_wall_unix_ns=1786645143303459072 complete_monotonic_ns=126756842094 complete_thread_time_ns=920000000 complete_process_time_ns=122420000000 complete_native_tid=79 wall_ms=1234.416 thread_cpu_ms=920.0 process_cpu_ms=1750.0 majf=None minf=None inblock=None nvcsw=None nivcsw=None read_bytes=None rchar=None path_hash=8d2256b3cff6bbd2 file_size=12309866400 st_dev=30 st_ino=111
[v2.active_read_diag] active_read_id=97ad4bc5d6614aec owner=graph_loader request_id= restore_session_id=99067b110f9e48939a76a67396d06394 path_hash=8d2256b3cff6bbd2 wall_ms=1234.416 thread_cpu_ms=920.0 process_cpu_ms=1750.0 read_bytes=not_observed_in_this_thread rchar=not_observed_in_this_thread minor_faults=None major_faults=None context_switches=None/None counter_status=unsupported legacy_counter_status=unsupported thread_cpu_status=unsupported process_cpu_status=unsupported io_status=unsupported page_fault_status=unsupported block_input_status=unsupported context_switch_status=unsupported native_thread_id=79
[v2.native_fast_disk_unet] decision=defer reason=ok stage=to patcher_class=comfy.model_patcher.ModelPatcher patcher_dynamic=0 param_count=453 parameter_bytes=12309817472 dtype_distribution={'torch.bfloat16': 453} device_distribution={'cpu': 453} cpu_params=453 cpu_buffers=1 get_model_ms=366.538 ctor_ms=12.498 bind_ms=None to_wall_ms=None to_device_ms=None to_device_ms_label=unavailable
[v2.vae_early_activation] event=mode mode=sampling_end env_raw=sampling_end restored_instance_id=17461306864d4a42a49342d42b49bf43 restore_session_id=99067b110f9e48939a76a67396d06394
[v2.native_fast_disk_unet] decision=complete reason=ok stage=load_model_weights patcher_class=comfy.model_patcher.ModelPatcher patcher_dynamic=0 param_count=453 parameter_bytes=12309817472 dtype_distribution={'torch.bfloat16': 453} device_distribution={'cuda': 453} cpu_params=0 cpu_buffers=0 get_model_ms=366.538 ctor_ms=12.498 bind_ms=71.287 to_wall_ms=2249.064 to_device_ms=2249.087 to_device_ms_label=synchronized_device
[v2.unet_runtime_state] stage=normal_loader_ready unet_identity=z_image_turbo_bf16.safetensors requested_weight_dtype=default effective_weight_dtype=default state={"current_device":"cuda:0","diffusion_model_object_id":"47499329163280","diffusion_model_type":"NextDiT","first_buffer_device":"absent","first_buffer_dtype":"absent","first_parameter_device":"cuda:0","first_parameter_dtype":"torch.bfloat16","forward_module":"NextDiT","forward_qualname":"NextDiT.forward","load_device":"cuda:0","loaded_models_member":"0","manual_cast_dtype":"absent","model_dtype":"torch.bfloat16","model_loaded_weight_memory":"0","model_lowvram":"False","model_lowvram_patch_counter":"0","model_object_id":"47497346786128","model_options_keys":["transformer_options"],"model_type":"Lumina2","object_patch_count":0,"offload_device":"cuda:0","patch_count":0,"patcher_object_id":"47498021171216","patcher_type":"ModelPatcher","transformer_options_keys":["wrappers"],"weight_dtype":"absent"}
[v2.clip_conditioning_cache] decision=miss_stored key_hash=6e551ac81a1ef1bef5754e320439a93779e79c765d0754a36cd2b39752f0e928 identity_status=valid encode_calls=1 encode_loop_wall_ms=8802.958 cache_store_wall_ms=87.217 cache_store_calls=1 store_diagnostics={'store_calls': 1, 'store_failed': 0, 'key_build_digest_ms': 0.322, 'serialization_ms': 85.944, 'materialize_ms': 80.96799999999999, 'checksum_ms': 3.0140000000000002, 'serialized_payload_bytes': 2900184, 'enqueue_ms': 0.787, 'lock_wait_ms': 0.0, 'total_ms': 87.157, 'measured_children_ms': 87.063, 'residual_ms': 0.094, 'store_reason': '', 'materialize_bytes': 2900184, 'enqueued': 1, 'persisted': 0, 'persist_failed': 0, 'commit_failed': 0, 'queue_depth': 1, 'queue_deduped': 0, 'queue_full_dropped': 0, 'batch_size': 0, 'batch_count': 0, 'persistence_queue_wait_ms': 0.0, 'file_write_ms': 0.0, 'manifest_ms': 0.0, 'reload_ms': 0.0, 'commit_ms': 0.0, 'unindexed_files_removed': 0, 'last_flush_ms': 0.0, 'last_flush_status': '', 'flush_count': 0, 'fallback_sync_stores': 0} schema_version=1 validation_scope=clip_model_workflow_custom_nodes_schema_format_side_conditioning_inputs enqueued=1 persisted=0 persist_failed=0 entries=1 request_id=v2-benchmark-0-9af883a16da7
[v2.conditioning_exact_hit_breakdown] request_id=v2-benchmark-0-9af883a16da7 decision=miss_stored lookup_wall_ms=0.853 total_ms=0.644 key_build_ms=0.16299999999999998 lock_wait_ms=0.001 manifest_read_ms=0.0 manifest_bytes=0 manifest_entries=19 entry_lookup_ms=0.011 header_bytes=0 data_bytes=0 lru_touch_ms=0.0 lru_touch_mode=sync opt=1 children_ms=0.175 residual_ms=0.469 prefetch_requested=1 prefetch_wall_ms=208.837 prefetch_overlap_ms=0.0 prefetch_source=manifest_only manifest_memory_hit=1 payload_memory_hit=0 normal_lookup_fallback=0 prefetch_reason=key_build_partial:weight_dtype prefetch_join_ms=0.016 prefetch_join_timeout=0 prefetch_reload=skipped_first
[v2.cpu_owner] operation=CLIPTextEncode role=CLIP wall_ms=7143.141 process_cpu_ms=5790.000 effective_cores=0.811 native_threads_start=52 native_threads_peak=53 native_threads_end=53
standard
WARNING:root:[FeatureInjLatent] Reference latent: shape=torch.Size([1, 16, 240, 136])
[v2.sampler_boundary] event=sampler_lane_requested sampler_node_id=1242 sampler_node_class=ClownsharKSampler_Beta blocking_owner=absent
[v2.sampler_boundary] event=sampler_lane_acquired sampler_node_id=1242 sampler_node_class=ClownsharKSampler_Beta wait_ms=0.088 blocking_owner=absent
[CacheDiT] Transformer class: NextDiT (module: comfy.ldm.lumina.model)
[v2.gpu_load_boundary] event=load_models_gpu_start request_id=v2-benchmark-0-9af883a16da7 restored_instance_id=17461306864d4a42a49342d42b49bf43 restore_session_id=99067b110f9e48939a76a67396d06394 roles=UNET model_count=1 contains_registered_unet=1 caller_classification=graph_model_loading gpu_allocated_before=12450349056 gpu_reserved_before=12895387648
[v2.gpu_load_boundary] event=load_models_gpu_end request_id=v2-benchmark-0-9af883a16da7 restored_instance_id=17461306864d4a42a49342d42b49bf43 restore_session_id=99067b110f9e48939a76a67396d06394 roles=UNET model_count=1 caller_classification=graph_model_loading wall_ms=84.737 gpu_allocated_after=12450353152 gpu_allocated_delta_bytes=4096
[v2.cpu_owner] operation=load_models_gpu role=other wall_ms=86.629 process_cpu_ms=190.000 effective_cores=2.193 native_threads_start=53 native_threads_peak=54 native_threads_end=53
[v2.unet_identity_chain] check=stage_pair stage_a=bridge stage_b=sampler request_id=v2-benchmark-0-9af883a16da7 patcher_a_object_id=47498021171216 diffusion_a_object_id=47499329163280 patcher_b_object_id=47497359839760 diffusion_b_object_id=47499329163280 ok=1 reason=ok
[v2.unet_gpu_residency] sampler_wrapper_before_sample request_id=v2-benchmark-0-9af883a16da7 enforce=0 status=gpu_resident unet_object_id=47497359839760 parameter_count=453 gpu_parameter_count=453 cpu_parameter_count=0 meta_parameter_count=0 unknown_parameter_count=0 gpu_parameter_fraction=1.0 load_device=cuda:0 current_device=absent diffusion_model_current_device=absent model_cache_size=2 unet_in_model_cache=1 gpu_allocated_bytes=12454531072 gpu_reserved_bytes=12681478144
[v2.sampler_stall_watchdog] stage=armed request_id=v2-benchmark-0-9af883a16da7 restored_instance_id=17461306864d4a42a49342d42b49bf43 sampler_node_id=1242 sampler_class=ClownsharKSampler_Beta patcher_object_id=47497359839760 diffusion_model_object_id=47499329163280 unet_object_id=47497359839760 first_forward_timeout_s=5.0 first_step_timeout_s=15.0
[v2.sampler_boundary] event=sampling_start request_id=v2-benchmark-0-9af883a16da7 restored_instance_id=17461306864d4a42a49342d42b49bf43 node_id=1242 node_class=ClownsharKSampler_Beta steps=8 patcher_object_id=47497359839760 diffusion_model_object_id=47499329163280 diffusion_model_device=absent diffusion_model_current_device=absent gpu_allocated_bytes=12454531072 gpu_reserved_bytes=12681478144
(RES4LYF) rk_type: res_2s

[v2.unet_forward_boundary] event=first_unet_forward request_id=v2-benchmark-0-9af883a16da7 diffusion_model_object_id=47499329163280 patcher_object_id=47498021171216 model_object_id=47497346786128 x_device=cuda:0 x_dtype=torch.bfloat16 elapsed_ms=148.648
[v2.sampler_parity] UNET weight_dtype=torch.bfloat16 UNET compute_dtype=torch.bfloat16 manual_cast_dtype=None CacheDiT target=NextDiT CacheDiT attachment_count=1 CacheDiT fallback=0
[1A  0%|          | 0/8 [00:00<?, ?it/s]WARNING:root:[FeatureInjLatent] step=1 | progress=0.00 | eff_str=0.250 | no mask
WARNING:root:[FeatureInjLatent] step=2 | progress=0.01 | eff_str=0.214 | no mask
[v2.sampler_boundary] event=first_sampler_step request_id=v2-benchmark-0-9af883a16da7 restored_instance_id=17461306864d4a42a49342d42b49bf43 node_id=1242 node_class=ClownsharKSampler_Beta steps=8 patcher_object_id=47497359839760 diffusion_model_object_id=47499329163280 diffusion_model_device=absent diffusion_model_current_device=absent gpu_allocated_bytes=12454531072 gpu_reserved_bytes=12681478144

[1A 12%|█▎        | 1/8 [00:01<00:07,  1.11s/it]WARNING:root:[FeatureInjLatent] step=3 | progress=0.03 | eff_str=0.178 | no mask

[1A 25%|██▌       | 2/8 [00:02<00:05,  1.00it/s]
[1A 38%|███▊      | 3/8 [00:02<00:03,  1.31it/s]
[1A 50%|█████     | 4/8 [00:02<00:02,  1.54it/s]
[1A 62%|██████▎   | 5/8 [00:03<00:01,  1.70it/s]
[1A 75%|███████▌  | 6/8 [00:03<00:01,  1.84it/s]
[1A 88%|████████▊ | 7/8 [00:04<00:00,  1.94it/s]
[1A100%|██████████| 8/8 [00:04<00:00,  2.02it/s]100%|██████████| 8/8 [00:04<00:00,  1.65it/s]
[v2.sampler_boundary] event=sampling_end request_id=v2-benchmark-0-9af883a16da7 restored_instance_id=17461306864d4a42a49342d42b49bf43 node_id=1242 node_class=ClownsharKSampler_Beta steps=8 patcher_object_id=47497359839760 diffusion_model_object_id=47499329163280 diffusion_model_device=absent diffusion_model_current_device=absent gpu_allocated_bytes=12454531072 gpu_reserved_bytes=12681478144 duration_ms=4880.829
[v2.vae_early_activation] event=scheduled request_id=v2-benchmark-0-9af883a16da7 mode=sampling_end trigger=sampling_end key_hash=b47113af54e0a0923bee6bfd source=snapshot_vae vae_identity_hash=dd8f11d04333e24d vae_policy_version=1 vae_weight_dtype=bfloat16 vae_compute_dtype=bfloat16_native vae_memory_format=contiguous vae_prefetch_mode=off c5_impl_version=1.0.0 torch=2.13.0+cu130 cuda=13.0 arch=sm_75;sm_80;sm_86;sm_90;sm_100;sm_120 restored_instance_id=17461306864d4a42a49342d42b49bf43 restore_session_id=99067b110f9e48939a76a67396d06394
[v2.vae_early_activation] event=load_start request_id=v2-benchmark-0-9af883a16da7 mode=sampling_end key_hash=b47113af54e0a0923bee6bfd source=snapshot_vae vae_object_id=47497091327056 vae_patcher_object_id=47499329022352
[v2.gpu_load_boundary] event=load_models_gpu_start request_id=absent restored_instance_id=17461306864d4a42a49342d42b49bf43 restore_session_id=99067b110f9e48939a76a67396d06394 roles=modelpatcher model_count=1 contains_registered_unet=0 caller_classification=restore_vae_preparation gpu_allocated_before=12490109440 gpu_reserved_before=14820573184
[v2.gpu_load_boundary] event=load_models_gpu_end request_id=absent restored_instance_id=17461306864d4a42a49342d42b49bf43 restore_session_id=99067b110f9e48939a76a67396d06394 roles=modelpatcher model_count=1 caller_classification=restore_vae_preparation wall_ms=1147.755 gpu_allocated_after=12666656768 gpu_allocated_delta_bytes=176547328
[v2.vae_early_activation] event=terminal request_id=v2-benchmark-0-9af883a16da7 mode=sampling_end key_hash=b47113af54e0a0923bee6bfd status=ready reason=ok error=absent transfer_count=1 vae_policy_version=1 vae_weight_dtype=bfloat16 vae_compute_dtype=bfloat16_native vae_memory_format=contiguous vae_prefetch_mode=off c5_impl_version=1.0.0 source=snapshot_vae
[v2.vae_early_activation] event=consumed request_id=v2-benchmark-0-9af883a16da7 mode=sampling_end key_hash=b47113af54e0a0923bee6bfd join_wait_ms=47.773 status=ready source=snapshot_vae
[v2.gpu_load_boundary] event=load_models_gpu_start request_id=v2-benchmark-0-9af883a16da7 restored_instance_id=17461306864d4a42a49342d42b49bf43 restore_session_id=99067b110f9e48939a76a67396d06394 roles=modelpatcher model_count=1 contains_registered_unet=0 caller_classification=graph_model_loading gpu_allocated_before=12666656768 gpu_reserved_before=12788432896
[v2.gpu_load_boundary] event=load_models_gpu_end request_id=v2-benchmark-0-9af883a16da7 restored_instance_id=17461306864d4a42a49342d42b49bf43 restore_session_id=99067b110f9e48939a76a67396d06394 roles=modelpatcher model_count=1 caller_classification=graph_model_loading wall_ms=38.787 gpu_allocated_after=12666656768 gpu_allocated_delta_bytes=0
[production.rgthree.encode] side=b (B-only) shape=(1, 1920, 1088, 3) dtype=torch.uint8
[v2.opt.output_encode] total_ms=161.75 png_compress_ms=150.65 gpu_to_cpu_ms=0.012
[production.rgthree] node_id=107 a_count=0 b_count=1 encoded_unique=1 logical_outputs=1 return_a=0 temp_files_written=0 encode_ms=170.5
[v2.startup_stage] stage=first_prompt_executor_invocation event=end wall_unix_ns=1786645157866044806 monotonic_ns=141319429334 duration_ms=15778.049
[v2.prompt_executor_breakdown] request_id=v2-benchmark-0-9af883a16da7 exec_to_cached_ms=1440.750 dynamic_prompt_ms=0.007 is_changed_ms=0.358 signature_keys_ms=1438.285 seed_apply_ms=absent clean_unused_ms=0.046 cache_gather_ms=0.071 cleanup_gc_ms=3.122 residual_ms=-1.139 c2f_cached_to_first_node_ms=216.109 c2f_topo_walk_ms=215.976 c2f_stage_ms=1.606 c2f_first_node_prefix_ms=0.125 c2f_residual_ms=-1.598 signature_cache_requested=1 signature_cache_eligible=1 signature_cache_hit=0 signature_cache_source=none signature_cache_key_hash=a63a99ec9c8a90410aa5eadac4edf9e2efbd4e89a15246511bd5b8c8d589260f signature_cache_fallback=no_entry signature_reuse_ms=absent
[v2.pre_sampler_stages] request_id=v2-benchmark-0-9af883a16da7 restored_instance_id=17461306864d4a42a49342d42b49bf43 restore_session_id=99067b110f9e48939a76a67396d06394 container_session_id=9a6f59d01e3049e2 modal_input_id=in-01KZY5J5R5GJ95SDWJY19RZVY4:1786645124869-0 modal_task_id=ta-01KZY5J6ZWQAZ59BHSNAEWK30R pid=2 boot_id=62f8e918-17a1-4723-9473-0e57b8ca48e3 hostname=modal total_nodes=43 first_output_node=107:ComfyModalProductionImageComparerOutput first_executing_node=987:Any Switch (rgthree) sampler_stage_status=sampler_active method_entry_to_graph_start_ms=234.119 graph_setup_ms=234.408 certificate_ms=0.0 cert_identity_build_ms=0.0 cert_cache_hit=0 cert_volume_reload_ms=0.0 cert_file_read_ms=0.0 cert_json_parse_validate_ms=0.0 cert_total_ms=0.0 legacy_preflight_ms=0.0 prompt_validation_ms=0.0 certificate_skipped_preflight=1 certificate_skipped_prompt_validation=1 preflight_ms=0.0 validation_ms=0.0 missing_node_repair_ms=0.129 production_registry_setup_ms=0.032 production_registry_profile_setup_ms=0.032 pregraph_setup_ms=0.508 executor_reset_ms=0.18 sampler_lane_wait_ms=0.067 residual_before_invoke_ms=0.177 method_entry_to_runtime_configuration_ms=234.071 call_to_exec_start_ms=0.471 exec_start_to_cached_ms=1440.75 cached_to_first_executing_ms=216.109 call_to_cached_ms=1441.221 call_to_first_node_ms=1657.33 first_node_to_clip_ms=4.981 clip_to_sampler_node_ms=7332.866 sampler_node_to_sampler_start_ms=160.408 sampler_node_to_lane_acquired_ms=0.118 lane_acquired_to_actual_stage_ms=160.29 pre_sampler_total_ms=9624.094 measured_children_ms=9156.289 residual_ms=467.805 reconciliation_status=ok add_message=True send_sync=True has_sampler=True sampler_count=1 lane_acquired=True
[v2.opt.output_delivery] hash_ms=1.611 descriptor_ms=None
[v2.opt.output_delivery] hash_ms=1.611 descriptor_ms=0.027
[v2.startup_stage] stage=first_durable_result event=ready wall_unix_ns=1786645157878040730 monotonic_ns=141331425257 output_persisted=1
[v2.output] hashes=1 base64_encode=0 base64_decode=0 commit_ms=0.0 commit_status=skipped overlap_ms=0.0 serialized_bytes=2209
[v2.activation_diagnosis] request_id=v2-benchmark-0-9af883a16da7 cpu_snapshot_container_active=True execution_prefill_scheduled=True residency_diagnostics_enabled=0 clip_encode_calls=1 clip_encode_graph_calls=0 clip_encode_prefill_calls=1 clip_encode_wall_ms=8711.227 clip_encode_graph_wall_ms=0 clip_encode_prefill_wall_ms=8711.227 clip_encode_process_cpu_ms=8000.0 load_models_gpu_calls=2 unet_gpu_load_calls=1 load_models_gpu_wall_ms=123.524 activation_receipt_count=4 gpu_allocated_delta_bytes=4096 cpu_peak_cores=absent cpu_above_16_ms=absent cpu_above_19_ms=absent cpu_longest_above_19_ms=absent cpu_overlap_graph_clip_ms=absent cpu_overlap_prefill_clip_ms=absent cpu_overlap_gpu_load_ms=absent clip_to_sampler_node_ms=7332.866 sampler_node_to_sampler_start_ms=160.408 diagnostic_accounted_ms=absent diagnostic_unattributed_ms=absent restore_requested_torch_intraop_threads=absent restore_actual_torch_intraop_threads=12 restore_torch_interop_threads=14 restore_torch_thread_limit_status=baseline_passthrough
[v2.process_cpu_spike] status=ok peak_effective_cores=5.707 duration_above_16_ms=0.000 duration_above_19_ms=0.000 longest_above_19_ms=0.000 sample_count=286
[v2.critical_path] python_resume_to_restore_enter_ms=0.0 restore_total_ms=2211.497 restore_exit_to_run_enter_ms=37.645 run_enter_to_plan_received_ms=196.578 plan_received_to_executor_invoke_ms=271.931 executor_invoke_to_first_node_ms=1657.22 first_node_to_sampler_node_ms=7337.805 sampler_node_to_sampler_start_ms=160.408 pre_sampler_unattributed_ms=absent
[v2.cgroup_cpu_spike] source=process_cpu_fallback peak_effective_cores=5.750 interval_count=0
V2 COLD WATERFALL - REMOTE/PARTIAL (awaiting host reconciliation) request=v2-benchmark-0-9af883a16da7 status=PENDING_HOST_RECONCILIATION missing=missing_submission,missing_modal_restore_begin,missing_local_result_receipt
Pending host reconciliation: command start -> Python resume = 32194.095 ms - classification = scheduling + pre-Python restore (unresolved platform interval)
