[v2.plan_proof.registry] workflow_class_count=31 host_proved_count=31 snapshot_proved_count=31 missing_host=0 missing_snapshot=0 identity_mismatch=0 workflow_registry_match=1 reason=
[v2.plan_proof] parity proof_present=1 proof_complete=1 proof_valid=1 dep_match=1 gen_match=1 wf_reg_match=1 reg_full_match=0 dep_proof_match=1 eligible=1 reason=ok consumed=False
[v2.exec] res4lyf_dummy_init_disabled=1 reported_injected=1 actual_injected=1
[preflight.model_reads] restore_preload_active=0 selected_clip=/root/comfy/ComfyUI/models/text_encoders/qwen_3_4b.safetensors
[active_read] registered owner=graph_loader key=/__modal/volumes/vo-QI6fCKykvocVkUBVGsuZgm/diffusion_models/z_image_turbo_bf16.s active_read_id=baf96feed8344942 restored_instance_id=3d2cd2f1184f4f87a54c33569cc12efb restore_session_id=59aff150abf1446fb225cbc32c5ce66e request_id= start_wall_unix_ns=1786644062048316672 start_monotonic_ns=164671154297 start_thread_time_ns=0 start_process_time_ns=132430000000 native_tid=79 active_read_path_hash=8d2256b3cff6bbd2 active_read_file_size=12309866400 active_read_st_dev=30 active_read_st_ino=110 active_read_governor_enabled=0 active_read_priority=100 active_read_size_bytes=12309866400 active_read_size_mb=11739.6 active_read_is_large=1 active_read_classification_source=file_size active_read_queue_enter_ms=0.0 active_read_queue_exit_ms=0.0 active_read_queue_wait_ms=0.0 active_read_large_slots_used_at_enter=0 active_read_large_slots_used_at_start=0 active_read_concurrent_large_reads_at_start=1 active_read_attached_existing_future=0 active_read_duplicate_prevented=0
[v2.clip_conditioning_cache] decision=miss key_hash=4a2fe606d687743c7153b921c78e445a2bff4dd71945a263bffde30b293e87f1 identity_status=valid schema_version=1 validation_scope=clip_model_workflow_custom_nodes_schema_format_side_conditioning_inputs hit_count=0 miss_count=1 entries=1 lookup_wall_ms=164.613 request_id=v2-benchmark-0-960f116fd2cd
[v2.unet_early_activation] event=mode mode=late env_raw=late restored_instance_id=3d2cd2f1184f4f87a54c33569cc12efb restore_session_id=59aff150abf1446fb225cbc32c5ce66e
[v2.generation_identity] custom_nodes_generation='c101c4ce329651d35d35ee82…' raw_empty=false source=persisted_record runtime_state_generation='' api_object_id=47303422866128 deployment_combined_hash=0c08cbe6f071c1a3
[v2.plan_proof] decision=plan_validation_fast_path consumed=1 workflow_hash_match=1 validation_hash_match=1 plan_complete=1 snapshot_complete=1 snapshot_valid=1 dep_match=1 gen_match=1 wf_reg_match=1 dependency_match=1 repair_changed=0 outputs_nonempty=1 eligible=1
[v2.startup_stage] stage=first_prompt_executor_invocation event=start wall_unix_ns=1786644062222642777 monotonic_ns=164845481331
[v2.gpu_load_boundary] event=load_models_gpu_start request_id=absent restored_instance_id=3d2cd2f1184f4f87a54c33569cc12efb restore_session_id=59aff150abf1446fb225cbc32c5ce66e roles=modelpatcher model_count=1 contains_registered_unet=0 caller_classification=not_observed gpu_allocated_before=0 gpu_reserved_before=0
[v2.gpu_load_boundary] event=load_models_gpu_end request_id=absent restored_instance_id=3d2cd2f1184f4f87a54c33569cc12efb restore_session_id=59aff150abf1446fb225cbc32c5ce66e roles=modelpatcher model_count=1 caller_classification=not_observed wall_ms=1.172 gpu_allocated_after=0 gpu_allocated_delta_bytes=0
[active_read] completed owner=graph_loader key=/__modal/volumes/vo-QI6fCKykvocVkUBVGsuZgm/diffusion_models/z_image_turbo_bf16.s active_read_id=baf96feed8344942 restored_instance_id=3d2cd2f1184f4f87 restore_session_id=59aff150abf1446fb225cbc32c5ce66e complete_wall_unix_ns=1786644064403260160 complete_monotonic_ns=167026097197 complete_thread_time_ns=1460000000 complete_process_time_ns=136990000000 complete_native_tid=79 wall_ms=2354.943 thread_cpu_ms=1460.0 process_cpu_ms=4560.0 majf=None minf=None inblock=None nvcsw=None nivcsw=None read_bytes=None rchar=None path_hash=8d2256b3cff6bbd2 file_size=12309866400 st_dev=30 st_ino=110
[v2.active_read_diag] active_read_id=baf96feed8344942 owner=graph_loader request_id= restore_session_id=59aff150abf1446fb225cbc32c5ce66e path_hash=8d2256b3cff6bbd2 wall_ms=2354.943 thread_cpu_ms=1460.0 process_cpu_ms=4560.0 read_bytes=not_observed_in_this_thread rchar=not_observed_in_this_thread minor_faults=None major_faults=None context_switches=None/None counter_status=unsupported legacy_counter_status=unsupported thread_cpu_status=unsupported process_cpu_status=unsupported io_status=unsupported page_fault_status=unsupported block_input_status=unsupported context_switch_status=unsupported native_thread_id=79
[v2.native_fast_disk_unet] decision=defer reason=ok stage=to patcher_class=comfy.model_patcher.ModelPatcher patcher_dynamic=0 param_count=453 parameter_bytes=12309817472 dtype_distribution={'torch.bfloat16': 453} device_distribution={'cpu': 453} cpu_params=453 cpu_buffers=1 get_model_ms=321.087 ctor_ms=0.514 bind_ms=None to_wall_ms=None to_device_ms=None to_device_ms_label=unavailable
[v2.vae_early_activation] event=mode mode=sampling_end env_raw=sampling_end restored_instance_id=3d2cd2f1184f4f87a54c33569cc12efb restore_session_id=59aff150abf1446fb225cbc32c5ce66e
[v2.native_fast_disk_unet] decision=complete reason=ok stage=load_model_weights patcher_class=comfy.model_patcher.ModelPatcher patcher_dynamic=0 param_count=453 parameter_bytes=12309817472 dtype_distribution={'torch.bfloat16': 453} device_distribution={'cuda': 453} cpu_params=0 cpu_buffers=0 get_model_ms=321.087 ctor_ms=0.514 bind_ms=53.004 to_wall_ms=2170.66 to_device_ms=2171.461 to_device_ms_label=synchronized_device
[v2.unet_runtime_state] stage=normal_loader_ready unet_identity=z_image_turbo_bf16.safetensors requested_weight_dtype=default effective_weight_dtype=default state={"current_device":"cuda:0","diffusion_model_object_id":"47307222534736","diffusion_model_type":"NextDiT","first_buffer_device":"absent","first_buffer_dtype":"absent","first_parameter_device":"cuda:0","first_parameter_dtype":"torch.bfloat16","forward_module":"NextDiT","forward_qualname":"NextDiT.forward","load_device":"cuda:0","loaded_models_member":"0","manual_cast_dtype":"absent","model_dtype":"torch.bfloat16","model_loaded_weight_memory":"0","model_lowvram":"False","model_lowvram_patch_counter":"0","model_object_id":"47307222474448","model_options_keys":["transformer_options"],"model_type":"Lumina2","object_patch_count":0,"offload_device":"cuda:0","patch_count":0,"patcher_object_id":"47307855094032","patcher_type":"ModelPatcher","transformer_options_keys":["wrappers"],"weight_dtype":"absent"}
[v2.clip_conditioning_cache] decision=miss_stored key_hash=4a2fe606d687743c7153b921c78e445a2bff4dd71945a263bffde30b293e87f1 identity_status=valid encode_calls=1 encode_loop_wall_ms=15267.593 cache_store_wall_ms=8.184 cache_store_calls=1 store_diagnostics={'store_calls': 1, 'store_failed': 0, 'key_build_digest_ms': 0.28, 'serialization_ms': 7.151, 'materialize_ms': 3.679, 'checksum_ms': 2.903, 'serialized_payload_bytes': 2900184, 'enqueue_ms': 0.478, 'lock_wait_ms': 0.0, 'total_ms': 8.153, 'measured_children_ms': 7.913, 'residual_ms': 0.24, 'store_reason': '', 'materialize_bytes': 2900184, 'enqueued': 1, 'persisted': 0, 'persist_failed': 0, 'commit_failed': 0, 'queue_depth': 1, 'queue_deduped': 0, 'queue_full_dropped': 0, 'batch_size': 0, 'batch_count': 0, 'persistence_queue_wait_ms': 0.0, 'file_write_ms': 0.0, 'manifest_ms': 0.0, 'reload_ms': 0.0, 'commit_ms': 0.0, 'unindexed_files_removed': 0, 'last_flush_ms': 0.0, 'last_flush_status': '', 'flush_count': 0, 'fallback_sync_stores': 0} schema_version=1 validation_scope=clip_model_workflow_custom_nodes_schema_format_side_conditioning_inputs enqueued=1 persisted=0 persist_failed=0 entries=1 request_id=v2-benchmark-0-960f116fd2cd
[v2.conditioning_exact_hit_breakdown] request_id=v2-benchmark-0-960f116fd2cd decision=miss_stored lookup_wall_ms=164.613 total_ms=164.374 key_build_ms=0.175 lock_wait_ms=0.001 manifest_read_ms=164.13 manifest_bytes=2849 manifest_entries=18 entry_lookup_ms=0.021 header_bytes=0 data_bytes=0 lru_touch_ms=0.0 lru_touch_mode=sync opt=1 children_ms=164.327 residual_ms=0.047 prefetch_requested=1 prefetch_wall_ms=0.0 prefetch_overlap_ms=0.0 prefetch_source=manifest_only manifest_memory_hit=0 payload_memory_hit=0 normal_lookup_fallback=0 prefetch_reason=key_build_partial:weight_dtype
[v2.cpu_owner] operation=CLIPTextEncode role=CLIP wall_ms=12713.100 process_cpu_ms=4700.000 effective_cores=0.370 native_threads_start=52 native_threads_peak=53 native_threads_end=53
standard
WARNING:root:[FeatureInjLatent] Reference latent: shape=torch.Size([1, 16, 240, 136])
[v2.sampler_boundary] event=sampler_lane_requested sampler_node_id=1242 sampler_node_class=ClownsharKSampler_Beta blocking_owner=absent
[v2.sampler_boundary] event=sampler_lane_acquired sampler_node_id=1242 sampler_node_class=ClownsharKSampler_Beta wait_ms=0.069 blocking_owner=absent
[CacheDiT] Transformer class: NextDiT (module: comfy.ldm.lumina.model)
[v2.gpu_load_boundary] event=load_models_gpu_start request_id=v2-benchmark-0-960f116fd2cd restored_instance_id=3d2cd2f1184f4f87a54c33569cc12efb restore_session_id=59aff150abf1446fb225cbc32c5ce66e roles=UNET model_count=1 contains_registered_unet=1 caller_classification=graph_model_loading gpu_allocated_before=12450349056 gpu_reserved_before=12895387648
[v2.gpu_load_boundary] event=load_models_gpu_end request_id=v2-benchmark-0-960f116fd2cd restored_instance_id=3d2cd2f1184f4f87a54c33569cc12efb restore_session_id=59aff150abf1446fb225cbc32c5ce66e roles=UNET model_count=1 caller_classification=graph_model_loading wall_ms=77.031 gpu_allocated_after=12450353152 gpu_allocated_delta_bytes=4096
[v2.cpu_owner] operation=load_models_gpu role=other wall_ms=78.158 process_cpu_ms=70.000 effective_cores=0.896 native_threads_start=53 native_threads_peak=54 native_threads_end=53
[v2.unet_identity_chain] check=stage_pair stage_a=bridge stage_b=sampler request_id=v2-benchmark-0-960f116fd2cd patcher_a_object_id=47307855094032 diffusion_a_object_id=47307222534736 patcher_b_object_id=47306859814416 diffusion_b_object_id=47307222534736 ok=1 reason=ok
[v2.unet_gpu_residency] sampler_wrapper_before_sample request_id=v2-benchmark-0-960f116fd2cd enforce=0 status=gpu_resident unet_object_id=47306859814416 parameter_count=453 gpu_parameter_count=453 cpu_parameter_count=0 meta_parameter_count=0 unknown_parameter_count=0 gpu_parameter_fraction=1.0 load_device=cuda:0 current_device=absent diffusion_model_current_device=absent model_cache_size=2 unet_in_model_cache=1 gpu_allocated_bytes=12454531072 gpu_reserved_bytes=12681478144
[v2.sampler_stall_watchdog] stage=armed request_id=v2-benchmark-0-960f116fd2cd restored_instance_id=3d2cd2f1184f4f87a54c33569cc12efb sampler_node_id=1242 sampler_class=ClownsharKSampler_Beta patcher_object_id=47306859814416 diffusion_model_object_id=47307222534736 unet_object_id=47306859814416 first_forward_timeout_s=5.0 first_step_timeout_s=15.0
[v2.sampler_boundary] event=sampling_start request_id=v2-benchmark-0-960f116fd2cd restored_instance_id=3d2cd2f1184f4f87a54c33569cc12efb node_id=1242 node_class=ClownsharKSampler_Beta steps=8 patcher_object_id=47306859814416 diffusion_model_object_id=47307222534736 diffusion_model_device=absent diffusion_model_current_device=absent gpu_allocated_bytes=12454531072 gpu_reserved_bytes=12681478144
(RES4LYF) rk_type: res_2s

[v2.unet_forward_boundary] event=first_unet_forward request_id=v2-benchmark-0-960f116fd2cd diffusion_model_object_id=47307222534736 patcher_object_id=47307855094032 model_object_id=47307222474448 x_device=cuda:0 x_dtype=torch.bfloat16 elapsed_ms=124.194
[v2.sampler_parity] UNET weight_dtype=torch.bfloat16 UNET compute_dtype=torch.bfloat16 manual_cast_dtype=None CacheDiT target=NextDiT CacheDiT attachment_count=1 CacheDiT fallback=0
[1A  0%|          | 0/8 [00:00<?, ?it/s]WARNING:root:[FeatureInjLatent] step=1 | progress=0.00 | eff_str=0.250 | no mask
WARNING:root:[FeatureInjLatent] step=2 | progress=0.01 | eff_str=0.214 | no mask
[v2.sampler_boundary] event=first_sampler_step request_id=v2-benchmark-0-960f116fd2cd restored_instance_id=3d2cd2f1184f4f87a54c33569cc12efb node_id=1242 node_class=ClownsharKSampler_Beta steps=8 patcher_object_id=47306859814416 diffusion_model_object_id=47307222534736 diffusion_model_device=absent diffusion_model_current_device=absent gpu_allocated_bytes=12454531072 gpu_reserved_bytes=12681478144

[1A 12%|█▎        | 1/8 [00:01<00:07,  1.07s/it]WARNING:root:[FeatureInjLatent] step=3 | progress=0.03 | eff_str=0.178 | no mask

[1A 25%|██▌       | 2/8 [00:01<00:05,  1.03it/s]
[1A 38%|███▊      | 3/8 [00:02<00:03,  1.35it/s]
[1A 50%|█████     | 4/8 [00:02<00:02,  1.58it/s]
[1A 62%|██████▎   | 5/8 [00:03<00:01,  1.75it/s]
[1A 75%|███████▌  | 6/8 [00:03<00:01,  1.88it/s]
[1A 88%|████████▊ | 7/8 [00:04<00:00,  1.98it/s]
[1A100%|██████████| 8/8 [00:04<00:00,  2.04it/s]100%|██████████| 8/8 [00:04<00:00,  1.69it/s]
[v2.sampler_boundary] event=sampling_end request_id=v2-benchmark-0-960f116fd2cd restored_instance_id=3d2cd2f1184f4f87a54c33569cc12efb node_id=1242 node_class=ClownsharKSampler_Beta steps=8 patcher_object_id=47306859814416 diffusion_model_object_id=47307222534736 diffusion_model_device=absent diffusion_model_current_device=absent gpu_allocated_bytes=12454531072 gpu_reserved_bytes=12681478144 duration_ms=4758.871
[v2.vae_early_activation] event=scheduled request_id=v2-benchmark-0-960f116fd2cd mode=sampling_end trigger=sampling_end key_hash=ff9c24e8d0d3872b55070e54 source=snapshot_vae vae_identity_hash=dd8f11d04333e24d vae_policy_version=1 vae_weight_dtype=bfloat16 vae_compute_dtype=bfloat16_native vae_memory_format=contiguous vae_prefetch_mode=off c5_impl_version=1.0.0 torch=2.13.0+cu130 cuda=13.0 arch=sm_75;sm_80;sm_86;sm_90;sm_100;sm_120 restored_instance_id=3d2cd2f1184f4f87a54c33569cc12efb restore_session_id=59aff150abf1446fb225cbc32c5ce66e
[v2.vae_early_activation] event=load_start request_id=v2-benchmark-0-960f116fd2cd mode=sampling_end key_hash=ff9c24e8d0d3872b55070e54 source=snapshot_vae vae_object_id=47306730973840 vae_patcher_object_id=47307854939664
[v2.gpu_load_boundary] event=load_models_gpu_start request_id=absent restored_instance_id=3d2cd2f1184f4f87a54c33569cc12efb restore_session_id=59aff150abf1446fb225cbc32c5ce66e roles=modelpatcher model_count=1 contains_registered_unet=0 caller_classification=restore_vae_preparation gpu_allocated_before=12490109440 gpu_reserved_before=14820573184
[v2.gpu_load_boundary] event=load_models_gpu_end request_id=absent restored_instance_id=3d2cd2f1184f4f87a54c33569cc12efb restore_session_id=59aff150abf1446fb225cbc32c5ce66e roles=modelpatcher model_count=1 caller_classification=restore_vae_preparation wall_ms=901.447 gpu_allocated_after=12666656768 gpu_allocated_delta_bytes=176547328
[v2.vae_early_activation] event=terminal request_id=v2-benchmark-0-960f116fd2cd mode=sampling_end key_hash=ff9c24e8d0d3872b55070e54 status=ready reason=ok error=absent transfer_count=1 vae_policy_version=1 vae_weight_dtype=bfloat16 vae_compute_dtype=bfloat16_native vae_memory_format=contiguous vae_prefetch_mode=off c5_impl_version=1.0.0 source=snapshot_vae
[v2.vae_early_activation] event=consumed request_id=v2-benchmark-0-960f116fd2cd mode=sampling_end key_hash=ff9c24e8d0d3872b55070e54 join_wait_ms=42.915 status=ready source=snapshot_vae
[v2.gpu_load_boundary] event=load_models_gpu_start request_id=v2-benchmark-0-960f116fd2cd restored_instance_id=3d2cd2f1184f4f87a54c33569cc12efb restore_session_id=59aff150abf1446fb225cbc32c5ce66e roles=modelpatcher model_count=1 contains_registered_unet=0 caller_classification=graph_model_loading gpu_allocated_before=12666656768 gpu_reserved_before=12788432896
[v2.gpu_load_boundary] event=load_models_gpu_end request_id=v2-benchmark-0-960f116fd2cd restored_instance_id=3d2cd2f1184f4f87a54c33569cc12efb restore_session_id=59aff150abf1446fb225cbc32c5ce66e roles=modelpatcher model_count=1 caller_classification=graph_model_loading wall_ms=108.484 gpu_allocated_after=12666656768 gpu_allocated_delta_bytes=0
[production.rgthree.encode] side=b (B-only) shape=(1, 1920, 1088, 3) dtype=torch.uint8
[v2.opt.output_encode] total_ms=171.97 png_compress_ms=143.926 gpu_to_cpu_ms=0.009
[production.rgthree] node_id=107 a_count=0 b_count=1 encoded_unique=1 logical_outputs=1 return_a=0 temp_files_written=0 encode_ms=174.2
[v2.startup_stage] stage=first_prompt_executor_invocation event=end wall_unix_ns=1786644084540331845 monotonic_ns=187163170441 duration_ms=22317.689
[v2.prompt_executor_breakdown] request_id=v2-benchmark-0-960f116fd2cd exec_to_cached_ms=2384.868 dynamic_prompt_ms=0.003 is_changed_ms=0.325 signature_keys_ms=2382.289 seed_apply_ms=absent clean_unused_ms=0.046 cache_gather_ms=0.077 cleanup_gc_ms=16.337 residual_ms=-14.209 c2f_cached_to_first_node_ms=164.379 c2f_topo_walk_ms=164.127 c2f_stage_ms=1.305 c2f_first_node_prefix_ms=0.200 c2f_residual_ms=-1.253 signature_cache_requested=1 signature_cache_eligible=1 signature_cache_hit=0 signature_cache_source=none signature_cache_key_hash=3fb06bde958cf38d8e7dcece07c8db27b611c644c03a32458502a17156582e60 signature_cache_fallback=no_entry signature_reuse_ms=absent
[v2.pre_sampler_stages] request_id=v2-benchmark-0-960f116fd2cd restored_instance_id=3d2cd2f1184f4f87a54c33569cc12efb restore_session_id=59aff150abf1446fb225cbc32c5ce66e container_session_id=4b773544c20d4dc0 modal_input_id=in-01KZY4GB6NBAW5S66VS0BF8JTT:1786644016341-0 modal_task_id=ta-01KZY4GF921VEWVPEQZHMS2PBR pid=2 boot_id=7e8bf847-60c1-4a70-a30d-51f2ab853f5b hostname=modal total_nodes=43 first_output_node=107:ComfyModalProductionImageComparerOutput first_executing_node=987:Any Switch (rgthree) sampler_stage_status=sampler_active method_entry_to_graph_start_ms=277.827 graph_setup_ms=189.747 certificate_ms=0.0 cert_identity_build_ms=0.0 cert_cache_hit=0 cert_volume_reload_ms=0.0 cert_file_read_ms=0.0 cert_json_parse_validate_ms=0.0 cert_total_ms=0.0 legacy_preflight_ms=0.0 prompt_validation_ms=0.0 certificate_skipped_preflight=1 certificate_skipped_prompt_validation=1 preflight_ms=0.0 validation_ms=0.0 missing_node_repair_ms=0.092 production_registry_setup_ms=0.038 production_registry_profile_setup_ms=0.038 pregraph_setup_ms=0.511 executor_reset_ms=0.212 sampler_lane_wait_ms=0.052 residual_before_invoke_ms=0.168 method_entry_to_runtime_configuration_ms=277.779 call_to_exec_start_ms=1.118 exec_start_to_cached_ms=2384.868 cached_to_first_executing_ms=164.379 call_to_cached_ms=2385.986 call_to_first_node_ms=2550.365 first_node_to_clip_ms=3.752 clip_to_sampler_node_ms=12813.793 sampler_node_to_sampler_start_ms=135.183 sampler_node_to_lane_acquired_ms=0.09 lane_acquired_to_actual_stage_ms=135.093 pre_sampler_total_ms=15970.657 measured_children_ms=15503.748 residual_ms=466.909 reconciliation_status=ok add_message=True send_sync=True has_sampler=True sampler_count=1 lane_acquired=True
[v2.opt.output_delivery] hash_ms=1.577 descriptor_ms=None
[v2.opt.output_delivery] hash_ms=1.577 descriptor_ms=0.025
[v2.startup_stage] stage=first_durable_result event=ready wall_unix_ns=1786644084550130731 monotonic_ns=187172969318 output_persisted=1
[v2.output] hashes=1 base64_encode=0 base64_decode=0 commit_ms=0.0 commit_status=skipped overlap_ms=0.0 serialized_bytes=2214
[v2.activation_diagnosis] request_id=v2-benchmark-0-960f116fd2cd cpu_snapshot_container_active=True execution_prefill_scheduled=True residency_diagnostics_enabled=0 clip_encode_calls=1 clip_encode_graph_calls=0 clip_encode_prefill_calls=1 clip_encode_wall_ms=15256.298 clip_encode_graph_wall_ms=0 clip_encode_prefill_wall_ms=15256.298 clip_encode_process_cpu_ms=8990.0 load_models_gpu_calls=2 unet_gpu_load_calls=1 load_models_gpu_wall_ms=185.515 activation_receipt_count=4 gpu_allocated_delta_bytes=4096 cpu_peak_cores=absent cpu_above_16_ms=absent cpu_above_19_ms=absent cpu_longest_above_19_ms=absent cpu_overlap_graph_clip_ms=absent cpu_overlap_prefill_clip_ms=absent cpu_overlap_gpu_load_ms=absent clip_to_sampler_node_ms=12813.793 sampler_node_to_sampler_start_ms=135.183 diagnostic_accounted_ms=absent diagnostic_unattributed_ms=absent restore_requested_torch_intraop_threads=absent restore_actual_torch_intraop_threads=12 restore_torch_interop_threads=14 restore_torch_thread_limit_status=baseline_passthrough
[v2.process_cpu_spike] status=ok peak_effective_cores=7.244 duration_above_16_ms=0.000 duration_above_19_ms=0.000 longest_above_19_ms=0.000 sample_count=400
[v2.critical_path] python_resume_to_restore_enter_ms=0.0 restore_total_ms=2193.499 restore_exit_to_run_enter_ms=42.506 run_enter_to_plan_received_ms=233.153 plan_received_to_executor_invoke_ms=234.41 executor_invoke_to_first_node_ms=2550.18 first_node_to_sampler_node_ms=12817.614 sampler_node_to_sampler_start_ms=135.183 pre_sampler_unattributed_ms=absent
[v2.cgroup_cpu_spike] source=process_cpu_fallback peak_effective_cores=7.225 interval_count=0
V2 COLD WATERFALL - REMOTE/PARTIAL (awaiting host reconciliation) request=v2-benchmark-0-960f116fd2cd status=PENDING_HOST_RECONCILIATION missing=missing_submission,missing_modal_restore_begin,missing_local_result_receipt
Pending host reconciliation: command start -> Python resume = 61079.614 ms - classification = scheduling + pre-Python restore (unresolved platform interval)
