[v2.execution_unet] scheduled=1 snapshot_unet_absent=1 request_id=v2-benchmark-0-78cf6fa76ce8
[v2.plan_proof] schema=1 payload=yes validated=True outputs=2 out_ids=107,935:931 wf_hash=2e43d4c0ba3b82c0 recomputed=2e43d4c0ba3b82c0 match=True dep_complete=True consumed=False cert_decision=legacy
[v2.plan_proof.registry] workflow_class_count=31 host_proved_count=31 snapshot_proved_count=31 missing_host=0 missing_snapshot=0 identity_mismatch=0 workflow_registry_match=1 reason=
[v2.plan_proof] parity proof_present=1 proof_complete=1 proof_valid=1 dep_match=1 gen_match=1 wf_reg_match=1 reg_full_match=0 dep_proof_match=1 eligible=1 reason=ok consumed=False
[v2.exec] res4lyf_dummy_init_disabled=1 reported_injected=1 actual_injected=1
[preflight.model_reads] restore_preload_active=0 selected_clip=/root/comfy/ComfyUI/models/text_encoders/qwen_3_4b.safetensors
[active_read] registered owner=graph_loader key=/__modal/volumes/vo-QI6fCKykvocVkUBVGsuZgm/diffusion_models/z_image_turbo_bf16.s active_read_id=8c175a2878df49e2 restored_instance_id=c56fb8f55c2b49b98eafa316b620bba6 restore_session_id=7c9dd3818ca6473f9cc02a2220a1f540 request_id= start_wall_unix_ns=1786644210166564608 start_monotonic_ns=312789402615 start_thread_time_ns=10000000 start_process_time_ns=152660000000 native_tid=79 active_read_path_hash=8d2256b3cff6bbd2 active_read_file_size=12309866400 active_read_st_dev=30 active_read_st_ino=110 active_read_governor_enabled=0 active_read_priority=100 active_read_size_bytes=12309866400 active_read_size_mb=11739.6 active_read_is_large=1 active_read_classification_source=file_size active_read_queue_enter_ms=0.0 active_read_queue_exit_ms=0.0 active_read_queue_wait_ms=0.0 active_read_large_slots_used_at_enter=0 active_read_large_slots_used_at_start=0 active_read_concurrent_large_reads_at_start=1 active_read_attached_existing_future=0 active_read_duplicate_prevented=0
[v2.generation_identity] custom_nodes_generation='c101c4ce329651d35d35ee82…' raw_empty=false source=persisted_record runtime_state_generation='' api_object_id=47303422866128 deployment_combined_hash=0c08cbe6f071c1a3
[v2.plan_proof] decision=plan_validation_fast_path consumed=1 workflow_hash_match=1 validation_hash_match=1 plan_complete=1 snapshot_complete=1 snapshot_valid=1 dep_match=1 gen_match=1 wf_reg_match=1 dependency_match=1 repair_changed=0 outputs_nonempty=1 eligible=1
[v2.startup_stage] stage=first_prompt_executor_invocation event=start wall_unix_ns=1786644210425778634 monotonic_ns=313048617308
[v2.unet_early_activation] event=mode mode=late env_raw=late restored_instance_id=c56fb8f55c2b49b98eafa316b620bba6 restore_session_id=7c9dd3818ca6473f9cc02a2220a1f540
[v2.unet_early_activation] event=skipped request_id=v2-benchmark-0-78cf6fa76ce8 mode=late trigger=conditioning_cache_hit reason=cpu_snapshot_mode_inactive eligible=0
[v2.clip_conditioning_cache] decision=exact_hit key_hash=4a2fe606d687743c7153b921c78e445a2bff4dd71945a263bffde30b293e87f1 identity_status=valid encode_calls=0 schema_version=1 validation_scope=clip_model_workflow_custom_nodes_schema_format_side_conditioning_inputs entries=1 request_id=v2-benchmark-0-78cf6fa76ce8
[v2.conditioning_exact_hit_breakdown] request_id=v2-benchmark-0-78cf6fa76ce8 decision=exact_hit lookup_wall_ms=696.2 total_ms=695.979 key_build_ms=0.15700000000000003 lock_wait_ms=0.001 manifest_read_ms=265.471 manifest_bytes=3004 manifest_entries=19 entry_lookup_ms=391.331 header_bytes=3752 data_bytes=2900184 lru_touch_ms=38.931 lru_touch_mode=sync opt=1 children_ms=695.891 residual_ms=0.088 entry_header_open_read_ms=293.054 entry_header_parse_ms=0.203 entry_header_validate_ms=0.216 entry_data_open_read_ms=79.867 entry_deserialize_ms=16.719 deser_payload_sha_ms=5.071 deser_tensor_sha_ms=5.2219999999999995 deser_tensor_rebuild_ms=5.446 deser_materialize_ms=11.612 deser_tensor_count=2 deser_tensors_bytes=2900184 hit_read_bytes=2903936 hit_read_mbps=4.172 prefetch_requested=1 prefetch_wall_ms=0.0 prefetch_overlap_ms=0.0 prefetch_source=none manifest_memory_hit=0 payload_memory_hit=0 normal_lookup_fallback=0 prefetch_reason=running
[active_read] completed owner=graph_loader key=/__modal/volumes/vo-QI6fCKykvocVkUBVGsuZgm/diffusion_models/z_image_turbo_bf16.s active_read_id=8c175a2878df49e2 restored_instance_id=c56fb8f55c2b49b9 restore_session_id=7c9dd3818ca6473f9cc02a2220a1f540 complete_wall_unix_ns=1786644211629371392 complete_monotonic_ns=314252208602 complete_thread_time_ns=1350000000 complete_process_time_ns=156560000000 complete_native_tid=79 wall_ms=1462.806 thread_cpu_ms=1340.0 process_cpu_ms=3900.0 majf=None minf=None inblock=None nvcsw=None nivcsw=None read_bytes=None rchar=None path_hash=8d2256b3cff6bbd2 file_size=12309866400 st_dev=30 st_ino=110
[v2.active_read_diag] active_read_id=8c175a2878df49e2 owner=graph_loader request_id= restore_session_id=7c9dd3818ca6473f9cc02a2220a1f540 path_hash=8d2256b3cff6bbd2 wall_ms=1462.806 thread_cpu_ms=1340.0 process_cpu_ms=3900.0 read_bytes=not_observed_in_this_thread rchar=not_observed_in_this_thread minor_faults=None major_faults=None context_switches=None/None counter_status=unsupported legacy_counter_status=unsupported thread_cpu_status=unsupported process_cpu_status=unsupported io_status=unsupported page_fault_status=unsupported block_input_status=unsupported context_switch_status=unsupported native_thread_id=79
[v2.vae_early_activation] event=mode mode=sampling_end env_raw=sampling_end restored_instance_id=c56fb8f55c2b49b98eafa316b620bba6 restore_session_id=7c9dd3818ca6473f9cc02a2220a1f540
[v2.cpu_owner] operation=CLIPTextEncode role=CLIP wall_ms=1.787 process_cpu_ms=30.000 effective_cores=16.786 native_threads_start=53 native_threads_peak=54 native_threads_end=53
[v2.native_fast_disk_unet] decision=defer reason=ok stage=to patcher_class=comfy.model_patcher.ModelPatcher patcher_dynamic=0 param_count=453 parameter_bytes=12309817472 dtype_distribution={'torch.bfloat16': 453} device_distribution={'cpu': 453} cpu_params=453 cpu_buffers=1 get_model_ms=201.869 ctor_ms=0.286 bind_ms=None to_wall_ms=None to_device_ms=None to_device_ms_label=unavailable
[v2.native_fast_disk_unet] decision=complete reason=ok stage=load_model_weights patcher_class=comfy.model_patcher.ModelPatcher patcher_dynamic=0 param_count=453 parameter_bytes=12309817472 dtype_distribution={'torch.bfloat16': 453} device_distribution={'cuda': 453} cpu_params=0 cpu_buffers=0 get_model_ms=201.869 ctor_ms=0.286 bind_ms=64.453 to_wall_ms=2014.309 to_device_ms=2014.351 to_device_ms_label=synchronized_device
[v2.unet_runtime_state] stage=normal_loader_ready unet_identity=z_image_turbo_bf16.safetensors requested_weight_dtype=default effective_weight_dtype=default state={"current_device":"cuda:0","diffusion_model_object_id":"47307222676560","diffusion_model_type":"NextDiT","first_buffer_device":"absent","first_buffer_dtype":"absent","first_parameter_device":"cuda:0","first_parameter_dtype":"torch.bfloat16","forward_module":"NextDiT","forward_qualname":"NextDiT.forward","load_device":"cuda:0","loaded_models_member":"0","manual_cast_dtype":"absent","model_dtype":"torch.bfloat16","model_loaded_weight_memory":"0","model_lowvram":"False","model_lowvram_patch_counter":"0","model_object_id":"47307222474448","model_options_keys":["transformer_options"],"model_type":"Lumina2","object_patch_count":0,"offload_device":"cuda:0","patch_count":0,"patcher_object_id":"47306858085840","patcher_type":"ModelPatcher","transformer_options_keys":["wrappers"],"weight_dtype":"absent"}
standard
WARNING:root:[FeatureInjLatent] Reference latent: shape=torch.Size([1, 16, 240, 136])
[v2.sampler_boundary] event=sampler_lane_requested sampler_node_id=1242 sampler_node_class=ClownsharKSampler_Beta blocking_owner=absent
[v2.sampler_boundary] event=sampler_lane_acquired sampler_node_id=1242 sampler_node_class=ClownsharKSampler_Beta wait_ms=0.076 blocking_owner=absent
[CacheDiT] Transformer class: NextDiT (module: comfy.ldm.lumina.model)
[v2.gpu_load_boundary] event=load_models_gpu_start request_id=v2-benchmark-0-78cf6fa76ce8 restored_instance_id=c56fb8f55c2b49b98eafa316b620bba6 restore_session_id=7c9dd3818ca6473f9cc02a2220a1f540 roles=UNET model_count=1 contains_registered_unet=1 caller_classification=graph_model_loading gpu_allocated_before=12416794624 gpu_reserved_before=12624855040
[v2.gpu_load_boundary] event=load_models_gpu_end request_id=v2-benchmark-0-78cf6fa76ce8 restored_instance_id=c56fb8f55c2b49b98eafa316b620bba6 restore_session_id=7c9dd3818ca6473f9cc02a2220a1f540 roles=UNET model_count=1 caller_classification=graph_model_loading wall_ms=62.191 gpu_allocated_after=12416798720 gpu_allocated_delta_bytes=4096
[v2.cpu_owner] operation=load_models_gpu role=other wall_ms=63.292 process_cpu_ms=80.000 effective_cores=1.264 native_threads_start=52 native_threads_peak=53 native_threads_end=52
[v2.unet_identity_chain] check=stage_pair stage_a=bridge stage_b=sampler request_id=v2-benchmark-0-78cf6fa76ce8 patcher_a_object_id=47306858085840 diffusion_a_object_id=47307222676560 patcher_b_object_id=47307222429648 diffusion_b_object_id=47307222676560 ok=1 reason=ok
[v2.unet_gpu_residency] sampler_wrapper_before_sample request_id=v2-benchmark-0-78cf6fa76ce8 enforce=0 status=gpu_resident unet_object_id=47307222429648 parameter_count=453 gpu_parameter_count=453 cpu_parameter_count=0 meta_parameter_count=0 unknown_parameter_count=0 gpu_parameter_fraction=1.0 load_device=cuda:0 current_device=absent diffusion_model_current_device=absent model_cache_size=2 unet_in_model_cache=1 gpu_allocated_bytes=12420976640 gpu_reserved_bytes=12626952192
[v2.sampler_stall_watchdog] stage=armed request_id=v2-benchmark-0-78cf6fa76ce8 restored_instance_id=c56fb8f55c2b49b98eafa316b620bba6 sampler_node_id=1242 sampler_class=ClownsharKSampler_Beta patcher_object_id=47307222429648 diffusion_model_object_id=47307222676560 unet_object_id=47307222429648 first_forward_timeout_s=5.0 first_step_timeout_s=15.0
[v2.sampler_boundary] event=sampling_start request_id=v2-benchmark-0-78cf6fa76ce8 restored_instance_id=c56fb8f55c2b49b98eafa316b620bba6 node_id=1242 node_class=ClownsharKSampler_Beta steps=8 patcher_object_id=47307222429648 diffusion_model_object_id=47307222676560 diffusion_model_device=absent diffusion_model_current_device=absent gpu_allocated_bytes=12420976640 gpu_reserved_bytes=12626952192
(RES4LYF) rk_type: res_2s

[v2.unet_forward_boundary] event=first_unet_forward request_id=v2-benchmark-0-78cf6fa76ce8 diffusion_model_object_id=47307222676560 patcher_object_id=47306858085840 model_object_id=47307222474448 x_device=cuda:0 x_dtype=torch.bfloat16 elapsed_ms=138.788
[v2.sampler_parity] UNET weight_dtype=torch.bfloat16 UNET compute_dtype=torch.bfloat16 manual_cast_dtype=None CacheDiT target=NextDiT CacheDiT attachment_count=1 CacheDiT fallback=0
[1A  0%|          | 0/8 [00:00<?, ?it/s]WARNING:root:[FeatureInjLatent] step=1 | progress=0.00 | eff_str=0.250 | no mask
WARNING:root:[FeatureInjLatent] step=2 | progress=0.01 | eff_str=0.214 | no mask
[v2.sampler_boundary] event=first_sampler_step request_id=v2-benchmark-0-78cf6fa76ce8 restored_instance_id=c56fb8f55c2b49b98eafa316b620bba6 node_id=1242 node_class=ClownsharKSampler_Beta steps=8 patcher_object_id=47307222429648 diffusion_model_object_id=47307222676560 diffusion_model_device=absent diffusion_model_current_device=absent gpu_allocated_bytes=12420976640 gpu_reserved_bytes=12626952192

[1A 12%|█▎        | 1/8 [00:01<00:07,  1.08s/it]WARNING:root:[FeatureInjLatent] step=3 | progress=0.03 | eff_str=0.178 | no mask

[1A 25%|██▌       | 2/8 [00:01<00:05,  1.02it/s]
[1A 38%|███▊      | 3/8 [00:02<00:03,  1.33it/s]
[1A 50%|█████     | 4/8 [00:02<00:02,  1.57it/s]
[1A 62%|██████▎   | 5/8 [00:03<00:01,  1.73it/s]
[1A 75%|███████▌  | 6/8 [00:03<00:01,  1.86it/s]
[1A 88%|████████▊ | 7/8 [00:04<00:00,  1.96it/s]
[1A100%|██████████| 8/8 [00:04<00:00,  2.03it/s]100%|██████████| 8/8 [00:04<00:00,  1.67it/s]
[v2.sampler_boundary] event=sampling_end request_id=v2-benchmark-0-78cf6fa76ce8 restored_instance_id=c56fb8f55c2b49b98eafa316b620bba6 node_id=1242 node_class=ClownsharKSampler_Beta steps=8 patcher_object_id=47307222429648 diffusion_model_object_id=47307222676560 diffusion_model_device=absent diffusion_model_current_device=absent gpu_allocated_bytes=12420976640 gpu_reserved_bytes=12626952192 duration_ms=4812.579
[v2.vae_early_activation] event=scheduled request_id=v2-benchmark-0-78cf6fa76ce8 mode=sampling_end trigger=sampling_end key_hash=55ef582db38e411a4b081b5e source=snapshot_vae vae_identity_hash=dd8f11d04333e24d vae_policy_version=1 vae_weight_dtype=bfloat16 vae_compute_dtype=bfloat16_native vae_memory_format=contiguous vae_prefetch_mode=off c5_impl_version=1.0.0 torch=2.13.0+cu130 cuda=13.0 arch=sm_75;sm_80;sm_86;sm_90;sm_100;sm_120 restored_instance_id=c56fb8f55c2b49b98eafa316b620bba6 restore_session_id=7c9dd3818ca6473f9cc02a2220a1f540
[v2.vae_early_activation] event=load_start request_id=v2-benchmark-0-78cf6fa76ce8 mode=sampling_end key_hash=55ef582db38e411a4b081b5e source=snapshot_vae vae_object_id=47306730973840 vae_patcher_object_id=47307854939664
[v2.gpu_load_boundary] event=load_models_gpu_start request_id=absent restored_instance_id=c56fb8f55c2b49b98eafa316b620bba6 restore_session_id=7c9dd3818ca6473f9cc02a2220a1f540 roles=modelpatcher model_count=1 contains_registered_unet=0 caller_classification=restore_vae_preparation gpu_allocated_before=12455577088 gpu_reserved_before=14791213056
[v2.gpu_load_boundary] event=load_models_gpu_end request_id=absent restored_instance_id=c56fb8f55c2b49b98eafa316b620bba6 restore_session_id=7c9dd3818ca6473f9cc02a2220a1f540 roles=modelpatcher model_count=1 caller_classification=restore_vae_preparation wall_ms=784.915 gpu_allocated_after=12634647552 gpu_allocated_delta_bytes=179070464
[v2.vae_early_activation] event=terminal request_id=v2-benchmark-0-78cf6fa76ce8 mode=sampling_end key_hash=55ef582db38e411a4b081b5e status=ready reason=ok error=absent transfer_count=1 vae_policy_version=1 vae_weight_dtype=bfloat16 vae_compute_dtype=bfloat16_native vae_memory_format=contiguous vae_prefetch_mode=off c5_impl_version=1.0.0 source=snapshot_vae
[v2.vae_early_activation] event=consumed request_id=v2-benchmark-0-78cf6fa76ce8 mode=sampling_end key_hash=55ef582db38e411a4b081b5e join_wait_ms=35.002 status=ready source=snapshot_vae
[v2.gpu_load_boundary] event=load_models_gpu_start request_id=v2-benchmark-0-78cf6fa76ce8 restored_instance_id=c56fb8f55c2b49b98eafa316b620bba6 restore_session_id=7c9dd3818ca6473f9cc02a2220a1f540 roles=modelpatcher model_count=1 contains_registered_unet=0 caller_classification=graph_model_loading gpu_allocated_before=12634647552 gpu_reserved_before=12754878464
[v2.gpu_load_boundary] event=load_models_gpu_end request_id=v2-benchmark-0-78cf6fa76ce8 restored_instance_id=c56fb8f55c2b49b98eafa316b620bba6 restore_session_id=7c9dd3818ca6473f9cc02a2220a1f540 roles=modelpatcher model_count=1 caller_classification=graph_model_loading wall_ms=20.432 gpu_allocated_after=12634647552 gpu_allocated_delta_bytes=0
[production.rgthree.encode] side=b (B-only) shape=(1, 1920, 1088, 3) dtype=torch.uint8
[v2.opt.output_encode] total_ms=166.721 png_compress_ms=143.679 gpu_to_cpu_ms=0.011
[production.rgthree] node_id=107 a_count=0 b_count=1 encoded_unique=1 logical_outputs=1 return_a=0 temp_files_written=0 encode_ms=169.1
[v2.startup_stage] stage=first_prompt_executor_invocation event=end wall_unix_ns=1786644220209956699 monotonic_ns=322832795383 duration_ms=9784.178
[v2.prompt_executor_breakdown] request_id=v2-benchmark-0-78cf6fa76ce8 exec_to_cached_ms=6.638 dynamic_prompt_ms=0.004 is_changed_ms=absent signature_keys_ms=absent seed_apply_ms=absent clean_unused_ms=0.015 cache_gather_ms=0.122 cleanup_gc_ms=1.295 residual_ms=5.202 c2f_cached_to_first_node_ms=1377.908 c2f_topo_walk_ms=1377.973 c2f_stage_ms=1.513 c2f_first_node_prefix_ms=0.118 c2f_residual_ms=-1.696 signature_cache_requested=1 signature_cache_eligible=1 signature_cache_hit=1 signature_cache_source=volume signature_cache_key_hash=3fb06bde958cf38d8e7dcece07c8db27b611c644c03a32458502a17156582e60 signature_cache_fallback= signature_reuse_ms=3.262
[v2.pre_sampler_stages] request_id=v2-benchmark-0-78cf6fa76ce8 restored_instance_id=c56fb8f55c2b49b98eafa316b620bba6 restore_session_id=7c9dd3818ca6473f9cc02a2220a1f540 container_session_id=4b773544c20d4dc0 modal_input_id=in-01KZY4MWCXNX4MQSKAW9RD3V6A:1786644165022-0 modal_task_id=ta-01KZY4NFQT3JK20BQZR39BG1CR pid=2 boot_id=7e8bf847-60c1-4a70-a30d-51f2ab853f5b hostname=modal total_nodes=43 first_output_node=107:ComfyModalProductionImageComparerOutput first_executing_node=987:Any Switch (rgthree) sampler_stage_status=sampler_active method_entry_to_graph_start_ms=264.684 graph_setup_ms=274.837 certificate_ms=0.0 cert_identity_build_ms=0.0 cert_cache_hit=0 cert_volume_reload_ms=0.0 cert_file_read_ms=0.0 cert_json_parse_validate_ms=0.0 cert_total_ms=0.0 legacy_preflight_ms=0.0 prompt_validation_ms=0.0 certificate_skipped_preflight=1 certificate_skipped_prompt_validation=1 preflight_ms=0.0 validation_ms=0.0 missing_node_repair_ms=0.073 production_registry_setup_ms=0.044 production_registry_profile_setup_ms=0.044 pregraph_setup_ms=0.746 executor_reset_ms=0.348 sampler_lane_wait_ms=0.058 residual_before_invoke_ms=0.229 method_entry_to_runtime_configuration_ms=264.642 call_to_exec_start_ms=2.604 exec_start_to_cached_ms=6.638 cached_to_first_executing_ms=1377.908 call_to_cached_ms=9.242 call_to_first_node_ms=1387.15 first_node_to_clip_ms=3.549 clip_to_sampler_node_ms=2155.687 sampler_node_to_sampler_start_ms=132.284 sampler_node_to_lane_acquired_ms=0.102 lane_acquired_to_actual_stage_ms=132.182 pre_sampler_total_ms=4218.164 measured_children_ms=3679.547 residual_ms=538.617 reconciliation_status=ok add_message=True send_sync=True has_sampler=True sampler_count=1 lane_acquired=True
[v2.opt.output_delivery] hash_ms=1.563 descriptor_ms=None
[v2.opt.output_delivery] hash_ms=1.563 descriptor_ms=0.018
[v2.startup_stage] stage=first_durable_result event=ready wall_unix_ns=1786644220218213763 monotonic_ns=322841052647 output_persisted=1
[v2.output] hashes=1 base64_encode=0 base64_decode=0 commit_ms=0.0 commit_status=skipped overlap_ms=0.0 serialized_bytes=2211
[v2.activation_diagnosis] request_id=v2-benchmark-0-78cf6fa76ce8 cpu_snapshot_container_active=True execution_prefill_scheduled=True residency_diagnostics_enabled=0 clip_encode_calls=0 clip_encode_graph_calls=0 clip_encode_prefill_calls=0 clip_encode_wall_ms=0 clip_encode_graph_wall_ms=0 clip_encode_prefill_wall_ms=0 clip_encode_process_cpu_ms=0 load_models_gpu_calls=2 unet_gpu_load_calls=1 load_models_gpu_wall_ms=82.623 activation_receipt_count=3 gpu_allocated_delta_bytes=4096 cpu_peak_cores=14.406 cpu_above_16_ms=0.0 cpu_above_19_ms=0.0 cpu_longest_above_19_ms=absent cpu_overlap_graph_clip_ms=0.0 cpu_overlap_prefill_clip_ms=0.0 cpu_overlap_gpu_load_ms=0.0 clip_to_sampler_node_ms=2155.687 sampler_node_to_sampler_start_ms=132.284 diagnostic_accounted_ms=absent diagnostic_unattributed_ms=absent restore_requested_torch_intraop_threads=absent restore_actual_torch_intraop_threads=12 restore_torch_interop_threads=14 restore_torch_thread_limit_status=baseline_passthrough
[v2.process_cpu_spike] status=ok peak_effective_cores=14.406 duration_above_16_ms=0.000 duration_above_19_ms=0.000 longest_above_19_ms=0.000 sample_count=173
[v2.critical_path] python_resume_to_restore_enter_ms=0.0 restore_total_ms=629.482 restore_exit_to_run_enter_ms=46.981 run_enter_to_plan_received_ms=259.493 plan_received_to_executor_invoke_ms=280.002 executor_invoke_to_first_node_ms=1387.05 first_node_to_sampler_node_ms=2159.213 sampler_node_to_sampler_start_ms=132.284 pre_sampler_unattributed_ms=absent
[v2.cgroup_cpu_spike] source=process_cpu_fallback peak_effective_cores=6.791 interval_count=0
V2 COLD WATERFALL - REMOTE/PARTIAL (awaiting host reconciliation) request=v2-benchmark-0-78cf6fa76ce8 status=PENDING_HOST_RECONCILIATION missing=missing_submission,missing_modal_restore_begin,missing_local_result_receipt
Pending host reconciliation: command start -> Python resume = 62379.931 ms - classification = scheduling + pre-Python restore (unresolved platform interval)
