[v2.exec] res4lyf_dummy_init_disabled=1 reported_injected=1 actual_injected=1
[preflight.model_reads] restore_preload_active=0 selected_clip=/root/comfy/ComfyUI/models/text_encoders/qwen_3_4b.safetensors
[active_read] registered owner=graph_loader key=/__modal/volumes/vo-QI6fCKykvocVkUBVGsuZgm/diffusion_models/z_image_turbo_bf16.s active_read_id=a0401aead0454371 restored_instance_id=e7ff96f6890042d5b835984ce13cc571 restore_session_id=7c4901a1d41a4c36b6e4b25e2ea83b08 request_id= start_wall_unix_ns=1786648073376787200 start_monotonic_ns=69795151648 start_thread_time_ns=50000000 start_process_time_ns=111250000000 native_tid=79 active_read_path_hash=8d2256b3cff6bbd2 active_read_file_size=12309866400 active_read_st_dev=30 active_read_st_ino=115 active_read_governor_enabled=0 active_read_priority=100 active_read_size_bytes=12309866400 active_read_size_mb=11739.6 active_read_is_large=1 active_read_classification_source=file_size active_read_queue_enter_ms=0.0 active_read_queue_exit_ms=0.0 active_read_queue_wait_ms=0.0 active_read_large_slots_used_at_enter=0 active_read_large_slots_used_at_start=0 active_read_concurrent_large_reads_at_start=1 active_read_attached_existing_future=0 active_read_duplicate_prevented=0
[v2.generation_identity] custom_nodes_generation='8f98568b2f0b64d6d8fcd96d…' raw_empty=false source=persisted_record runtime_state_generation='' api_object_id=47594126856272 deployment_combined_hash=b636acdc5dfc7b79
[v2.plan_proof] decision=plan_validation_fast_path consumed=1 workflow_hash_match=1 validation_hash_match=1 plan_complete=1 snapshot_complete=1 snapshot_valid=1 dep_match=1 gen_match=1 wf_reg_match=1 dependency_match=1 repair_changed=0 outputs_nonempty=1 eligible=1
[v2.startup_stage] stage=first_prompt_executor_invocation event=start wall_unix_ns=1786648073402665654 monotonic_ns=69821031404
[v2.clip_conditioning_cache] decision=miss key_hash=2ae9ff60d5057cbffa762f23cb94b1e1f85ef62eb5ed7b402fe3b79dde9f9880 identity_status=valid schema_version=1 validation_scope=clip_model_workflow_custom_nodes_schema_format_side_conditioning_inputs hit_count=0 miss_count=1 entries=1 lookup_wall_ms=6.252 request_id=v2-benchmark-0-a112f0516488
[v2.unet_early_activation] event=mode mode=late env_raw=late restored_instance_id=e7ff96f6890042d5b835984ce13cc571 restore_session_id=7c4901a1d41a4c36b6e4b25e2ea83b08
[v2.gpu_load_boundary] event=load_models_gpu_start request_id=absent restored_instance_id=e7ff96f6890042d5b835984ce13cc571 restore_session_id=7c4901a1d41a4c36b6e4b25e2ea83b08 roles=modelpatcher model_count=1 contains_registered_unet=0 caller_classification=not_observed gpu_allocated_before=0 gpu_reserved_before=0
[v2.gpu_load_boundary] event=load_models_gpu_end request_id=absent restored_instance_id=e7ff96f6890042d5b835984ce13cc571 restore_session_id=7c4901a1d41a4c36b6e4b25e2ea83b08 roles=modelpatcher model_count=1 caller_classification=not_observed wall_ms=7.16 gpu_allocated_after=0 gpu_allocated_delta_bytes=0
[active_read] completed owner=graph_loader key=/__modal/volumes/vo-QI6fCKykvocVkUBVGsuZgm/diffusion_models/z_image_turbo_bf16.s active_read_id=a0401aead0454371 restored_instance_id=e7ff96f6890042d5 restore_session_id=7c4901a1d41a4c36b6e4b25e2ea83b08 complete_wall_unix_ns=1786648081800428288 complete_monotonic_ns=78218790800 complete_thread_time_ns=7450000000 complete_process_time_ns=149120000000 complete_native_tid=79 wall_ms=8423.639 thread_cpu_ms=7400.0 process_cpu_ms=37870.0 majf=None minf=None inblock=None nvcsw=None nivcsw=None read_bytes=None rchar=None path_hash=8d2256b3cff6bbd2 file_size=12309866400 st_dev=30 st_ino=115
[v2.active_read_diag] active_read_id=a0401aead0454371 owner=graph_loader request_id= restore_session_id=7c4901a1d41a4c36b6e4b25e2ea83b08 path_hash=8d2256b3cff6bbd2 wall_ms=8423.639 thread_cpu_ms=7400.0 process_cpu_ms=37870.0 read_bytes=not_observed_in_this_thread rchar=not_observed_in_this_thread minor_faults=None major_faults=None context_switches=None/None counter_status=unsupported legacy_counter_status=unsupported thread_cpu_status=unsupported process_cpu_status=unsupported io_status=unsupported page_fault_status=unsupported block_input_status=unsupported context_switch_status=unsupported native_thread_id=79
[v2.native_fast_disk_unet] decision=defer reason=ok stage=to patcher_class=comfy.model_patcher.ModelPatcher patcher_dynamic=0 param_count=453 parameter_bytes=12309817472 dtype_distribution={'torch.bfloat16': 453} device_distribution={'cpu': 453} cpu_params=453 cpu_buffers=1 get_model_ms=410.89 ctor_ms=0.435 bind_ms=None to_wall_ms=None to_device_ms=None to_device_ms_label=unavailable
[v2.vae_early_activation] event=mode mode=sampling_end env_raw=sampling_end restored_instance_id=e7ff96f6890042d5b835984ce13cc571 restore_session_id=7c4901a1d41a4c36b6e4b25e2ea83b08
[v2.native_fast_disk_unet] decision=complete reason=ok stage=load_model_weights patcher_class=comfy.model_patcher.ModelPatcher patcher_dynamic=0 param_count=453 parameter_bytes=12309817472 dtype_distribution={'torch.bfloat16': 453} device_distribution={'cuda': 453} cpu_params=0 cpu_buffers=0 get_model_ms=410.89 ctor_ms=0.435 bind_ms=147.233 to_wall_ms=2615.722 to_device_ms=2615.705 to_device_ms_label=synchronized_device
[v2.unet_runtime_state] stage=normal_loader_ready unet_identity=z_image_turbo_bf16.safetensors requested_weight_dtype=default effective_weight_dtype=default state={"current_device":"cuda:0","diffusion_model_object_id":"47598228457488","diffusion_model_type":"NextDiT","first_buffer_device":"absent","first_buffer_dtype":"absent","first_parameter_device":"cuda:0","first_parameter_dtype":"torch.bfloat16","forward_module":"NextDiT","forward_qualname":"NextDiT.forward","load_device":"cuda:0","loaded_models_member":"0","manual_cast_dtype":"absent","model_dtype":"torch.bfloat16","model_loaded_weight_memory":"0","model_lowvram":"False","model_lowvram_patch_counter":"0","model_object_id":"47597563859664","model_options_keys":["transformer_options"],"model_type":"Lumina2","object_patch_count":0,"offload_device":"cuda:0","patch_count":0,"patcher_object_id":"47597567958544","patcher_type":"ModelPatcher","transformer_options_keys":["wrappers"],"weight_dtype":"absent"}
[v2.clip_conditioning_cache] decision=miss_stored key_hash=2ae9ff60d5057cbffa762f23cb94b1e1f85ef62eb5ed7b402fe3b79dde9f9880 identity_status=valid encode_calls=1 encode_loop_wall_ms=11984.129 cache_store_wall_ms=9.745 cache_store_calls=1 store_diagnostics={'store_calls': 1, 'store_failed': 0, 'key_build_digest_ms': 0.221, 'serialization_ms': 8.924, 'materialize_ms': 5.238, 'checksum_ms': 2.92, 'serialized_payload_bytes': 2900184, 'enqueue_ms': 0.506, 'lock_wait_ms': 0.0, 'total_ms': 9.71, 'measured_children_ms': 9.654, 'residual_ms': 0.056, 'store_reason': '', 'materialize_bytes': 2900184, 'enqueued': 1, 'persisted': 0, 'persist_failed': 0, 'commit_failed': 0, 'queue_depth': 1, 'queue_deduped': 0, 'queue_full_dropped': 0, 'batch_size': 0, 'batch_count': 0, 'persistence_queue_wait_ms': 0.0, 'file_write_ms': 0.0, 'manifest_ms': 0.0, 'reload_ms': 0.0, 'commit_ms': 0.0, 'unindexed_files_removed': 0, 'last_flush_ms': 0.0, 'last_flush_status': '', 'flush_count': 0, 'fallback_sync_stores': 0} schema_version=1 validation_scope=clip_model_workflow_custom_nodes_schema_format_side_conditioning_inputs enqueued=1 persisted=0 persist_failed=0 entries=1 request_id=v2-benchmark-0-a112f0516488
[v2.conditioning_exact_hit_breakdown] request_id=v2-benchmark-0-a112f0516488 decision=miss_stored lookup_wall_ms=6.252 total_ms=5.95 key_build_ms=0.22399999999999998 lock_wait_ms=0.002 manifest_read_ms=0.0 manifest_bytes=0 manifest_entries=21 entry_lookup_ms=0.153 header_bytes=0 data_bytes=0 lru_touch_ms=0.0 lru_touch_mode=sync opt=1 children_ms=0.379 residual_ms=5.571 prefetch_requested=1 prefetch_wall_ms=392.358 prefetch_overlap_ms=0.0 prefetch_source=full manifest_memory_hit=1 payload_memory_hit=0 normal_lookup_fallback=0 prefetch_reason=key_build_partial:weight_dtype prefetch_join_ms=71.937 prefetch_join_timeout=0 prefetch_reload=skipped_first payload_memory_source= prefetch_payload_entries=3
[v2.cpu_owner] operation=CLIPTextEncode role=CLIP wall_ms=3063.837 process_cpu_ms=4610.000 effective_cores=1.505 native_threads_start=52 native_threads_peak=53 native_threads_end=53
standard
WARNING:root:[FeatureInjLatent] Reference latent: shape=torch.Size([1, 16, 240, 136])
[v2.sampler_boundary] event=sampler_lane_requested sampler_node_id=1242 sampler_node_class=ClownsharKSampler_Beta blocking_owner=absent
[v2.sampler_boundary] event=sampler_lane_acquired sampler_node_id=1242 sampler_node_class=ClownsharKSampler_Beta wait_ms=0.07 blocking_owner=absent
[CacheDiT] Transformer class: NextDiT (module: comfy.ldm.lumina.model)
[v2.gpu_load_boundary] event=load_models_gpu_start request_id=v2-benchmark-0-a112f0516488 restored_instance_id=e7ff96f6890042d5b835984ce13cc571 restore_session_id=7c4901a1d41a4c36b6e4b25e2ea83b08 roles=UNET model_count=1 contains_registered_unet=1 caller_classification=graph_model_loading gpu_allocated_before=12445106176 gpu_reserved_before=12991856640
[v2.gpu_load_boundary] event=load_models_gpu_end request_id=v2-benchmark-0-a112f0516488 restored_instance_id=e7ff96f6890042d5b835984ce13cc571 restore_session_id=7c4901a1d41a4c36b6e4b25e2ea83b08 roles=UNET model_count=1 caller_classification=graph_model_loading wall_ms=58.862 gpu_allocated_after=12445110272 gpu_allocated_delta_bytes=4096
[v2.cpu_owner] operation=load_models_gpu role=other wall_ms=59.807 process_cpu_ms=60.000 effective_cores=1.003 native_threads_start=53 native_threads_peak=54 native_threads_end=53
[v2.unet_identity_chain] check=stage_pair stage_a=bridge stage_b=sampler request_id=v2-benchmark-0-a112f0516488 patcher_a_object_id=47597567958544 diffusion_a_object_id=47598228457488 patcher_b_object_id=47597568562832 diffusion_b_object_id=47598228457488 ok=1 reason=ok
[v2.unet_gpu_residency] sampler_wrapper_before_sample request_id=v2-benchmark-0-a112f0516488 enforce=0 status=gpu_resident unet_object_id=47597568562832 parameter_count=453 gpu_parameter_count=453 cpu_parameter_count=0 meta_parameter_count=0 unknown_parameter_count=0 gpu_parameter_fraction=1.0 load_device=cuda:0 current_device=absent diffusion_model_current_device=absent model_cache_size=2 unet_in_model_cache=1 gpu_allocated_bytes=12449592832 gpu_reserved_bytes=12798918656
[v2.sampler_stall_watchdog] stage=armed request_id=v2-benchmark-0-a112f0516488 restored_instance_id=e7ff96f6890042d5b835984ce13cc571 sampler_node_id=1242 sampler_class=ClownsharKSampler_Beta patcher_object_id=47597568562832 diffusion_model_object_id=47598228457488 unet_object_id=47597568562832 first_forward_timeout_s=5.0 first_step_timeout_s=15.0
[v2.sampler_boundary] event=sampling_start request_id=v2-benchmark-0-a112f0516488 restored_instance_id=e7ff96f6890042d5b835984ce13cc571 node_id=1242 node_class=ClownsharKSampler_Beta steps=8 patcher_object_id=47597568562832 diffusion_model_object_id=47598228457488 diffusion_model_device=absent diffusion_model_current_device=absent gpu_allocated_bytes=12449592832 gpu_reserved_bytes=12798918656
(RES4LYF) rk_type: res_2s

[v2.unet_forward_boundary] event=first_unet_forward request_id=v2-benchmark-0-a112f0516488 diffusion_model_object_id=47598228457488 patcher_object_id=47597567958544 model_object_id=47597563859664 x_device=cuda:0 x_dtype=torch.bfloat16 elapsed_ms=114.584
[v2.sampler_parity] UNET weight_dtype=torch.bfloat16 UNET compute_dtype=torch.bfloat16 manual_cast_dtype=None CacheDiT target=NextDiT CacheDiT attachment_count=1 CacheDiT fallback=0
[1A  0%|          | 0/8 [00:00<?, ?it/s]WARNING:root:[FeatureInjLatent] step=1 | progress=0.00 | eff_str=0.250 | no mask
WARNING:root:[FeatureInjLatent] step=2 | progress=0.01 | eff_str=0.214 | no mask
[v2.sampler_boundary] event=first_sampler_step request_id=v2-benchmark-0-a112f0516488 restored_instance_id=e7ff96f6890042d5b835984ce13cc571 node_id=1242 node_class=ClownsharKSampler_Beta steps=8 patcher_object_id=47597568562832 diffusion_model_object_id=47598228457488 diffusion_model_device=absent diffusion_model_current_device=absent gpu_allocated_bytes=12449592832 gpu_reserved_bytes=12798918656

[1A 12%|█▎        | 1/8 [00:01<00:07,  1.07s/it]WARNING:root:[FeatureInjLatent] step=3 | progress=0.03 | eff_str=0.178 | no mask

[1A 25%|██▌       | 2/8 [00:01<00:05,  1.02it/s]
[1A 38%|███▊      | 3/8 [00:02<00:03,  1.35it/s]
[1A 50%|█████     | 4/8 [00:02<00:02,  1.58it/s]
[1A 62%|██████▎   | 5/8 [00:03<00:01,  1.75it/s]
[1A 75%|███████▌  | 6/8 [00:03<00:01,  1.88it/s]
[1A 88%|████████▊ | 7/8 [00:04<00:00,  1.98it/s]
[1A100%|██████████| 8/8 [00:04<00:00,  2.05it/s]100%|██████████| 8/8 [00:04<00:00,  1.69it/s]
[v2.sampler_boundary] event=sampling_end request_id=v2-benchmark-0-a112f0516488 restored_instance_id=e7ff96f6890042d5b835984ce13cc571 node_id=1242 node_class=ClownsharKSampler_Beta steps=8 patcher_object_id=47597568562832 diffusion_model_object_id=47598228457488 diffusion_model_device=absent diffusion_model_current_device=absent gpu_allocated_bytes=12449592832 gpu_reserved_bytes=12798918656 duration_ms=4757.754
[v2.vae_early_activation] event=scheduled request_id=v2-benchmark-0-a112f0516488 mode=sampling_end trigger=sampling_end key_hash=3b5929fcf9541ca7990957ef source=snapshot_vae vae_identity_hash=dd8f11d04333e24d vae_policy_version=1 vae_weight_dtype=bfloat16 vae_compute_dtype=bfloat16_native vae_memory_format=contiguous vae_prefetch_mode=off c5_impl_version=1.0.0 torch=2.13.0+cu130 cuda=13.0 arch=sm_75;sm_80;sm_86;sm_90;sm_100;sm_120 restored_instance_id=e7ff96f6890042d5b835984ce13cc571 restore_session_id=7c4901a1d41a4c36b6e4b25e2ea83b08
[v2.vae_early_activation] event=load_start request_id=v2-benchmark-0-a112f0516488 mode=sampling_end key_hash=3b5929fcf9541ca7990957ef source=snapshot_vae vae_object_id=47597324552848 vae_patcher_object_id=47598228303376
[v2.gpu_load_boundary] event=load_models_gpu_start request_id=absent restored_instance_id=e7ff96f6890042d5b835984ce13cc571 restore_session_id=7c4901a1d41a4c36b6e4b25e2ea83b08 roles=modelpatcher model_count=1 contains_registered_unet=0 caller_classification=restore_vae_preparation gpu_allocated_before=12484655104 gpu_reserved_before=14770241536
[v2.gpu_load_boundary] event=load_models_gpu_end request_id=absent restored_instance_id=e7ff96f6890042d5b835984ce13cc571 restore_session_id=7c4901a1d41a4c36b6e4b25e2ea83b08 roles=modelpatcher model_count=1 caller_classification=restore_vae_preparation wall_ms=902.882 gpu_allocated_after=12658040320 gpu_allocated_delta_bytes=173385216
[v2.vae_early_activation] event=terminal request_id=v2-benchmark-0-a112f0516488 mode=sampling_end key_hash=3b5929fcf9541ca7990957ef status=ready reason=ok error=absent transfer_count=1 vae_policy_version=1 vae_weight_dtype=bfloat16 vae_compute_dtype=bfloat16_native vae_memory_format=contiguous vae_prefetch_mode=off c5_impl_version=1.0.0 source=snapshot_vae
[v2.vae_early_activation] event=consumed request_id=v2-benchmark-0-a112f0516488 mode=sampling_end key_hash=3b5929fcf9541ca7990957ef join_wait_ms=35.822 status=ready source=snapshot_vae
[v2.gpu_load_boundary] event=load_models_gpu_start request_id=v2-benchmark-0-a112f0516488 restored_instance_id=e7ff96f6890042d5b835984ce13cc571 restore_session_id=7c4901a1d41a4c36b6e4b25e2ea83b08 roles=modelpatcher model_count=1 contains_registered_unet=0 caller_classification=graph_model_loading gpu_allocated_before=12658040320 gpu_reserved_before=12842958848
[v2.gpu_load_boundary] event=load_models_gpu_end request_id=v2-benchmark-0-a112f0516488 restored_instance_id=e7ff96f6890042d5b835984ce13cc571 restore_session_id=7c4901a1d41a4c36b6e4b25e2ea83b08 roles=modelpatcher model_count=1 caller_classification=graph_model_loading wall_ms=21.046 gpu_allocated_after=12658040320 gpu_allocated_delta_bytes=0
[production.rgthree.encode] side=b (B-only) shape=(1, 1920, 1088, 3) dtype=torch.uint8
[v2.opt.output_encode] total_ms=165.06 png_compress_ms=145.316 gpu_to_cpu_ms=0.01
[production.rgthree] node_id=107 a_count=0 b_count=1 encoded_unique=1 logical_outputs=1 return_a=0 temp_files_written=0 encode_ms=167.2
[v2.startup_stage] stage=first_prompt_executor_invocation event=end wall_unix_ns=1786648091869814384 monotonic_ns=88288180075 duration_ms=18467.149
[v2.prompt_executor_breakdown] request_id=v2-benchmark-0-a112f0516488 exec_to_cached_ms=8660.618 dynamic_prompt_ms=0.003 is_changed_ms=0.369 signature_keys_ms=8654.388 seed_apply_ms=absent clean_unused_ms=0.044 cache_gather_ms=0.075 cleanup_gc_ms=5.949 residual_ms=-0.210 c2f_cached_to_first_node_ms=311.157 c2f_topo_walk_ms=310.876 c2f_stage_ms=1.292 c2f_first_node_prefix_ms=0.276 c2f_residual_ms=-1.287 signature_cache_requested=1 signature_cache_eligible=1 signature_cache_hit=0 signature_cache_source=none signature_cache_key_hash=f31a90ae916278dac4dc0e2e52ed2260be2158ea5de3b498dbe1838fd197fdd0 signature_cache_fallback=no_entry signature_reuse_ms=absent
[v2.pre_sampler_stages] request_id=v2-benchmark-0-a112f0516488 restored_instance_id=e7ff96f6890042d5b835984ce13cc571 restore_session_id=7c4901a1d41a4c36b6e4b25e2ea83b08 container_session_id=f8ba683ed0ec4634 modal_input_id=in-01KZY89YDJMPMM0VV75MKZWRJ7:1786648000946-0 modal_task_id=ta-01KZY89ZBQD9R6YNAZ48MRA00R pid=2 boot_id=8ff92c4f-cb56-4ddf-9be6-5f567282ef94 hostname=modal total_nodes=43 first_output_node=107:ComfyModalProductionImageComparerOutput first_executing_node=987:Any Switch (rgthree) sampler_stage_status=sampler_active method_entry_to_graph_start_ms=263.186 graph_setup_ms=227.77 certificate_ms=0.0 cert_identity_build_ms=0.0 cert_cache_hit=0 cert_volume_reload_ms=0.0 cert_file_read_ms=0.0 cert_json_parse_validate_ms=0.0 cert_total_ms=0.0 legacy_preflight_ms=0.0 prompt_validation_ms=0.0 certificate_skipped_preflight=1 certificate_skipped_prompt_validation=1 preflight_ms=0.0 validation_ms=0.0 missing_node_repair_ms=0.298 production_registry_setup_ms=0.047 production_registry_profile_setup_ms=0.047 pregraph_setup_ms=2.037 executor_reset_ms=1.631 sampler_lane_wait_ms=0.182 residual_before_invoke_ms=0.232 method_entry_to_runtime_configuration_ms=263.14 call_to_exec_start_ms=0.633 exec_start_to_cached_ms=8660.618 cached_to_first_executing_ms=311.157 call_to_cached_ms=8661.252 call_to_first_node_ms=8972.408 first_node_to_clip_ms=3.344 clip_to_sampler_node_ms=3175.119 sampler_node_to_sampler_start_ms=116.604 sampler_node_to_lane_acquired_ms=0.087 lane_acquired_to_actual_stage_ms=116.516 pre_sampler_total_ms=12758.407 measured_children_ms=12269.991 residual_ms=488.416 reconciliation_status=ok add_message=True send_sync=True has_sampler=True sampler_count=1 lane_acquired=True
[v2.opt.output_delivery] hash_ms=1.578 descriptor_ms=None
[v2.opt.output_delivery] hash_ms=1.578 descriptor_ms=0.017
[v2.startup_stage] stage=first_durable_result event=ready wall_unix_ns=1786648091877941152 monotonic_ns=88296306964 output_persisted=1
[v2.output] hashes=1 base64_encode=0 base64_decode=0 commit_ms=0.0 commit_status=skipped overlap_ms=0.0 serialized_bytes=2208
[v2.activation_diagnosis] request_id=v2-benchmark-0-a112f0516488 cpu_snapshot_container_active=True execution_prefill_scheduled=True residency_diagnostics_enabled=0 clip_encode_calls=1 clip_encode_graph_calls=0 clip_encode_prefill_calls=1 clip_encode_wall_ms=11903.23 clip_encode_graph_wall_ms=0 clip_encode_prefill_wall_ms=11903.23 clip_encode_process_cpu_ms=43090.0 load_models_gpu_calls=2 unet_gpu_load_calls=1 load_models_gpu_wall_ms=79.908 activation_receipt_count=4 gpu_allocated_delta_bytes=4096 cpu_peak_cores=absent cpu_above_16_ms=absent cpu_above_19_ms=absent cpu_longest_above_19_ms=absent cpu_overlap_graph_clip_ms=absent cpu_overlap_prefill_clip_ms=absent cpu_overlap_gpu_load_ms=absent clip_to_sampler_node_ms=3175.119 sampler_node_to_sampler_start_ms=116.604 diagnostic_accounted_ms=absent diagnostic_unattributed_ms=absent restore_requested_torch_intraop_threads=absent restore_actual_torch_intraop_threads=12 restore_torch_interop_threads=14 restore_torch_thread_limit_status=baseline_passthrough
[v2.process_cpu_spike] status=ok peak_effective_cores=7.533 duration_above_16_ms=0.000 duration_above_19_ms=0.000 longest_above_19_ms=0.000 sample_count=213
[v2.critical_path] python_resume_to_restore_enter_ms=0.0 restore_total_ms=3169.773 restore_exit_to_run_enter_ms=16.44 run_enter_to_plan_received_ms=134.753 plan_received_to_executor_invoke_ms=356.179 executor_invoke_to_first_node_ms=8972.146 first_node_to_sampler_node_ms=3178.603 sampler_node_to_sampler_start_ms=116.604 pre_sampler_unattributed_ms=absent
[v2.cgroup_cpu_spike] source=process_cpu_fallback peak_effective_cores=7.723 interval_count=0
V2 COLD WATERFALL - REMOTE/PARTIAL (awaiting host reconciliation)
Request: v2-benchmark-0-a112f0516488  Instance: e7ff96f6890042d5b835984ce13cc571  GPU: ['RTX-PRO-6000']  Fresh: YES
Provider/Region: GCP/us-east4
TOTAL WALL:        awaiting host reconciliation
COMMAND->RESPONSE:   108.106s

+-----+------------------------------------------------+------------+------------+----------+------------------------------------------+
|   # | Stage                                          |   Duration |       Cum. |        % | Relative wall (TOTAL WALL)               |
+-----+------------------------------------------------+------------+------------+----------+------------------------------------------+
|   1 | Local preparation                              |   0.187 ms |   0.187 ms |        - |                                          |
|   2 | Python/application restore                     |     3.209s |     3.209s |        - |                                          |
|   3 | Restore-to-method entry                        |  16.440 ms |     3.225s |        - |                                          |
|   4 | Remote method setup                            | 490.955 ms |     3.716s |        - |                                          |
|     |   method entry to graph start                  | 263.186 ms |            |          |                                          |
|     |   method entry to runtime configuration        | 263.140 ms |            |          |                                          |
|     |   graph setup                                  | 227.770 ms |            |          |                                          |
|   5 | PromptExecutor/cache setup                     |     8.972s |    12.689s |        - |                                          |
|     |   execution to cached                          |     8.661s |            |          |                                          |
|     |   cached to first node                         | 311.157 ms |            |          |                                          |
|   6 | Pre-sampler execution                          |     3.178s |    15.867s |        - |                                          |
|     |   Conditioning cache decision=miss_stored h... |   6.252 ms |            |          |                                          |
|     |   CLIP encode (1 calls)                        |    11.915s |            |          |                                          |
|     |   Node: ImpactSwitch                           |  50.654 ms |            |          |                                          |
|     |   Node: ClownsharKSampler_Beta                 | 123.570 ms |            |          |                                          |
|     |   Checkpoint read                              |     8.424s |            |          |                                          |
|     |   Read end -> construction done                |   0.435 ms |            |          |                                          |
|     |   UNET get_model                               | 410.890 ms |            |          |                                          |
|     |   Bind                                         | 147.295 ms |            |          |                                          |
|     |   Synchronized H2D (4.7 GB/s)                  |     2.616s |            |          |                                          |
|     |   H2D end -> UNET ready                        |   1.803 ms |            |          |                                          |
|   7 | Sampler node to sampling                       | 116.538 ms |    15.984s |        - |                                          |
|     |   lane acquired to actual stage                | 116.516 ms |            |          |                                          |
|   8 | Sampling                                       |     4.758s |    20.741s |        - |                                          |
|   9 | Post-sampling / VAE transition                 | 871.079 ms |    21.612s |        - |                                          |
|  10 | VAE decode                                     | 402.593 ms |    22.015s |        - |                                          |
|     |   VAE load/H2D                                 | 904.270 ms |            |          |                                          |
|  11 | Output encode / descriptor                     | 175.728 ms |    22.191s |        - |                                          |
|     |   PNG encode                                   | 170.129 ms |            |          |                                          |
+-----+------------------------------------------------+------------+------------+----------+------------------------------------------+
|     | SCHEDULING                                     |          - |            |          |                                          |
|     | RECONCILIATION                                 |          - |            |          |                                          |
|     | STATUS                                         |    PENDING |            |          |                                          |
+-----+------------------------------------------------+------------+------------+----------+------------------------------------------+
missing=missing_submission,missing_modal_restore_begin,missing_local_result_receipt
status=PENDING_HOST_RECONCILIATION
Pending host reconciliation: command start -> Python resume = 86308.639 ms - classification = scheduling + pre-Python restore (unresolved platform interval)
