[p1] start p1-01 mode=private
[p1] {"slot": "p1-01", "mode": "private", "provider": "gcp", "region": "us-west", "gbps": 7.008713451508754, "wall_ms": 1147.854325, "staging": {"enabled": false, "slots": 0, "bytes": 0, "wait_ms_total": 0.0, "wait_events_total": 0, "published_total": 0, "reader_wait_ms": [0.0, 0.0, 0.0, 0.0], "reader_published": [0, 0, 0, 0]}, "consumer": null, "coverage": true, "maxif": 4, "status": "ok", "error": null}
[p1] start p1-02 mode=shared
[p1] {"slot": "p1-02", "mode": "shared", "provider": "unspecified", "region": "eu-south", "gbps": 6.318025752352421, "wall_ms": 1273.337964, "staging": {"enabled": true, "slots": 2, "bytes": 536870912, "wait_ms_total": 0.0, "wait_events_total": 0, "published_total": 120, "reader_wait_ms": [0.0, 0.0, 0.0, 0.0], "reader_published": [31, 29, 29, 31]}, "consumer": {"released": 120, "max_lag": 1, "wall_ms": 1389.4339020000002}, "coverage": true, "maxif": 4, "status": "ok", "error": null}
[p1] start p1-03 mode=private
[p1] {"slot": "p1-03", "mode": "private", "provider": "gcp", "region": "us-east4", "gbps": 5.605766217298014, "wall_ms": 1435.126214, "staging": {"enabled": false, "slots": 0, "bytes": 0, "wait_ms_total": 0.0, "wait_events_total": 0, "published_total": 0, "reader_wait_ms": [0.0, 0.0, 0.0, 0.0], "reader_published": [0, 0, 0, 0]}, "consumer": null, "coverage": true, "maxif": 4, "status": "ok", "error": null}
[p1] start p1-04 mode=shared
[p1] {"slot": "p1-04", "mode": "shared", "provider": "aws", "region": "us-west", "gbps": 4.479442810548179, "wall_ms": 1795.978292, "staging": {"enabled": true, "slots": 2, "bytes": 536870912, "wait_ms_total": 0.0, "wait_events_total": 0, "published_total": 120, "reader_wait_ms": [0.0, 0.0, 0.0, 0.0], "reader_published": [29, 29, 31, 31]}, "consumer": {"released": 120, "max_lag": 1, "wall_ms": 1975.1113829999997}, "coverage": true, "maxif": 4, "status": "ok", "error": null}
[p1] start p1-05 mode=private
[p1] {"slot": "p1-05", "mode": "private", "provider": "unspecified", "region": "ca", "gbps": 2.846889097320011, "wall_ms": 2825.885299, "staging": {"enabled": false, "slots": 0, "bytes": 0, "wait_ms_total": 0.0, "wait_events_total": 0, "published_total": 0, "reader_wait_ms": [0.0, 0.0, 0.0, 0.0], "reader_published": [0, 0, 0, 0]}, "consumer": null, "coverage": true, "maxif": 4, "status": "ok", "error": null}
[p1] start p1-06 mode=shared
[p1] {"slot": "p1-06", "mode": "shared", "provider": "unspecified", "region": "ca", "gbps": 6.113704633237128, "wall_ms": 1315.89315, "staging": {"enabled": true, "slots": 2, "bytes": 536870912, "wait_ms_total": 0.0, "wait_events_total": 0, "published_total": 120, "reader_wait_ms": [0.0, 0.0, 0.0, 0.0], "reader_published": [29, 31, 30, 30]}, "consumer": {"released": 120, "max_lag": 0, "wall_ms": 1426.657218}, "coverage": true, "maxif": 4, "status": "ok", "error": null}
[p1] start p1-07 mode=private
[p1] {"slot": "p1-07", "mode": "private", "provider": "gcp", "region": "europe-west2", "gbps": 2.7523828724926243, "wall_ms": 2922.915314, "staging": {"enabled": false, "slots": 0, "bytes": 0, "wait_ms_total": 0.0, "wait_events_total": 0, "published_total": 0, "reader_wait_ms": [0.0, 0.0, 0.0, 0.0], "reader_published": [0, 0, 0, 0]}, "consumer": null, "coverage": true, "maxif": 4, "status": "ok", "error": null}
[p1] start p1-08 mode=shared
[p1] {"slot": "p1-08", "mode": "shared", "provider": "gcp", "region": "uk", "gbps": 2.3555021583284597, "wall_ms": 3415.39999, "staging": {"enabled": true, "slots": 2, "bytes": 536870912, "wait_ms_total": 0.0, "wait_events_total": 0, "published_total": 120, "reader_wait_ms": [0.0, 0.0, 0.0, 0.0], "reader_published": [31, 30, 29, 30]}, "consumer": {"released": 120, "max_lag": 0, "wall_ms": 3534.6006820000002}, "coverage": true, "maxif": 4, "status": "ok", "error": null}
[p1] start p1-09 mode=private
[p1] {"slot": "p1-09", "mode": "private", "provider": "unspecified", "region": "ca", "gbps": 6.63707733673089, "wall_ms": 1212.127212, "staging": {"enabled": false, "slots": 0, "bytes": 0, "wait_ms_total": 0.0, "wait_events_total": 0, "published_total": 0, "reader_wait_ms": [0.0, 0.0, 0.0, 0.0], "reader_published": [0, 0, 0, 0]}, "consumer": null, "coverage": true, "maxif": 4, "status": "ok", "error": null}
[p1] start p1-10 mode=shared
[p1] {"slot": "p1-10", "mode": "shared", "provider": "gcp", "region": "uk", "gbps": 4.1066525561531755, "wall_ms": 1959.0121, "staging": {"enabled": true, "slots": 2, "bytes": 536870912, "wait_ms_total": 0.0, "wait_events_total": 0, "published_total": 120, "reader_wait_ms": [0.0, 0.0, 0.0, 0.0], "reader_published": [31, 31, 29, 29]}, "consumer": {"released": 120, "max_lag": 1, "wall_ms": 2095.02083}, "coverage": true, "maxif": 4, "status": "ok", "error": null}
[p1] start p1-11 mode=private
[p1] {"slot": "p1-11", "mode": "private", "provider": "aws", "region": "us-west", "gbps": 3.4354691383312503, "wall_ms": 2341.741906, "staging": {"enabled": false, "slots": 0, "bytes": 0, "wait_ms_total": 0.0, "wait_events_total": 0, "published_total": 0, "reader_wait_ms": [0.0, 0.0, 0.0, 0.0], "reader_published": [0, 0, 0, 0]}, "consumer": null, "coverage": true, "maxif": 4, "status": "ok", "error": null}
[p1] start p1-12 mode=shared
[p1] {"slot": "p1-12", "mode": "shared", "provider": "unspecified", "region": "ca", "gbps": 6.344978069770631, "wall_ms": 1267.929055, "staging": {"enabled": true, "slots": 2, "bytes": 536870912, "wait_ms_total": 0.0, "wait_events_total": 0, "published_total": 120, "reader_wait_ms": [0.0, 0.0, 0.0, 0.0], "reader_published": [29, 31, 29, 31]}, "consumer": {"released": 120, "max_lag": 0, "wall_ms": 1383.905388}, "coverage": true, "maxif": 4, "status": "ok", "error": null}
[p1] done
