loaded workflow snapshot hash=1f2673ad-2f02-5d6c-b31b-bb9e25258648
terminated previous local ComfyUI processes
=== Redeploying comfyui-modal ===
Hiding GPUs: t4,l4,l40s

Deploy failed. ComfyUI was not launched.
Press any key to continue . . .
+- Error ---------------------------------------------------------------------+
| 'charmap' codec can't encode character '\u2713' in position 0: character    |
| maps to <undefined>                                                         |
+-----------------------------------------------------------------------------+
batch deploy failed; retrying with direct UTF-8 modal deploy
âœ“ Created objects.
â”œâ”€â”€ ðŸ”¨ Created mount C:\Users\parla\OneDrive\Documents\AI 
â”‚   HUB\ComfyUI\ComfyUI\custom_nodes\comfyui-modal\comfyapp.py
â”œâ”€â”€ ðŸ”¨ Created mount PythonPackage:gpu_catalog
â”œâ”€â”€ ðŸ”¨ Created mount PythonPackage:timing_trace
â”œâ”€â”€ ðŸ”¨ Created function download_model_to_volume.
â”œâ”€â”€ ðŸ”¨ Created function batch_download_models.
â”œâ”€â”€ ðŸ”¨ Created function sync_custom_nodes_to_volume.
â”œâ”€â”€ ðŸ”¨ Created function get_volume_status.
â”œâ”€â”€ ðŸ”¨ Created function upload_model_to_volume.
â”œâ”€â”€ ðŸ”¨ Created function upload_model_chunk.
â”œâ”€â”€ ðŸ”¨ Created web function ui => https://parlaxzx7--comfyui-ui.modal.run
â”œâ”€â”€ ðŸ”¨ Created function ComfyAPI_T4.*.
â”œâ”€â”€ ðŸ”¨ Created function ComfyAPI_L4.*.
â”œâ”€â”€ ðŸ”¨ Created function ComfyAPI.*.
â”œâ”€â”€ ðŸ”¨ Created function ComfyAPI_L40S.*.
â”œâ”€â”€ ðŸ”¨ Created function ComfyAPI_RTX_PRO_6000.*.
â”œâ”€â”€ ðŸ”¨ Created function ComfyAPI_A100.*.
â”œâ”€â”€ ðŸ”¨ Created function ComfyAPI_A100_40GB.*.
â”œâ”€â”€ ðŸ”¨ Created function ComfyAPI_A100_80GB.*.
â”œâ”€â”€ ðŸ”¨ Created function ComfyAPI_H100.*.
â”œâ”€â”€ ðŸ”¨ Created function ComfyAPI_H200.*.
â””â”€â”€ ðŸ”¨ Created function ComfyAPI_B200.*.
âœ“ App deployed in 2.606s! ðŸŽ‰

View Deployment: https://modal.com/apps/parlaxzx7/main/deployed/comfyui
launched local ComfyUI via run_nvidia_gpu.bat fallback path
local ComfyUI health check passed
run1 complete prompt_id=d7404149-f0b2-4fb4-b63f-e24c21506a64
run2 complete prompt_id=209e0a29-2bd0-47f1-94ce-282e3ce314ce
