[sn] start ncr-01 diagnostics=True settle_ms=0 native_canary=True
[sn] done ncr-01 status=ok gbps=3.705873388455039 max_ms=595.655332 hb_gap=501.725984 canary_gap=4.235316 native_gap=2.794289 native=same_pid_pthread
[sn] running totals: large=1 clean=0
[sn] start ncr-02 diagnostics=True settle_ms=0 native_canary=True
[sn] done ncr-02 status=ok gbps=4.003176334690157 max_ms=285.329762 hb_gap=133.044665 canary_gap=8.933906 native_gap=5.918623 native=same_pid_pthread
[sn] running totals: large=1 clean=0
[sn] start ncr-03 diagnostics=True settle_ms=0 native_canary=True
[sn] done ncr-03 status=ok gbps=4.694123224739244 max_ms=207.661749 hb_gap=151.31182 canary_gap=2.109111 native_gap=2.63145 native=same_pid_pthread
[sn] running totals: large=1 clean=1
[sn] start ncr-04 diagnostics=True settle_ms=0 native_canary=True
[sn] done ncr-04 status=ok gbps=4.477225926218997 max_ms=208.224031 hb_gap=471.446294 canary_gap=2.27713 native_gap=2.321239 native=same_pid_pthread
[sn] running totals: large=1 clean=2
[sn] start ncr-05 diagnostics=True settle_ms=0 native_canary=True
[sn] done ncr-05 status=ok gbps=4.046252494083288 max_ms=245.31837 hb_gap=178.929839 canary_gap=8.047605 native_gap=10.40138 native=same_pid_pthread
[sn] running totals: large=1 clean=3
[sn] start ncr-06 diagnostics=True settle_ms=0 native_canary=True
[sn] done ncr-06 status=ok gbps=4.887229279455099 max_ms=211.994507 hb_gap=149.197012 canary_gap=3.261296 native_gap=2.044526 native=same_pid_pthread
[sn] running totals: large=1 clean=4
[sn] start ncr-07 diagnostics=True settle_ms=0 native_canary=True
[sn] done ncr-07 status=ok gbps=4.704218633456031 max_ms=176.546492 hb_gap=350.244559 canary_gap=2.086091 native_gap=2.000294 native=same_pid_pthread
[sn] running totals: large=1 clean=5
[sn] start ncr-08 diagnostics=True settle_ms=0 native_canary=True
[sn] done ncr-08 status=ok gbps=4.7758055632942344 max_ms=296.701774 hb_gap=217.258622 canary_gap=7.596477 native_gap=8.93854 native=same_pid_pthread
[sn] running totals: large=1 clean=5
[sn] start ncr-09 diagnostics=True settle_ms=0 native_canary=True
[sn] done ncr-09 status=ok gbps=3.2125425967626833 max_ms=335.552245 hb_gap=334.144148 canary_gap=16.882852 native_gap=7.962056 native=same_pid_pthread
[sn] running totals: large=1 clean=5
[sn] start ncr-10 diagnostics=True settle_ms=0 native_canary=True
[sn] done ncr-10 status=ok gbps=2.8284533538433942 max_ms=717.549226 hb_gap=523.929431 canary_gap=4.208092 native_gap=6.695525 native=same_pid_pthread
[sn] running totals: large=2 clean=5
[sn] start ncr-11 diagnostics=True settle_ms=0 native_canary=True
[sn] done ncr-11 status=ok gbps=3.5148733242987538 max_ms=533.567728 hb_gap=458.403868 canary_gap=8.980698 native_gap=2.645221 native=same_pid_pthread
[sn] running totals: large=3 clean=5
[sn] capture goal met; stopping

=== per-run summary ===
run | region | worst src ms | src gbps | main hb gap | canary gap | canary mode | A sched/lat | B sched/lat | C sched/lat | sent samples
| ncr-01 | CLOUD_PROVIDER_GCP/us-east4 | 596 | 3.71 | 502 | 4 | separate_pid | 499.3/29.9 | 499.1/309.4 | 498.9/20.1 | 335 |
| ncr-02 | CLOUD_PROVIDER_GCP/us-east4 | 285 | 4.00 | 133 | 9 | separate_pid | 162.5/19.9 | 182.4/21.1 | 163.1/41.0 | 340 |
| ncr-03 | CLOUD_PROVIDER_GCP/us-east | 208 | 4.69 | 151 | 2 | separate_pid | 130.1/54.9 | 130.2/54.5 | 130.5/54.4 | 313 |
| ncr-04 | CLOUD_PROVIDER_GCP/us-west | 208 | 4.48 | 471 | 2 | separate_pid | 466.1/160.8 | 176.5/471.2 | 167.6/118.0 | 305 |
| ncr-05 | CLOUD_PROVIDER_GCP/us-east4 | 245 | 4.05 | 179 | 8 | separate_pid | 242.7/68.8 | 243.1/68.8 | 242.7/23.2 | 326 |
| ncr-06 | CLOUD_PROVIDER_GCP/us-east5 | 212 | 4.89 | 149 | 3 | separate_pid | 145.0/16.6 | 144.6/16.8 | 143.5/16.3 | 312 |
| ncr-07 | CLOUD_PROVIDER_GCP/europe-west2 | 177 | 4.70 | 350 | 2 | separate_pid | 325.4/108.5 | 89.0/349.7 | 88.8/64.6 | 319 |
| ncr-08 | CLOUD_PROVIDER_GCP/us-east | 297 | 4.78 | 217 | 8 | separate_pid | 209.8/21.8 | 209.3/40.1 | 214.5/40.1 | 308 |
| ncr-09 | CLOUD_PROVIDER_GCP/us-west | 336 | 3.21 | 334 | 17 | separate_pid | 323.7/24.4 | 333.7/24.7 | 313.4/24.2 | 391 |
| ncr-10 | CLOUD_PROVIDER_GCP/us-west | 718 | 2.83 | 524 | 4 | separate_pid | 498.7/279.3 | 508.3/523.1 | 483.4/279.0 | 383 |
| ncr-11 | CLOUD_PROVIDER_GCP/us-west | 534 | 3.51 | 458 | 9 | separate_pid | 433.5/126.3 | 402.4/457.6 | 395.0/126.2 | 332 |

large episodes=3  clean runs=5  total runs=11
