loaded workflow snapshot hash=02c162053d8538dfc7e48f44cf6e99ed0b4ed0dc3bd87282f8e2eda20a151305
terminated previous local ComfyUI processes
=== Redeploying comfyui-modal ===
Hiding GPUs: t4,l4,l40s

Deploy failed. ComfyUI was not launched.
Press any key to continue . . .
+- Error ---------------------------------------------------------------------+
| 'charmap' codec can't encode character '\u2713' in position 0: character    |
| maps to <undefined>                                                         |
+-----------------------------------------------------------------------------+
batch deploy failed; retrying with direct UTF-8 modal deploy
âœ“ Created objects.
â”œâ”€â”€ ðŸ”¨ Created mount C:\Users\parla\OneDrive\Documents\AI 
â”‚   HUB\ComfyUI\ComfyUI\custom_nodes\comfyui-modal\comfyapp.py
â”œâ”€â”€ ðŸ”¨ Created mount PythonPackage:gpu_catalog
â”œâ”€â”€ ðŸ”¨ Created mount PythonPackage:timing_trace
â”œâ”€â”€ ðŸ”¨ Created function download_model_to_volume.
â”œâ”€â”€ ðŸ”¨ Created function batch_download_models.
â”œâ”€â”€ ðŸ”¨ Created function upload_model_to_volume.
â”œâ”€â”€ ðŸ”¨ Created function upload_model_chunk.
â”œâ”€â”€ ðŸ”¨ Created web function ui => https://parlaxzx7--comfyui-ui.modal.run
â”œâ”€â”€ ðŸ”¨ Created function sync_custom_nodes_to_volume.
â”œâ”€â”€ ðŸ”¨ Created function get_volume_status.
â”œâ”€â”€ ðŸ”¨ Created function ComfyAPI_T4.*.
â”œâ”€â”€ ðŸ”¨ Created function ComfyAPI_L4.*.
â”œâ”€â”€ ðŸ”¨ Created function ComfyAPI.*.
â”œâ”€â”€ ðŸ”¨ Created function ComfyAPI_L40S.*.
â”œâ”€â”€ ðŸ”¨ Created function ComfyAPI_RTX_PRO_6000.*.
â”œâ”€â”€ ðŸ”¨ Created function ComfyAPI_A100.*.
â”œâ”€â”€ ðŸ”¨ Created function ComfyAPI_A100_40GB.*.
â”œâ”€â”€ ðŸ”¨ Created function ComfyAPI_H100.*.
â”œâ”€â”€ ðŸ”¨ Created function ComfyAPI_H200.*.
â”œâ”€â”€ ðŸ”¨ Created function ComfyAPI_B200.*.
â””â”€â”€ ðŸ”¨ Created function ComfyAPI_A100_80GB.*.
âœ“ App deployed in 5.286s! ðŸŽ‰

View Deployment: https://modal.com/apps/parlaxzx7/main/deployed/comfyui
launched local ComfyUI via run_nvidia_gpu.bat fallback path
local ComfyUI health check passed
error: Workflow validation failed: Prompt outputs failed validation; CheckpointLoaderSimple: Value not in list
