[mech] round 1 order=('A', 'B', 'C', 'D', 'E')
[mech] start A-r01
[mech] done A-r01 status=ok meas_gbps=4.345475198974592 pretreat=50.168722
[mech] start B-r01
[mech] done B-r01 status=ok meas_gbps=4.706190799919666 pretreat=154.743665
[mech] start C-r01
[mech] done C-r01 status=ok meas_gbps=4.4911930122067085 pretreat=112.932924
[mech] start D-r01
[mech] done D-r01 status=ok meas_gbps=4.443192752902759 pretreat=135.263365
[mech] start E-r01
[mech] done E-r01 status=ok meas_gbps=4.478819005793962 pretreat=154.588576
[mech] round 2 order=('B', 'C', 'D', 'E', 'A')
[mech] start B-r02
[mech] done B-r02 status=ok meas_gbps=4.884271248914567 pretreat=823.140086
[mech] start C-r02
[mech] done C-r02 status=ok meas_gbps=5.921885303210371 pretreat=83.441336
[mech] start D-r02
[mech] done D-r02 status=ok meas_gbps=3.654179781065376 pretreat=135.56347
[mech] start E-r02
[mech] done E-r02 status=ok meas_gbps=0.35316317989418095 pretreat=46442.18392
[mech] start A-r02
[mech] done A-r02 status=ok meas_gbps=1.2129680713320143 pretreat=44.087652
[mech] round 3 order=('C', 'D', 'E', 'A', 'B')
[mech] start C-r03
[mech] done C-r03 status=ok meas_gbps=5.564911388893857 pretreat=1403.037813
[mech] start D-r03
[mech] done D-r03 status=ok meas_gbps=5.139602444219842 pretreat=135.873263
[mech] start E-r03
[mech] done E-r03 status=ok meas_gbps=4.173983859147228 pretreat=182.836224
[mech] start A-r03
[mech] done A-r03 status=ok meas_gbps=5.025250766501924 pretreat=673.388291
[mech] start B-r03
[mech] done B-r03 status=ok meas_gbps=4.726009559534173 pretreat=1665.501536
[mech] round 4 order=('D', 'E', 'A', 'B', 'C')
[mech] start D-r04
[mech] done D-r04 status=ok meas_gbps=5.0862065893235515 pretreat=136.096112
[mech] start E-r04
[mech] done E-r04 status=ok meas_gbps=4.916502504376304 pretreat=3302.923086
[mech] start A-r04
[mech] done A-r04 status=ok meas_gbps=4.759225706876129 pretreat=5619.877801
[mech] start B-r04
[mech] done B-r04 status=ok meas_gbps=5.6382654820368545 pretreat=121.949957
[mech] start C-r04
[mech] done C-r04 status=ok meas_gbps=4.8332112766582105 pretreat=105.561278
[mech] round 5 order=('E', 'A', 'B', 'C', 'D')
[mech] start E-r05
[mech] done E-r05 status=ok meas_gbps=5.531431297210974 pretreat=4124.152021
[mech] start A-r05
[mech] done A-r05 status=ok meas_gbps=5.5680254260041675 pretreat=211.566919
[mech] start B-r05
[mech] done B-r05 status=ok meas_gbps=5.256397334818372 pretreat=772.970467
[mech] start C-r05
[mech] done C-r05 status=ok meas_gbps=6.04578795850179 pretreat=103.335928
[mech] start D-r05
[mech] done D-r05 status=ok meas_gbps=4.676919001170505 pretreat=136.121557
[mech] round 6 order=('A', 'B', 'C', 'D', 'E')
[mech] start A-r06
[mech] done A-r06 status=ok meas_gbps=4.2853135025146765 pretreat=61.816951
[mech] start B-r06
[mech] done B-r06 status=ok meas_gbps=3.485674163295229 pretreat=408.271823
[mech] start C-r06
[mech] done C-r06 status=ok meas_gbps=2.5066912779498605 pretreat=170.383368
[mech] start D-r06
[mech] done D-r06 status=ok meas_gbps=4.453557011468812 pretreat=874.392273
[mech] start E-r06
[mech] done E-r06 status=ok meas_gbps=5.318768321094008 pretreat=153.363571
[mech] round 7 order=('B', 'C', 'D', 'E', 'A')
[mech] start B-r07
[mech] done B-r07 status=ok meas_gbps=4.847240807745125 pretreat=926.298053
[mech] start C-r07
[mech] done C-r07 status=ok meas_gbps=5.339392837485834 pretreat=903.654917
[mech] start D-r07
[mech] done D-r07 status=ok meas_gbps=4.877096519432586 pretreat=135.223815
[mech] start E-r07
[mech] done E-r07 status=ok meas_gbps=5.2888946084299135 pretreat=142.465246
[mech] start A-r07
[mech] done A-r07 status=ok meas_gbps=4.5898700096581795 pretreat=703.186675
[mech] round 8 order=('C', 'D', 'E', 'A', 'B')
[mech] start C-r08
[mech] done C-r08 status=ok meas_gbps=5.039697370863131 pretreat=105.169449
[mech] start D-r08
[mech] done D-r08 status=ok meas_gbps=5.594891334068756 pretreat=641.478926
[mech] start E-r08
[mech] done E-r08 status=ok meas_gbps=4.726812624014208 pretreat=180.336503
[mech] start A-r08
[mech] done A-r08 status=ok meas_gbps=1.188248735009585 pretreat=624.735651
[mech] start B-r08
[mech] done B-r08 status=ok meas_gbps=5.11971206495438 pretreat=914.382462
[mech] round 9 order=('D', 'E', 'A', 'B', 'C')
[mech] start D-r09
[mech] done D-r09 status=ok meas_gbps=4.863316098252796 pretreat=135.465451
[mech] start E-r09
[mech] done E-r09 status=ok meas_gbps=4.927493130678487 pretreat=143.924128
[mech] start A-r09
[mech] done A-r09 status=ok meas_gbps=3.139497419560337 pretreat=234.74484
[mech] start B-r09
[mech] done B-r09 status=ok meas_gbps=4.912937339313164 pretreat=120.088161
[mech] start C-r09
[mech] done C-r09 status=ok meas_gbps=5.066847461285806 pretreat=92.508187
[mech] round 10 order=('E', 'A', 'B', 'C', 'D')
[mech] start E-r10
[mech] done E-r10 status=ok meas_gbps=5.288575109026771 pretreat=151.879718
[mech] start A-r10
[mech] done A-r10 status=ok meas_gbps=4.873119351444164 pretreat=44.365521
[mech] start B-r10
[mech] done B-r10 status=ok meas_gbps=5.075585849732889 pretreat=133.978663
[mech] start C-r10
[mech] done C-r10 status=ok meas_gbps=5.439743876605394 pretreat=86.43236
[mech] start D-r10
[mech] done D-r10 status=ok meas_gbps=5.020761365045605 pretreat=135.400928
[mech] round 11 order=('A', 'B', 'C', 'D', 'E')
[mech] start A-r11
[mech] done A-r11 status=ok meas_gbps=5.039301058067289 pretreat=47.513464
[mech] start B-r11
[mech] done B-r11 status=ok meas_gbps=5.734239654397511 pretreat=126.464994
[mech] start C-r11
[mech] done C-r11 status=ok meas_gbps=4.713071055619579 pretreat=100.924969
[mech] start D-r11
[mech] done D-r11 status=ok meas_gbps=5.624899277340279 pretreat=135.539983
[mech] start E-r11
[mech] done E-r11 status=ok meas_gbps=5.186499249614965 pretreat=847.397177
[mech] round 12 order=('B', 'C', 'D', 'E', 'A')
[mech] start B-r12
[mech] done B-r12 status=ok meas_gbps=5.35459463380754 pretreat=127.80695
[mech] start C-r12
[mech] done C-r12 status=ok meas_gbps=4.567657735450332 pretreat=108.922919
[mech] start D-r12
[mech] done D-r12 status=ok meas_gbps=4.823427446538295 pretreat=135.275438
[mech] start E-r12
[mech] done E-r12 status=ok meas_gbps=6.356083547940528 pretreat=155.565903
[mech] start A-r12
[mech] done A-r12 status=ok meas_gbps=5.442184472930875 pretreat=40.179399

arm | rep | region | primer calls/worker | primer MiB/worker | primer wall | wait | pretreat wall | max primer | primer>=500 | primer>=1000 | meas GB/s | meas max | >=250 | >=500 | >=1000 | total wall | eff total GB/s | QD ok?
| A | A-r01 | CLOUD_PROVIDER_OCI/us-chicago-1 | 1 | 16.0 | 50.0 | 0.1 | 50.2 | 13.4 | 0 | 0 | 4.345 | 236 | 0 | 0 | 0 | 1841.6 | 4.227 | True |
| A | A-r02 | CLOUD_PROVIDER_GCP/us-east | 1 | 16.0 | 43.9 | 0.2 | 44.1 | 12.8 | 0 | 0 | 1.213 | 5286 | 3 | 3 | 3 | 6461.9 | 1.205 | True |
| A | A-r03 | CLOUD_PROVIDER_GCP/us-east | 1 | 16.0 | 673.2 | 0.2 | 673.4 | 572.8 | 1 | 0 | 5.025 | 220 | 0 | 0 | 0 | 2222.5 | 3.503 | True |
| A | A-r04 | CLOUD_PROVIDER_UNSPECIFIED/odin | 1 | 16.0 | 5619.8 | 0.1 | 5619.9 | 3161.8 | 2 | 2 | 4.759 | 401 | 4 | 0 | 0 | 7255.6 | 1.073 | True |
| A | A-r05 | CLOUD_PROVIDER_GCP/asia-northeast3 | 1 | 16.0 | 211.4 | 0.2 | 211.6 | 176.8 | 0 | 0 | 5.568 | 198 | 0 | 0 | 0 | 1609.7 | 4.836 | True |
| A | A-r06 | CLOUD_PROVIDER_UNSPECIFIED/sines-2 | 1 | 16.0 | 61.7 | 0.1 | 61.8 | 20.5 | 0 | 0 | 4.285 | 236 | 0 | 0 | 0 | 1878.4 | 4.144 | True |
| A | A-r07 | CLOUD_PROVIDER_GCP/us-east4 | 1 | 16.0 | 703.0 | 0.2 | 703.2 | 665.4 | 1 | 0 | 4.590 | 225 | 0 | 0 | 0 | 2399.2 | 3.245 | True |
| A | A-r08 | CLOUD_PROVIDER_GCP/us-east4 | 1 | 16.0 | 624.6 | 0.2 | 624.7 | 558.1 | 1 | 0 | 1.188 | 5270 | 3 | 3 | 3 | 7176.1 | 1.085 | True |
| A | A-r09 | CLOUD_PROVIDER_UNSPECIFIED/uk | 1 | 16.0 | 234.6 | 0.1 | 234.7 | 173.9 | 0 | 0 | 3.139 | 679 | 4 | 2 | 0 | 2714.3 | 2.868 | True |
| A | A-r10 | CLOUD_PROVIDER_GCP/us-east4 | 1 | 16.0 | 44.3 | 0.1 | 44.4 | 11.8 | 0 | 0 | 4.873 | 207 | 0 | 0 | 0 | 1641.8 | 4.741 | True |
| A | A-r11 | CLOUD_PROVIDER_GCP/us-east | 1 | 16.0 | 47.4 | 0.2 | 47.5 | 12.1 | 0 | 0 | 5.039 | 217 | 0 | 0 | 0 | 1592.3 | 4.889 | True |
| A | A-r12 | CLOUD_PROVIDER_GCP/us-east | 1 | 16.0 | 40.1 | 0.1 | 40.2 | 11.2 | 0 | 0 | 5.442 | 189 | 0 | 0 | 0 | 1470.6 | 5.293 | True |
| B | B-r01 | CLOUD_PROVIDER_GCP/europe-west9 | 4 | 16.0 | 154.6 | 0.1 | 154.7 | 21.1 | 0 | 0 | 4.706 | 259 | 1 | 0 | 0 | 1808.9 | 4.304 | True |
| B | B-r02 | CLOUD_PROVIDER_UNSPECIFIED/eu-north | 4 | 16.0 | 822.9 | 0.2 | 823.1 | 715.4 | 1 | 0 | 4.884 | 203 | 0 | 0 | 0 | 2417.0 | 3.221 | True |
| B | B-r03 | CLOUD_PROVIDER_UNSPECIFIED/us-central | 4 | 16.0 | 1665.4 | 0.1 | 1665.5 | 943.6 | 1 | 0 | 4.726 | 228 | 0 | 0 | 0 | 3312.7 | 2.350 | True |
| B | B-r04 | CLOUD_PROVIDER_UNSPECIFIED/us-central | 4 | 16.0 | 121.9 | 0.1 | 121.9 | 13.6 | 0 | 0 | 5.638 | 198 | 0 | 0 | 0 | 1502.6 | 5.181 | True |
| B | B-r05 | CLOUD_PROVIDER_GCP/us-east | 4 | 16.0 | 772.8 | 0.2 | 773.0 | 650.5 | 1 | 0 | 5.256 | 188 | 0 | 0 | 0 | 2254.0 | 3.454 | True |
| B | B-r06 | CLOUD_PROVIDER_GCP/us-east4 | 4 | 16.0 | 408.1 | 0.2 | 408.3 | 266.6 | 0 | 0 | 3.486 | 978 | 3 | 1 | 0 | 2641.6 | 2.947 | True |
| B | B-r07 | CLOUD_PROVIDER_GCP/us-east4 | 4 | 16.0 | 926.1 | 0.2 | 926.3 | 825.9 | 1 | 0 | 4.847 | 204 | 0 | 0 | 0 | 2532.3 | 3.074 | True |
| B | B-r08 | CLOUD_PROVIDER_GCP/us-east | 4 | 16.0 | 914.2 | 0.1 | 914.4 | 741.4 | 1 | 0 | 5.120 | 198 | 0 | 0 | 0 | 2434.9 | 3.197 | True |
| B | B-r09 | CLOUD_PROVIDER_GCP/us-east | 4 | 16.0 | 119.9 | 0.1 | 120.1 | 25.9 | 0 | 0 | 4.913 | 218 | 0 | 0 | 0 | 1704.6 | 4.567 | True |
| B | B-r10 | CLOUD_PROVIDER_GCP/us-east | 4 | 16.0 | 133.8 | 0.2 | 134.0 | 13.7 | 0 | 0 | 5.076 | 198 | 0 | 0 | 0 | 1667.7 | 4.668 | True |
| B | B-r11 | CLOUD_PROVIDER_GCP/us-east | 4 | 16.0 | 126.3 | 0.2 | 126.5 | 23.1 | 0 | 0 | 5.734 | 212 | 0 | 0 | 0 | 1484.0 | 5.246 | True |
| B | B-r12 | CLOUD_PROVIDER_GCP/us-east | 4 | 16.0 | 127.7 | 0.1 | 127.8 | 13.6 | 0 | 0 | 5.355 | 173 | 0 | 0 | 0 | 1581.6 | 4.922 | True |
| C | C-r01 | CLOUD_PROVIDER_OCI/us-chicago-1 | 16 | 4.0 | 112.8 | 0.1 | 112.9 | 20.0 | 0 | 0 | 4.491 | 249 | 0 | 0 | 0 | 1846.2 | 4.216 | True |
| C | C-r02 | CLOUD_PROVIDER_UNSPECIFIED/odin | 16 | 4.0 | 83.4 | 0.1 | 83.4 | 23.2 | 0 | 0 | 5.922 | 193 | 0 | 0 | 0 | 1398.0 | 5.568 | True |
| C | C-r03 | CLOUD_PROVIDER_UNSPECIFIED/sea | 16 | 4.0 | 1402.9 | 0.2 | 1403.0 | 310.1 | 0 | 0 | 5.565 | 192 | 0 | 0 | 0 | 2801.9 | 2.778 | True |
| C | C-r04 | CLOUD_PROVIDER_UNSPECIFIED/london | 16 | 4.0 | 105.5 | 0.1 | 105.6 | 17.1 | 0 | 0 | 4.833 | 218 | 0 | 0 | 0 | 1716.2 | 4.536 | True |
| C | C-r05 | CLOUD_PROVIDER_UNSPECIFIED/odin | 16 | 4.0 | 103.2 | 0.2 | 103.3 | 16.6 | 0 | 0 | 6.046 | 209 | 0 | 0 | 0 | 1390.9 | 5.597 | True |
| C | C-r06 | CLOUD_PROVIDER_GCP/ap-northeast | 16 | 4.0 | 170.0 | 0.4 | 170.4 | 19.4 | 0 | 0 | 2.507 | 410 | 1 | 0 | 0 | 3275.9 | 2.376 | True |
| C | C-r07 | CLOUD_PROVIDER_GCP/us-east | 16 | 4.0 | 903.5 | 0.1 | 903.7 | 592.1 | 1 | 0 | 5.339 | 210 | 0 | 0 | 0 | 2361.6 | 3.296 | True |
| C | C-r08 | CLOUD_PROVIDER_GCP/us-east | 16 | 4.0 | 105.1 | 0.1 | 105.2 | 10.8 | 0 | 0 | 5.040 | 248 | 0 | 0 | 0 | 1649.8 | 4.718 | True |
| C | C-r09 | CLOUD_PROVIDER_GCP/us-east4 | 16 | 4.0 | 92.4 | 0.1 | 92.5 | 18.7 | 0 | 0 | 5.067 | 189 | 0 | 0 | 0 | 1628.9 | 4.779 | True |
| C | C-r10 | CLOUD_PROVIDER_GCP/us-east | 16 | 4.0 | 86.3 | 0.1 | 86.4 | 15.8 | 0 | 0 | 5.440 | 190 | 0 | 0 | 0 | 1517.5 | 5.130 | True |
| C | C-r11 | CLOUD_PROVIDER_GCP/us-east | 16 | 4.0 | 100.8 | 0.1 | 100.9 | 16.2 | 0 | 0 | 4.713 | 204 | 0 | 0 | 0 | 1752.6 | 4.442 | True |
| C | C-r12 | CLOUD_PROVIDER_GCP/us-east | 16 | 4.0 | 108.8 | 0.1 | 108.9 | 14.1 | 0 | 0 | 4.568 | 246 | 0 | 0 | 0 | 1813.2 | 4.293 | True |
| D | D-r01 | CLOUD_PROVIDER_OCI/us-chicago-1 | 1 | 16.0 | 51.0 | 84.3 | 135.3 | 13.5 | 0 | 0 | 4.443 | 225 | 0 | 0 | 0 | 1887.3 | 4.125 | True |
| D | D-r02 | CLOUD_PROVIDER_AWS/us-east | 1 | 16.0 | 38.3 | 97.3 | 135.6 | 10.5 | 0 | 0 | 3.654 | 188 | 0 | 0 | 0 | 2265.9 | 3.436 | True |
| D | D-r03 | CLOUD_PROVIDER_GCP/us-east | 1 | 16.0 | 44.9 | 91.0 | 135.9 | 11.5 | 0 | 0 | 5.140 | 220 | 0 | 0 | 0 | 1650.5 | 4.717 | True |
| D | D-r04 | CLOUD_PROVIDER_GCP/europe-west9 | 1 | 16.0 | 46.7 | 89.4 | 136.1 | 11.9 | 0 | 0 | 5.086 | 201 | 0 | 0 | 0 | 1666.6 | 4.671 | True |
| D | D-r05 | CLOUD_PROVIDER_GCP/europe-west9 | 1 | 16.0 | 60.3 | 75.8 | 136.1 | 15.0 | 0 | 0 | 4.677 | 269 | 1 | 0 | 0 | 1800.6 | 4.323 | True |
| D | D-r06 | CLOUD_PROVIDER_GCP/us-east | 1 | 16.0 | 874.2 | 0.2 | 874.4 | 838.2 | 1 | 0 | 4.454 | 212 | 0 | 0 | 0 | 2622.3 | 2.969 | True |
| D | D-r07 | CLOUD_PROVIDER_GCP/us-east | 1 | 16.0 | 53.6 | 81.6 | 135.2 | 14.6 | 0 | 0 | 4.877 | 253 | 1 | 0 | 0 | 1731.4 | 4.496 | True |
| D | D-r08 | CLOUD_PROVIDER_GCP/us-east | 1 | 16.0 | 641.3 | 0.1 | 641.5 | 574.1 | 1 | 0 | 5.595 | 206 | 0 | 0 | 0 | 2032.9 | 3.829 | True |
| D | D-r09 | CLOUD_PROVIDER_GCP/us-east | 1 | 16.0 | 48.6 | 86.9 | 135.5 | 13.1 | 0 | 0 | 4.863 | 253 | 1 | 0 | 0 | 1736.1 | 4.484 | True |
| D | D-r10 | CLOUD_PROVIDER_GCP/us-east | 1 | 16.0 | 44.1 | 91.3 | 135.4 | 12.2 | 0 | 0 | 5.021 | 199 | 0 | 0 | 0 | 1685.9 | 4.618 | True |
| D | D-r11 | CLOUD_PROVIDER_GCP/us-east | 1 | 16.0 | 39.7 | 95.9 | 135.5 | 10.2 | 0 | 0 | 5.625 | 186 | 0 | 0 | 0 | 1519.5 | 5.123 | True |
| D | D-r12 | CLOUD_PROVIDER_GCP/us-east | 1 | 16.0 | 41.3 | 94.0 | 135.3 | 10.4 | 0 | 0 | 4.823 | 199 | 0 | 0 | 0 | 1749.2 | 4.450 | True |
| E | E-r01 | CLOUD_PROVIDER_OCI/us-chicago-1 | 1 | 64.0 | 154.4 | 0.2 | 154.6 | 56.8 | 0 | 0 | 4.479 | 92 | 0 | 0 | 0 | 1892.7 | 4.113 | True |
| E | E-r02 | CLOUD_PROVIDER_UNSPECIFIED/sines-2 | 1 | 64.0 | 46442.0 | 0.2 | 46442.2 | 19803.0 | 4 | 4 | 0.353 | 7486 | 10 | 10 | 7 | 68484.8 | 0.114 | True |
| E | E-r03 | CLOUD_PROVIDER_GCP/us-east4 | 1 | 64.0 | 182.3 | 0.6 | 182.8 | 69.0 | 0 | 0 | 4.174 | 127 | 0 | 0 | 0 | 2047.9 | 3.801 | True |
| E | E-r04 | CLOUD_PROVIDER_GCP/asia-south2 | 1 | 64.0 | 3302.7 | 0.2 | 3302.9 | 3147.5 | 1 | 1 | 4.917 | 120 | 0 | 0 | 0 | 4886.3 | 1.593 | True |
| E | E-r05 | CLOUD_PROVIDER_GCP/ap-northeast | 1 | 64.0 | 4124.0 | 0.1 | 4124.2 | 4014.1 | 1 | 1 | 5.531 | 109 | 0 | 0 | 0 | 5531.5 | 1.407 | True |
| E | E-r06 | CLOUD_PROVIDER_UNSPECIFIED/eu-north | 1 | 64.0 | 153.2 | 0.1 | 153.4 | 53.4 | 0 | 0 | 5.319 | 94 | 0 | 0 | 0 | 1617.0 | 4.814 | True |
| E | E-r07 | CLOUD_PROVIDER_GCP/us-east | 1 | 64.0 | 142.3 | 0.2 | 142.5 | 53.4 | 0 | 0 | 5.289 | 82 | 0 | 0 | 0 | 1614.3 | 4.822 | True |
| E | E-r08 | CLOUD_PROVIDER_GCP/us-east4 | 1 | 64.0 | 180.1 | 0.2 | 180.3 | 65.7 | 0 | 0 | 4.727 | 120 | 0 | 0 | 0 | 1827.2 | 4.260 | True |
| E | E-r09 | CLOUD_PROVIDER_GCP/us-east | 1 | 64.0 | 143.7 | 0.2 | 143.9 | 54.6 | 0 | 0 | 4.927 | 80 | 0 | 0 | 0 | 1723.8 | 4.516 | True |
| E | E-r10 | CLOUD_PROVIDER_GCP/us-east | 1 | 64.0 | 151.8 | 0.1 | 151.9 | 58.1 | 0 | 0 | 5.289 | 84 | 0 | 0 | 0 | 1623.9 | 4.794 | True |
| E | E-r11 | CLOUD_PROVIDER_GCP/us-east | 1 | 64.0 | 847.2 | 0.2 | 847.4 | 752.7 | 1 | 0 | 5.186 | 72 | 0 | 0 | 0 | 2348.3 | 3.315 | True |
| E | E-r12 | CLOUD_PROVIDER_GCP/us-east | 1 | 64.0 | 155.4 | 0.2 | 155.6 | 57.9 | 0 | 0 | 6.356 | 87 | 0 | 0 | 0 | 1380.3 | 5.640 | True |

=== per-arm summary (n=12) ===

A: n=12 primer=1x16.0MiB
  primer wall median=136.5 mean=696.2 | pretreat wall median=136.7 | patho primer runs=4
  measured GB/s median=4.675 mean=4.122 min=1.188 max=5.568 sd=1.501
  runs measured >=250/500/1000: 4/3/2 | total measured >=250/500/1000: 14/8/6 | worst measured 5286 ms
  total wall median=2050.4 mean=3188.7 | eff total GB/s median=3.823 mean=3.426

B: n=12 primer=4x16.0MiB
  primer wall median=281.3 mean=524.5 | pretreat wall median=281.5 | patho primer runs=5
  measured GB/s median=4.994 mean=4.978 min=3.486 max=5.734 sd=0.576
  runs measured >=250/500/1000: 2/1/0 | total measured >=250/500/1000: 4/1/0 | worst measured 978 ms
  total wall median=2031.4 mean=2111.8 | eff total GB/s median=3.879 mean=3.927

C: n=12 primer=16x4.0MiB
  primer wall median=105.3 mean=281.2 | pretreat wall median=105.4 | patho primer runs=1
  measured GB/s median=5.053 mean=4.961 min=2.507 max=6.046 sd=0.921
  runs measured >=250/500/1000: 1/0/0 | total measured >=250/500/1000: 1/0/0 | worst measured 410 ms
  total wall median=1734.4 mean=1929.4 | eff total GB/s median=4.489 mean=4.311

D: n=12 primer=1x16.0MiB
  primer wall median=47.6 mean=165.3 | pretreat wall median=135.6 | patho primer runs=2
  measured GB/s median=4.870 mean=4.855 min=3.654 max=5.625 sd=0.532
  runs measured >=250/500/1000: 3/0/0 | total measured >=250/500/1000: 3/0/0 | worst measured 269 ms
  total wall median=1742.7 mean=1862.4 | eff total GB/s median=4.467 mean=4.270

E: n=12 primer=1x64.0MiB
  primer wall median=167.7 mean=4664.9 | pretreat wall median=168.0 | patho primer runs=4
  measured GB/s median=5.057 mean=4.712 min=0.353 max=6.356 sd=1.479
  runs measured >=250/500/1000: 1/1/1 | total measured >=250/500/1000: 10/10/7 | worst measured 7486 ms
  total wall median=1860.0 mean=7914.8 | eff total GB/s median=4.187 mean=3.599

=== cumulative-bytes analysis (arms B and C) ===

B: cumulative MiB before primer -> latency
  cum MiB | n | median | p95 | max | >=250 | >=500 | >=1000
        0 | 48 | 11.3 | 741.4 | 944 | 6 | 5 | 0
       16 | 48 | 13.6 | 29.9 | 408 | 1 | 0 | 0
       32 | 48 | 4.8 | 37.2 | 210 | 0 | 0 | 0
       48 | 48 | 13.1 | 19.9 | 27 | 0 | 0 | 0

C: cumulative MiB before primer -> latency
  cum MiB | n | median | p95 | max | >=250 | >=500 | >=1000
        0 | 48 | 6.4 | 162.9 | 275 | 1 | 0 | 0
        4 | 48 | 7.0 | 270.6 | 592 | 3 | 1 | 0
        8 | 48 | 5.9 | 10.6 | 13 | 0 | 0 | 0
       12 | 48 | 11.1 | 66.7 | 275 | 1 | 0 | 0
       16 | 48 | 1.4 | 8.7 | 15 | 0 | 0 | 0
       20 | 48 | 5.9 | 23.2 | 310 | 1 | 0 | 0
       24 | 48 | 1.2 | 10.7 | 13 | 0 | 0 | 0
       28 | 48 | 3.7 | 16.6 | 201 | 0 | 0 | 0
       32 | 48 | 1.2 | 16.8 | 138 | 0 | 0 | 0
       36 | 48 | 1.0 | 7.5 | 11 | 0 | 0 | 0
       40 | 48 | 0.9 | 6.4 | 14 | 0 | 0 | 0
       44 | 48 | 1.0 | 4.3 | 9 | 0 | 0 | 0
       48 | 48 | 0.9 | 1.3 | 18 | 0 | 0 | 0
       52 | 48 | 0.9 | 1.3 | 6 | 0 | 0 | 0
       56 | 48 | 1.0 | 2.9 | 8 | 0 | 0 | 0
       60 | 48 | 1.0 | 4.6 | 7 | 0 | 0 | 0

=== per-worker primer sequences for B and C (first 3 runs each) ===
B B-r01: w0=[15.7, 18.5, 14.3, 16.4] w1=[16.6, 15.6, 5.6, 21.1] w2=[7.3, 15.6, 5.6, 14.9] w3=[6.1, 17.0, 5.0, 3.5]
B B-r02: w0=[715.4, 14.3, 12.6, 12.7] w1=[12.9, 12.2, 3.6, 12.4] w2=[12.6, 12.3, 4.1, 13.2] w3=[6.1, 12.9, 4.7, 3.5]
B B-r03: w0=[943.6, 407.8, 210.2, 13.1] w1=[13.3, 18.6, 13.6, 18.1] w2=[13.6, 14.2, 17.8, 13.6] w3=[5.6, 11.1, 5.2, 4.7]
C C-r01: w0=[5.0, 4.6, 5.6, 10.3, 6.1, 0.9, 10.7, 11.2, 2.4, 10.9, 5.2, 0.8, 0.9, 1.1, 0.9, 1.4] w1=[6.8, 5.3, 5.7, 11.2, 1.4, 1.0, 10.3, 9.4, 1.8, 1.1, 1.1, 1.0, 1.0, 1.1, 0.9, 2.0] w2=[11.3, 6.7, 5.9, 20.0, 5.8, 1.0, 1.1, 2.8, 1.4, 1.0, 0.8, 1.0, 1.4, 0.9, 0.9, 1.3] w3=[5.1, 7.6, 1.3, 10.1, 1.2, 9.3, 1.2, 1.4, 0.8, 0.8, 1.0, 1.5, 1.2, 1.1, 1.0, 1.0]
C C-r02: w0=[5.2, 5.7, 5.9, 9.8, 7.3, 7.3, 1.2, 7.0, 7.3, 1.1, 0.8, 0.7, 0.7, 0.7, 0.7, 0.7] w1=[6.0, 10.0, 7.2, 7.4, 1.4, 23.2, 1.1, 0.8, 0.8, 1.5, 0.8, 1.4, 1.0, 0.8, 1.0, 0.8] w2=[7.4, 7.5, 5.1, 9.1, 1.4, 0.8, 0.7, 8.3, 0.8, 0.8, 0.7, 0.6, 0.6, 0.7, 1.0, 4.8] w3=[10.6, 9.7, 0.8, 8.3, 1.0, 0.9, 2.6, 0.7, 1.7, 0.9, 0.6, 0.5, 1.0, 0.9, 0.8, 0.7]
C C-r03: w0=[137.9, 270.6, 7.8, 275.4, 1.7, 309.7, 7.0, 201.4, 137.5, 2.1, 14.3, 1.0, 0.9, 0.8, 0.8, 1.2] w1=[275.3, 310.1, 8.6, 201.1, 1.1, 136.2, 1.2, 17.0, 1.0, 0.8, 0.8, 0.9, 0.9, 0.9, 0.9, 0.7] w2=[201.0, 137.3, 1.2, 14.3, 1.5, 1.4, 1.1, 9.0, 1.2, 1.2, 1.1, 1.2, 1.2, 0.9, 0.8, 1.2] w3=[4.6, 15.0, 1.2, 5.1, 3.4, 1.3, 1.3, 10.3, 1.2, 1.0, 1.6, 1.4, 1.2, 1.2, 1.1, 2.8]
