[ls] start ls-qd1-r1 qd=1 gap_ms=0.0
[ls] done ls-qd1-r1 gpu=NVIDIA H100 80GB HBM3 gbps=1.850046227710714 worst=48.652653 obs_min_gap=32.991777 frac_overlap=0.0
[ls] start ls-g0-r1 qd=4 gap_ms=0.0
[ls] done ls-g0-r1 gpu=NVIDIA H100 80GB HBM3 gbps=2.7653812086949525 worst=1580.664701 obs_min_gap=0.01455 frac_overlap=0.9833333333333333
[ls] start ls-g1-r1 qd=4 gap_ms=1.0
[ls] done ls-g1-r1 gpu=NVIDIA H100 80GB HBM3 gbps=4.6429530187111725 worst=110.846244 obs_min_gap=1.00144 frac_overlap=0.9833333333333333
[ls] start ls-g2-r1 qd=4 gap_ms=2.0
[ls] done ls-g2-r1 gpu=NVIDIA H100 80GB HBM3 gbps=4.667761414366451 worst=129.435795 obs_min_gap=2.02158 frac_overlap=0.975
[ls] start ls-g4-r1 qd=4 gap_ms=4.0
[ls] done ls-g4-r1 gpu=NVIDIA H100 80GB HBM3 gbps=6.574746515701017 worst=147.500833 obs_min_gap=4.014486 frac_overlap=0.9833333333333333
[ls] start ls-g8-r1 qd=4 gap_ms=8.0
[ls] done ls-g8-r1 gpu=NVIDIA H100 80GB HBM3 gbps=5.828624103429005 worst=104.924237 obs_min_gap=8.028847 frac_overlap=0.9916666666666667
[ls] start ls-g16-r1 qd=4 gap_ms=16.0
[ls] done ls-g16-r1 gpu=NVIDIA H100 80GB HBM3 gbps=3.2849163745090433 worst=409.197363 obs_min_gap=16.086023 frac_overlap=0.975
[ls] start ls-g32-r1 qd=4 gap_ms=32.0
[ls] done ls-g32-r1 gpu=NVIDIA H100 80GB HBM3 gbps=2.0552132805853813 worst=60.174984 obs_min_gap=32.001052 frac_overlap=0.175
[ls] start ls-g64-r1 qd=4 gap_ms=64.0
[ls] done ls-g64-r1 gpu=NVIDIA H100 80GB HBM3 gbps=1.0435770700249911 worst=47.709196 obs_min_gap=64.007281 frac_overlap=0.0
[ls] start ls-g2-r2 qd=4 gap_ms=2.0
[ls] done ls-g2-r2 gpu=NVIDIA H100 80GB HBM3 gbps=4.976042265613862 worst=166.622828 obs_min_gap=2.05686 frac_overlap=0.9916666666666667
[ls] start ls-g4-r2 qd=4 gap_ms=4.0
[ls] done ls-g4-r2 gpu=NVIDIA H100 80GB HBM3 gbps=6.1988077298332485 worst=98.286755 obs_min_gap=4.043649 frac_overlap=0.9833333333333333
[ls] start ls-g8-r2 qd=4 gap_ms=8.0
[ls] done ls-g8-r2 gpu=NVIDIA H100 80GB HBM3 gbps=3.909501574840893 worst=680.556613 obs_min_gap=8.003532 frac_overlap=0.9916666666666667
[ls] start ls-g16-r2 qd=4 gap_ms=16.0
[ls] done ls-g16-r2 gpu=NVIDIA H100 80GB HBM3 gbps=3.937657701217929 worst=90.995209 obs_min_gap=16.007214 frac_overlap=0.975
[ls] start ls-g32-r2 qd=4 gap_ms=32.0
[ls] done ls-g32-r2 gpu=NVIDIA H100 80GB HBM3 gbps=2.066000284718844 worst=94.037165 obs_min_gap=31.998625 frac_overlap=0.9583333333333334
[ls] start ls-g64-r2 qd=4 gap_ms=64.0
[ls] done ls-g64-r2 gpu=NVIDIA H100 80GB HBM3 gbps=1.0451393144890113 worst=48.680771 obs_min_gap=63.999405 frac_overlap=0.0
[ls] start ls-qd1-r2 qd=1 gap_ms=0.0
[ls] done ls-qd1-r2 gpu=NVIDIA H100 80GB HBM3 gbps=1.8321132702100134 worst=59.365446 obs_min_gap=32.902048 frac_overlap=0.0
[ls] start ls-g0-r2 qd=4 gap_ms=0.0
[ls] done ls-g0-r2 gpu=NVIDIA H100 80GB HBM3 gbps=5.97604567500193 worst=162.56945 obs_min_gap=0.015466 frac_overlap=0.9916666666666667
[ls] start ls-g1-r2 qd=4 gap_ms=1.0
[ls] done ls-g1-r2 gpu=NVIDIA H100 80GB HBM3 gbps=4.48617497947944 worst=147.365892 obs_min_gap=1.054095 frac_overlap=0.9166666666666666
[ls] start ls-g16-r3 qd=4 gap_ms=16.0
[ls] done ls-g16-r3 gpu=NVIDIA H100 80GB HBM3 gbps=3.943934498268064 worst=82.847681 obs_min_gap=16.029911 frac_overlap=0.9583333333333334
[ls] start ls-g32-r3 qd=4 gap_ms=32.0
[ls] done ls-g32-r3 gpu=NVIDIA H100 80GB HBM3 gbps=1.7903948875690239 worst=697.853495 obs_min_gap=32.045298 frac_overlap=0.95
[ls] start ls-g64-r3 qd=4 gap_ms=64.0
[ls] done ls-g64-r3 gpu=NVIDIA H100 80GB HBM3 gbps=0.9572100726929333 worst=884.596378 obs_min_gap=64.00882 frac_overlap=0.025
[ls] start ls-qd1-r3 qd=1 gap_ms=0.0
[ls] done ls-qd1-r3 gpu=NVIDIA H100 80GB HBM3 gbps=2.234602640787075 worst=48.093952 obs_min_gap=25.591421 frac_overlap=0.0
[ls] start ls-g0-r3 qd=4 gap_ms=0.0
[ls] done ls-g0-r3 gpu=NVIDIA H100 80GB HBM3 gbps=5.437027919620356 worst=213.364855 obs_min_gap=0.01172 frac_overlap=0.9916666666666667
[ls] start ls-g1-r3 qd=4 gap_ms=1.0
[ls] done ls-g1-r3 gpu=NVIDIA H100 80GB HBM3 gbps=3.8395390940743206 worst=150.789504 obs_min_gap=1.04669 frac_overlap=0.9833333333333333
[ls] start ls-g2-r3 qd=4 gap_ms=2.0
[ls] done ls-g2-r3 gpu=NVIDIA H100 80GB HBM3 gbps=4.930047143317917 worst=137.41021 obs_min_gap=2.073856 frac_overlap=0.9833333333333333
[ls] start ls-g4-r3 qd=4 gap_ms=4.0
[ls] done ls-g4-r3 gpu=NVIDIA H100 80GB HBM3 gbps=5.848224196063234 worst=84.661724 obs_min_gap=4.002837 frac_overlap=0.9833333333333333
[ls] start ls-g8-r3 qd=4 gap_ms=8.0
[ls] done ls-g8-r3 gpu=NVIDIA H100 80GB HBM3 gbps=4.776191142339804 worst=103.597093 obs_min_gap=8.037511 frac_overlap=0.975

valid H100 runs: 27 / 27

=== per-run ===
run              qd   gap    gbps    worst >=250 >=500>=1000  obs_min  obs_med frac_ovl eff_conc
ls-qd1-r1         1     0   1.850       49     0     0     0    32.99    36.00    0.000     1.00
ls-g0-r1          4     0   2.765     1581     4     4     4     0.01     7.62    0.983     3.91
ls-g1-r1          4     1   4.643      111     0     0     0     1.00     7.54    0.983     3.72
ls-g2-r1          4     2   4.668      129     0     0     0     2.02     8.62    0.975     3.70
ls-g4-r1          4     4   6.575      148     0     0     0     4.01     4.96    0.983     3.56
ls-g8-r1          4     8   5.829      105     0     0     0     8.03     8.99    0.992     3.53
ls-g16-r1         4    16   3.285      409     2     0     0    16.09    16.71    0.975     2.35
ls-g32-r1         4    32   2.055       60     0     0     0    32.00    32.77    0.175     0.95
ls-g64-r1         4    64   1.044       48     0     0     0    64.01    64.59    0.000     0.48
ls-g2-r2          4     2   4.976      167     0     0     0     2.06     9.80    0.992     3.67
ls-g4-r2          4     4   6.199       98     0     0     0     4.04     6.59    0.983     3.59
ls-g8-r2          4     8   3.910      681     2     2     0     8.00     8.98    0.992     3.10
ls-g16-r2         4    16   3.938       91     0     0     0    16.01    16.30    0.975     2.09
ls-g32-r2         4    32   2.066       94     0     0     0    32.00    32.27    0.958     1.18
ls-g64-r2         4    64   1.045       49     0     0     0    64.00    64.46    0.000     0.51
ls-qd1-r2         1     0   1.832       59     0     0     0    32.90    36.16    0.000     1.00
ls-g0-r2          4     0   5.976      163     0     0     0     0.02     7.65    0.992     3.87
ls-g1-r2          4     1   4.486      147     0     0     0     1.05    11.38    0.917     3.37
ls-g16-r3         4    16   3.944       83     0     0     0    16.03    16.26    0.958     1.97
ls-g32-r3         4    32   1.790      698     2     2     0    32.05    32.46    0.950     1.30
ls-g64-r3         4    64   0.957      885     2     2     0    64.01    64.47    0.025     0.68
ls-qd1-r3         1     0   2.235       48     0     0     0    25.59    29.55    0.000     1.00
ls-g0-r3          4     0   5.437      213     0     0     0     0.01     8.21    0.992     3.90
ls-g1-r3          4     1   3.840      151     0     0     0     1.05    12.11    0.983     3.74
ls-g2-r3          4     2   4.930      137     0     0     0     2.07    10.68    0.983     3.76
ls-g4-r3          4     4   5.848       85     0     0     0     4.00     6.09    0.983     3.52
ls-g8-r3          4     8   4.776      104     0     0     0     8.04     9.06    0.975     3.57

=== per-arm summary ===
arm     n  med_gbps  min_gbps     worst  >=250  >=500 >=1000 obs_med_gap  frac_ovl  eff_conc
qd1     3     1.850     1.832        59      0      0      0       36.00     0.000      1.00
g0      3     5.437     2.765      1581      4      4      4        7.65     0.992      3.90
g1      3     4.486     3.840       151      0      0      0       11.38     0.983      3.72
g2      3     4.930     4.668       167      0      0      0        9.80     0.983      3.70
g4      3     6.199     5.848       148      0      0      0        6.09     0.983      3.56
g8      3     4.776     3.910       681      2      2      0        8.99     0.992      3.53
g16     3     3.938     3.285       409      2      0      0       16.30     0.975      2.09
g32     3     2.055     1.790       698      2      2      0       32.46     0.950      1.18
g64     3     1.044     0.957       885      2      2      0       64.47     0.000      0.51

=== per-arm generation breakdown (g0..g3) ===
  qd1   | g0: n=3 max=59 ge500=0 ge1000=0 | g1: n=3 max=41 ge500=0 ge1000=0 | g2: n=3 max=41 ge500=0 ge1000=0 | g3: n=3 max=40 ge500=0 ge1000=0
  g0    | g0: n=12 max=1581 ge500=4 ge1000=4 | g1: n=12 max=117 ge500=0 ge1000=0 | g2: n=12 max=62 ge500=0 ge1000=0 | g3: n=12 max=71 ge500=0 ge1000=0
  g1    | g0: n=12 max=151 ge500=0 ge1000=0 | g1: n=12 max=87 ge500=0 ge1000=0 | g2: n=12 max=100 ge500=0 ge1000=0 | g3: n=12 max=147 ge500=0 ge1000=0
  g2    | g0: n=12 max=167 ge500=0 ge1000=0 | g1: n=12 max=75 ge500=0 ge1000=0 | g2: n=12 max=83 ge500=0 ge1000=0 | g3: n=12 max=72 ge500=0 ge1000=0
  g4    | g0: n=12 max=148 ge500=0 ge1000=0 | g1: n=12 max=45 ge500=0 ge1000=0 | g2: n=12 max=57 ge500=0 ge1000=0 | g3: n=12 max=44 ge500=0 ge1000=0
  g8    | g0: n=12 max=681 ge500=2 ge1000=0 | g1: n=12 max=76 ge500=0 ge1000=0 | g2: n=12 max=68 ge500=0 ge1000=0 | g3: n=12 max=73 ge500=0 ge1000=0
  g16   | g0: n=12 max=409 ge500=0 ge1000=0 | g1: n=12 max=57 ge500=0 ge1000=0 | g2: n=12 max=69 ge500=0 ge1000=0 | g3: n=12 max=139 ge500=0 ge1000=0
  g32   | g0: n=12 max=698 ge500=2 ge1000=0 | g1: n=12 max=49 ge500=0 ge1000=0 | g2: n=12 max=44 ge500=0 ge1000=0 | g3: n=12 max=43 ge500=0 ge1000=0
  g64   | g0: n=12 max=885 ge500=2 ge1000=0 | g1: n=12 max=46 ge500=0 ge1000=0 | g2: n=12 max=40 ge500=0 ge1000=0 | g3: n=12 max=39 ge500=0 ge1000=0

=== first four global launches (all runs) ===
  ls-qd1-r1        qd1 gap0 :: #0w0 t=0.0 gap=- lat=49 act=0 | #1w0 t=48.7 gap=48.68 lat=41 act=0 | #2w0 t=90.1 gap=41.46 lat=38 act=0 | #3w0 t=128.4 gap=38.27 lat=36 act=0
  ls-g0-r1         qd4 gap0 :: #0w3 t=0.0 gap=- lat=1400 act=0 | #1w0 t=0.6 gap=0.64 lat=1459 act=1 | #2w1 t=0.7 gap=0.06 lat=1581 act=2 | #3w2 t=0.7 gap=0.03 lat=1512 act=3
  ls-g1-r1         qd4 gap1 :: #0w3 t=0.0 gap=- lat=50 act=0 | #1w0 t=1.4 gap=1.44 lat=97 act=1 | #2w2 t=49.4 gap=47.99 lat=105 act=2 | #3w0 t=98.9 gap=49.49 lat=48 act=1
  ls-g2-r1         qd4 gap2 :: #0w3 t=0.0 gap=- lat=42 act=0 | #1w1 t=2.8 gap=2.77 lat=88 act=1 | #2w3 t=42.0 gap=39.22 lat=44 act=1 | #3w2 t=44.2 gap=2.17 lat=98 act=2
  ls-g4-r1         qd4 gap4 :: #0w3 t=0.0 gap=- lat=50 act=0 | #1w0 t=4.0 gap=4.03 lat=148 act=1 | #2w2 t=49.6 gap=45.56 lat=48 act=2 | #3w2 t=98.0 gap=48.39 lat=43 act=1
  ls-g8-r1         qd4 gap8 :: #0w3 t=0.0 gap=- lat=43 act=0 | #1w0 t=8.6 gap=8.63 lat=81 act=1 | #2w1 t=42.5 gap=33.86 lat=98 act=2 | #3w3 t=89.3 gap=46.83 lat=35 act=2
  ls-g16-r1        qd4 gap16 :: #0w3 t=0.0 gap=- lat=409 act=0 | #1w1 t=16.5 gap=16.54 lat=393 act=1 | #2w0 t=348.0 gap=331.43 lat=129 act=2 | #3w1 t=409.1 gap=61.17 lat=51 act=2
  ls-g32-r1        qd4 gap32 :: #0w3 t=0.0 gap=- lat=46 act=0 | #1w0 t=32.0 gap=32.02 lat=60 act=1 | #2w3 t=64.4 gap=32.42 lat=34 act=1 | #3w1 t=97.3 gap=32.88 lat=48 act=1
  ls-g64-r1        qd4 gap64 :: #0w3 t=0.0 gap=- lat=43 act=0 | #1w0 t=64.1 gap=64.08 lat=41 act=0 | #2w0 t=128.7 gap=64.64 lat=29 act=0 | #3w1 t=193.6 gap=64.88 lat=40 act=0
  ls-g2-r2         qd4 gap2 :: #0w3 t=0.0 gap=- lat=71 act=0 | #1w2 t=2.1 gap=2.09 lat=167 act=1 | #2w0 t=71.1 gap=69.03 lat=50 act=2 | #3w0 t=120.9 gap=49.78 lat=41 act=1
  ls-g4-r2         qd4 gap4 :: #0w3 t=0.0 gap=- lat=45 act=0 | #1w1 t=4.2 gap=4.22 lat=83 act=1 | #2w0 t=44.6 gap=40.42 lat=91 act=2 | #3w1 t=87.0 gap=42.35 lat=36 act=1
  ls-g8-r2         qd4 gap8 :: #0w3 t=0.0 gap=- lat=640 act=0 | #1w1 t=8.2 gap=8.15 lat=681 act=1 | #2w2 t=640.3 gap=632.11 lat=104 act=2 | #3w1 t=688.7 gap=48.47 lat=46 act=1
  ls-g16-r2        qd4 gap16 :: #0w3 t=0.0 gap=- lat=91 act=0 | #1w1 t=17.0 gap=17.03 lat=73 act=1 | #2w2 t=45.7 gap=28.69 lat=91 act=2 | #3w1 t=90.5 gap=44.83 lat=37 act=2
  ls-g32-r2        qd4 gap32 :: #0w3 t=0.0 gap=- lat=57 act=0 | #1w1 t=32.5 gap=32.47 lat=75 act=1 | #2w0 t=65.0 gap=32.51 lat=94 act=1 | #3w1 t=107.7 gap=42.69 lat=40 act=1
  ls-g64-r2        qd4 gap64 :: #0w3 t=0.0 gap=- lat=45 act=0 | #1w1 t=64.1 gap=64.05 lat=46 act=0 | #2w1 t=128.7 gap=64.63 lat=35 act=0 | #3w2 t=193.0 gap=64.29 lat=45 act=0
  ls-qd1-r2        qd1 gap0 :: #0w0 t=0.0 gap=- lat=59 act=0 | #1w0 t=59.4 gap=59.40 lat=40 act=0 | #2w0 t=99.7 gap=40.25 lat=41 act=0 | #3w0 t=140.3 gap=40.65 lat=40 act=0
  ls-g0-r2         qd4 gap0 :: #0w3 t=0.0 gap=- lat=46 act=0 | #1w0 t=0.2 gap=0.18 lat=89 act=1 | #2w1 t=46.1 gap=45.89 lat=94 act=2 | #3w3 t=46.1 gap=0.09 lat=87 act=2
  ls-g1-r2         qd4 gap1 :: #0w3 t=0.0 gap=- lat=49 act=0 | #1w0 t=1.6 gap=1.62 lat=95 act=1 | #2w2 t=48.6 gap=46.98 lat=108 act=2 | #3w3 t=96.1 gap=47.46 lat=61 act=2
  ls-g16-r3        qd4 gap16 :: #0w3 t=0.0 gap=- lat=37 act=0 | #1w1 t=16.8 gap=16.78 lat=60 act=1 | #2w0 t=37.0 gap=20.23 lat=83 act=2 | #3w3 t=76.3 gap=39.31 lat=34 act=2
  ls-g32-r3        qd4 gap32 :: #0w3 t=0.0 gap=- lat=698 act=0 | #1w2 t=32.3 gap=32.27 lat=665 act=1 | #2w0 t=648.7 gap=616.46 lat=105 act=2 | #3w2 t=697.7 gap=48.94 lat=42 act=2
  ls-g64-r3        qd4 gap64 :: #0w3 t=0.0 gap=- lat=885 act=0 | #1w2 t=64.6 gap=64.60 lat=820 act=1 | #2w0 t=832.9 gap=768.26 lat=105 act=2 | #3w2 t=897.7 gap=64.83 lat=46 act=1
  ls-qd1-r3        qd1 gap0 :: #0w0 t=0.0 gap=- lat=48 act=0 | #1w0 t=48.1 gap=48.10 lat=37 act=0 | #2w0 t=85.0 gap=36.92 lat=30 act=0 | #3w0 t=115.2 gap=30.22 lat=28 act=0
  ls-g0-r3         qd4 gap0 :: #0w3 t=0.0 gap=- lat=98 act=0 | #1w2 t=0.0 gap=0.03 lat=98 act=1 | #2w1 t=0.1 gap=0.07 lat=213 act=2 | #3w0 t=0.1 gap=0.01 lat=151 act=3
  ls-g1-r3         qd4 gap1 :: #0w3 t=0.0 gap=- lat=56 act=0 | #1w2 t=1.3 gap=1.33 lat=104 act=1 | #2w1 t=55.8 gap=54.50 lat=109 act=2 | #3w2 t=105.5 gap=49.69 lat=47 act=1
  ls-g2-r3         qd4 gap2 :: #0w3 t=0.0 gap=- lat=46 act=0 | #1w2 t=2.1 gap=2.07 lat=137 act=1 | #2w1 t=45.4 gap=43.32 lat=43 act=2 | #3w1 t=88.4 gap=42.99 lat=40 act=1
  ls-g4-r3         qd4 gap4 :: #0w3 t=0.0 gap=- lat=40 act=0 | #1w0 t=4.4 gap=4.39 lat=76 act=1 | #2w1 t=39.9 gap=35.53 lat=83 act=2 | #3w0 t=80.3 gap=40.37 lat=32 act=1
  ls-g8-r3         qd4 gap8 :: #0w3 t=0.0 gap=- lat=39 act=0 | #1w0 t=8.5 gap=8.53 lat=76 act=1 | #2w1 t=39.2 gap=30.66 lat=96 act=2 | #3w0 t=85.0 gap=45.77 lat=42 act=1
